
2025-10-28 13:17:01.268 32545-3387  CarrotManNetwork        com.example.cplink                   V  ğŸ“ å‘é€GPSåæ ‡: lat=31.21656529, lon=121.1845324, vp_lat=31.21656529, vp_lon=121.1845324
2025-10-28 13:17:01.276 32545-32545 ViewRootImpl            com.example.cplink                   D  AppSizeAfterRelayout, size: Point(674, 455), rotation: ROTATION_0
2025-10-28 13:17:01.276 32545-32545 libc                    com.example.cplink                   W  Access denied finding property "vendor.display.enable_optimal_refresh_rate"
2025-10-28 13:17:01.282 32545-3387  CarrotManNetwork        com.example.cplink                   I  ğŸ“¡ æ”¶åˆ°è®¾å¤‡å¹¿æ’­: [{"Carrot2": "0.9.9", "IsOnroad": true, "CarrotRouteActive": true, "ip": "192.168.0.5", "port": 7706, "log_carrot": "", "v_cruise_kph": 56.0, "carcruiseSpeed": 87.2499984741211, "v_ego_kph": 94, "tbt_dist": -49438.27734375, "sdi_dist": 0, "active": true, "xState": 2, "trafficState": 2}] from 192.168.0.5
2025-10-28 13:17:01.282 32545-3387  CarrotManNetwork        com.example.cplink                   D  ğŸ“Š å½“å‰çŠ¶æ€: å·²å‘ç°è®¾å¤‡=1, å½“å‰è¿æ¥=192.168.0.5
2025-10-28 13:17:01.282 32545-3387  CarrotManNetwork        com.example.cplink                   D  ğŸ” æ£€æŸ¥OpenpPilotæ•°æ®: Carrot2=true, IsOnroad=true, v_ego_kph=true, active=true, xState=true -> true
2025-10-28 13:17:01.295 32545-32545 ViewRootImpl            com.example.cplink                   D  AppSizeAfterRelayout, size: Point(667, 455), rotation: ROTATION_0
2025-10-28 13:17:01.306 32545-32545 NetworkManager          com.example.cplink                   I  âœ… OpenpPilotçŠ¶æ€å·²æ›´æ–°: è½¦é€Ÿ=94km/h, æ¿€æ´»=true, åœ¨è·¯ä¸Š=true
2025-10-28 13:17:01.384 32545-3390  CarrotManNetwork        com.example.cplink                   I  ğŸ“¡ æ”¶åˆ°è®¾å¤‡å¹¿æ’­: [{"Carrot2": "0.9.9", "IsOnroad": true, "CarrotRouteActive": true, "ip": "192.168.0.5", "port": 7706, "log_carrot": "", "v_cruise_kph": 56.0, "carcruiseSpeed": 87.2499984741211, "v_ego_kph": 94, "tbt_dist": -49440.8828125, "sdi_dist": 0, "active": true, "xState": 2, "trafficState": 2}] from 192.168.0.5
2025-10-28 13:17:01.384 32545-3390  CarrotManNetwork        com.example.cplink                   D  ğŸ“Š å½“å‰çŠ¶æ€: å·²å‘ç°è®¾å¤‡=1, å½“å‰è¿æ¥=192.168.0.5
2025-10-28 13:17:01.384 32545-3390  CarrotManNetwork        com.example.cplink                   D  ğŸ” æ£€æŸ¥OpenpPilotæ•°æ®: Carrot2=true, IsOnroad=true, v_ego_kph=true, active=true, xState=true -> true
2025-10-28 13:17:01.386 32545-32545 NetworkManager          com.example.cplink                   I  âœ… OpenpPilotçŠ¶æ€å·²æ›´æ–°: è½¦é€Ÿ=94km/h, æ¿€æ´»=true, åœ¨è·¯ä¸Š=true
2025-10-28 13:17:01.486 32545-3334  CarrotManNetwork        com.example.cplink                   I  ğŸ“¡ æ”¶åˆ°è®¾å¤‡å¹¿æ’­: [{"Carrot2": "0.9.9", "IsOnroad": true, "CarrotRouteActive": true, "ip": "192.168.0.5", "port": 7706, "log_carrot": "", "v_cruise_kph": 56.0, "carcruiseSpeed": 87.2499984741211, "v_ego_kph": 93, "tbt_dist": -49443.7421875, "sdi_dist": 0, "active": true, "xState": 2, "trafficState": 2}] from 192.168.0.5
2025-10-28 13:17:01.486 32545-3334  CarrotManNetwork        com.example.cplink                   D  ğŸ“Š å½“å‰çŠ¶æ€: å·²å‘ç°è®¾å¤‡=1, å½“å‰è¿æ¥=192.168.0.5
2025-10-28 13:17:01.486 32545-3334  CarrotManNetwork        com.example.cplink                   D  ğŸ” æ£€æŸ¥OpenpPilotæ•°æ®: Carrot2=true, IsOnroad=true, v_ego_kph=true, active=true, xState=true -> true
2025-10-28 13:17:01.487 32545-32545 NetworkManager          com.example.cplink                   I  âœ… OpenpPilotçŠ¶æ€å·²æ›´æ–°: è½¦é€Ÿ=93km/h, æ¿€æ´»=true, åœ¨è·¯ä¸Š=true
2025-10-28 13:17:01.487 32545-32545 NetworkManager          com.example.cplink                   I  ğŸ”„ çŠ¶æ€å˜åŒ–: è½¦é€Ÿ 94 -> 93, æ¿€æ´» true -> true
2025-10-28 13:17:01.587 32545-3334  CarrotManNetwork        com.example.cplink                   I  ğŸ“¡ æ”¶åˆ°è®¾å¤‡å¹¿æ’­: [{"Carrot2": "0.9.9", "IsOnroad": true, "CarrotRouteActive": true, "ip": "192.168.0.5", "port": 7706, "log_carrot": "", "v_cruise_kph": 56.0, "carcruiseSpeed": 87.2499984741211, "v_ego_kph": 93, "tbt_dist": -49446.078125, "sdi_dist": 0, "active": true, "xState": 2, "trafficState": 2}] from 192.168.0.5
2025-10-28 13:17:01.587 32545-3334  CarrotManNetwork        com.example.cplink                   D  ğŸ“Š å½“å‰çŠ¶æ€: å·²å‘ç°è®¾å¤‡=1, å½“å‰è¿æ¥=192.168.0.5
2025-10-28 13:17:01.587 32545-3334  CarrotManNetwork        com.example.cplink                   D  ğŸ” æ£€æŸ¥OpenpPilotæ•°æ®: Carrot2=true, IsOnroad=true, v_ego_kph=true, active=true, xState=true -> true
2025-10-28 13:17:01.588 32545-32545 NetworkManager          com.example.cplink                   I  âœ… OpenpPilotçŠ¶æ€å·²æ›´æ–°: è½¦é€Ÿ=93km/h, æ¿€æ´»=true, åœ¨è·¯ä¸Š=true
2025-10-28 13:17:01.665 32545-32545 LocationSensorManager   com.example.cplink                   I  ğŸŒ GPSä½ç½®æ›´æ–°æ¥æ”¶:
2025-10-28 13:17:01.666 32545-32545 LocationSensorManager   com.example.cplink                   I    ğŸ“ åæ ‡: lat=31.216578, lon=121.184784
2025-10-28 13:17:01.666 32545-32545 LocationSensorManager   com.example.cplink                   I    ğŸš€ é€Ÿåº¦: 84.8 km/h
2025-10-28 13:17:01.666 32545-32545 LocationSensorManager   com.example.cplink                   I    ğŸ§­ æ–¹å‘: 86.5Â°
2025-10-28 13:17:01.666 32545-32545 LocationSensorManager   com.example.cplink                   I    ğŸ“¡ ç²¾åº¦: 3.8078094m
2025-10-28 13:17:01.666 32545-32545 LocationSensorManager   com.example.cplink                   I    ğŸ”§ æä¾›è€…: gps
2025-10-28 13:17:01.666 32545-32545 LocationSensorManager   com.example.cplink                   I    â° æ—¶é—´: 666mså‰
2025-10-28 13:17:01.666 32545-32545 LocationSensorManager   com.example.cplink                   I  âœ… GPSå­—æ®µæ›´æ–°å®Œæˆ (å®æ—¶æ€§ä¼˜åŒ–):
2025-10-28 13:17:01.666 32545-32545 LocationSensorManager   com.example.cplink                   D    ğŸ“ åæ ‡: lat=31.216578, lon=121.184784
2025-10-28 13:17:01.666 32545-32545 LocationSensorManager   com.example.cplink                   D    ğŸš€ é€Ÿåº¦: 84.8 km/h
2025-10-28 13:17:01.666 32545-32545 LocationSensorManager   com.example.cplink                   D    ğŸ§­ æ–¹å‘: 86.5Â°
2025-10-28 13:17:01.666 32545-32545 LocationSensorManager   com.example.cplink                   D    ğŸ“¡ ç²¾åº¦: 3.8m
2025-10-28 13:17:01.666 32545-32545 LocationSensorManager   com.example.cplink                   D    ğŸ”§ æä¾›è€…: gps
2025-10-28 13:17:01.666 32545-32545 LocationSensorManager   com.example.cplink                   D    â° æ•°æ®å¹´é¾„: 665ms
2025-10-28 13:17:01.666 32545-32545 LocationSensorManager   com.example.cplink                   D    ğŸ¯ å®æ—¶æ€§: ä¼˜ç§€
2025-10-28 13:17:01.666 32545-32545 LocationSensorManager   com.example.cplink                   V  ğŸ” éªŒè¯GPSå­—æ®µåŒæ­¥:
2025-10-28 13:17:01.666 32545-32545 LocationSensorManager   com.example.cplink                   V    vpPosPointLat: 31.21657796
2025-10-28 13:17:01.666 32545-32545 LocationSensorManager   com.example.cplink                   V    vpPosPointLon: 121.18478425
2025-10-28 13:17:01.667 32545-32545 LocationSensorManager   com.example.cplink                   V    latitude: 31.21657796
2025-10-28 13:17:01.667 32545-32545 LocationSensorManager   com.example.cplink                   V    longitude: 121.18478425
2025-10-28 13:17:01.672 32545-3334  CarrotManNetwork        com.example.cplink                   V  ğŸ“ å‘é€GPSåæ ‡: lat=31.21657796, lon=121.18478425, vp_lat=31.21657796, vp_lon=121.18478425
2025-10-28 13:17:01.688 32545-3334  CarrotManNetwork        com.example.cplink                   I  ğŸ“¡ æ”¶åˆ°è®¾å¤‡å¹¿æ’­: [{"Carrot2": "0.9.9", "IsOnroad": true, "CarrotRouteActive": true, "ip": "192.168.0.5", "port": 7706, "log_carrot": "", "v_cruise_kph": 56.0, "carcruiseSpeed": 87.2499984741211, "v_ego_kph": 93, "tbt_dist": -49448.6640625, "sdi_dist": 0, "active": true, "xState": 2, "trafficState": 2}] from 192.168.0.5
2025-10-28 13:17:01.688 32545-3334  CarrotManNetwork        com.example.cplink                   D  ğŸ“Š å½“å‰çŠ¶æ€: å·²å‘ç°è®¾å¤‡=1, å½“å‰è¿æ¥=192.168.0.5
2025-10-28 13:17:01.688 32545-3334  CarrotManNetwork        com.example.cplink                   D  ğŸ” æ£€æŸ¥OpenpPilotæ•°æ®: Carrot2=true, IsOnroad=true, v_ego_kph=true, active=true, xState=true -> true
2025-10-28 13:17:01.690 32545-32545 NetworkManager          com.example.cplink                   I  âœ… OpenpPilotçŠ¶æ€å·²æ›´æ–°: è½¦é€Ÿ=93km/h, æ¿€æ´»=true, åœ¨è·¯ä¸Š=true
2025-10-28 13:17:01.716 32545-3334  AmapBroadcastHandlers   com.example.cplink                   D  ğŸŒ å¤„ç†åœ°ç†ä½ç½®ä¿¡æ¯å¹¿æ’­
2025-10-28 13:17:01.716 32545-3334  AmapBroadcastHandlers   com.example.cplink                   D  ğŸŒ åœ°ç†ä½ç½®: è¡Œæ”¿åŒº='', åŸå¸‚='', åŒºå¿=''
2025-10-28 13:17:01.791 32545-3391  CarrotManNetwork        com.example.cplink                   I  ğŸ“¡ æ”¶åˆ°è®¾å¤‡å¹¿æ’­: [{"Carrot2": "0.9.9", "IsOnroad": true, "CarrotRouteActive": true, "ip": "192.168.0.5", "port": 7706, "log_carrot": "", "v_cruise_kph": 56.0, "carcruiseSpeed": 87.2499984741211, "v_ego_kph": 93, "tbt_dist": -49451.24609375, "sdi_dist": 0, "active": true, "xState": 2, "trafficState": 2}] from 192.168.0.5
2025-10-28 13:17:01.792 32545-3391  CarrotManNetwork        com.example.cplink                   D  ğŸ“Š å½“å‰çŠ¶æ€: å·²å‘ç°è®¾å¤‡=1, å½“å‰è¿æ¥=192.168.0.5
2025-10-28 13:17:01.792 32545-3391  CarrotManNetwork        com.example.cplink                   D  ğŸ” æ£€æŸ¥OpenpPilotæ•°æ®: Carrot2=true, IsOnroad=true, v_ego_kph=true, active=true, xState=true -> true
2025-10-28 13:17:01.793 32545-32545 NetworkManager          com.example.cplink                   I  âœ… OpenpPilotçŠ¶æ€å·²æ›´æ–°: è½¦é€Ÿ=93km/h, æ¿€æ´»=true, åœ¨è·¯ä¸Š=true
2025-10-28 13:17:01.858 32545-32545 VRI[MainActivity]       com.example.cplink                   D  visibilityChanged oldVisibility=true newVisibility=false
2025-10-28 13:17:01.873 32545-3391  CarrotManNetwork        com.example.cplink                   V  ğŸ“ å‘é€GPSåæ ‡: lat=31.21657796, lon=121.18478425, vp_lat=31.21657796, vp_lon=121.18478425
2025-10-28 13:17:01.886 32545-32545 ViewRootImpl            com.example.cplink                   D  AppSizeAfterRelayout, size: Point(1080, 2400), rotation: ROTATION_0
2025-10-28 13:17:01.897 32545-3334  CarrotManNetwork        com.example.cplink                   I  ğŸ“¡ æ”¶åˆ°è®¾å¤‡å¹¿æ’­: [{"Carrot2": "0.9.9", "IsOnroad": true, "CarrotRouteActive": true, "ip": "192.168.0.5", "port": 7706, "log_carrot": "", "v_cruise_kph": 56.0, "carcruiseSpeed": 87.2499984741211, "v_ego_kph": 93, "tbt_dist": -49453.82421875, "sdi_dist": 0, "active": true, "xState": 2, "trafficState": 2}] from 192.168.0.5
2025-10-28 13:17:01.897 32545-3334  CarrotManNetwork        com.example.cplink                   D  ğŸ“Š å½“å‰çŠ¶æ€: å·²å‘ç°è®¾å¤‡=1, å½“å‰è¿æ¥=192.168.0.5
2025-10-28 13:17:01.897 32545-3334  CarrotManNetwork        com.example.cplink                   D  ğŸ” æ£€æŸ¥OpenpPilotæ•°æ®: Carrot2=true, IsOnroad=true, v_ego_kph=true, active=true, xState=true -> true
2025-10-28 13:17:01.934 32545-32545 MainActivity            com.example.cplink                   I  ğŸ”§ MainActivityæ­£åœ¨é”€æ¯ï¼Œæ¸…ç†èµ„æº...
2025-10-28 13:17:01.934 32545-32545 MainActivity            com.example.cplink                   I  ğŸ“Š å†…å­˜ç›‘æ§å·²åœæ­¢
2025-10-28 13:17:01.944 32545-32545 DeviceManager           com.example.cplink                   I  ğŸ“Š è®°å½•ä½¿ç”¨æ—¶é•¿: 14åˆ†é’Ÿï¼Œç´¯è®¡: 64åˆ†é’Ÿï¼Œä¿å­˜æˆåŠŸ: true
2025-10-28 13:17:01.944 32545-32545 MainActivity            com.example.cplink                   I  ğŸ›‘ åœæ­¢å‰å°æœåŠ¡...
2025-10-28 13:17:01.946 32545-32545 MainActivity            com.example.cplink                   I  âœ… å‰å°æœåŠ¡åœæ­¢æˆåŠŸ
2025-10-28 13:17:01.946 32545-32545 MainActivity            com.example.cplink                   I  âœ… æ§åˆ¶æŒ‡ä»¤å¹¿æ’­æ¥æ”¶å™¨å·²æ³¨é”€
2025-10-28 13:17:01.947 32545-32545 AmapBroadcastManager    com.example.cplink                   I  âœ… å¹¿æ’­æ¥æ”¶å™¨å·²æ³¨é”€
2025-10-28 13:17:01.960 32545-32545 LocationSensorManager   com.example.cplink                   I  âœ… ä½ç½®å’Œä¼ æ„Ÿå™¨æœåŠ¡å·²æ¸…ç†
2025-10-28 13:17:01.960 32545-32545 PermissionManager       com.example.cplink                   I  ğŸ§¹ æ¸…ç†æƒé™ç®¡ç†å™¨èµ„æº...
2025-10-28 13:17:01.960 32545-32545 NetworkManager          com.example.cplink                   I  â¹ï¸ ç½‘ç»œçŠ¶æ€å®šæœŸæ›´æ–°å·²åœæ­¢
2025-10-28 13:17:01.960 32545-32545 CarrotManNetwork        com.example.cplink                   I  å¼€å§‹æ¸…ç†CarrotManç½‘ç»œå®¢æˆ·ç«¯èµ„æº
2025-10-28 13:17:01.960 32545-32545 CarrotManNetwork        com.example.cplink                   I  åœæ­¢ CarrotMan ç½‘ç»œå®¢æˆ·ç«¯æœåŠ¡
2025-10-28 13:17:01.961 32545-3334  NetworkManager          com.example.cplink                   E  âŒ å®šæœŸæ›´æ–°ç½‘ç»œçŠ¶æ€å¤±è´¥: StandaloneCoroutine was cancelled
                                                                                                    kotlinx.coroutines.JobCancellationException: StandaloneCoroutine was cancelled; job=StandaloneCoroutine{Cancelling}@5301640
2025-10-28 13:17:01.961 32545-3391  CarrotManNetwork        com.example.cplink                   E  âŒ è‡ªåŠ¨æ•°æ®å‘é€å¤±è´¥: StandaloneCoroutine was cancelled
                                                                                                    kotlinx.coroutines.JobCancellationException: StandaloneCoroutine was cancelled; job=StandaloneCoroutine{Cancelling}@677b6be
2025-10-28 13:17:01.962 32545-3387  CarrotManNetwork        com.example.cplink                   E  âŒ è®¾å¤‡å¥åº·æ£€æŸ¥å¤±è´¥: StandaloneCoroutine was cancelled
                                                                                                    kotlinx.coroutines.JobCancellationException: StandaloneCoroutine was cancelled; job=StandaloneCoroutine{Cancelling}@f20566c
2025-10-28 13:17:01.962 32545-32545 CarrotManNetwork        com.example.cplink                   D  ç½‘ç»œçŠ¶æ€å·²ä¿å­˜: running=false, device=
2025-10-28 13:17:01.962 32545-32545 CarrotManNetwork        com.example.cplink                   I  CarrotMan ç½‘ç»œæœåŠ¡å·²å®Œå…¨åœæ­¢
2025-10-28 13:17:01.962 32545-32545 CarrotManNetwork        com.example.cplink                   I  CarrotManç½‘ç»œå®¢æˆ·ç«¯èµ„æºæ¸…ç†å®Œæˆ
2025-10-28 13:17:01.963 32545-32545 NetworkManager          com.example.cplink                   I  ğŸ§¹ ç½‘ç»œç®¡ç†å™¨èµ„æºå·²æ¸…ç†
2025-10-28 13:17:01.963 32545-32545 DeviceManager           com.example.cplink                   I  ğŸ§¹ æ¸…ç†è®¾å¤‡ç®¡ç†å™¨èµ„æº
2025-10-28 13:17:01.963 32545-32545 DeviceManager           com.example.cplink                   I  â¹ï¸ åœæ­¢å€’è®¡æ—¶
2025-10-28 13:17:01.963 32545-32545 MainActivity            com.example.cplink                   I  âœ… æ‰€æœ‰ç›‘å¬å™¨å·²æ³¨é”€å¹¶é‡Šæ”¾èµ„æº
2025-10-28 13:17:01.963 32545-3393  CarrotManNetwork        com.example.cplink                   E  âŒ å¿ƒè·³ä»»åŠ¡å¼‚å¸¸: Job was cancelled
                                                                                                    kotlinx.coroutines.JobCancellationException: Job was cancelled; job=SupervisorJobImpl{Cancelling}@47480ca
2025-10-28 13:17:01.963 32545-32545 WindowOnBackDispatcher  com.example.cplink                   W  sendCancelIfRunning: isInProgress=false callback=android.view.ViewRootImpl$$ExternalSyntheticLambda11@43ff07a
2025-10-28 13:17:01.979 32545-32545 NetworkManager          com.example.cplink                   I  âœ… OpenpPilotçŠ¶æ€å·²æ›´æ–°: è½¦é€Ÿ=93km/h, æ¿€æ´»=true, åœ¨è·¯ä¸Š=true
2025-10-28 13:17:01.979 32545-32545 NetworkManager          com.example.cplink                   I  ğŸŒ ç½‘ç»œçŠ¶æ€å˜åŒ–: connected=false, device=
2025-10-28 13:17:02.133 32545-3265  .example.cplink         com.example.cplink                   W  Cleared Reference was only reachable from finalizer (only reported once)
2025-10-28 13:17:02.320 32545-32545 ViewRootImpl            com.example.cplink                   D  AppSizeAfterRelayout, size: Point(665, 455), rotation: ROTATION_0
2025-10-28 13:17:07.333 32545-3334  FloatingWindowService   com.example.cplink                   V  âš ï¸ æ— æœ‰æ•ˆæ•°æ® - è®¾å¤‡è¿æ¥:false, é€Ÿåº¦æ•°æ®:false
2025-10-28 13:17:07.536 32545-3334  FloatingWindowService   com.example.cplink                   V  âš ï¸ æ— æœ‰æ•ˆæ•°æ® - è®¾å¤‡è¿æ¥:false, é€Ÿåº¦æ•°æ®:false
2025-10-28 13:17:07.740 32545-3334  FloatingWindowService   com.example.cplink                   V  âš ï¸ æ— æœ‰æ•ˆæ•°æ® - è®¾å¤‡è¿æ¥:false, é€Ÿåº¦æ•°æ®:false
2025-10-28 13:17:07.943 32545-3334  FloatingWindowService   com.example.cplink                   V  âš ï¸ æ— æœ‰æ•ˆæ•°æ® - è®¾å¤‡è¿æ¥:false, é€Ÿåº¦æ•°æ®:false
2025-10-28 13:17:08.147 32545-3395  FloatingWindowService   com.example.cplink                   V  âš ï¸ æ— æœ‰æ•ˆæ•°æ® - è®¾å¤‡è¿æ¥:false, é€Ÿåº¦æ•°æ®:false
2025-10-28 13:17:08.349 32545-3395  FloatingWindowService   com.example.cplink                   V  âš ï¸ æ— æœ‰æ•ˆæ•°æ® - è®¾å¤‡è¿æ¥:false, é€Ÿåº¦æ•°æ®:false
2025-10-28 13:17:08.553 32545-3395  FloatingWindowService   com.example.cplink                   V  âš ï¸ æ— æœ‰æ•ˆæ•°æ® - è®¾å¤‡è¿æ¥:false, é€Ÿåº¦æ•°æ®:false
2025-10-28 13:17:08.756 32545-3395  FloatingWindowService   com.example.cplink                   V  âš ï¸ æ— æœ‰æ•ˆæ•°æ® - è®¾å¤‡è¿æ¥:false, é€Ÿåº¦æ•°æ®:false
2025-10-28 13:17:08.959 32545-3395  FloatingWindowService   com.example.cplink                   V  âš ï¸ æ— æœ‰æ•ˆæ•°æ® - è®¾å¤‡è¿æ¥:false, é€Ÿåº¦æ•°æ®:false
2025-10-28 13:17:09.162 32545-3395  FloatingWindowService   com.example.cplink                   V  âš ï¸ æ— æœ‰æ•ˆæ•°æ® - è®¾å¤‡è¿æ¥:false, é€Ÿåº¦æ•°æ®:false
2025-10-28 13:17:09.369 32545-3334  FloatingWindowService   com.example.cplink                   V  âš ï¸ æ— æœ‰æ•ˆæ•°æ® - è®¾å¤‡è¿æ¥:false, é€Ÿåº¦æ•°æ®:false
2025-10-28 13:17:09.573 32545-3334  FloatingWindowService   com.example.cplink                   V  âš ï¸ æ— æœ‰æ•ˆæ•°æ® - è®¾å¤‡è¿æ¥:false, é€Ÿåº¦æ•°æ®:false
2025-10-28 13:17:09.779 32545-3395  FloatingWindowService   com.example.cplink                   V  âš ï¸ æ— æœ‰æ•ˆæ•°æ® - è®¾å¤‡è¿æ¥:false, é€Ÿåº¦æ•°æ®:false
2025-10-28 13:17:09.983 32545-3395  FloatingWindowService   com.example.cplink                   V  âš ï¸ æ— æœ‰æ•ˆæ•°æ® - è®¾å¤‡è¿æ¥:false, é€Ÿåº¦æ•°æ®:false
2025-10-28 13:17:09.984 32545-32545 FloatingWindowService   com.example.cplink                   V  âš ï¸ æ— è®¾å¤‡æˆ–æ— æ•°æ®
2025-10-28 13:17:10.187 32545-3395  FloatingWindowService   com.example.cplink                   V  âš ï¸ æ— æœ‰æ•ˆæ•°æ® - è®¾å¤‡è¿æ¥:false, é€Ÿåº¦æ•°æ®:false
2025-10-28 13:17:10.189 32545-32545 FloatingWindowService   com.example.cplink                   V  âš ï¸ æ— è®¾å¤‡æˆ–æ— æ•°æ®
2025-10-28 13:17:10.391 32545-3395  FloatingWindowService   com.example.cplink                   V  âš ï¸ æ— æœ‰æ•ˆæ•°æ® - è®¾å¤‡è¿æ¥:false, é€Ÿåº¦æ•°æ®:false