2025-10-23 17:35:19.590 24273-24273 CompatChangeReporter    com.example.cplink                   D  Compat change id reported: 202956589; UID 10440; state: ENABLED
2025-10-23 17:35:19.610 24273-24273 GraphicsEnvironment     com.example.cplink                   V  Currently set values for:
2025-10-23 17:35:19.610 24273-24273 GraphicsEnvironment     com.example.cplink                   V    angle_gl_driver_selection_pkgs=[com.android.angle, com.linecorp.b612.android, com.campmobile.snow, com.google.android.apps.tachyon]
2025-10-23 17:35:19.610 24273-24273 GraphicsEnvironment     com.example.cplink                   V    angle_gl_driver_selection_values=[angle, native, native, native]
2025-10-23 17:35:19.610 24273-24273 GraphicsEnvironment     com.example.cplink                   V  com.example.cplink is not listed in per-application setting
2025-10-23 17:35:19.611 24273-24273 GraphicsEnvironment     com.example.cplink                   V  Updatable production driver is not supported on the device.
2025-10-23 17:35:19.637 24273-24273 CompatChangeReporter    com.example.cplink                   D  Compat change id reported: 279646685; UID 10440; state: ENABLED
2025-10-23 17:35:19.684 24273-25476 AdrenoGLES-0            com.example.cplink                   I  QUALCOMM build                   : 7867919300, Ibc171b9c87
                                                                                                    Build Date                       : 04/25/25
                                                                                                    OpenGL ES Shader Compiler Version: E031.41.03.62
                                                                                                    Local Branch                     : 
                                                                                                    Remote Branch                    : refs/tags/AU_LINUX_ANDROID_LA.VENDOR.13.2.0.11.00.00.856.062
                                                                                                    Remote Branch                    : NONE
                                                                                                    Reconstruct Branch               : NOTHING
2025-10-23 17:35:19.684 24273-25476 AdrenoGLES-0            com.example.cplink                   I  Build Config                     : S P 14.1.4 AArch64
2025-10-23 17:35:19.684 24273-25476 AdrenoGLES-0            com.example.cplink                   I  Driver Path                      : /vendor/lib64/egl/libGLESv2_adreno.so
2025-10-23 17:35:19.684 24273-25476 AdrenoGLES-0            com.example.cplink                   I  Driver Version                   : 0676.72
2025-10-23 17:35:19.690 24273-25476 AdrenoGLES-0            com.example.cplink                   I  PFP: 0x01200161, ME: 0x00000000
2025-10-23 17:35:19.706 24273-25476 AdrenoUtils             com.example.cplink                   I  <ReadGpuID:407>: Reading chip ID through GSL
2025-10-23 17:35:19.766 24273-24273 CompatChangeReporter    com.example.cplink                   D  Compat change id reported: 309578419; UID 10440; state: ENABLED
2025-10-23 17:35:19.802 24273-24273 MainActivity            com.example.cplink                   I  ğŸ”† å·²è®¾ç½®å±å¹•å¸¸äº®
2025-10-23 17:35:19.805 24273-24273 MainActivity            com.example.cplink                   I  ğŸ”‹ å·²å¿½ç•¥ç”µæ± ä¼˜åŒ–
2025-10-23 17:35:19.806 24273-24273 MainActivity            com.example.cplink                   I  ğŸ”³ å·²æœ‰æ‚¬æµ®çª—æƒé™
2025-10-23 17:35:19.807 24273-24273 MainActivity            com.example.cplink                   I  ğŸ”” å·²æœ‰é€šçŸ¥æƒé™
2025-10-23 17:35:19.807 24273-24273 MainActivity            com.example.cplink                   I  ğŸ”” å¯åŠ¨å‰å°æœåŠ¡...
2025-10-23 17:35:19.809 24273-24273 MainActivity            com.example.cplink                   I  âœ… å‰å°æœåŠ¡å¯åŠ¨æˆåŠŸ
2025-10-23 17:35:19.809 24273-24273 MainActivity            com.example.cplink                   I  ğŸš€ MainActivityæ­£åœ¨å¯åŠ¨...
2025-10-23 17:35:19.809 24273-24273 MainActivity            com.example.cplink                   I  ğŸ” æ—©æœŸåˆå§‹åŒ–æƒé™ç®¡ç†å™¨...
2025-10-23 17:35:19.815 24273-24273 PermissionManager       com.example.cplink                   I  ğŸ” åˆå§‹åŒ–æƒé™ç®¡ç†å™¨...
2025-10-23 17:35:19.815 24273-24273 PermissionManager       com.example.cplink                   I  âœ… æƒé™ç®¡ç†å™¨åˆå§‹åŒ–å®Œæˆ
2025-10-23 17:35:19.816 24273-24273 MainActivity            com.example.cplink                   I  âœ… æƒé™ç®¡ç†å™¨æ—©æœŸåˆå§‹åŒ–æˆåŠŸ
2025-10-23 17:35:19.829 24273-24273 MainActivity            com.example.cplink                   I  ğŸ“Š å†…å­˜ç›‘æ§å·²å¯åŠ¨ï¼ˆä¼˜åŒ–ç‰ˆï¼š60ç§’é—´éš”ï¼‰
2025-10-23 17:35:19.831 24273-24273 MainActivity            com.example.cplink                   I  âœ… æ§åˆ¶æŒ‡ä»¤å¹¿æ’­æ¥æ”¶å™¨å·²æ³¨å†Œï¼ˆåŒ…å«æ¨¡å¼åˆ‡æ¢ï¼‰
2025-10-23 17:35:19.831 24273-24273 MainActivity            com.example.cplink                   I  âœ… MainActivityå¯åŠ¨å®Œæˆ
2025-10-23 17:35:19.845 24273-24273 MainActivity            com.example.cplink                   I  â–¶ï¸ Activityæ¢å¤ï¼Œéšè—æ‚¬æµ®çª—
2025-10-23 17:35:19.851 24273-24273 CompatChangeReporter    com.example.cplink                   D  Compat change id reported: 352594277; UID 10440; state: ENABLED
2025-10-23 17:35:19.868 24273-24273 libc                    com.example.cplink                   W  Access denied finding property "persist.vivo.ltw.enabled"
2025-10-23 17:35:19.865 24273-24273 .example.cplink         com.example.cplink                   W  type=1400 audit(0.0:3484256): avc:  denied  { read } for  name="u:object_r:microsoft_ltw_prop:s0" dev="tmpfs" ino=311 scontext=u:r:untrusted_app:s0:c184,c257,c512,c768 tcontext=u:object_r:microsoft_ltw_prop:s0 tclass=file permissive=0 app=com.example.cplink
2025-10-23 17:35:20.229 24273-24273 ViewRootImpl            com.example.cplink                   D  AppSizeAfterRelayout, size: Point(1080, 2400), rotation: ROTATION_0
2025-10-23 17:35:20.235 24273-24273 libc                    com.example.cplink                   W  Access denied finding property "vendor.display.enable_optimal_refresh_rate"
2025-10-23 17:35:20.229 24273-24273 .example.cplink         com.example.cplink                   W  type=1400 audit(0.0:3484257): avc:  denied  { read } for  name="u:object_r:vendor_display_prop:s0" dev="tmpfs" ino=462 scontext=u:r:untrusted_app:s0:c184,c257,c512,c768 tcontext=u:object_r:vendor_display_prop:s0 tclass=file permissive=0 app=com.example.cplink
2025-10-23 17:35:20.425 24273-24273 MainActivity            com.example.cplink                   I  ğŸ” è‡ªæ£€æŸ¥: ä½ç½®ä¼ æ„Ÿå™¨ç®¡ç†å™¨ - æ­£åœ¨åˆå§‹åŒ–...
2025-10-23 17:35:20.425 24273-24273 MainActivity            com.example.cplink                   I  ğŸ§­ åˆå§‹åŒ–ä½ç½®å’Œä¼ æ„Ÿå™¨ç®¡ç†å™¨...
2025-10-23 17:35:20.425 24273-24273 LocationSensorManager   com.example.cplink                   I  ğŸ§­ åˆå§‹åŒ–ä¼ æ„Ÿå™¨ç³»ç»Ÿ...
2025-10-23 17:35:20.442 24273-24273 LocationSensorManager   com.example.cplink                   I  âœ… ä¼ æ„Ÿå™¨ç³»ç»Ÿåˆå§‹åŒ–å®Œæˆ
2025-10-23 17:35:20.442 24273-24273 MainActivity            com.example.cplink                   I  âœ… ä½ç½®å’Œä¼ æ„Ÿå™¨ç®¡ç†å™¨åˆå§‹åŒ–æˆåŠŸ
2025-10-23 17:35:20.442 24273-24273 MainActivity            com.example.cplink                   I  ğŸ” è‡ªæ£€æŸ¥: ä½ç½®ä¼ æ„Ÿå™¨ç®¡ç†å™¨ - åˆå§‹åŒ–å®Œæˆ
2025-10-23 17:35:20.442 24273-24273 LocationSensorManager   com.example.cplink                   D  ä¼ æ„Ÿå™¨ç²¾åº¦å˜åŒ–: lsm6dsox Accelerometer Non-wakeup -> 3
2025-10-23 17:35:20.446 24273-24273 FloatingWindowService   com.example.cplink                   I  â¹ï¸ åœæ­¢é€Ÿåº¦æ•°æ®æ£€æŸ¥
2025-10-23 17:35:20.446 24273-24273 FloatingWindowService   com.example.cplink                   D  ğŸ” æ‚¬æµ®çª—æœªæ˜¾ç¤ºæˆ–å·²éšè—ï¼Œè·³è¿‡éšè—æ“ä½œ
2025-10-23 17:35:20.512 24273-24273 LocationSensorManager   com.example.cplink                   D  ä¼ æ„Ÿå™¨ç²¾åº¦å˜åŒ–: rotation_vector  Non-wakeup -> 3
2025-10-23 17:35:20.512 24273-24273 LocationSensorManager   com.example.cplink                   D  ä¼ æ„Ÿå™¨ç²¾åº¦å˜åŒ–: mxg4300  Non-wakeup -> 3
2025-10-23 17:35:20.513 24273-24273 ImeFocusController      com.example.cplink                   V  onWindowFocus: com.android.internal.policy.DecorView{90f9902 V.E...... R......D 0,0-1080,2400}[MainActivity] softInputMode=STATE_UNSPECIFIED|ADJUST_PAN|IS_FORWARD_NAVIGATION
2025-10-23 17:35:20.516 24273-24273 FloatingWindowService   com.example.cplink                   I  â¹ï¸ åœæ­¢é€Ÿåº¦æ•°æ®æ£€æŸ¥
2025-10-23 17:35:20.516 24273-24273 FloatingWindowService   com.example.cplink                   D  ğŸ” æ‚¬æµ®çª—æœªæ˜¾ç¤ºæˆ–å·²éšè—ï¼Œè·³è¿‡éšè—æ“ä½œ
2025-10-23 17:35:20.516 24273-24273 FloatingWindowService   com.example.cplink                   I  ğŸ”§ æ‚¬æµ®çª—æœåŠ¡é”€æ¯
2025-10-23 17:35:20.642 24273-24273 MainActivity            com.example.cplink                   I  ğŸ” è‡ªæ£€æŸ¥: æƒé™ç®¡ç†å™¨ - æ­£åœ¨åˆå§‹åŒ–...
2025-10-23 17:35:20.642 24273-24273 MainActivity            com.example.cplink                   I  ğŸ” åˆå§‹åŒ–æƒé™ç®¡ç†å™¨...
2025-10-23 17:35:20.642 24273-24273 PermissionManager       com.example.cplink                   I  âœ… LocationSensorManagerå¼•ç”¨å·²æ›´æ–°
2025-10-23 17:35:20.642 24273-24273 MainActivity            com.example.cplink                   I  âœ… æƒé™ç®¡ç†å™¨å¼•ç”¨æ›´æ–°æˆåŠŸ
2025-10-23 17:35:20.642 24273-24273 MainActivity            com.example.cplink                   I  ğŸŒ¡ï¸ å¼€å§‹GPSé¢„çƒ­...
2025-10-23 17:35:20.642 24273-24273 LocationSensorManager   com.example.cplink                   I  ğŸŒ¡ï¸ å¯åŠ¨GPSé¢„çƒ­...
2025-10-23 17:35:20.649 24273-24273 LocationSensorManager   com.example.cplink                   I  âœ… GPSé¢„çƒ­å·²å¯åŠ¨
2025-10-23 17:35:20.649 24273-24273 MainActivity            com.example.cplink                   I  âœ… GPSé¢„çƒ­å·²å¯åŠ¨
2025-10-23 17:35:20.649 24273-24273 MainActivity            com.example.cplink                   I  ğŸ” è‡ªæ£€æŸ¥: æƒé™ç®¡ç†å™¨ - åˆå§‹åŒ–å®Œæˆ
2025-10-23 17:35:20.839 24273-25446 .example.cplink         com.example.cplink                   I  Compiler allocated 8198KB to compile void android.view.ViewRootImpl.performTraversals()
2025-10-23 17:35:20.850 24273-24273 MainActivity            com.example.cplink                   I  ğŸ” è‡ªæ£€æŸ¥: æƒé™å’Œä½ç½®æœåŠ¡ - æ­£åœ¨è®¾ç½®...
2025-10-23 17:35:20.850 24273-24273 MainActivity            com.example.cplink                   I  ğŸ” å¼€å§‹æƒé™è®¾ç½®æµç¨‹...
2025-10-23 17:35:20.850 24273-24273 PermissionManager       com.example.cplink                   I  ğŸ§  å¼€å§‹æ™ºèƒ½æƒé™è¯·æ±‚...
2025-10-23 17:35:20.851 24273-24273 PermissionManager       com.example.cplink                   I  ğŸ“Š æ ¸å¿ƒæƒé™çŠ¶æ€: 5/5 å·²æˆäºˆ
2025-10-23 17:35:20.851 24273-24273 PermissionManager       com.example.cplink                   I  âœ… æ ¸å¿ƒæƒé™å·²å…¨éƒ¨æˆäºˆï¼Œå¯åŠ¨GPSåŠŸèƒ½
2025-10-23 17:35:20.851 24273-24273 LocationSensorManager   com.example.cplink                   I  ğŸ“ å¯åŠ¨GPSä½ç½®æ›´æ–°æœåŠ¡...
2025-10-23 17:35:20.851 24273-24273 LocationSensorManager   com.example.cplink                   I  ğŸ” æ£€æŸ¥ä½ç½®æä¾›è€…çŠ¶æ€:
2025-10-23 17:35:20.852 24273-24273 LocationSensorManager   com.example.cplink                   I    ğŸ“¡ GPSæä¾›è€…: âœ… å¯ç”¨
2025-10-23 17:35:20.852 24273-24273 LocationSensorManager   com.example.cplink                   I    ğŸŒ ç½‘ç»œæä¾›è€…: âœ… å¯ç”¨
2025-10-23 17:35:20.852 24273-24273 LocationSensorManager   com.example.cplink                   I    ğŸ“± è¢«åŠ¨æä¾›è€…: âœ… å¯ç”¨
2025-10-23 17:35:20.852 24273-24273 LocationSensorManager   com.example.cplink                   I    ğŸ“‹ æ‰€æœ‰æä¾›è€…: [passive, network, fused, gps]
2025-10-23 17:35:20.853 24273-24273 LocationSensorManager   com.example.cplink                   I    âœ… å¯ç”¨çš„æä¾›è€…: [passive, network, fused, gps]
2025-10-23 17:35:20.856 24273-24273 LocationSensorManager   com.example.cplink                   I  âœ… GPSå®šä½å·²å¯åŠ¨ (æœ€é«˜ç²¾åº¦æ¨¡å¼: 0.1s/0.0mï¼Œå¼ºåˆ¶åå°å®æ—¶)
2025-10-23 17:35:20.860 24273-24273 LocationSensorManager   com.example.cplink                   I  âœ… ç½‘ç»œå®šä½å·²å¯åŠ¨ (ä¼˜åŒ–æ¨¡å¼: 1s/2m)
2025-10-23 17:35:20.860 24273-24273 LocationSensorManager   com.example.cplink                   I  âœ… ä½ç½®æ›´æ–°æœåŠ¡å¯åŠ¨å®Œæˆ
2025-10-23 17:35:20.867 24273-24273 LocationSensorManager   com.example.cplink                   I  ğŸ¯ ä½¿ç”¨æœ€åå·²çŸ¥ä½ç½®è¿›è¡Œç«‹å³æ›´æ–°:
2025-10-23 17:35:20.868 24273-24273 LocationSensorManager   com.example.cplink                   I    ğŸ“ åæ ‡: lat=31.203741, lon=120.628044
2025-10-23 17:35:20.868 24273-24273 LocationSensorManager   com.example.cplink                   I    ğŸ“¡ ç²¾åº¦: 58.5m
2025-10-23 17:35:20.868 24273-24273 LocationSensorManager   com.example.cplink                   I    ğŸ”§ æä¾›è€…: network
2025-10-23 17:35:20.868 24273-24273 LocationSensorManager   com.example.cplink                   I    â° æ—¶é—´: 210306mså‰
2025-10-23 17:35:20.868 24273-24273 LocationSensorManager   com.example.cplink                   I  ğŸŒ GPSä½ç½®æ›´æ–°æ¥æ”¶:
2025-10-23 17:35:20.869 24273-24273 LocationSensorManager   com.example.cplink                   I    ğŸ“ åæ ‡: lat=31.203741, lon=120.628044
2025-10-23 17:35:20.869 24273-24273 LocationSensorManager   com.example.cplink                   I    ğŸš€ é€Ÿåº¦: æ— é€Ÿåº¦æ•°æ®
2025-10-23 17:35:20.869 24273-24273 LocationSensorManager   com.example.cplink                   I    ğŸ§­ æ–¹å‘: æ— æ–¹å‘æ•°æ®
2025-10-23 17:35:20.869 24273-24273 LocationSensorManager   com.example.cplink                   I    ğŸ“¡ ç²¾åº¦: 58.5m
2025-10-23 17:35:20.869 24273-24273 LocationSensorManager   com.example.cplink                   I    ğŸ”§ æä¾›è€…: network
2025-10-23 17:35:20.869 24273-24273 LocationSensorManager   com.example.cplink                   I    â° æ—¶é—´: 210307mså‰
2025-10-23 17:35:20.869 24273-24273 LocationSensorManager   com.example.cplink                   W  âš ï¸ GPSæ•°æ®è¿‡æœŸ (210306mså‰)ï¼Œè·³è¿‡æ›´æ–°
2025-10-23 17:35:20.869 24273-24273 PermissionManager       com.example.cplink                   I  ğŸ“¡ å¯åŠ¨GPSçŠ¶æ€ç›‘æ§...
2025-10-23 17:35:20.870 24273-24273 PermissionManager       com.example.cplink                   I  ğŸ“ è¯·æ±‚å¯é€‰æƒé™ä»¥è·å¾—å®Œæ•´åŠŸèƒ½
2025-10-23 17:35:20.893 24273-25461 ActivityThread          com.example.cplink                   V  updateVmProcessStateForGc sceneId =1 state=196608
2025-10-23 17:35:20.893 24273-24273 MainActivity            com.example.cplink                   I  ğŸ“‹ æƒé™çŠ¶æ€æŠ¥å‘Š:
                                                                                                    ğŸ”‘ æ ¸å¿ƒæƒé™:
                                                                                                      âœ… android.permission.ACCESS_FINE_LOCATION
                                                                                                      âœ… android.permission.ACCESS_COARSE_LOCATION
                                                                                                      âœ… android.permission.INTERNET
                                                                                                      âœ… android.permission.ACCESS_NETWORK_STATE
                                                                                                      âœ… android.permission.WAKE_LOCK
                                                                                                    ğŸ”§ å¯é€‰æƒé™:
                                                                                                      âœ… android.permission.FOREGROUND_SERVICE
                                                                                                      âŒ android.permission.SYSTEM_ALERT_WINDOW
                                                                                                    ğŸ“± Android 12+ æƒé™:
                                                                                                    ğŸ“± Android 13+ æƒé™:
                                                                                                      âœ… android.permission.POST_NOTIFICATIONS
2025-10-23 17:35:20.893 24273-24273 MainActivity            com.example.cplink                   I  ğŸ” è‡ªæ£€æŸ¥: æƒé™å’Œä½ç½®æœåŠ¡ - è®¾ç½®å®Œæˆ
2025-10-23 17:35:20.893 24273-25461 .example.cplink         com.example.cplink                   I  Close vivo delay for GC JIT .
2025-10-23 17:35:20.938 24273-24273 MainActivity            com.example.cplink                   I  â¸ï¸ Activityæš‚åœ
2025-10-23 17:35:20.940 24273-24273 MainActivity            com.example.cplink                   I  ğŸŒ GPSä½ç½®æ›´æ–°åœ¨åå°ç»§ç»­è¿è¡Œ
2025-10-23 17:35:21.095 24273-24273 FloatingWindowService   com.example.cplink                   D  ğŸ‘¤ ç”¨æˆ·ç±»å‹æƒé™æ£€æŸ¥: userType=4, hasPermission=true
2025-10-23 17:35:21.095 24273-24273 FloatingWindowService   com.example.cplink                   I  ğŸ”„ ä½¿ç”¨å¹¿æ’­æ–¹å¼å‘é€æ§åˆ¶æŒ‡ä»¤ï¼Œé¿å…ç«¯å£å†²çª
2025-10-23 17:35:21.095 24273-24273 FloatingWindowService   com.example.cplink                   I  âœ… ç½‘ç»œç®¡ç†å™¨åˆå§‹åŒ–å®Œæˆï¼ˆå¹¿æ’­æ¨¡å¼ï¼‰
2025-10-23 17:35:21.099 24273-24273 CompatChangeReporter    com.example.cplink                   D  Compat change id reported: 63938206; UID 10440; state: ENABLED
2025-10-23 17:35:21.125 24273-24273 FloatingWindowService   com.example.cplink                   I  ğŸ”„ ç”¨æˆ·ç±»å‹æ–‡æœ¬å·²æ›´æ–°: é“ç²‰ ğŸ“‚
2025-10-23 17:35:21.125 24273-24273 FloatingWindowService   com.example.cplink                   I  âœ… æ‚¬æµ®çª—ç”¨æˆ·ç±»å‹æ˜¾ç¤ºæ›´æ–°å®Œæˆ
2025-10-23 17:35:21.133 24273-24273 FloatingWindowService   com.example.cplink                   I  âœ… æ™ºèƒ½æ§é€ŸæŒ‰é’®çŠ¶æ€åˆå§‹åŒ–: æ¨¡å¼=0
2025-10-23 17:35:21.170 24273-24273 FloatingWindowService   com.example.cplink                   I  âœ… æ‚¬æµ®çª—æ˜¾ç¤ºæˆåŠŸ
2025-10-23 17:35:21.170 24273-24273 FloatingWindowService   com.example.cplink                   I  â¹ï¸ åœæ­¢é€Ÿåº¦æ•°æ®æ£€æŸ¥
2025-10-23 17:35:21.172 24273-24273 FloatingWindowService   com.example.cplink                   I  ğŸš— å¼€å§‹ä¼˜åŒ–é€Ÿåº¦æ•°æ®æ£€æŸ¥ï¼ˆé«˜é¢‘æ›´æ–°ï¼‰
2025-10-23 17:35:21.174 24273-24273 ImeFocusController      com.example.cplink                   V  onWindowFocus: com.android.internal.policy.DecorView{90f9902 V.E...... R....... 0,0-1080,2400 aid=0}[MainActivity] softInputMode=STATE_UNSPECIFIED|ADJUST_PAN
2025-10-23 17:35:21.188 24273-24273 MainActivity            com.example.cplink                   I  ğŸ” è‡ªæ£€æŸ¥: ç½‘ç»œç®¡ç†å™¨ - æ­£åœ¨åˆå§‹åŒ–...
2025-10-23 17:35:21.189 24273-24273 MainActivity            com.example.cplink                   I  ğŸŒ åˆå§‹åŒ–ç½‘ç»œç®¡ç†å™¨ï¼ˆå»¶è¿Ÿå¯åŠ¨ç½‘ç»œæœåŠ¡ï¼‰...
2025-10-23 17:35:21.191 24273-24273 MainActivity            com.example.cplink                   I  âœ… ç½‘ç»œç®¡ç†å™¨åˆå§‹åŒ–æˆåŠŸï¼ˆç½‘ç»œæœåŠ¡å¾…å¯åŠ¨ï¼‰
2025-10-23 17:35:21.191 24273-24273 MainActivity            com.example.cplink                   I  ğŸ” è‡ªæ£€æŸ¥: ç½‘ç»œç®¡ç†å™¨ - åˆå§‹åŒ–å®Œæˆ
2025-10-23 17:35:21.192 24273-24273 PermissionManager       com.example.cplink                   I  ğŸ” æƒé™è¯·æ±‚ç»“æœ:
2025-10-23 17:35:21.192 24273-24273 PermissionManager       com.example.cplink                   I    âŒ android.permission.SYSTEM_ALERT_WINDOW: è¢«æ‹’ç»
2025-10-23 17:35:21.192 24273-24273 PermissionManager       com.example.cplink                   I  ğŸ“Š æƒé™ç»Ÿè®¡: 0/1 å·²æˆäºˆ
2025-10-23 17:35:21.192 24273-24273 PermissionManager       com.example.cplink                   W  âš ï¸ éƒ¨åˆ†æƒé™æœªè·å–ï¼ŒåŠŸèƒ½å¯èƒ½å—é™
2025-10-23 17:35:21.192 24273-24273 PermissionManager       com.example.cplink                   W  âŒ è¢«æ‹’ç»çš„æƒé™: android.permission.SYSTEM_ALERT_WINDOW
2025-10-23 17:35:21.193 24273-24273 PermissionManager       com.example.cplink                   I  âœ… æ ¸å¿ƒæƒé™å·²è·å–ï¼Œå¯åŠ¨ä½ç½®æ›´æ–°
2025-10-23 17:35:21.193 24273-24273 LocationSensorManager   com.example.cplink                   I  ğŸ“ å¯åŠ¨GPSä½ç½®æ›´æ–°æœåŠ¡...
2025-10-23 17:35:21.193 24273-24273 LocationSensorManager   com.example.cplink                   I  ğŸ” æ£€æŸ¥ä½ç½®æä¾›è€…çŠ¶æ€:
2025-10-23 17:35:21.194 24273-24273 LocationSensorManager   com.example.cplink                   I    ğŸ“¡ GPSæä¾›è€…: âœ… å¯ç”¨
2025-10-23 17:35:21.194 24273-24273 LocationSensorManager   com.example.cplink                   I    ğŸŒ ç½‘ç»œæä¾›è€…: âœ… å¯ç”¨
2025-10-23 17:35:21.195 24273-24273 LocationSensorManager   com.example.cplink                   I    ğŸ“± è¢«åŠ¨æä¾›è€…: âœ… å¯ç”¨
2025-10-23 17:35:21.195 24273-24273 LocationSensorManager   com.example.cplink                   I    ğŸ“‹ æ‰€æœ‰æä¾›è€…: [passive, network, fused, gps]
2025-10-23 17:35:21.195 24273-24273 LocationSensorManager   com.example.cplink                   I    âœ… å¯ç”¨çš„æä¾›è€…: [passive, network, fused, gps]
2025-10-23 17:35:21.200 24273-24273 LocationSensorManager   com.example.cplink                   I  âœ… GPSå®šä½å·²å¯åŠ¨ (æœ€é«˜ç²¾åº¦æ¨¡å¼: 0.1s/0.0mï¼Œå¼ºåˆ¶åå°å®æ—¶)
2025-10-23 17:35:21.204 24273-24273 LocationSensorManager   com.example.cplink                   I  âœ… ç½‘ç»œå®šä½å·²å¯åŠ¨ (ä¼˜åŒ–æ¨¡å¼: 1s/2m)
2025-10-23 17:35:21.204 24273-24273 LocationSensorManager   com.example.cplink                   I  âœ… ä½ç½®æ›´æ–°æœåŠ¡å¯åŠ¨å®Œæˆ
2025-10-23 17:35:21.211 24273-24273 LocationSensorManager   com.example.cplink                   I  ğŸ¯ ä½¿ç”¨æœ€åå·²çŸ¥ä½ç½®è¿›è¡Œç«‹å³æ›´æ–°:
2025-10-23 17:35:21.211 24273-24273 LocationSensorManager   com.example.cplink                   I    ğŸ“ åæ ‡: lat=31.203741, lon=120.628044
2025-10-23 17:35:21.211 24273-24273 LocationSensorManager   com.example.cplink                   I    ğŸ“¡ ç²¾åº¦: 58.5m
2025-10-23 17:35:21.211 24273-24273 LocationSensorManager   com.example.cplink                   I    ğŸ”§ æä¾›è€…: network
2025-10-23 17:35:21.211 24273-24273 LocationSensorManager   com.example.cplink                   I    â° æ—¶é—´: 1952mså‰
2025-10-23 17:35:21.212 24273-24273 LocationSensorManager   com.example.cplink                   I  ğŸŒ GPSä½ç½®æ›´æ–°æ¥æ”¶:
2025-10-23 17:35:21.212 24273-24273 LocationSensorManager   com.example.cplink                   I    ğŸ“ åæ ‡: lat=31.203741, lon=120.628044
2025-10-23 17:35:21.212 24273-24273 LocationSensorManager   com.example.cplink                   I    ğŸš€ é€Ÿåº¦: æ— é€Ÿåº¦æ•°æ®
2025-10-23 17:35:21.212 24273-24273 LocationSensorManager   com.example.cplink                   I    ğŸ§­ æ–¹å‘: æ— æ–¹å‘æ•°æ®
2025-10-23 17:35:21.212 24273-24273 LocationSensorManager   com.example.cplink                   I    ğŸ“¡ ç²¾åº¦: 58.5m
2025-10-23 17:35:21.212 24273-24273 LocationSensorManager   com.example.cplink                   I    ğŸ”§ æä¾›è€…: network
2025-10-23 17:35:21.212 24273-24273 LocationSensorManager   com.example.cplink                   I    â° æ—¶é—´: 1953mså‰
2025-10-23 17:35:21.212 24273-24273 LocationSensorManager   com.example.cplink                   W  âš ï¸ GPSç²¾åº¦è¿‡ä½ (58.5m)ï¼Œæ•°æ®å¯èƒ½ä¸å¯é 
2025-10-23 17:35:21.212 24273-24273 LocationSensorManager   com.example.cplink                   I  âœ… GPSå­—æ®µæ›´æ–°å®Œæˆ (å®æ—¶æ€§ä¼˜åŒ–):
2025-10-23 17:35:21.212 24273-24273 LocationSensorManager   com.example.cplink                   D    ğŸ“ åæ ‡: lat=31.203741, lon=120.628044
2025-10-23 17:35:21.213 24273-24273 LocationSensorManager   com.example.cplink                   D    ğŸš€ é€Ÿåº¦: æ— é€Ÿåº¦æ•°æ®
2025-10-23 17:35:21.213 24273-24273 LocationSensorManager   com.example.cplink                   D    ğŸ§­ æ–¹å‘: æ— æ–¹å‘æ•°æ®
2025-10-23 17:35:21.213 24273-24273 LocationSensorManager   com.example.cplink                   D    ğŸ“¡ ç²¾åº¦: 58.5m
2025-10-23 17:35:21.213 24273-24273 LocationSensorManager   com.example.cplink                   D    ğŸ”§ æä¾›è€…: network
2025-10-23 17:35:21.213 24273-24273 LocationSensorManager   com.example.cplink                   D    â° æ•°æ®å¹´é¾„: 1952ms
2025-10-23 17:35:21.213 24273-24273 LocationSensorManager   com.example.cplink                   D    ğŸ¯ å®æ—¶æ€§: è‰¯å¥½
2025-10-23 17:35:21.213 24273-24273 PermissionManager       com.example.cplink                   I  ğŸ“¡ å¯åŠ¨GPSçŠ¶æ€ç›‘æ§...
2025-10-23 17:35:21.213 24273-24273 MainActivity            com.example.cplink                   I  â–¶ï¸ Activityæ¢å¤ï¼Œéšè—æ‚¬æµ®çª—
2025-10-23 17:35:21.218 24273-24273 LocationSensorManager   com.example.cplink                   I  ğŸŒ GPSä½ç½®æ›´æ–°æ¥æ”¶:
2025-10-23 17:35:21.219 24273-24273 LocationSensorManager   com.example.cplink                   I    ğŸ“ åæ ‡: lat=31.203741, lon=120.628044
2025-10-23 17:35:21.219 24273-24273 LocationSensorManager   com.example.cplink                   I    ğŸš€ é€Ÿåº¦: æ— é€Ÿåº¦æ•°æ®
2025-10-23 17:35:21.219 24273-24273 LocationSensorManager   com.example.cplink                   I    ğŸ§­ æ–¹å‘: æ— æ–¹å‘æ•°æ®
2025-10-23 17:35:21.219 24273-24273 LocationSensorManager   com.example.cplink                   I    ğŸ“¡ ç²¾åº¦: 58.5m
2025-10-23 17:35:21.219 24273-24273 LocationSensorManager   com.example.cplink                   I    ğŸ”§ æä¾›è€…: network
2025-10-23 17:35:21.219 24273-24273 LocationSensorManager   com.example.cplink                   I    â° æ—¶é—´: 1960mså‰
2025-10-23 17:35:21.219 24273-24273 LocationSensorManager   com.example.cplink                   W  âš ï¸ GPSç²¾åº¦è¿‡ä½ (58.5m)ï¼Œæ•°æ®å¯èƒ½ä¸å¯é 
2025-10-23 17:35:21.219 24273-24273 LocationSensorManager   com.example.cplink                   I  âœ… GPSå­—æ®µæ›´æ–°å®Œæˆ (å®æ—¶æ€§ä¼˜åŒ–):
2025-10-23 17:35:21.219 24273-24273 LocationSensorManager   com.example.cplink                   D    ğŸ“ åæ ‡: lat=31.203741, lon=120.628044
2025-10-23 17:35:21.219 24273-24273 LocationSensorManager   com.example.cplink                   D    ğŸš€ é€Ÿåº¦: æ— é€Ÿåº¦æ•°æ®
2025-10-23 17:35:21.219 24273-24273 LocationSensorManager   com.example.cplink                   D    ğŸ§­ æ–¹å‘: æ— æ–¹å‘æ•°æ®
2025-10-23 17:35:21.220 24273-24273 LocationSensorManager   com.example.cplink                   D    ğŸ“¡ ç²¾åº¦: 58.5m
2025-10-23 17:35:21.220 24273-24273 LocationSensorManager   com.example.cplink                   D    ğŸ”§ æä¾›è€…: network
2025-10-23 17:35:21.220 24273-24273 LocationSensorManager   com.example.cplink                   D    â° æ•°æ®å¹´é¾„: 1959ms
2025-10-23 17:35:21.220 24273-24273 LocationSensorManager   com.example.cplink                   D    ğŸ¯ å®æ—¶æ€§: è‰¯å¥½
2025-10-23 17:35:21.263 24273-24273 ViewRootImpl            com.example.cplink                   D  AppSizeAfterRelayout, size: Point(674, 455), rotation: ROTATION_0
2025-10-23 17:35:21.264 24273-24273 libc                    com.example.cplink                   W  Access denied finding property "vendor.display.enable_optimal_refresh_rate"
2025-10-23 17:35:21.261 24273-24273 .example.cplink         com.example.cplink                   W  type=1400 audit(0.0:3484259): avc:  denied  { read } for  name="u:object_r:vendor_display_prop:s0" dev="tmpfs" ino=462 scontext=u:r:untrusted_app:s0:c184,c257,c512,c768 tcontext=u:object_r:vendor_display_prop:s0 tclass=file permissive=0 app=com.example.cplink
2025-10-23 17:35:21.311 24273-24273 FloatingWindowService   com.example.cplink                   I  â¹ï¸ åœæ­¢é€Ÿåº¦æ•°æ®æ£€æŸ¥
2025-10-23 17:35:21.312 24273-24273 FloatingWindowService   com.example.cplink                   I  âœ… æ‚¬æµ®çª—éšè—æˆåŠŸ
2025-10-23 17:35:21.313 24273-25542 FloatingWindowService   com.example.cplink                   E  âŒ é€Ÿåº¦æ•°æ®æ£€æŸ¥å¼‚å¸¸: StandaloneCoroutine was cancelled
                                                                                                    kotlinx.coroutines.JobCancellationException: StandaloneCoroutine was cancelled; job=StandaloneCoroutine{Cancelling}@4ff1723
2025-10-23 17:35:21.438 24273-24273 WindowOnBackDispatcher  com.example.cplink                   W  sendCancelIfRunning: isInProgress=false callback=android.view.ViewRootImpl$$ExternalSyntheticLambda11@d3255c0
2025-10-23 17:35:21.456 24273-24273 FloatingWindowService   com.example.cplink                   I  â¹ï¸ åœæ­¢é€Ÿåº¦æ•°æ®æ£€æŸ¥
2025-10-23 17:35:21.456 24273-24273 FloatingWindowService   com.example.cplink                   D  ğŸ” æ‚¬æµ®çª—æœªæ˜¾ç¤ºæˆ–å·²éšè—ï¼Œè·³è¿‡éšè—æ“ä½œ
2025-10-23 17:35:21.456 24273-24273 FloatingWindowService   com.example.cplink                   I  ğŸ”§ æ‚¬æµ®çª—æœåŠ¡é”€æ¯
2025-10-23 17:35:21.459 24273-24273 MainActivity            com.example.cplink                   I  ğŸ” è‡ªæ£€æŸ¥: ç³»ç»Ÿç®¡ç†å™¨ - æ­£åœ¨å¹¶è¡Œåˆå§‹åŒ–...
2025-10-23 17:35:21.462 24273-25542 MainActivity            com.example.cplink                   I  ğŸ—ºï¸ åˆå§‹åŒ–é«˜å¾·åœ°å›¾ç®¡ç†å™¨...
2025-10-23 17:35:21.468 24273-25542 MainActivity            com.example.cplink                   I  âœ… é«˜å¾·åœ°å›¾ç®¡ç†å™¨åˆå§‹åŒ–æˆåŠŸ
2025-10-23 17:35:21.468 24273-25543 MainActivity            com.example.cplink                   I  ğŸ“¡ åˆå§‹åŒ–å¹¿æ’­ç®¡ç†å™¨...
2025-10-23 17:35:21.468 24273-25549 MainActivity            com.example.cplink                   I  ğŸ“± åˆå§‹åŒ–è®¾å¤‡ç®¡ç†å™¨...
2025-10-23 17:35:21.475 24273-25549 DeviceManager           com.example.cplink                   I  ğŸ“± ä½¿ç”¨å·²å­˜åœ¨çš„è®¾å¤‡ID: FB0184A6B311
2025-10-23 17:35:21.478 24273-25543 AmapBroadcastManager    com.example.cplink                   I  âœ… å¢å¼ºç‰ˆå¹¿æ’­æ¥æ”¶å™¨æ³¨å†ŒæˆåŠŸ
2025-10-23 17:35:21.478 24273-25543 AmapBroadcastManager    com.example.cplink                   D  ğŸ“¡ æ³¨å†Œçš„å¹¿æ’­Actionåˆ—è¡¨:
2025-10-23 17:35:21.478 24273-25543 AmapBroadcastManager    com.example.cplink                   D    - AMAP_NAVI_ACTION_UPDATE
2025-10-23 17:35:21.479 24273-25543 AmapBroadcastManager    com.example.cplink                   D    - AMAP_NAVI_ACTION_TURN
2025-10-23 17:35:21.479 24273-25543 AmapBroadcastManager    com.example.cplink                   D    - com.autonavi.minimap.broadcast
2025-10-23 17:35:21.479 24273-25543 AmapBroadcastManager    com.example.cplink                   D    - AMAP_NAVI_ACTION_LOCATION
2025-10-23 17:35:21.479 24273-25543 AmapBroadcastManager    com.example.cplink                   D    - AUTONAVI_BROADCAST_SEND
2025-10-23 17:35:21.479 24273-25543 AmapBroadcastManager    com.example.cplink                   D    - AMAP_NAVI_ACTION_ROUTE
2025-10-23 17:35:21.479 24273-25543 AmapBroadcastManager    com.example.cplink                   D    - AMAP_BROADCAST_SEND
2025-10-23 17:35:21.479 24273-25544 AmapBroadcastManager    com.example.cplink                   I  ğŸš€ å¯åŠ¨å¹¿æ’­å¤„ç†åç¨‹
2025-10-23 17:35:21.479 24273-25543 AmapBroadcastManager    com.example.cplink                   D    - com.autonavi.minimap.navigation.broadcast
2025-10-23 17:35:21.479 24273-25543 AmapBroadcastManager    com.example.cplink                   D    - AUTONAVI_STANDARD_BROADCAST_RECV
2025-10-23 17:35:21.479 24273-25543 AmapBroadcastManager    com.example.cplink                   D    - AUTONAVI_STANDARD_BROADCAST_SEND
2025-10-23 17:35:21.479 24273-25549 DeviceManager           com.example.cplink                   I  ğŸ“Š è®°å½•åº”ç”¨å¯åŠ¨ï¼Œä½¿ç”¨æ¬¡æ•°: 21ï¼Œä¿å­˜æˆåŠŸ: true
2025-10-23 17:35:21.479 24273-25549 MainActivity            com.example.cplink                   I  âœ… è®¾å¤‡ç®¡ç†å™¨åˆå§‹åŒ–æˆåŠŸï¼Œè®¾å¤‡ID: FB0184A6B311
2025-10-23 17:35:21.479 24273-25543 MainActivity            com.example.cplink                   I  âœ… å¹¿æ’­ç®¡ç†å™¨åˆå§‹åŒ–æˆåŠŸ
2025-10-23 17:35:21.572 24273-25446 .example.cplink         com.example.cplink                   I  Compiler allocated 4420KB to compile void android.widget.TextView.<init>(android.content.Context, android.util.AttributeSet, int, int)
2025-10-23 17:35:21.592 24273-24273 MainActivity            com.example.cplink                   I  ğŸ” è‡ªæ£€æŸ¥: ç³»ç»Ÿç®¡ç†å™¨ - å¹¶è¡Œåˆå§‹åŒ–å®Œæˆ
2025-10-23 17:35:21.795 24273-24273 MainActivity            com.example.cplink                   I  ğŸ” è‡ªæ£€æŸ¥: ç”¨æˆ·ç±»å‹ - æ­£åœ¨è·å–...
2025-10-23 17:35:21.797 24273-25549 MainActivity            com.example.cplink                   D  ğŸ“± ç¼“å­˜å‘½ä¸­: ç±»å‹=4, å¹´é¾„=6677ç§’
2025-10-23 17:35:21.797 24273-25549 MainActivity            com.example.cplink                   I  ğŸ“± ä½¿ç”¨ç¼“å­˜çš„ç”¨æˆ·ç±»å‹: 4
2025-10-23 17:35:21.837 24273-24273 MainActivity            com.example.cplink                   I  ğŸ” è‡ªæ£€æŸ¥: ç”¨æˆ·ç±»å‹ - è·å–å®Œæˆ: é“ç²‰
2025-10-23 17:35:22.034 24273-24273 MainActivity            com.example.cplink                   I  ğŸ” è‡ªæ£€æŸ¥: ä½¿ç”¨ç»Ÿè®¡ - åå°æ›´æ–°ä¸­...
2025-10-23 17:35:22.035 24273-25549 DeviceManager           com.example.cplink                   D  ğŸ“Š è·å–ä½¿ç”¨ç»Ÿè®¡: æ¬¡æ•°=21, æ—¶é•¿=23åˆ†é’Ÿ, è·ç¦»=1039.8433km
2025-10-23 17:35:22.073 24273-24273 MainActivity            com.example.cplink                   I  ğŸ” è‡ªæ£€æŸ¥: ä½¿ç”¨ç»Ÿè®¡ - æ›´æ–°å®Œæˆ
2025-10-23 17:35:22.074 24273-25549 MainActivity            com.example.cplink                   I  ğŸ“Š è‡ªåŠ¨æ›´æ–°ä½¿ç”¨ç»Ÿè®¡æ•°æ®: æ¬¡æ•°=21, æ—¶é•¿=23åˆ†é’Ÿ, è·ç¦»=1039.8433km
2025-10-23 17:35:22.077 24273-25549 DpmTcmClient            com.example.cplink                   I  RegisterTcmMonitor from: $Proxy2
2025-10-23 17:35:22.094 24273-25549 TrafficStats            com.example.cplink                   D  tagSocket(145) with statsTag=0xffffffff, statsUid=-1
2025-10-23 17:35:22.095 24273-25549 Linux                   com.example.cplink                   D  [Posix_connect Debug]Process com.example.cplink :443 
2025-10-23 17:35:22.205 24273-24273 MainActivity            com.example.cplink                   I  ğŸ” è‡ªæ£€æŸ¥: ä½ç½®æ›´æ–° - æ­£åœ¨æ‰§è¡Œ...
2025-10-23 17:35:22.205 24273-24273 MainActivity            com.example.cplink                   I  ğŸš€ æ‰§è¡Œåˆå§‹ä½ç½®æ›´æ–°...
2025-10-23 17:35:22.205 24273-24273 MainActivity            com.example.cplink                   I  ğŸ” è‡ªæ£€æŸ¥: ä½ç½®æ›´æ–° - æ‰§è¡Œå®Œæˆ
2025-10-23 17:35:22.207 24273-24273 MainActivity            com.example.cplink                   I  ğŸ“ æ›´æ–°ä½ç½®ç”¨äºè·ç¦»ç»Ÿè®¡: lat=31.203741, lon=120.628044
2025-10-23 17:35:22.207 24273-24273 DeviceManager           com.example.cplink                   I  â° å¯åŠ¨å€’è®¡æ—¶: 850ç§’
2025-10-23 17:35:22.207 24273-24273 DeviceManager           com.example.cplink                   I  â¹ï¸ åœæ­¢å€’è®¡æ—¶
2025-10-23 17:35:22.408 24273-24273 MainActivity            com.example.cplink                   I  ğŸ” è‡ªæ£€æŸ¥: é™æ€æ¥æ”¶å™¨ - æ­£åœ¨å¤„ç†...
2025-10-23 17:35:22.408 24273-24273 MainActivity            com.example.cplink                   I  ğŸ” è‡ªæ£€æŸ¥: é™æ€æ¥æ”¶å™¨ - å¤„ç†å®Œæˆ
2025-10-23 17:35:22.609 24273-24273 MainActivity            com.example.cplink                   I  ğŸ” è‡ªæ£€æŸ¥: ç½‘ç»œæœåŠ¡ - æ­£åœ¨å¯åŠ¨...
2025-10-23 17:35:22.609 24273-24273 MainActivity            com.example.cplink                   I  ğŸŒ å¯åŠ¨ç½‘ç»œæœåŠ¡...
2025-10-23 17:35:22.609 24273-24273 NetworkManager          com.example.cplink                   I  ğŸŒ åˆå§‹åŒ–CarrotManç½‘ç»œå®¢æˆ·ç«¯...
2025-10-23 17:35:22.612 24273-24273 CarrotManNetwork        com.example.cplink                   D  è®¾å¤‡å‘ç°å›è°ƒå·²è®¾ç½®
2025-10-23 17:35:22.612 24273-24273 CarrotManNetwork        com.example.cplink                   D  è¿æ¥çŠ¶æ€å›è°ƒå·²è®¾ç½®
2025-10-23 17:35:22.612 24273-24273 CarrotManNetwork        com.example.cplink                   D  æ•°æ®å‘é€å›è°ƒå·²è®¾ç½®
2025-10-23 17:35:22.612 24273-24273 CarrotManNetwork        com.example.cplink                   D  OpenpPilotçŠ¶æ€æ¥æ”¶å›è°ƒå·²è®¾ç½®
2025-10-23 17:35:22.612 24273-24273 CarrotManNetwork        com.example.cplink                   I  å¯åŠ¨ CarrotMan ç½‘ç»œå®¢æˆ·ç«¯æœåŠ¡
2025-10-23 17:35:22.612 24273-24273 CarrotManNetwork        com.example.cplink                   D  å¼€å§‹åˆå§‹åŒ–UDP Socketè¿æ¥...
2025-10-23 17:35:22.612 24273-24273 TrafficStats            com.example.cplink                   D  tagSocket(138) with statsTag=0xffffffff, statsUid=-1
2025-10-23 17:35:22.613 24273-24273 CarrotManNetwork        com.example.cplink                   D  ç›‘å¬Socketå·²åˆ›å»ºï¼Œç«¯å£: 7705ï¼Œè¶…æ—¶: 1000ms
2025-10-23 17:35:22.613 24273-24273 TrafficStats            com.example.cplink                   D  tagSocket(142) with statsTag=0xffffffff, statsUid=-1
2025-10-23 17:35:22.613 24273-24273 CarrotManNetwork        com.example.cplink                   D  æ•°æ®å‘é€Socketå·²åˆ›å»ºï¼Œç«¯å£: 37980
2025-10-23 17:35:22.613 24273-24273 CarrotManNetwork        com.example.cplink                   I  Socketåˆå§‹åŒ–æˆåŠŸ - ç›‘å¬ç«¯å£: 7705 (å¹¿æ’­æ¨¡å¼)
2025-10-23 17:35:22.614 24273-25544 CarrotManNetwork        com.example.cplink                   I  âœ… å¯åŠ¨è®¾å¤‡å¹¿æ’­ç›‘å¬æœåŠ¡ - ç«¯å£: 7705
2025-10-23 17:35:22.614 24273-24273 CarrotManNetwork        com.example.cplink                   I  ğŸ” å¯åŠ¨è®¾å¤‡å‘ç°æœåŠ¡...
2025-10-23 17:35:22.615 24273-25543 CarrotManNetwork        com.example.cplink                   I  å¯åŠ¨è®¾å¤‡å¥åº·æ£€æŸ¥æœåŠ¡ï¼Œæ£€æŸ¥é—´éš”: 2000ms
2025-10-23 17:35:22.616 24273-24273 CarrotManNetwork        com.example.cplink                   I  CarrotMan ç½‘ç»œæœåŠ¡å¯åŠ¨æˆåŠŸ
2025-10-23 17:35:22.616 24273-24273 CarrotManNetwork        com.example.cplink                   I  ğŸ“¡ å¯åŠ¨è‡ªåŠ¨æ•°æ®å‘é€ä»»åŠ¡(å®¢æˆ·ç«¯)â€¦
2025-10-23 17:35:22.617 24273-24273 NetworkManager          com.example.cplink                   I  ğŸ”„ ç½‘ç»œçŠ¶æ€å®šæœŸæ›´æ–°å·²å¯åŠ¨
2025-10-23 17:35:22.617 24273-25542 CarrotManNetwork        com.example.cplink                   W  âš ï¸ å‘é€CarrotManæ•°æ® - æœåŠ¡æœªè¿è¡Œæˆ–æ— è¿æ¥è®¾å¤‡
2025-10-23 17:35:22.617 24273-24273 NetworkManager          com.example.cplink                   I  âœ… CarrotManç½‘ç»œå®¢æˆ·ç«¯åˆå§‹åŒ–æˆåŠŸ
2025-10-23 17:35:22.617 24273-24273 MainActivity            com.example.cplink                   I  âœ… ç½‘ç»œæœåŠ¡å¯åŠ¨æˆåŠŸ
2025-10-23 17:35:22.617 24273-25542 CarrotManNetwork        com.example.cplink                   D  çŠ¶æ€æ£€æŸ¥ - è¿è¡ŒçŠ¶æ€: true, è¿æ¥è®¾å¤‡: null
2025-10-23 17:35:22.618 24273-24273 MainActivity            com.example.cplink                   I  ğŸ” è‡ªæ£€æŸ¥: ç½‘ç»œæœåŠ¡ - å¯åŠ¨å®Œæˆ
2025-10-23 17:35:22.618 24273-25570 CarrotManNetwork        com.example.cplink                   I  ğŸ’“ å¯åŠ¨å¿ƒè·³ä»»åŠ¡
2025-10-23 17:35:22.620 24273-25543 CarrotManNetwork        com.example.cplink                   D  ğŸ“¡ å‘é€è®¾å¤‡å‘ç°å¹¿æ’­
2025-10-23 17:35:22.620 24273-25543 CarrotManNetwork        com.example.cplink                   D  ğŸ“­ æ²¡æœ‰å‘ç°æ´»è·ƒè®¾å¤‡
2025-10-23 17:35:22.620 24273-25544 CarrotManNetwork        com.example.cplink                   I  ğŸ”„ æ›´æ–°çŠ¶æ€: å‘ç°è®¾å¤‡ 192.168.31.103ï¼Œæ­£åœ¨è¿æ¥...
2025-10-23 17:35:22.621 24273-24273 NetworkManager          com.example.cplink                   I  ğŸŒ ç½‘ç»œçŠ¶æ€å˜åŒ–: connected=false, device=
2025-10-23 17:35:22.621 24273-24273 NetworkManager          com.example.cplink                   I  ğŸŒ ç½‘ç»œçŠ¶æ€å˜åŒ–: connected=false, device=
2025-10-23 17:35:22.621 24273-25544 CarrotManNetwork        com.example.cplink                   D  ç½‘ç»œçŠ¶æ€å·²ä¿å­˜: running=true, device=192.168.31.103:7706 (vdetected)
2025-10-23 17:35:22.621 24273-25574 CarrotManNetwork        com.example.cplink                   I  âœ… å¯åŠ¨æ•°æ®ä¼ è¾“ä»»åŠ¡ - è®¾å¤‡: 192.168.31.103
2025-10-23 17:35:22.621 24273-25544 CarrotManNetwork        com.example.cplink                   I  ğŸ‰ è®¾å¤‡è¿æ¥å»ºç«‹æˆåŠŸ: 192.168.31.103
2025-10-23 17:35:22.621 24273-24273 NetworkManager          com.example.cplink                   I  ğŸ¯ å‘ç°Comma3è®¾å¤‡: 192.168.31.103:7706 (vdetected)
2025-10-23 17:35:22.623 24273-24273 NetworkManager          com.example.cplink                   I  ğŸŒ ç½‘ç»œçŠ¶æ€å˜åŒ–: connected=false, device=
2025-10-23 17:35:22.623 24273-24273 NetworkManager          com.example.cplink                   I  ğŸŒ ç½‘ç»œçŠ¶æ€å˜åŒ–: connected=true, device=192.168.31.103:7706 (vdetected)
2025-10-23 17:35:22.721 24273-25574 CarrotManNetwork        com.example.cplink                   D  ğŸ“¡ å‘é€UDPæ•°æ®åŒ…åˆ° 192.168.31.103:7706, å¤§å°: 130 bytes
2025-10-23 17:35:22.729 24273-24273 NetworkManager          com.example.cplink                   I  ğŸ¯ å‘ç°Comma3è®¾å¤‡: 192.168.31.118:7706 (vopenpilot)
2025-10-23 17:35:22.731 24273-25574 CarrotManNetwork        com.example.cplink                   D  âœ… UDPæ•°æ®åŒ…å‘é€æˆåŠŸ
2025-10-23 17:35:22.820 24273-24273 MainActivity            com.example.cplink                   I  ğŸ” è‡ªæ£€æŸ¥: ç”¨æˆ·ç•Œé¢ - æ­£åœ¨è®¾ç½®...
2025-10-23 17:35:22.821 24273-24273 MainActivity            com.example.cplink                   I  ğŸ” è‡ªæ£€æŸ¥: ç”¨æˆ·ç•Œé¢ - è®¾ç½®å®Œæˆ
2025-10-23 17:35:22.822 24273-25574 CarrotManNetwork        com.example.cplink                   D  ğŸ“¤ å‡†å¤‡è‡ªåŠ¨å‘é€æ•°æ®åŒ…:
2025-10-23 17:35:22.822 24273-25574 CarrotManNetwork        com.example.cplink                   D     ä½ç½®: lat=31.203741, lon=120.628044
2025-10-23 17:35:22.822 24273-25574 CarrotManNetwork        com.example.cplink                   D    ğŸ›£ï¸ é“è·¯: 
2025-10-23 17:35:22.822 24273-25574 CarrotManNetwork        com.example.cplink                   D    ğŸš¦ é™é€Ÿ: 0km/h
2025-10-23 17:35:22.822 24273-25574 CarrotManNetwork        com.example.cplink                   D    ğŸ¯ ç›®æ ‡: 
2025-10-23 17:35:22.822 24273-25574 CarrotManNetwork        com.example.cplink                   D    ğŸ§­ å¯¼èˆªçŠ¶æ€: false
2025-10-23 17:35:22.822 24273-25574 CarrotManNetwork        com.example.cplink                   D    ğŸ”„ è½¬å‘ä¿¡æ¯: ç±»å‹=-1, è·ç¦»=0m, æŒ‡ä»¤=
2025-10-23 17:35:22.822 24273-25574 CarrotManNetwork        com.example.cplink                   D    ğŸ”„ ä¸‹ä¸€è½¬å‘: ç±»å‹=-1, è·ç¦»=0m
2025-10-23 17:35:22.822 24273-25574 CarrotManNetwork        com.example.cplink                   D    ğŸ“ Xç³»åˆ—è·ç¦»: è½¬å¼¯=0.0m, ä¸‹ä¸€è½¬å¼¯=0m
2025-10-23 17:35:22.823 24273-25574 CarrotManNetwork        com.example.cplink                   D  ğŸ“ˆ ç½‘ç»œè´¨é‡è‰¯å¥½ (100%)ï¼Œæé«˜é”™è¯¯é˜ˆå€¼
2025-10-23 17:35:22.827 24273-25543 CarrotManNetwork        com.example.cplink                   D  ğŸ“¡ å‘é€UDPæ•°æ®åŒ…åˆ° 192.168.31.103:7706, å¤§å°: 739 bytes
2025-10-23 17:35:22.828 24273-25543 CarrotManNetwork        com.example.cplink                   D  âœ… UDPæ•°æ®åŒ…å‘é€æˆåŠŸ
2025-10-23 17:35:23.024 24273-24273 MainActivity            com.example.cplink                   I  ğŸ” è‡ªæ£€æŸ¥: ç³»ç»Ÿæ£€æŸ¥ - æ‰€æœ‰æ£€æŸ¥å®Œæˆ
2025-10-23 17:35:23.024 24273-24273 MainActivity            com.example.cplink                   I  ğŸ¯ æ ¹æ®ç”¨æˆ·ç±»å‹æ‰§è¡Œæ“ä½œ: 4
2025-10-23 17:35:23.024 24273-24273 MainActivity            com.example.cplink                   I  ğŸ’ èµåŠ©è€…/é“ç²‰ï¼Œç›´æ¥æ‰“å¼€é«˜å¾·åœ°å›¾
2025-10-23 17:35:23.029 24273-25543 CarrotManNetwork        com.example.cplink                   D  ğŸ“¤ å‡†å¤‡è‡ªåŠ¨å‘é€æ•°æ®åŒ…:
2025-10-23 17:35:23.029 24273-25543 CarrotManNetwork        com.example.cplink                   D     ä½ç½®: lat=31.203741, lon=120.628044
2025-10-23 17:35:23.029 24273-25543 CarrotManNetwork        com.example.cplink                   D    ğŸ›£ï¸ é“è·¯: 
2025-10-23 17:35:23.029 24273-25543 CarrotManNetwork        com.example.cplink                   D    ğŸš¦ é™é€Ÿ: 0km/h
2025-10-23 17:35:23.029 24273-25543 CarrotManNetwork        com.example.cplink                   D    ğŸ¯ ç›®æ ‡: 
2025-10-23 17:35:23.029 24273-25543 CarrotManNetwork        com.example.cplink                   D    ğŸ§­ å¯¼èˆªçŠ¶æ€: false
2025-10-23 17:35:23.030 24273-25543 CarrotManNetwork        com.example.cplink                   D    ğŸ”„ è½¬å‘ä¿¡æ¯: ç±»å‹=-1, è·ç¦»=0m, æŒ‡ä»¤=
2025-10-23 17:35:23.030 24273-25543 CarrotManNetwork        com.example.cplink                   D    ğŸ”„ ä¸‹ä¸€è½¬å‘: ç±»å‹=-1, è·ç¦»=0m
2025-10-23 17:35:23.030 24273-25543 CarrotManNetwork        com.example.cplink                   D    ğŸ“ Xç³»åˆ—è·ç¦»: è½¬å¼¯=0.0m, ä¸‹ä¸€è½¬å¼¯=0m
2025-10-23 17:35:23.033 24273-25574 CarrotManNetwork        com.example.cplink                   D  ğŸ“¡ å‘é€UDPæ•°æ®åŒ…åˆ° 192.168.31.103:7706, å¤§å°: 739 bytes
2025-10-23 17:35:23.034 24273-25574 CarrotManNetwork        com.example.cplink                   D  âœ… UDPæ•°æ®åŒ…å‘é€æˆåŠŸ
2025-10-23 17:35:23.041 24273-24273 MainActivity            com.example.cplink                   I  å·²å¯åŠ¨é«˜å¾·åœ°å›¾è½¦æœºç‰ˆ
2025-10-23 17:35:23.075 24273-24273 MainActivity            com.example.cplink                   I  â¸ï¸ Activityæš‚åœ
2025-10-23 17:35:23.075 24273-24273 DeviceManager           com.example.cplink                   W  âš ï¸ ä½¿ç”¨æ—¶é•¿å¤ªçŸ­ï¼Œæœªè®°å½•: 0åˆ†é’Ÿ
2025-10-23 17:35:23.078 24273-24273 MainActivity            com.example.cplink                   I  ğŸŒ GPSä½ç½®æ›´æ–°åœ¨åå°ç»§ç»­è¿è¡Œ
2025-10-23 17:35:23.120 24273-24273 FloatingWindowService   com.example.cplink                   D  ğŸ‘¤ ç”¨æˆ·ç±»å‹æƒé™æ£€æŸ¥: userType=4, hasPermission=true
2025-10-23 17:35:23.120 24273-24273 FloatingWindowService   com.example.cplink                   I  ğŸ”„ ä½¿ç”¨å¹¿æ’­æ–¹å¼å‘é€æ§åˆ¶æŒ‡ä»¤ï¼Œé¿å…ç«¯å£å†²çª
2025-10-23 17:35:23.120 24273-24273 FloatingWindowService   com.example.cplink                   I  âœ… ç½‘ç»œç®¡ç†å™¨åˆå§‹åŒ–å®Œæˆï¼ˆå¹¿æ’­æ¨¡å¼ï¼‰
2025-10-23 17:35:23.131 24273-24273 FloatingWindowService   com.example.cplink                   I  ğŸ”„ ç”¨æˆ·ç±»å‹æ–‡æœ¬å·²æ›´æ–°: é“ç²‰ ğŸ“‚
2025-10-23 17:35:23.131 24273-24273 FloatingWindowService   com.example.cplink                   I  âœ… æ‚¬æµ®çª—ç”¨æˆ·ç±»å‹æ˜¾ç¤ºæ›´æ–°å®Œæˆ
2025-10-23 17:35:23.131 24273-24273 FloatingWindowService   com.example.cplink                   I  âœ… æ™ºèƒ½æ§é€ŸæŒ‰é’®çŠ¶æ€åˆå§‹åŒ–: æ¨¡å¼=0
2025-10-23 17:35:23.159 24273-24273 FloatingWindowService   com.example.cplink                   I  âœ… æ‚¬æµ®çª—æ˜¾ç¤ºæˆåŠŸ
2025-10-23 17:35:23.159 24273-24273 FloatingWindowService   com.example.cplink                   I  â¹ï¸ åœæ­¢é€Ÿåº¦æ•°æ®æ£€æŸ¥
2025-10-23 17:35:23.160 24273-24273 FloatingWindowService   com.example.cplink                   I  ğŸš— å¼€å§‹ä¼˜åŒ–é€Ÿåº¦æ•°æ®æ£€æŸ¥ï¼ˆé«˜é¢‘æ›´æ–°ï¼‰
2025-10-23 17:35:23.179 24273-24273 ViewRootImpl            com.example.cplink                   D  AppSizeAfterRelayout, size: Point(674, 455), rotation: ROTATION_0
2025-10-23 17:35:23.180 24273-24273 libc                    com.example.cplink                   W  Access denied finding property "vendor.display.enable_optimal_refresh_rate"
2025-10-23 17:35:23.194 24273-25574 AmapBroadcastManager    com.example.cplink                   V  ğŸ”„ åŒæ­¥ç¼“å†²åŒºåˆ°UI: 1 æ¡æ•°æ®
2025-10-23 17:35:23.204 24273-24273 ViewRootImpl            com.example.cplink                   D  AppSizeAfterRelayout, size: Point(693, 455), rotation: ROTATION_0
2025-10-23 17:35:23.239 24273-25543 CarrotManNetwork        com.example.cplink                   D  ğŸ“¤ å‡†å¤‡è‡ªåŠ¨å‘é€æ•°æ®åŒ…:
2025-10-23 17:35:23.240 24273-25543 CarrotManNetwork        com.example.cplink                   D     ä½ç½®: lat=31.203741, lon=120.628044
2025-10-23 17:35:23.240 24273-25543 CarrotManNetwork        com.example.cplink                   D    ğŸ›£ï¸ é“è·¯: 
2025-10-23 17:35:23.240 24273-25543 CarrotManNetwork        com.example.cplink                   D    ğŸš¦ é™é€Ÿ: 0km/h
2025-10-23 17:35:23.240 24273-25543 CarrotManNetwork        com.example.cplink                   D    ğŸ¯ ç›®æ ‡: 
2025-10-23 17:35:23.240 24273-25543 CarrotManNetwork        com.example.cplink                   D    ğŸ§­ å¯¼èˆªçŠ¶æ€: false
2025-10-23 17:35:23.240 24273-25543 CarrotManNetwork        com.example.cplink                   D    ğŸ”„ è½¬å‘ä¿¡æ¯: ç±»å‹=-1, è·ç¦»=0m, æŒ‡ä»¤=
2025-10-23 17:35:23.240 24273-25543 CarrotManNetwork        com.example.cplink                   D    ğŸ”„ ä¸‹ä¸€è½¬å‘: ç±»å‹=-1, è·ç¦»=0m
2025-10-23 17:35:23.240 24273-25543 CarrotManNetwork        com.example.cplink                   D    ğŸ“ Xç³»åˆ—è·ç¦»: è½¬å¼¯=0.0m, ä¸‹ä¸€è½¬å¼¯=0m
2025-10-23 17:35:23.241 24273-25573 CarrotManNetwork        com.example.cplink                   D  ğŸ“¡ å‘é€UDPæ•°æ®åŒ…åˆ° 192.168.31.103:7706, å¤§å°: 739 bytes
2025-10-23 17:35:23.242 24273-25573 CarrotManNetwork        com.example.cplink                   D  âœ… UDPæ•°æ®åŒ…å‘é€æˆåŠŸ
2025-10-23 17:35:23.441 24273-25572 CarrotManNetwork        com.example.cplink                   D  ğŸ“¤ å‡†å¤‡è‡ªåŠ¨å‘é€æ•°æ®åŒ…:
2025-10-23 17:35:23.441 24273-25572 CarrotManNetwork        com.example.cplink                   D     ä½ç½®: lat=31.203741, lon=120.628044
2025-10-23 17:35:23.441 24273-25572 CarrotManNetwork        com.example.cplink                   D    ğŸ›£ï¸ é“è·¯: 
2025-10-23 17:35:23.441 24273-25572 CarrotManNetwork        com.example.cplink                   D    ğŸš¦ é™é€Ÿ: 0km/h
2025-10-23 17:35:23.441 24273-25572 CarrotManNetwork        com.example.cplink                   D    ğŸ¯ ç›®æ ‡: 
2025-10-23 17:35:23.441 24273-25572 CarrotManNetwork        com.example.cplink                   D    ğŸ§­ å¯¼èˆªçŠ¶æ€: false
2025-10-23 17:35:23.441 24273-25572 CarrotManNetwork        com.example.cplink                   D    ğŸ”„ è½¬å‘ä¿¡æ¯: ç±»å‹=-1, è·ç¦»=0m, æŒ‡ä»¤=
2025-10-23 17:35:23.441 24273-25572 CarrotManNetwork        com.example.cplink                   D    ğŸ”„ ä¸‹ä¸€è½¬å‘: ç±»å‹=-1, è·ç¦»=0m
2025-10-23 17:35:23.441 24273-25572 CarrotManNetwork        com.example.cplink                   D    ğŸ“ Xç³»åˆ—è·ç¦»: è½¬å¼¯=0.0m, ä¸‹ä¸€è½¬å¼¯=0m
2025-10-23 17:35:23.443 24273-25574 CarrotManNetwork        com.example.cplink                   D  ğŸ“¡ å‘é€UDPæ•°æ®åŒ…åˆ° 192.168.31.103:7706, å¤§å°: 739 bytes
2025-10-23 17:35:23.444 24273-25574 CarrotManNetwork        com.example.cplink                   D  âœ… UDPæ•°æ®åŒ…å‘é€æˆåŠŸ
2025-10-23 17:35:23.644 24273-25572 CarrotManNetwork        com.example.cplink                   D  ğŸ“¤ å‡†å¤‡è‡ªåŠ¨å‘é€æ•°æ®åŒ…:
2025-10-23 17:35:23.644 24273-25572 CarrotManNetwork        com.example.cplink                   D     ä½ç½®: lat=31.203741, lon=120.628044
2025-10-23 17:35:23.645 24273-25572 CarrotManNetwork        com.example.cplink                   D    ğŸ›£ï¸ é“è·¯: 
2025-10-23 17:35:23.645 24273-25572 CarrotManNetwork        com.example.cplink                   D    ğŸš¦ é™é€Ÿ: 0km/h
2025-10-23 17:35:23.645 24273-25572 CarrotManNetwork        com.example.cplink                   D    ğŸ¯ ç›®æ ‡: 
