---------------------------- PROCESS STARTED (14348) for package com.example.cplink ----------------------------
2025-10-31 09:23:31.939 14348-14348 nativeloader            com.example.cplink                   D  Configuring clns-7 for other apk /data/app/~~UnIeBfFi_hSnWt929TU1bQ==/com.example.cplink-iZLUvrgkg4hDw4HVaPMz6A==/base.apk. target_sdk_version=35, uses_libraries=, library_path=/data/app/~~UnIeBfFi_hSnWt929TU1bQ==/com.example.cplink-iZLUvrgkg4hDw4HVaPMz6A==/lib/arm64:/data/app/~~UnIeBfFi_hSnWt929TU1bQ==/com.example.cplink-iZLUvrgkg4hDw4HVaPMz6A==/base.apk!/lib/arm64-v8a, permitted_path=/data:/mnt/expand:/data/user/0/com.example.cplink
2025-10-31 09:23:31.941 14348-14348 CompatChangeReporter    com.example.cplink                   D  Compat change id reported: 202956589; UID 10456; state: ENABLED
2025-10-31 09:23:31.967 14348-14348 GraphicsEnvironment     com.example.cplink                   V  Currently set values for:
2025-10-31 09:23:31.967 14348-14348 GraphicsEnvironment     com.example.cplink                   V    angle_gl_driver_selection_pkgs=[com.android.angle, com.linecorp.b612.android, com.campmobile.snow, com.google.android.apps.tachyon]
2025-10-31 09:23:31.967 14348-14348 GraphicsEnvironment     com.example.cplink                   V    angle_gl_driver_selection_values=[angle, native, native, native]
2025-10-31 09:23:31.967 14348-14348 GraphicsEnvironment     com.example.cplink                   V  com.example.cplink is not listed in per-application setting
2025-10-31 09:23:31.968 14348-14348 GraphicsEnvironment     com.example.cplink                   V  Updatable production driver is not supported on the device.
2025-10-31 09:23:31.997 14348-14348 CompatChangeReporter    com.example.cplink                   D  Compat change id reported: 279646685; UID 10456; state: ENABLED
2025-10-31 09:23:32.336 14348-22122 AdrenoGLES-0            com.example.cplink                   I  QUALCOMM build                   : 7867919300, Ibc171b9c87
                                                                                                    Build Date                       : 04/25/25
                                                                                                    OpenGL ES Shader Compiler Version: E031.41.03.62
                                                                                                    Local Branch                     : 
                                                                                                    Remote Branch                    : refs/tags/AU_LINUX_ANDROID_LA.VENDOR.13.2.0.11.00.00.856.062
                                                                                                    Remote Branch                    : NONE
                                                                                                    Reconstruct Branch               : NOTHING
2025-10-31 09:23:32.336 14348-22122 AdrenoGLES-0            com.example.cplink                   I  Build Config                     : S P 14.1.4 AArch64
2025-10-31 09:23:32.336 14348-22122 AdrenoGLES-0            com.example.cplink                   I  Driver Path                      : /vendor/lib64/egl/libGLESv2_adreno.so
2025-10-31 09:23:32.336 14348-22122 AdrenoGLES-0            com.example.cplink                   I  Driver Version                   : 0676.72
2025-10-31 09:23:32.366 14348-22122 AdrenoGLES-0            com.example.cplink                   I  PFP: 0x01200161, ME: 0x00000000
2025-10-31 09:23:32.387 14348-22122 AdrenoUtils             com.example.cplink                   I  <ReadGpuID:407>: Reading chip ID through GSL
2025-10-31 09:23:32.410 14348-14348 CompatChangeReporter    com.example.cplink                   D  Compat change id reported: 309578419; UID 10456; state: ENABLED
2025-10-31 09:23:32.435 14348-14348 MainActivity            com.example.cplink                   I  🚀 MainActivity启动 - 协调器模式
2025-10-31 09:23:32.436 14348-14348 MainActivity            com.example.cplink                   I  🔧 初始化核心组件...
2025-10-31 09:23:32.495 14348-14348 MainActivity            com.example.cplink                   I  ✅ MainActivityCore初始化完成
2025-10-31 09:23:32.502 14348-14348 MainActivity            com.example.cplink                   I  ✅ MainActivityUI初始化完成
2025-10-31 09:23:32.503 14348-14348 MainActivity            com.example.cplink                   I  ✅ MainActivityLifecycle初始化完成
2025-10-31 09:23:32.503 14348-14348 MainActivity            com.example.cplink                   I  🎉 所有核心组件初始化完成
2025-10-31 09:23:32.512 14348-14348 MainActivity            com.example.cplink                   I  🔆 已设置屏幕常亮
2025-10-31 09:23:32.513 14348-14348 MainActivity            com.example.cplink                   I  🔋 已忽略电池优化
2025-10-31 09:23:32.514 14348-14348 MainActivity            com.example.cplink                   I  🔔 已有通知权限
2025-10-31 09:23:32.514 14348-14348 MainActivity            com.example.cplink                   I  🔔 启动前台服务...
2025-10-31 09:23:32.519 14348-14348 MainActivity            com.example.cplink                   I  ✅ 前台服务启动成功
2025-10-31 09:23:32.519 14348-14348 MainActivity            com.example.cplink                   I  🚀 MainActivity正在启动...
2025-10-31 09:23:32.519 14348-14348 MainActivity            com.example.cplink                   I  🔐 早期初始化权限管理器...
2025-10-31 09:23:32.522 14348-14348 PermissionManager       com.example.cplink                   I  🔐 初始化权限管理器...
2025-10-31 09:23:32.523 14348-14348 PermissionManager       com.example.cplink                   I  ✅ 权限管理器初始化完成
2025-10-31 09:23:32.523 14348-14348 MainActivity            com.example.cplink                   I  ✅ 权限管理器早期初始化成功
2025-10-31 09:23:32.523 14348-14348 MainActivity            com.example.cplink                   I  🎨 用户界面设置已委托给MainActivityUI
2025-10-31 09:23:32.533 14348-14348 MainActivity            com.example.cplink                   I  📊 内存监控已启动（优化版：60秒间隔）
2025-10-31 09:23:32.533 14348-22130 MainActivity            com.example.cplink                   I  🚀 开始异步自检查流程...
2025-10-31 09:23:32.535 14348-14348 MainActivity            com.example.cplink                   I  ✅ 控制指令广播接收器已注册（包含模式切换）
2025-10-31 09:23:32.535 14348-14348 MainActivity            com.example.cplink                   I  ✅ MainActivity启动完成
2025-10-31 09:23:32.555 14348-14348 MainActivity            com.example.cplink                   I  ▶️ Activity恢复
2025-10-31 09:23:32.555 14348-14348 MainActivity            com.example.cplink                   D  📝 networkManager未初始化，跳过前台状态设置
2025-10-31 09:23:32.558 14348-14348 CompatChangeReporter    com.example.cplink                   D  Compat change id reported: 352594277; UID 10456; state: ENABLED
2025-10-31 09:23:32.569 14348-14348 libc                    com.example.cplink                   W  Access denied finding property "persist.vivo.ltw.enabled"
2025-10-31 09:23:32.613 14348-14348 MainActivity            com.example.cplink                   I  ⏸️ Activity暂停
2025-10-31 09:23:32.614 14348-14348 MainActivity            com.example.cplink                   D  📝 deviceManager未初始化，跳过使用统计记录
2025-10-31 09:23:32.614 14348-14348 MainActivity            com.example.cplink                   D  📝 networkManager未初始化，跳过后台状态设置
2025-10-31 09:23:32.614 14348-14348 MainActivity            com.example.cplink                   I  🌍 GPS位置更新在后台继续运行
2025-10-31 09:23:33.367 14348-14348 Choreographer           com.example.cplink                   I  Skipped 85 frames!  The application may be doing too much work on its main thread.
2025-10-31 09:23:33.384 14348-22072 HWUI                    com.example.cplink                   I  Davey! duration=750ms; Flags=1, FrameTimelineVsyncId=20373355, IntendedVsync=110305392141681, Vsync=110305392141681, InputEventId=0, HandleInputStart=110305397449012, AnimationStart=110305397469273, PerformTraversalsStart=110305397479742, DrawStart=110306079425002, FrameDeadline=110305405808347, FrameInterval=110305397354950, FrameStartTime=8265885, SyncQueued=110306109787762, SyncStart=110306109980262, IssueDrawCommandsStart=110306112344116, SwapBuffers=110306136493231, FrameCompleted=110306142608700, DequeueBufferDuration=13125, QueueBufferDuration=3225157, GpuCompleted=110306136587189, SwapBuffersCompleted=110306142608700, DisplayPresentTime=4582, CommandSubmissionCompleted=110306136493231, 
2025-10-31 09:23:33.466 14348-14348 MainActivity            com.example.cplink                   I  ▶️ Activity恢复
2025-10-31 09:23:33.466 14348-14348 MainActivity            com.example.cplink                   D  📝 networkManager未初始化，跳过前台状态设置
2025-10-31 09:23:33.466 14348-14348 MainActivity            com.example.cplink                   D  📝 deviceManager未初始化，跳过使用统计更新
2025-10-31 09:23:33.469 14348-14348 CarrotAmap...undService com.example.cplink                   I  🔧 前台服务创建
2025-10-31 09:23:33.471 14348-14348 CarrotAmap...undService com.example.cplink                   I  📢 通知渠道已创建
2025-10-31 09:23:33.471 14348-14348 CarrotAmap...undService com.example.cplink                   I  ✅ 前台服务初始化完成
2025-10-31 09:23:33.471 14348-14348 CarrotAmap...undService com.example.cplink                   I  🚀 前台服务启动命令
2025-10-31 09:23:33.471 14348-14348 CarrotAmap...undService com.example.cplink                   I  🔔 启动前台服务
2025-10-31 09:23:33.481 14348-14348 CarrotAmap...undService com.example.cplink                   I  ✅ 前台服务已启动
2025-10-31 09:23:33.482 14348-14348 MainActivity            com.example.cplink                   I  🔍 自检查: 网络管理器 - 正在初始化...
2025-10-31 09:23:33.482 14348-22132 MainActivity            com.example.cplink                   I  🌐 初始化网络管理器（延迟启动网络服务）...
2025-10-31 09:23:33.503 14348-22132 MainActivity            com.example.cplink                   I  🔍 网络状态监控已启动
2025-10-31 09:23:33.503 14348-22132 MainActivity            com.example.cplink                   I  ✅ 网络管理器初始化成功（网络服务待启动）
2025-10-31 09:23:33.523 14348-14348 libc                    com.example.cplink                   W  Access denied finding property "vendor.display.enable_optimal_refresh_rate"
2025-10-31 09:23:33.587 14348-22072 FrameEvents             com.example.cplink                   E  addRelease: Did not find frame.
2025-10-31 09:23:33.237 14348-14348 ViewRootImpl            com.example.cplink                   D  AppSizeAfterRelayout, size: Point(1080, 2400), rotation: ROTATION_0
2025-10-31 09:23:33.636 14348-14348 ImeFocusController      com.example.cplink                   V  onWindowFocus: com.android.internal.policy.DecorView{1321e25 V.E...... R....... 0,0-1080,2400}[MainActivity] softInputMode=STATE_UNSPECIFIED|ADJUST_PAN
2025-10-31 09:23:33.641 14348-14348 MainActivity            com.example.cplink                   I  🔍 自检查: 网络管理器 - 初始化完成
2025-10-31 09:23:33.678 14348-22067 .example.cplink         com.example.cplink                   I  Compiler allocated 8198KB to compile void android.view.ViewRootImpl.performTraversals()
2025-10-31 09:23:33.777 14348-14348 MainActivity            com.example.cplink                   I  🔍 自检查: 网络服务 - 正在启动...
2025-10-31 09:23:33.778 14348-22132 MainActivity            com.example.cplink                   I  🌐 启动网络服务...
2025-10-31 09:23:33.778 14348-22132 NetworkManager          com.example.cplink                   I  🌐 初始化CarrotMan网络客户端...
2025-10-31 09:23:33.785 14348-22132 CarrotManNetwork        com.example.cplink                   I  启动 CarrotMan 网络客户端服务
2025-10-31 09:23:33.789 14348-22132 CarrotManNetwork        com.example.cplink                   I  📱 手机IP地址: 172.20.10.6
2025-10-31 09:23:33.790 14348-22132 TrafficStats            com.example.cplink                   D  tagSocket(146) with statsTag=0xffffffff, statsUid=-1
2025-10-31 09:23:33.791 14348-22132 TrafficStats            com.example.cplink                   D  tagSocket(150) with statsTag=0xffffffff, statsUid=-1
2025-10-31 09:23:33.794 14348-22130 CarrotManNetwork        com.example.cplink                   I  ✅ 启动设备广播监听服务 - 端口: 7705
2025-10-31 09:23:33.798 14348-22132 CarrotManNetwork        com.example.cplink                   I  CarrotMan 网络服务启动成功
2025-10-31 09:23:33.798 14348-22132 CarrotManNetwork        com.example.cplink                   I  📡 启动自动数据发送任务(客户端)…
2025-10-31 09:23:33.800 14348-22131 CarrotManNetwork        com.example.cplink                   I  启动设备健康检查服务，检查间隔: 2000ms
2025-10-31 09:23:33.801 14348-22249 CarrotManNetwork        com.example.cplink                   I  💓 启动心跳任务
2025-10-31 09:23:33.802 14348-22248 CarrotManNetwork        com.example.cplink                   W  ⚠️ 发送CarrotMan数据 - 服务未运行或无连接设备
2025-10-31 09:23:33.802 14348-22248 CarrotManNetwork        com.example.cplink                   D  状态检查 - 运行状态: true, 连接设备: null
2025-10-31 09:23:33.851 14348-22132 NetworkManager          com.example.cplink                   I  🔄 网络状态定期更新已启动
2025-10-31 09:23:33.851 14348-22132 NetworkManager          com.example.cplink                   I  ✅ CarrotMan网络客户端初始化成功
2025-10-31 09:23:33.851 14348-22132 MainActivity            com.example.cplink                   I  ✅ 网络服务启动成功
2025-10-31 09:23:33.855 14348-14348 NetworkManager          com.example.cplink                   I  🌐 网络状态变化: connected=false, device=
2025-10-31 09:23:33.856 14348-14348 NetworkManager          com.example.cplink                   I  🌐 网络状态变化: connected=false, device=
2025-10-31 09:23:33.880 14348-22130 CarrotManNetwork        com.example.cplink                   I  🔄 更新状态: 发现设备 172.20.10.8，正在连接...
2025-10-31 09:23:33.881 14348-22256 CarrotManNetwork        com.example.cplink                   I  ✅ 启动数据传输任务 - 设备: 172.20.10.8
2025-10-31 09:23:33.881 14348-22130 CarrotManNetwork        com.example.cplink                   D  网络状态已保存: running=true, device=172.20.10.8:7706 (vopenpilot) [?]
2025-10-31 09:23:33.881 14348-22130 CarrotManNetwork        com.example.cplink                   I  🎉 设备连接建立成功: 172.20.10.8
2025-10-31 09:23:33.938 14348-14348 MainActivity            com.example.cplink                   I  🔍 自检查: 网络服务 - 启动完成
2025-10-31 09:23:33.953 14348-14348 NetworkManager          com.example.cplink                   I  🎯 发现Comma3设备: 172.20.10.8:7706 (vopenpilot) [?]
2025-10-31 09:23:33.954 14348-14348 NetworkManager          com.example.cplink                   I  🌐 网络状态变化: connected=false, device=
2025-10-31 09:23:33.954 14348-14348 NetworkManager          com.example.cplink                   I  🌐 网络状态变化: connected=true, device=172.20.10.8:7706 (vopenpilot) [?]
2025-10-31 09:23:34.121 14348-14348 MainActivity            com.example.cplink                   I  🔍 自检查: 位置传感器管理器 - 正在初始化...
2025-10-31 09:23:34.134 14348-14348 MainActivity            com.example.cplink                   I  🧭 初始化位置和传感器管理器...
2025-10-31 09:23:34.134 14348-14348 LocationSensorManager   com.example.cplink                   I  🧭 初始化传感器系统...
2025-10-31 09:23:34.159 14348-14348 LocationSensorManager   com.example.cplink                   I  ✅ 传感器系统初始化完成
2025-10-31 09:23:34.159 14348-14348 MainActivity            com.example.cplink                   I  📍 正在启动GPS位置更新服务...
2025-10-31 09:23:34.159 14348-14348 LocationSensorManager   com.example.cplink                   I  📍 启动GPS位置更新服务...
2025-10-31 09:23:34.159 14348-14348 LocationSensorManager   com.example.cplink                   I  🔍 检查位置提供者状态:
2025-10-31 09:23:34.160 14348-14348 LocationSensorManager   com.example.cplink                   I    📡 GPS提供者: ✅ 启用
2025-10-31 09:23:34.161 14348-14348 LocationSensorManager   com.example.cplink                   I    🌐 网络提供者: ✅ 启用
2025-10-31 09:23:34.161 14348-14348 LocationSensorManager   com.example.cplink                   I    📱 被动提供者: ✅ 启用
2025-10-31 09:23:34.162 14348-14348 LocationSensorManager   com.example.cplink                   I    📋 所有提供者: [passive, network, fused, gps]
2025-10-31 09:23:34.162 14348-14348 LocationSensorManager   com.example.cplink                   I    ✅ 启用的提供者: [passive, network, fused, gps]
2025-10-31 09:23:34.173 14348-14348 LocationSensorManager   com.example.cplink                   I  ✅ GPS定位已启动 (高精度模式: 1s/1m)
2025-10-31 09:23:34.178 14348-14348 LocationSensorManager   com.example.cplink                   I  ✅ 网络定位已启动 (备用模式: 3s/5m)
2025-10-31 09:23:34.178 14348-14348 LocationSensorManager   com.example.cplink                   I  ✅ 位置更新服务启动完成
2025-10-31 09:23:34.201 14348-14348 LocationSensorManager   com.example.cplink                   I  🎯 使用最后已知位置进行立即更新:
2025-10-31 09:23:34.201 14348-14348 LocationSensorManager   com.example.cplink                   I    📍 坐标: lat=31.199707, lon=120.627014
2025-10-31 09:23:34.201 14348-14348 LocationSensorManager   com.example.cplink                   I    📡 精度: 3.8000638m
2025-10-31 09:23:34.201 14348-14348 LocationSensorManager   com.example.cplink                   I    🔧 提供者: gps
2025-10-31 09:23:34.201 14348-14348 LocationSensorManager   com.example.cplink                   I    ⏰ 时间: 201ms前
2025-10-31 09:23:34.202 14348-14348 LocationSensorManager   com.example.cplink                   I  🌍 GPS位置更新接收:
2025-10-31 09:23:34.202 14348-14348 LocationSensorManager   com.example.cplink                   I    📍 坐标: lat=31.199707, lon=120.627014
2025-10-31 09:23:34.202 14348-14348 LocationSensorManager   com.example.cplink                   I    🚀 速度: 0.0 km/h
2025-10-31 09:23:34.202 14348-14348 LocationSensorManager   com.example.cplink                   I    🧭 方向: 无方向数据
2025-10-31 09:23:34.202 14348-14348 LocationSensorManager   com.example.cplink                   I    📡 精度: 3.8000638m
2025-10-31 09:23:34.202 14348-14348 LocationSensorManager   com.example.cplink                   I    🔧 提供者: gps
2025-10-31 09:23:34.202 14348-14348 LocationSensorManager   com.example.cplink                   I    ⏰ 时间: 202ms前
2025-10-31 09:23:34.202 14348-14348 LocationSensorManager   com.example.cplink                   I  ✅ GPS字段更新完成 (实时性优化):
2025-10-31 09:23:34.203 14348-14348 LocationSensorManager   com.example.cplink                   D    📍 坐标: lat=31.199707, lon=120.627014
2025-10-31 09:23:34.203 14348-14348 LocationSensorManager   com.example.cplink                   D    🚀 速度: 0.0 km/h
2025-10-31 09:23:34.203 14348-14348 LocationSensorManager   com.example.cplink                   D    🧭 方向: 无方向数据
2025-10-31 09:23:34.203 14348-14348 LocationSensorManager   com.example.cplink                   D    📡 精度: 3.8m
2025-10-31 09:23:34.203 14348-14348 LocationSensorManager   com.example.cplink                   D    🔧 提供者: gps
2025-10-31 09:23:34.203 14348-14348 LocationSensorManager   com.example.cplink                   D    ⏰ 数据年龄: 202ms
2025-10-31 09:23:34.203 14348-14348 LocationSensorManager   com.example.cplink                   D    🎯 实时性: 优秀
2025-10-31 09:23:34.203 14348-14348 LocationSensorManager   com.example.cplink                   V  🔍 验证GPS字段同步:
2025-10-31 09:23:34.203 14348-14348 LocationSensorManager   com.example.cplink                   V    vpPosPointLat: 31.19970684
2025-10-31 09:23:34.203 14348-14348 LocationSensorManager   com.example.cplink                   V    vpPosPointLon: 120.62701366
2025-10-31 09:23:34.203 14348-14348 LocationSensorManager   com.example.cplink                   V    latitude: 31.19970684
2025-10-31 09:23:34.203 14348-14348 LocationSensorManager   com.example.cplink                   V    longitude: 120.62701366
2025-10-31 09:23:34.203 14348-14348 MainActivity            com.example.cplink                   I  ✅ 位置和传感器管理器初始化成功（GPS已启动）
2025-10-31 09:23:34.203 14348-14348 LocationSensorManager   com.example.cplink                   D  传感器精度变化: lsm6dsox Accelerometer Non-wakeup -> 3
2025-10-31 09:23:34.204 14348-14348 LocationSensorManager   com.example.cplink                   D  传感器精度变化: rotation_vector  Non-wakeup -> 3
2025-10-31 09:23:34.204 14348-14348 LocationSensorManager   com.example.cplink                   D  传感器精度变化: mxg4300  Non-wakeup -> 3
2025-10-31 09:23:34.239 14348-14348 LocationSensorManager   com.example.cplink                   I  🌍 GPS位置更新接收:
2025-10-31 09:23:34.240 14348-14348 LocationSensorManager   com.example.cplink                   I    📍 坐标: lat=31.197073, lon=120.610789
2025-10-31 09:23:34.240 14348-14348 LocationSensorManager   com.example.cplink                   I    🚀 速度: 无速度数据
2025-10-31 09:23:34.240 14348-14348 LocationSensorManager   com.example.cplink                   I    🧭 方向: 无方向数据
2025-10-31 09:23:34.240 14348-14348 LocationSensorManager   com.example.cplink                   I    📡 精度: 97.0m
2025-10-31 09:23:34.240 14348-14348 LocationSensorManager   com.example.cplink                   I    🔧 提供者: network
2025-10-31 09:23:34.240 14348-14348 LocationSensorManager   com.example.cplink                   I    ⏰ 时间: 2759ms前
2025-10-31 09:23:34.240 14348-14348 LocationSensorManager   com.example.cplink                   W  ⚠️ GPS精度过低 (97.0m)，数据可能不可靠
2025-10-31 09:23:34.240 14348-14348 LocationSensorManager   com.example.cplink                   I  ✅ GPS字段更新完成 (实时性优化):
2025-10-31 09:23:34.240 14348-14348 LocationSensorManager   com.example.cplink                   D    📍 坐标: lat=31.197073, lon=120.610789
2025-10-31 09:23:34.240 14348-14348 LocationSensorManager   com.example.cplink                   D    🚀 速度: 无速度数据
2025-10-31 09:23:34.240 14348-14348 LocationSensorManager   com.example.cplink                   D    🧭 方向: 无方向数据
2025-10-31 09:23:34.240 14348-14348 LocationSensorManager   com.example.cplink                   D    📡 精度: 97.0m
2025-10-31 09:23:34.240 14348-14348 LocationSensorManager   com.example.cplink                   D    🔧 提供者: network
2025-10-31 09:23:34.240 14348-14348 LocationSensorManager   com.example.cplink                   D    ⏰ 数据年龄: 2758ms
2025-10-31 09:23:34.240 14348-14348 LocationSensorManager   com.example.cplink                   D    🎯 实时性: 良好
2025-10-31 09:23:34.241 14348-14348 LocationSensorManager   com.example.cplink                   V  🔍 验证GPS字段同步:
2025-10-31 09:23:34.241 14348-14348 LocationSensorManager   com.example.cplink                   V    vpPosPointLat: 31.197073
2025-10-31 09:23:34.241 14348-14348 LocationSensorManager   com.example.cplink                   V    vpPosPointLon: 120.610789
2025-10-31 09:23:34.241 14348-14348 LocationSensorManager   com.example.cplink                   V    latitude: 31.197073
2025-10-31 09:23:34.241 14348-14348 LocationSensorManager   com.example.cplink                   V    longitude: 120.610789
2025-10-31 09:23:34.241 14348-14348 MainActivity            com.example.cplink                   I  🔍 自检查: 位置传感器管理器 - 初始化完成
2025-10-31 09:23:34.296 14348-22124 ActivityThread          com.example.cplink                   V  updateVmProcessStateForGc sceneId =1 state=196608
2025-10-31 09:23:34.296 14348-22124 .example.cplink         com.example.cplink                   I  Close vivo delay for GC JIT .
2025-10-31 09:23:34.353 14348-14348 LocationSensorManager   com.example.cplink                   I  🌍 GPS位置更新接收:
2025-10-31 09:23:34.354 14348-14348 LocationSensorManager   com.example.cplink                   I    📍 坐标: lat=31.199707, lon=120.627014
2025-10-31 09:23:34.354 14348-14348 LocationSensorManager   com.example.cplink                   I    🚀 速度: 0.0 km/h
2025-10-31 09:23:34.354 14348-14348 LocationSensorManager   com.example.cplink                   I    🧭 方向: 无方向数据
2025-10-31 09:23:34.354 14348-14348 LocationSensorManager   com.example.cplink                   I    📡 精度: 3.8092833m
2025-10-31 09:23:34.354 14348-14348 LocationSensorManager   com.example.cplink                   I    🔧 提供者: gps
2025-10-31 09:23:34.354 14348-14348 LocationSensorManager   com.example.cplink                   I    ⏰ 时间: -646ms前
2025-10-31 09:23:34.354 14348-14348 LocationSensorManager   com.example.cplink                   I  ✅ GPS字段更新完成 (实时性优化):
2025-10-31 09:23:34.354 14348-14348 LocationSensorManager   com.example.cplink                   D    📍 坐标: lat=31.199707, lon=120.627014
2025-10-31 09:23:34.355 14348-14348 LocationSensorManager   com.example.cplink                   D    🚀 速度: 0.0 km/h
2025-10-31 09:23:34.355 14348-14348 LocationSensorManager   com.example.cplink                   D    🧭 方向: 无方向数据
2025-10-31 09:23:34.355 14348-14348 LocationSensorManager   com.example.cplink                   D    📡 精度: 3.8m
2025-10-31 09:23:34.355 14348-14348 LocationSensorManager   com.example.cplink                   D    🔧 提供者: gps
2025-10-31 09:23:34.355 14348-14348 LocationSensorManager   com.example.cplink                   D    ⏰ 数据年龄: -647ms
2025-10-31 09:23:34.355 14348-14348 LocationSensorManager   com.example.cplink                   D    🎯 实时性: 优秀
2025-10-31 09:23:34.355 14348-14348 LocationSensorManager   com.example.cplink                   V  🔍 验证GPS字段同步:
2025-10-31 09:23:34.355 14348-14348 LocationSensorManager   com.example.cplink                   V    vpPosPointLat: 31.19970684
2025-10-31 09:23:34.355 14348-14348 LocationSensorManager   com.example.cplink                   V    vpPosPointLon: 120.62701366
2025-10-31 09:23:34.355 14348-14348 LocationSensorManager   com.example.cplink                   V    latitude: 31.19970684
2025-10-31 09:23:34.355 14348-14348 LocationSensorManager   com.example.cplink                   V    longitude: 120.62701366
2025-10-31 09:23:34.450 14348-14348 MainActivity            com.example.cplink                   I  🔍 自检查: 权限管理器 - 正在初始化...
2025-10-31 09:23:34.492 14348-14348 MainActivity            com.example.cplink                   I  🔐 初始化权限管理器...
2025-10-31 09:23:34.492 14348-14348 PermissionManager       com.example.cplink                   I  ✅ LocationSensorManager引用已更新
2025-10-31 09:23:34.492 14348-14348 MainActivity            com.example.cplink                   I  ✅ 权限管理器引用更新成功
2025-10-31 09:23:34.556 14348-14348 MainActivity            com.example.cplink                   I  🔍 自检查: 权限管理器 - 初始化完成
2025-10-31 09:23:34.658 14348-14348 MainActivity            com.example.cplink                   I  🔍 自检查: 权限和位置服务 - 正在设置...
2025-10-31 09:23:34.661 14348-14348 PermissionManager       com.example.cplink                   I  🧠 开始智能权限请求...
2025-10-31 09:23:34.663 14348-14348 PermissionManager       com.example.cplink                   I  📊 核心权限状态: 5/5 已授予
2025-10-31 09:23:34.663 14348-14348 PermissionManager       com.example.cplink                   I  ✅ 核心权限已全部授予，启动GPS功能
2025-10-31 09:23:34.663 14348-14348 LocationSensorManager   com.example.cplink                   I  📍 启动GPS位置更新服务...
2025-10-31 09:23:34.663 14348-14348 LocationSensorManager   com.example.cplink                   I  🔍 检查位置提供者状态:
2025-10-31 09:23:34.664 14348-14348 LocationSensorManager   com.example.cplink                   I    📡 GPS提供者: ✅ 启用
2025-10-31 09:23:34.664 14348-14348 LocationSensorManager   com.example.cplink                   I    🌐 网络提供者: ✅ 启用
2025-10-31 09:23:34.665 14348-14348 LocationSensorManager   com.example.cplink                   I    📱 被动提供者: ✅ 启用
2025-10-31 09:23:34.665 14348-14348 LocationSensorManager   com.example.cplink                   I    📋 所有提供者: [passive, network, fused, gps]
2025-10-31 09:23:34.666 14348-14348 LocationSensorManager   com.example.cplink                   I    ✅ 启用的提供者: [passive, network, fused, gps]
2025-10-31 09:23:34.670 14348-14348 LocationSensorManager   com.example.cplink                   I  ✅ GPS定位已启动 (高精度模式: 1s/1m)
2025-10-31 09:23:34.673 14348-14348 LocationSensorManager   com.example.cplink                   I  ✅ 网络定位已启动 (备用模式: 3s/5m)
2025-10-31 09:23:34.673 14348-14348 LocationSensorManager   com.example.cplink                   I  ✅ 位置更新服务启动完成
2025-10-31 09:23:34.677 14348-14348 LocationSensorManager   com.example.cplink                   I  🎯 使用最后已知位置进行立即更新:
2025-10-31 09:23:34.678 14348-14348 LocationSensorManager   com.example.cplink                   I    📍 坐标: lat=31.199707, lon=120.627014
2025-10-31 09:23:34.678 14348-14348 LocationSensorManager   com.example.cplink                   I    📡 精度: 3.8092833m
2025-10-31 09:23:34.678 14348-14348 LocationSensorManager   com.example.cplink                   I    🔧 提供者: gps
2025-10-31 09:23:34.678 14348-14348 LocationSensorManager   com.example.cplink                   I    ⏰ 时间: -322ms前
2025-10-31 09:23:34.678 14348-14348 LocationSensorManager   com.example.cplink                   I  🌍 GPS位置更新接收:
2025-10-31 09:23:34.678 14348-14348 LocationSensorManager   com.example.cplink                   I    📍 坐标: lat=31.199707, lon=120.627014
2025-10-31 09:23:34.678 14348-14348 LocationSensorManager   com.example.cplink                   I    🚀 速度: 0.0 km/h
2025-10-31 09:23:34.678 14348-14348 LocationSensorManager   com.example.cplink                   I    🧭 方向: 无方向数据
2025-10-31 09:23:34.678 14348-14348 LocationSensorManager   com.example.cplink                   I    📡 精度: 3.8092833m
2025-10-31 09:23:34.678 14348-14348 LocationSensorManager   com.example.cplink                   I    🔧 提供者: gps
2025-10-31 09:23:34.678 14348-14348 LocationSensorManager   com.example.cplink                   I    ⏰ 时间: -322ms前
2025-10-31 09:23:34.678 14348-14348 LocationSensorManager   com.example.cplink                   I  ✅ GPS字段更新完成 (实时性优化):
2025-10-31 09:23:34.679 14348-14348 LocationSensorManager   com.example.cplink                   D    📍 坐标: lat=31.199707, lon=120.627014
2025-10-31 09:23:34.679 14348-14348 LocationSensorManager   com.example.cplink                   D    🚀 速度: 0.0 km/h
2025-10-31 09:23:34.679 14348-14348 LocationSensorManager   com.example.cplink                   D    🧭 方向: 无方向数据
2025-10-31 09:23:34.679 14348-14348 LocationSensorManager   com.example.cplink                   D    📡 精度: 3.8m
2025-10-31 09:23:34.679 14348-14348 LocationSensorManager   com.example.cplink                   D    🔧 提供者: gps
2025-10-31 09:23:34.679 14348-14348 LocationSensorManager   com.example.cplink                   D    ⏰ 数据年龄: -322ms
2025-10-31 09:23:34.679 14348-14348 LocationSensorManager   com.example.cplink                   D    🎯 实时性: 优秀
2025-10-31 09:23:34.679 14348-14348 LocationSensorManager   com.example.cplink                   V  🔍 验证GPS字段同步:
2025-10-31 09:23:34.679 14348-14348 LocationSensorManager   com.example.cplink                   V    vpPosPointLat: 31.19970684
2025-10-31 09:23:34.679 14348-14348 LocationSensorManager   com.example.cplink                   V    vpPosPointLon: 120.62701366
2025-10-31 09:23:34.679 14348-14348 LocationSensorManager   com.example.cplink                   V    latitude: 31.19970684
2025-10-31 09:23:34.679 14348-14348 LocationSensorManager   com.example.cplink                   V    longitude: 120.62701366
2025-10-31 09:23:34.679 14348-14348 PermissionManager       com.example.cplink                   I  📡 启动GPS状态监控...
2025-10-31 09:23:34.680 14348-14348 MainActivity            com.example.cplink                   I  📋 权限状态报告:
                                                                                                    🔑 核心权限:
                                                                                                      ✅ android.permission.ACCESS_FINE_LOCATION
                                                                                                      ✅ android.permission.ACCESS_COARSE_LOCATION
                                                                                                      ✅ android.permission.INTERNET
                                                                                                      ✅ android.permission.ACCESS_NETWORK_STATE
                                                                                                      ✅ android.permission.WAKE_LOCK
                                                                                                    🔧 可选权限:
                                                                                                      ✅ android.permission.FOREGROUND_SERVICE
                                                                                                    📱 Android 12+ 权限:
                                                                                                    📱 Android 13+ 权限:
                                                                                                      ✅ android.permission.POST_NOTIFICATIONS
2025-10-31 09:23:34.713 14348-14348 MainActivity            com.example.cplink                   I  🔍 自检查: 权限和位置服务 - 设置完成
2025-10-31 09:23:34.814 14348-14348 MainActivity            com.example.cplink                   I  🔍 自检查: IP地址信息 - 正在获取...
2025-10-31 09:23:35.819 14348-22256 NetworkManager          com.example.cplink                   D  🔍 NetworkManager获取手机IP: 172.20.10.6
2025-10-31 09:23:35.819 14348-22256 MainActivity            com.example.cplink                   I  📱 获取到手机IP: 172.20.10.6
2025-10-31 09:23:35.820 14348-22256 CarrotManNetwork        com.example.cplink                   I  🔍 获取设备IP: deviceIP=null, currentTargetDevice.ip=172.20.10.8, 最终IP=172.20.10.8
2025-10-31 09:23:35.820 14348-22256 CarrotManNetwork        com.example.cplink                   I  📊 设备状态: 运行状态=true, 发现设备数=1, 当前设备=172.20.10.8:7706 (vopenpilot) [?]
2025-10-31 09:23:35.820 14348-22256 NetworkManager          com.example.cplink                   D  🔍 NetworkManager获取设备IP: 172.20.10.8
2025-10-31 09:23:35.820 14348-22256 MainActivity            com.example.cplink                   I  🔗 获取到设备IP: 172.20.10.8
2025-10-31 09:23:35.820 14348-22256 MainActivity            com.example.cplink                   I  📱 IP地址信息: 手机: 172.20.10.6, 设备: 172.20.10.8
2025-10-31 09:23:35.825 14348-14348 MainActivity            com.example.cplink                   I  🔍 自检查: IP地址信息 - 手机: 172.20.10.6, 设备: 172.20.10.8
2025-10-31 09:23:35.930 14348-14348 MainActivity            com.example.cplink                   I  🔍 自检查: 系统管理器 - 正在并行初始化...
2025-10-31 09:23:35.933 14348-22256 MainActivity            com.example.cplink                   I  📡 初始化广播管理器...
2025-10-31 09:23:35.934 14348-22130 MainActivity            com.example.cplink                   I  📱 初始化设备管理器...
2025-10-31 09:23:35.940 14348-22248 MainActivity            com.example.cplink                   I  🗺️ 初始化高德地图管理器...
2025-10-31 09:23:35.941 14348-22248 MainActivity            com.example.cplink                   I  ✅ 高德地图管理器初始化成功
2025-10-31 09:23:35.943 14348-22256 AmapBroadcastManager    com.example.cplink                   I  ✅ 增强版广播接收器注册成功
2025-10-31 09:23:35.943 14348-22256 AmapBroadcastManager    com.example.cplink                   D  📡 注册的广播Action列表:
2025-10-31 09:23:35.943 14348-22256 AmapBroadcastManager    com.example.cplink                   D    - AMAP_NAVI_ACTION_UPDATE
2025-10-31 09:23:35.943 14348-22256 AmapBroadcastManager    com.example.cplink                   D    - AMAP_NAVI_ACTION_TURN
2025-10-31 09:23:35.943 14348-22256 AmapBroadcastManager    com.example.cplink                   D    - com.autonavi.minimap.broadcast
2025-10-31 09:23:35.943 14348-22256 AmapBroadcastManager    com.example.cplink                   D    - AMAP_NAVI_ACTION_LOCATION
2025-10-31 09:23:35.943 14348-22256 AmapBroadcastManager    com.example.cplink                   D    - AUTONAVI_BROADCAST_SEND
2025-10-31 09:23:35.943 14348-22256 AmapBroadcastManager    com.example.cplink                   D    - AMAP_NAVI_ACTION_ROUTE
2025-10-31 09:23:35.943 14348-22256 AmapBroadcastManager    com.example.cplink                   D    - AMAP_BROADCAST_SEND
2025-10-31 09:23:35.943 14348-22256 AmapBroadcastManager    com.example.cplink                   D    - com.autonavi.minimap.navigation.broadcast
2025-10-31 09:23:35.943 14348-22256 AmapBroadcastManager    com.example.cplink                   D    - AUTONAVI_STANDARD_BROADCAST_RECV
2025-10-31 09:23:35.943 14348-22256 AmapBroadcastManager    com.example.cplink                   D    - AUTONAVI_STANDARD_BROADCAST_SEND
2025-10-31 09:23:35.943 14348-22251 AmapBroadcastManager    com.example.cplink                   I  🚀 启动广播处理协程
2025-10-31 09:23:35.943 14348-22256 MainActivity            com.example.cplink                   I  ✅ 广播管理器初始化成功（Application Context）
2025-10-31 09:23:35.943 14348-22256 MainActivity            com.example.cplink                   I  ℹ️ 广播接收器将持续运行，不受Activity影响
2025-10-31 09:23:35.944 14348-22130 DeviceManager           com.example.cplink                   I  📱 使用已存在的设备ID: FB0184A6B311
2025-10-31 09:23:35.946 14348-22130 DeviceManager           com.example.cplink                   I  📊 记录应用启动，使用次数: 115，保存成功: true
2025-10-31 09:23:35.946 14348-22130 MainActivity            com.example.cplink                   I  ✅ 设备管理器初始化成功，设备ID: FB0184A6B311
2025-10-31 09:23:35.963 14348-14348 MainActivity            com.example.cplink                   I  🔍 自检查: 系统管理器 - 并行初始化完成
2025-10-31 09:23:36.064 14348-14348 MainActivity            com.example.cplink                   I  🔍 自检查: 使用统计 - 等待用户类型检查...
2025-10-31 09:23:36.133 14348-14348 MainActivity            com.example.cplink                   I  🔍 自检查: 位置更新 - 正在执行...
2025-10-31 09:23:36.136 14348-14348 MainActivity            com.example.cplink                   I  🚀 执行初始位置更新...
2025-10-31 09:23:36.142 14348-14348 MainActivity            com.example.cplink                   I  📍 更新位置用于距离统计: lat=31.19970684, lon=120.62701366
2025-10-31 09:23:36.142 14348-14348 DeviceManager           com.example.cplink                   W  ⚠️ 距离统计：移动距离异常 (2.24km > 2.0km)，可能是GPS跳变，跳过
2025-10-31 09:23:36.143 14348-14348 MainActivity            com.example.cplink                   I  🔍 自检查: 位置更新 - 执行完成
2025-10-31 09:23:36.176 14348-22248 AmapBroadcastHandlers   com.example.cplink                   D  🌍 地理位置: 行政区='', 城市='', 区县=''
2025-10-31 09:23:36.251 14348-14348 MainActivity            com.example.cplink                   I  🔍 自检查: 静态接收器 - 正在处理...
2025-10-31 09:23:36.279 14348-14348 MainActivity            com.example.cplink                   I  🔍 自检查: 静态接收器 - 处理完成
2025-10-31 09:23:36.355 14348-14348 MainActivity            com.example.cplink                   I  🔍 自检查: 用户类型 - 正在获取...
2025-10-31 09:23:36.356 14348-22130 MainActivity            com.example.cplink                   I  👤 直接获取用户类型: FB0184A6B311
2025-10-31 09:23:36.359 14348-22130 DpmTcmClient            com.example.cplink                   I  RegisterTcmMonitor from: $Proxy2
2025-10-31 09:23:36.511 14348-22253 AmapBroadcastManager    com.example.cplink                   D  📡 处理通用广播: KEY_TYPE=13011
2025-10-31 09:23:36.520 14348-22253 AmapBroadcastHandlers   com.example.cplink                   D  🛣️ 道路类型映射: ROAD_TYPE=8 (次要道路) -> roadcate=6 (中等宽度（双车道）)
2025-10-31 09:23:36.520 14348-22253 AmapBroadcastHandlers   com.example.cplink                   I  🧭 引导信息: 道路=云湾路->荣区街, 转弯类型=13, 距离=542m
2025-10-31 09:23:36.521 14348-22253 AmapBroadcastHandlers   com.example.cplink                   V    使用effectiveLatitude策略: vpPosPointLat=31.19970684, vpPosPointLatNavi=31.19970684
2025-10-31 09:23:36.567 14348-22253 AmapBroadcastHandlers   com.example.cplink                   D  🛣️ 道路类型映射: ROAD_TYPE=8 (次要道路) -> roadcate=6 (中等宽度（双车道）)
2025-10-31 09:23:36.567 14348-22253 AmapBroadcastHandlers   com.example.cplink                   I  🧭 引导信息: 道路=云湾路->荣区街, 转弯类型=13, 距离=542m
2025-10-31 09:23:36.568 14348-22253 AmapBroadcastHandlers   com.example.cplink                   V    使用effectiveLatitude策略: vpPosPointLat=31.19970684, vpPosPointLatNavi=31.19970684
2025-10-31 09:23:36.569 14348-22253 AmapBroadcastHandlers   com.example.cplink                   D  🛣️ 道路类型映射: ROAD_TYPE=8 (次要道路) -> roadcate=6 (中等宽度（双车道）)
2025-10-31 09:23:36.569 14348-22253 AmapBroadcastHandlers   com.example.cplink                   I  🧭 引导信息: 道路=云湾路->荣区街, 转弯类型=13, 距离=542m
2025-10-31 09:23:36.570 14348-22253 AmapBroadcastHandlers   com.example.cplink                   V    使用effectiveLatitude策略: vpPosPointLat=31.19970684, vpPosPointLatNavi=31.19970684
2025-10-31 09:23:36.576 14348-22253 AmapBroadcastHandlers   com.example.cplink                   D  🛣️ 道路类型映射: ROAD_TYPE=8 (次要道路) -> roadcate=6 (中等宽度（双车道）)
2025-10-31 09:23:36.576 14348-22253 AmapBroadcastHandlers   com.example.cplink                   I  🧭 引导信息: 道路=云湾路->荣区街, 转弯类型=13, 距离=542m
2025-10-31 09:23:36.577 14348-22253 AmapBroadcastHandlers   com.example.cplink                   V    使用effectiveLatitude策略: vpPosPointLat=31.19970684, vpPosPointLatNavi=31.19970684
2025-10-31 09:23:36.838 14348-22130 TrafficStats            com.example.cplink                   D  tagSocket(132) with statsTag=0xffffffff, statsUid=-1
2025-10-31 09:23:36.838 14348-22130 Linux                   com.example.cplink                   D  [Posix_connect Debug]Process com.example.cplink :443 
2025-10-31 09:23:37.131 14348-22491 ProfileInstaller        com.example.cplink                   D  Installing profile for com.example.cplink
2025-10-31 09:23:37.159 14348-22253 AmapBroadcastHandlers   com.example.cplink                   D  🌍 地理位置: 行政区='', 城市='', 区县=''
2025-10-31 09:23:37.202 14348-22253 AmapBroadcastManager    com.example.cplink                   D  📡 处理通用广播: KEY_TYPE=13011
2025-10-31 09:23:37.210 14348-22253 AmapBroadcastHandlers   com.example.cplink                   D  🛣️ 道路类型映射: ROAD_TYPE=8 (次要道路) -> roadcate=6 (中等宽度（双车道）)
2025-10-31 09:23:37.210 14348-22253 AmapBroadcastHandlers   com.example.cplink                   I  🧭 引导信息: 道路=云湾路->荣区街, 转弯类型=13, 距离=542m
2025-10-31 09:23:37.211 14348-22253 AmapBroadcastHandlers   com.example.cplink                   V    使用effectiveLatitude策略: vpPosPointLat=31.19970684, vpPosPointLatNavi=31.19970684
2025-10-31 09:23:37.232 14348-22253 AmapBroadcastHandlers   com.example.cplink                   D  🛣️ 道路类型映射: ROAD_TYPE=8 (次要道路) -> roadcate=6 (中等宽度（双车道）)
2025-10-31 09:23:37.232 14348-22253 AmapBroadcastHandlers   com.example.cplink                   I  🧭 引导信息: 道路=云湾路->荣区街, 转弯类型=13, 距离=542m
2025-10-31 09:23:37.232 14348-22253 AmapBroadcastHandlers   com.example.cplink                   V    使用effectiveLatitude策略: vpPosPointLat=31.19970684, vpPosPointLatNavi=31.19970684
2025-10-31 09:23:37.721 14348-14348 NetworkManager          com.example.cplink                   I  🔄 状态变化: 车速 0 -> 1, 激活 false -> false
2025-10-31 09:23:37.913 14348-14348 NetworkManager          com.example.cplink                   I  🔄 状态变化: 车速 1 -> 2, 激活 false -> false
2025-10-31 09:23:38.156 14348-14348 LocationSensorManager   com.example.cplink                   I  🌍 GPS位置更新接收:
2025-10-31 09:23:38.156 14348-14348 LocationSensorManager   com.example.cplink                   I    📍 坐标: lat=31.199697, lon=120.626992
2025-10-31 09:23:38.156 14348-14348 LocationSensorManager   com.example.cplink                   I    🚀 速度: 2.2 km/h
2025-10-31 09:23:38.156 14348-14348 LocationSensorManager   com.example.cplink                   I    🧭 方向: 311.0°
2025-10-31 09:23:38.156 14348-14348 LocationSensorManager   com.example.cplink                   I    📡 精度: 3.7932577m
2025-10-31 09:23:38.157 14348-14348 LocationSensorManager   com.example.cplink                   I    🔧 提供者: gps
2025-10-31 09:23:38.157 14348-14348 LocationSensorManager   com.example.cplink                   I    ⏰ 时间: -843ms前
2025-10-31 09:23:38.157 14348-14348 LocationSensorManager   com.example.cplink                   I  ✅ GPS字段更新完成 (实时性优化):
2025-10-31 09:23:38.157 14348-14348 LocationSensorManager   com.example.cplink                   D    📍 坐标: lat=31.199697, lon=120.626992
2025-10-31 09:23:38.157 14348-14348 LocationSensorManager   com.example.cplink                   D    🚀 速度: 2.2 km/h
2025-10-31 09:23:38.157 14348-14348 LocationSensorManager   com.example.cplink                   D    🧭 方向: 311.0°
2025-10-31 09:23:38.157 14348-14348 LocationSensorManager   com.example.cplink                   D    📡 精度: 3.8m
2025-10-31 09:23:38.157 14348-14348 LocationSensorManager   com.example.cplink                   D    🔧 提供者: gps
2025-10-31 09:23:38.157 14348-14348 LocationSensorManager   com.example.cplink                   D    ⏰ 数据年龄: -844ms
2025-10-31 09:23:38.157 14348-14348 LocationSensorManager   com.example.cplink                   D    🎯 实时性: 优秀
2025-10-31 09:23:38.157 14348-14348 LocationSensorManager   com.example.cplink                   V  🔍 验证GPS字段同步:
2025-10-31 09:23:38.157 14348-14348 LocationSensorManager   com.example.cplink                   V    vpPosPointLat: 31.19969692
2025-10-31 09:23:38.157 14348-14348 LocationSensorManager   com.example.cplink                   V    vpPosPointLon: 120.62699207
2025-10-31 09:23:38.157 14348-14348 LocationSensorManager   com.example.cplink                   V    latitude: 31.19969692
2025-10-31 09:23:38.157 14348-14348 LocationSensorManager   com.example.cplink                   V    longitude: 120.62699207
2025-10-31 09:23:38.163 14348-22248 AmapBroadcastHandlers   com.example.cplink                   D  🌍 地理位置: 行政区='', 城市='', 区县=''
2025-10-31 09:23:38.301 14348-22251 AmapBroadcastManager    com.example.cplink                   D  📡 处理通用广播: KEY_TYPE=13011
2025-10-31 09:23:38.302 14348-22251 AmapBroadcastHandlers   com.example.cplink                   D  🛣️ 道路类型映射: ROAD_TYPE=8 (次要道路) -> roadcate=6 (中等宽度（双车道）)
2025-10-31 09:23:38.302 14348-22251 AmapBroadcastHandlers   com.example.cplink                   I  🧭 引导信息: 道路=云湾路->荣区街, 转弯类型=13, 距离=542m
2025-10-31 09:23:38.303 14348-22251 AmapBroadcastHandlers   com.example.cplink                   V    使用effectiveLatitude策略: vpPosPointLat=31.19969692, vpPosPointLatNavi=31.19969692
2025-10-31 09:23:38.303 14348-22251 AmapBroadcastHandlers   com.example.cplink                   D  🛣️ 道路类型映射: ROAD_TYPE=8 (次要道路) -> roadcate=6 (中等宽度（双车道）)
2025-10-31 09:23:38.303 14348-22251 AmapBroadcastHandlers   com.example.cplink                   I  🧭 引导信息: 道路=云湾路->荣区街, 转弯类型=13, 距离=542m
2025-10-31 09:23:38.304 14348-22251 AmapBroadcastHandlers   com.example.cplink                   V    使用effectiveLatitude策略: vpPosPointLat=31.19969692, vpPosPointLatNavi=31.19969692
2025-10-31 09:23:38.308 14348-22251 AmapBroadcastHandlers   com.example.cplink                   D  🛣️ 道路类型映射: ROAD_TYPE=8 (次要道路) -> roadcate=6 (中等宽度（双车道）)
2025-10-31 09:23:38.308 14348-22251 AmapBroadcastHandlers   com.example.cplink                   I  🧭 引导信息: 道路=云湾路->荣区街, 转弯类型=13, 距离=542m
2025-10-31 09:23:38.308 14348-22251 AmapBroadcastHandlers   com.example.cplink                   V    使用effectiveLatitude策略: vpPosPointLat=31.19969692, vpPosPointLatNavi=31.19969692
2025-10-31 09:23:38.437 14348-14348 NetworkManager          com.example.cplink                   I  🔄 状态变化: 车速 2 -> 3, 激活 false -> false
2025-10-31 09:23:38.466 14348-22130 MainActivity            com.example.cplink                   I  ✅ 用户类型获取成功: 4
2025-10-31 09:23:38.474 14348-14348 MainActivity            com.example.cplink                   I  🔍 自检查: 用户类型 - 获取完成: 铁粉
2025-10-31 09:23:38.570 14348-14348 MainActivity            com.example.cplink                   I  🔍 自检查: 使用统计 - 后台更新中...
2025-10-31 09:23:38.571 14348-22130 DeviceManager           com.example.cplink                   D  📊 获取使用统计: 次数=115, 时长=775分钟, 距离=7422.4688km
2025-10-31 09:23:38.575 14348-14348 MainActivity            com.example.cplink                   I  🔍 自检查: 使用统计 - 更新完成
2025-10-31 09:23:38.576 14348-22130 MainActivity            com.example.cplink                   I  📊 自动更新使用统计数据: 次数=115, 时长=775分钟, 距离=7422.4688km
2025-10-31 09:23:38.622 14348-14348 MainActivity            com.example.cplink                   I  🔍 自检查: 用户界面 - 正在设置...
2025-10-31 09:23:38.624 14348-14348 MainActivity            com.example.cplink                   I  🔍 自检查: 用户界面 - 设置完成
2025-10-31 09:23:38.681 14348-14348 MainActivity            com.example.cplink                   I  🔍 自检查: 系统检查 - 所有检查完成
2025-10-31 09:23:38.684 14348-22256 MainActivity            com.example.cplink                   I  🎯 根据用户类型执行操作: 4
2025-10-31 09:23:38.684 14348-22256 MainActivity            com.example.cplink                   I  💎 赞助者/铁粉，初始化完成（不自动启动高德地图）
2025-10-31 09:23:38.684 14348-22256 MainActivity            com.example.cplink                   I  ✅ 异步自检查流程完成
2025-10-31 09:23:39.083 14348-22130 MainActivity            com.example.cplink                   D  📋 用户当前数据: 车型=马自达cx-5, 微信名=机械小鸽, 赞助金额=99.0, 用户类型=4
2025-10-31 09:23:39.085 14348-22130 MainActivity            com.example.cplink                   D  📤 发送使用统计更新请求: {"device_id":"FB0184A6B311","car_model":"马自达cx-5","wechat_name":"机械小鸽","sponsor_amount":99,"user_type":4,"usage_count":115,"usage_duration":12,"total_distance":7422}
2025-10-31 09:23:39.172 14348-22251 AmapBroadcastHandlers   com.example.cplink                   D  🌍 地理位置: 行政区='', 城市='', 区县=''
2025-10-31 09:23:39.273 14348-14348 NetworkManager          com.example.cplink                   I  🔄 状态变化: 车速 3 -> 4, 激活 false -> false
2025-10-31 09:23:39.301 14348-22248 AmapBroadcastHandlers   com.example.cplink                   D  🛣️ 道路类型映射: ROAD_TYPE=8 (次要道路) -> roadcate=6 (中等宽度（双车道）)
2025-10-31 09:23:39.301 14348-22248 AmapBroadcastHandlers   com.example.cplink                   I  🧭 引导信息: 道路=云湾路->荣区街, 转弯类型=13, 距离=542m
2025-10-31 09:23:39.303 14348-22248 AmapBroadcastHandlers   com.example.cplink                   V    使用effectiveLatitude策略: vpPosPointLat=31.19969692, vpPosPointLatNavi=31.19969692
2025-10-31 09:23:39.319 14348-22248 AmapBroadcastHandlers   com.example.cplink                   D  🛣️ 道路类型映射: ROAD_TYPE=8 (次要道路) -> roadcate=6 (中等宽度（双车道）)
2025-10-31 09:23:39.319 14348-22248 AmapBroadcastHandlers   com.example.cplink                   I  🧭 引导信息: 道路=云湾路->荣区街, 转弯类型=13, 距离=542m
2025-10-31 09:23:39.320 14348-22248 AmapBroadcastHandlers   com.example.cplink                   V    使用effectiveLatitude策略: vpPosPointLat=31.19969692, vpPosPointLatNavi=31.19969692
2025-10-31 09:23:39.321 14348-22248 AmapBroadcastHandlers   com.example.cplink                   D  🛣️ 道路类型映射: ROAD_TYPE=8 (次要道路) -> roadcate=6 (中等宽度（双车道）)
2025-10-31 09:23:39.321 14348-22248 AmapBroadcastHandlers   com.example.cplink                   I  🧭 引导信息: 道路=云湾路->荣区街, 转弯类型=13, 距离=542m
2025-10-31 09:23:39.321 14348-22248 AmapBroadcastHandlers   com.example.cplink                   V    使用effectiveLatitude策略: vpPosPointLat=31.19969692, vpPosPointLatNavi=31.19969692
2025-10-31 09:23:39.340 14348-22248 AmapBroadcastHandlers   com.example.cplink                   D  🛣️ 道路类型映射: ROAD_TYPE=8 (次要道路) -> roadcate=6 (中等宽度（双车道）)
