---------------------------- PROCESS STARTED (21949) for package com.example.cplink ----------------------------
2025-10-23 19:02:53.993 21949-21949 nativeloader            com.example.cplink                   D  Configuring clns-7 for other apk /data/app/~~YHNLHppVjVNMaaB8I5XfOQ==/com.example.cplink-8C_j9w0n5voSXdxRfEEXWg==/base.apk. target_sdk_version=35, uses_libraries=, library_path=/data/app/~~YHNLHppVjVNMaaB8I5XfOQ==/com.example.cplink-8C_j9w0n5voSXdxRfEEXWg==/lib/arm64:/data/app/~~YHNLHppVjVNMaaB8I5XfOQ==/com.example.cplink-8C_j9w0n5voSXdxRfEEXWg==/base.apk!/lib/arm64-v8a, permitted_path=/data:/mnt/expand:/data/user/0/com.example.cplink
2025-10-23 19:02:53.995 21949-21949 CompatChangeReporter    com.example.cplink                   D  Compat change id reported: 202956589; UID 10442; state: ENABLED
2025-10-23 19:02:54.044 21949-21949 GraphicsEnvironment     com.example.cplink                   V  Currently set values for:
2025-10-23 19:02:54.044 21949-21949 GraphicsEnvironment     com.example.cplink                   V    angle_gl_driver_selection_pkgs=[com.android.angle, com.linecorp.b612.android, com.campmobile.snow, com.google.android.apps.tachyon]
2025-10-23 19:02:54.044 21949-21949 GraphicsEnvironment     com.example.cplink                   V    angle_gl_driver_selection_values=[angle, native, native, native]
2025-10-23 19:02:54.044 21949-21949 GraphicsEnvironment     com.example.cplink                   V  com.example.cplink is not listed in per-application setting
2025-10-23 19:02:54.044 21949-21949 GraphicsEnvironment     com.example.cplink                   V  Updatable production driver is not supported on the device.
2025-10-23 19:02:54.070 21949-21949 CompatChangeReporter    com.example.cplink                   D  Compat change id reported: 279646685; UID 10442; state: ENABLED
2025-10-23 19:02:54.093 21949-23289 AdrenoGLES-0            com.example.cplink                   I  QUALCOMM build                   : 7867919300, Ibc171b9c87
                                                                                                    Build Date                       : 04/25/25
                                                                                                    OpenGL ES Shader Compiler Version: E031.41.03.62
                                                                                                    Local Branch                     : 
                                                                                                    Remote Branch                    : refs/tags/AU_LINUX_ANDROID_LA.VENDOR.13.2.0.11.00.00.856.062
                                                                                                    Remote Branch                    : NONE
                                                                                                    Reconstruct Branch               : NOTHING
2025-10-23 19:02:54.093 21949-23289 AdrenoGLES-0            com.example.cplink                   I  Build Config                     : S P 14.1.4 AArch64
2025-10-23 19:02:54.093 21949-23289 AdrenoGLES-0            com.example.cplink                   I  Driver Path                      : /vendor/lib64/egl/libGLESv2_adreno.so
2025-10-23 19:02:54.093 21949-23289 AdrenoGLES-0            com.example.cplink                   I  Driver Version                   : 0676.72
2025-10-23 19:02:54.098 21949-23289 AdrenoGLES-0            com.example.cplink                   I  PFP: 0x01200161, ME: 0x00000000
2025-10-23 19:02:54.164 21949-23289 AdrenoUtils             com.example.cplink                   I  <ReadGpuID:407>: Reading chip ID through GSL
2025-10-23 19:02:54.198 21949-21949 CompatChangeReporter    com.example.cplink                   D  Compat change id reported: 309578419; UID 10442; state: ENABLED
2025-10-23 19:02:54.220 21949-21949 MainActivity            com.example.cplink                   I  ğŸ”† å·²è®¾ç½®å±å¹•å¸¸äº®
2025-10-23 19:02:54.222 21949-21949 MainActivity            com.example.cplink                   I  ğŸ”‹ å·²å¿½ç•¥ç”µæ± ä¼˜åŒ–
2025-10-23 19:02:54.223 21949-21949 MainActivity            com.example.cplink                   I  ğŸ”³ å·²æœ‰æ‚¬æµ®çª—æƒé™
2025-10-23 19:02:54.223 21949-21949 MainActivity            com.example.cplink                   I  ğŸ”” å·²æœ‰é€šçŸ¥æƒé™
2025-10-23 19:02:54.223 21949-21949 MainActivity            com.example.cplink                   I  ğŸ”” å¯åŠ¨å‰å°æœåŠ¡...
2025-10-23 19:02:54.225 21949-21949 MainActivity            com.example.cplink                   I  âœ… å‰å°æœåŠ¡å¯åŠ¨æˆåŠŸ
2025-10-23 19:02:54.225 21949-21949 MainActivity            com.example.cplink                   I  ğŸš€ MainActivityæ­£åœ¨å¯åŠ¨...
2025-10-23 19:02:54.225 21949-21949 MainActivity            com.example.cplink                   I  ğŸ” æ—©æœŸåˆå§‹åŒ–æƒé™ç®¡ç†å™¨...
2025-10-23 19:02:54.229 21949-21949 PermissionManager       com.example.cplink                   I  ğŸ” åˆå§‹åŒ–æƒé™ç®¡ç†å™¨...
2025-10-23 19:02:54.230 21949-21949 PermissionManager       com.example.cplink                   I  âœ… æƒé™ç®¡ç†å™¨åˆå§‹åŒ–å®Œæˆ
2025-10-23 19:02:54.230 21949-21949 MainActivity            com.example.cplink                   I  âœ… æƒé™ç®¡ç†å™¨æ—©æœŸåˆå§‹åŒ–æˆåŠŸ
2025-10-23 19:02:54.259 21949-21949 MainActivity            com.example.cplink                   I  ğŸ“Š å†…å­˜ç›‘æ§å·²å¯åŠ¨ï¼ˆä¼˜åŒ–ç‰ˆï¼š60ç§’é—´éš”ï¼‰
2025-10-23 19:02:54.261 21949-21949 MainActivity            com.example.cplink                   I  âœ… æ§åˆ¶æŒ‡ä»¤å¹¿æ’­æ¥æ”¶å™¨å·²æ³¨å†Œï¼ˆåŒ…å«æ¨¡å¼åˆ‡æ¢ï¼‰
2025-10-23 19:02:54.262 21949-21949 MainActivity            com.example.cplink                   I  âœ… MainActivityå¯åŠ¨å®Œæˆ
2025-10-23 19:02:54.287 21949-21949 MainActivity            com.example.cplink                   I  â–¶ï¸ Activityæ¢å¤ï¼Œéšè—æ‚¬æµ®çª—
2025-10-23 19:02:54.293 21949-21949 CompatChangeReporter    com.example.cplink                   D  Compat change id reported: 352594277; UID 10442; state: ENABLED
2025-10-23 19:02:54.301 21949-21949 libc                    com.example.cplink                   W  Access denied finding property "persist.vivo.ltw.enabled"
2025-10-23 19:02:54.297 21949-21949 .example.cplink         com.example.cplink                   W  type=1400 audit(0.0:3507633): avc:  denied  { read } for  name="u:object_r:microsoft_ltw_prop:s0" dev="tmpfs" ino=311 scontext=u:r:untrusted_app:s0:c186,c257,c512,c768 tcontext=u:object_r:microsoft_ltw_prop:s0 tclass=file permissive=0 app=com.example.cplink
2025-10-23 19:02:54.758 21949-21949 ViewRootImpl            com.example.cplink                   D  AppSizeAfterRelayout, size: Point(1080, 2400), rotation: ROTATION_0
2025-10-23 19:02:54.762 21949-21949 libc                    com.example.cplink                   W  Access denied finding property "vendor.display.enable_optimal_refresh_rate"
2025-10-23 19:02:54.757 21949-21949 .example.cplink         com.example.cplink                   W  type=1400 audit(0.0:3507634): avc:  denied  { read } for  name="u:object_r:vendor_display_prop:s0" dev="tmpfs" ino=462 scontext=u:r:untrusted_app:s0:c186,c257,c512,c768 tcontext=u:object_r:vendor_display_prop:s0 tclass=file permissive=0 app=com.example.cplink
2025-10-23 19:02:54.852 21949-23274 HWUI                    com.example.cplink                   I  Davey! duration=741ms; Flags=1, FrameTimelineVsyncId=11156849, IntendedVsync=63843261034332, Vsync=63843494367656, InputEventId=0, HandleInputStart=63843506847207, AnimationStart=63843506893509, PerformTraversalsStart=63843507116530, DrawStart=63843970772467, FrameDeadline=63843277700998, FrameInterval=63843505779030, FrameStartTime=16666666, SyncQueued=63843990752415, SyncStart=63843990855540, IssueDrawCommandsStart=63843991717988, SwapBuffers=63844001656478, FrameCompleted=63844002490436, DequeueBufferDuration=9896, QueueBufferDuration=333750, GpuCompleted=63844001699707, SwapBuffersCompleted=63844002490436, DisplayPresentTime=4465917173453327379, CommandSubmissionCompleted=63844001656478, 
2025-10-23 19:02:54.928 21949-21949 MainActivity            com.example.cplink                   I  ğŸ” è‡ªæ£€æŸ¥: ä½ç½®ä¼ æ„Ÿå™¨ç®¡ç†å™¨ - æ­£åœ¨åˆå§‹åŒ–...
2025-10-23 19:02:54.928 21949-21949 MainActivity            com.example.cplink                   I  ğŸ§­ åˆå§‹åŒ–ä½ç½®å’Œä¼ æ„Ÿå™¨ç®¡ç†å™¨...
2025-10-23 19:02:54.928 21949-21949 LocationSensorManager   com.example.cplink                   I  ğŸ§­ åˆå§‹åŒ–ä¼ æ„Ÿå™¨ç³»ç»Ÿ...
2025-10-23 19:02:54.944 21949-21949 LocationSensorManager   com.example.cplink                   I  âœ… ä¼ æ„Ÿå™¨ç³»ç»Ÿåˆå§‹åŒ–å®Œæˆ
2025-10-23 19:02:54.944 21949-21949 MainActivity            com.example.cplink                   I  âœ… ä½ç½®å’Œä¼ æ„Ÿå™¨ç®¡ç†å™¨åˆå§‹åŒ–æˆåŠŸ
2025-10-23 19:02:54.945 21949-21949 MainActivity            com.example.cplink                   I  ğŸ” è‡ªæ£€æŸ¥: ä½ç½®ä¼ æ„Ÿå™¨ç®¡ç†å™¨ - åˆå§‹åŒ–å®Œæˆ
2025-10-23 19:02:54.945 21949-21949 LocationSensorManager   com.example.cplink                   D  ä¼ æ„Ÿå™¨ç²¾åº¦å˜åŒ–: lsm6dsox Accelerometer Non-wakeup -> 3
2025-10-23 19:02:54.949 21949-21949 FloatingWindowService   com.example.cplink                   I  â¹ï¸ åœæ­¢é€Ÿåº¦æ•°æ®æ£€æŸ¥
2025-10-23 19:02:54.949 21949-21949 FloatingWindowService   com.example.cplink                   D  ğŸ” æ‚¬æµ®çª—æœªæ˜¾ç¤ºæˆ–å·²éšè—ï¼Œè·³è¿‡éšè—æ“ä½œ
2025-10-23 19:02:54.962 21949-21949 ImeFocusController      com.example.cplink                   V  onWindowFocus: com.android.internal.policy.DecorView{35075e4 V.E...... R....... 0,0-1080,2400}[MainActivity] softInputMode=STATE_UNSPECIFIED|ADJUST_PAN|IS_FORWARD_NAVIGATION
2025-10-23 19:02:55.009 21949-21949 LocationSensorManager   com.example.cplink                   D  ä¼ æ„Ÿå™¨ç²¾åº¦å˜åŒ–: rotation_vector  Non-wakeup -> 3
2025-10-23 19:02:55.009 21949-21949 FloatingWindowService   com.example.cplink                   I  â¹ï¸ åœæ­¢é€Ÿåº¦æ•°æ®æ£€æŸ¥
2025-10-23 19:02:55.009 21949-21949 FloatingWindowService   com.example.cplink                   D  ğŸ” æ‚¬æµ®çª—æœªæ˜¾ç¤ºæˆ–å·²éšè—ï¼Œè·³è¿‡éšè—æ“ä½œ
2025-10-23 19:02:55.010 21949-21949 FloatingWindowService   com.example.cplink                   I  ğŸ”§ æ‚¬æµ®çª—æœåŠ¡é”€æ¯
2025-10-23 19:02:55.055 21949-23259 .example.cplink         com.example.cplink                   I  Compiler allocated 8198KB to compile void android.view.ViewRootImpl.performTraversals()
2025-10-23 19:02:55.102 21949-23274 ActivityThread          com.example.cplink                   V  updateVmProcessStateForGc sceneId =1 state=196608
2025-10-23 19:02:55.102 21949-23274 .example.cplink         com.example.cplink                   I  Close vivo delay for GC JIT .
2025-10-23 19:02:55.146 21949-21949 MainActivity            com.example.cplink                   I  ğŸ” è‡ªæ£€æŸ¥: æƒé™ç®¡ç†å™¨ - æ­£åœ¨åˆå§‹åŒ–...
2025-10-23 19:02:55.146 21949-21949 MainActivity            com.example.cplink                   I  ğŸ” åˆå§‹åŒ–æƒé™ç®¡ç†å™¨...
2025-10-23 19:02:55.146 21949-21949 PermissionManager       com.example.cplink                   I  âœ… LocationSensorManagerå¼•ç”¨å·²æ›´æ–°
2025-10-23 19:02:55.146 21949-21949 MainActivity            com.example.cplink                   I  âœ… æƒé™ç®¡ç†å™¨å¼•ç”¨æ›´æ–°æˆåŠŸ
2025-10-23 19:02:55.146 21949-21949 MainActivity            com.example.cplink                   I  ğŸŒ¡ï¸ å¼€å§‹GPSé¢„çƒ­...
2025-10-23 19:02:55.146 21949-21949 LocationSensorManager   com.example.cplink                   I  ğŸŒ¡ï¸ å¯åŠ¨GPSé¢„çƒ­...
2025-10-23 19:02:55.157 21949-21949 LocationSensorManager   com.example.cplink                   I  âœ… GPSé¢„çƒ­å·²å¯åŠ¨
2025-10-23 19:02:55.157 21949-21949 MainActivity            com.example.cplink                   I  âœ… GPSé¢„çƒ­å·²å¯åŠ¨
2025-10-23 19:02:55.157 21949-21949 MainActivity            com.example.cplink                   I  ğŸ” è‡ªæ£€æŸ¥: æƒé™ç®¡ç†å™¨ - åˆå§‹åŒ–å®Œæˆ
2025-10-23 19:02:55.357 21949-21949 MainActivity            com.example.cplink                   I  ğŸ” è‡ªæ£€æŸ¥: æƒé™å’Œä½ç½®æœåŠ¡ - æ­£åœ¨è®¾ç½®...
2025-10-23 19:02:55.357 21949-21949 MainActivity            com.example.cplink                   I  ğŸ” å¼€å§‹æƒé™è®¾ç½®æµç¨‹...
2025-10-23 19:02:55.357 21949-21949 PermissionManager       com.example.cplink                   I  ğŸ§  å¼€å§‹æ™ºèƒ½æƒé™è¯·æ±‚...
2025-10-23 19:02:55.358 21949-21949 PermissionManager       com.example.cplink                   I  ğŸ“Š æ ¸å¿ƒæƒé™çŠ¶æ€: 5/5 å·²æˆäºˆ
2025-10-23 19:02:55.358 21949-21949 PermissionManager       com.example.cplink                   I  âœ… æ ¸å¿ƒæƒé™å·²å…¨éƒ¨æˆäºˆï¼Œå¯åŠ¨GPSåŠŸèƒ½
2025-10-23 19:02:55.358 21949-21949 LocationSensorManager   com.example.cplink                   I  ğŸ“ å¯åŠ¨GPSä½ç½®æ›´æ–°æœåŠ¡...
2025-10-23 19:02:55.358 21949-21949 LocationSensorManager   com.example.cplink                   I  ğŸ” æ£€æŸ¥ä½ç½®æä¾›è€…çŠ¶æ€:
2025-10-23 19:02:55.359 21949-21949 LocationSensorManager   com.example.cplink                   I    ğŸ“¡ GPSæä¾›è€…: âœ… å¯ç”¨
2025-10-23 19:02:55.359 21949-21949 LocationSensorManager   com.example.cplink                   I    ğŸŒ ç½‘ç»œæä¾›è€…: âœ… å¯ç”¨
2025-10-23 19:02:55.359 21949-21949 LocationSensorManager   com.example.cplink                   I    ğŸ“± è¢«åŠ¨æä¾›è€…: âœ… å¯ç”¨
2025-10-23 19:02:55.360 21949-21949 LocationSensorManager   com.example.cplink                   I    ğŸ“‹ æ‰€æœ‰æä¾›è€…: [passive, network, fused, gps]
2025-10-23 19:02:55.360 21949-21949 LocationSensorManager   com.example.cplink                   I    âœ… å¯ç”¨çš„æä¾›è€…: [passive, network, fused, gps]
2025-10-23 19:02:55.368 21949-21949 LocationSensorManager   com.example.cplink                   I  âœ… GPSå®šä½å·²å¯åŠ¨ (æœ€é«˜ç²¾åº¦æ¨¡å¼: 0.1s/0.0mï¼Œå¼ºåˆ¶åå°å®æ—¶)
2025-10-23 19:02:55.372 21949-21949 LocationSensorManager   com.example.cplink                   I  âœ… ç½‘ç»œå®šä½å·²å¯åŠ¨ (ä¼˜åŒ–æ¨¡å¼: 1s/2m)
2025-10-23 19:02:55.372 21949-21949 LocationSensorManager   com.example.cplink                   I  âœ… ä½ç½®æ›´æ–°æœåŠ¡å¯åŠ¨å®Œæˆ
2025-10-23 19:02:55.381 21949-21949 LocationSensorManager   com.example.cplink                   I  ğŸ¯ ä½¿ç”¨æœ€åå·²çŸ¥ä½ç½®è¿›è¡Œç«‹å³æ›´æ–°:
2025-10-23 19:02:55.382 21949-21949 LocationSensorManager   com.example.cplink                   I    ğŸ“ åæ ‡: lat=31.203643, lon=120.628017
2025-10-23 19:02:55.382 21949-21949 LocationSensorManager   com.example.cplink                   I    ğŸ“¡ ç²¾åº¦: 40.0m
2025-10-23 19:02:55.382 21949-21949 LocationSensorManager   com.example.cplink                   I    ğŸ”§ æä¾›è€…: network
2025-10-23 19:02:55.382 21949-21949 LocationSensorManager   com.example.cplink                   I    â° æ—¶é—´: 54346mså‰
2025-10-23 19:02:55.382 21949-21949 LocationSensorManager   com.example.cplink                   W  âš ï¸ ä½ç½®æ•°æ®è¿‡æœŸ: 54ç§’å‰
2025-10-23 19:02:55.382 21949-21949 LocationSensorManager   com.example.cplink                   W  âš ï¸ æ¥æ”¶åˆ°æ— æ•ˆGPSæ•°æ® (è¿ç»­1æ¬¡)
2025-10-23 19:02:55.382 21949-21949 PermissionManager       com.example.cplink                   I  ğŸ“¡ å¯åŠ¨GPSçŠ¶æ€ç›‘æ§...
2025-10-23 19:02:55.383 21949-21949 PermissionManager       com.example.cplink                   I  ğŸ“ è¯·æ±‚å¯é€‰æƒé™ä»¥è·å¾—å®Œæ•´åŠŸèƒ½
2025-10-23 19:02:55.403 21949-21949 MainActivity            com.example.cplink                   I  ğŸ“‹ æƒé™çŠ¶æ€æŠ¥å‘Š:
                                                                                                    ğŸ”‘ æ ¸å¿ƒæƒé™:
                                                                                                      âœ… android.permission.ACCESS_FINE_LOCATION
                                                                                                      âœ… android.permission.ACCESS_COARSE_LOCATION
                                                                                                      âœ… android.permission.INTERNET
                                                                                                      âœ… android.permission.ACCESS_NETWORK_STATE
                                                                                                      âœ… android.permission.WAKE_LOCK
                                                                                                    ğŸ”§ å¯é€‰æƒé™:
                                                                                                      âœ… android.permission.FOREGROUND_SERVICE
                                                                                                      âŒ android.permission.SYSTEM_ALERT_WINDOW
                                                                                                    ğŸ“± Android 12+ æƒé™:
                                                                                                    ğŸ“± Android 13+ æƒé™:
                                                                                                      âœ… android.permission.POST_NOTIFICATIONS
2025-10-23 19:02:55.403 21949-21949 MainActivity            com.example.cplink                   I  ğŸ” è‡ªæ£€æŸ¥: æƒé™å’Œä½ç½®æœåŠ¡ - è®¾ç½®å®Œæˆ
2025-10-23 19:02:55.440 21949-21949 MainActivity            com.example.cplink                   I  â¸ï¸ Activityæš‚åœ
2025-10-23 19:02:55.442 21949-21949 MainActivity            com.example.cplink                   I  ğŸŒ GPSä½ç½®æ›´æ–°åœ¨åå°ç»§ç»­è¿è¡Œ
2025-10-23 19:02:55.533 21949-21949 FloatingWindowService   com.example.cplink                   D  ğŸ‘¤ ç”¨æˆ·ç±»å‹æƒé™æ£€æŸ¥: userType=4, hasPermission=true
2025-10-23 19:02:55.533 21949-21949 FloatingWindowService   com.example.cplink                   I  ğŸ”„ ä½¿ç”¨å¹¿æ’­æ–¹å¼å‘é€æ§åˆ¶æŒ‡ä»¤ï¼Œé¿å…ç«¯å£å†²çª
2025-10-23 19:02:55.533 21949-21949 FloatingWindowService   com.example.cplink                   I  âœ… ç½‘ç»œç®¡ç†å™¨åˆå§‹åŒ–å®Œæˆï¼ˆå¹¿æ’­æ¨¡å¼ï¼‰
2025-10-23 19:02:55.538 21949-21949 CompatChangeReporter    com.example.cplink                   D  Compat change id reported: 63938206; UID 10442; state: ENABLED
2025-10-23 19:02:55.554 21949-21949 FloatingWindowService   com.example.cplink                   I  ğŸ”„ ç”¨æˆ·ç±»å‹æ–‡æœ¬å·²æ›´æ–°: é“ç²‰ ğŸ“‚
2025-10-23 19:02:55.554 21949-21949 FloatingWindowService   com.example.cplink                   I  âœ… æ‚¬æµ®çª—ç”¨æˆ·ç±»å‹æ˜¾ç¤ºæ›´æ–°å®Œæˆ
2025-10-23 19:02:55.555 21949-21949 FloatingWindowService   com.example.cplink                   I  âœ… æ™ºèƒ½æ§é€ŸæŒ‰é’®çŠ¶æ€åˆå§‹åŒ–: æ¨¡å¼=0
2025-10-23 19:02:55.582 21949-21949 FloatingWindowService   com.example.cplink                   I  âœ… æ‚¬æµ®çª—æ˜¾ç¤ºæˆåŠŸ
2025-10-23 19:02:55.582 21949-21949 FloatingWindowService   com.example.cplink                   I  â¹ï¸ åœæ­¢é€Ÿåº¦æ•°æ®æ£€æŸ¥
2025-10-23 19:02:55.586 21949-21949 FloatingWindowService   com.example.cplink                   I  ğŸš— å¼€å§‹ä¼˜åŒ–é€Ÿåº¦æ•°æ®æ£€æŸ¥ï¼ˆé«˜é¢‘æ›´æ–°ï¼‰
2025-10-23 19:02:55.613 21949-21949 .example.cplink         com.example.cplink                   W  type=1400 audit(0.0:3507636): avc:  denied  { read } for  name="u:object_r:vendor_display_prop:s0" dev="tmpfs" ino=462 scontext=u:r:untrusted_app:s0:c186,c257,c512,c768 tcontext=u:object_r:vendor_display_prop:s0 tclass=file permissive=0 app=com.example.cplink
2025-10-23 19:02:55.601 21949-23350 FloatingWindowService   com.example.cplink                   V  âš ï¸ æ— æœ‰æ•ˆæ•°æ® - è®¾å¤‡è¿æ¥:true, é€Ÿåº¦æ•°æ®:false
2025-10-23 19:02:55.615 21949-21949 ViewRootImpl            com.example.cplink                   D  AppSizeAfterRelayout, size: Point(674, 455), rotation: ROTATION_0
2025-10-23 19:02:55.616 21949-21949 libc                    com.example.cplink                   W  Access denied finding property "vendor.display.enable_optimal_refresh_rate"
2025-10-23 19:02:55.666 21949-21949 PermissionManager       com.example.cplink                   I  ğŸ” æƒé™è¯·æ±‚ç»“æœ:
2025-10-23 19:02:55.666 21949-21949 PermissionManager       com.example.cplink                   I    âŒ android.permission.SYSTEM_ALERT_WINDOW: è¢«æ‹’ç»
2025-10-23 19:02:55.666 21949-21949 PermissionManager       com.example.cplink                   I  ğŸ“Š æƒé™ç»Ÿè®¡: 0/1 å·²æˆäºˆ
2025-10-23 19:02:55.666 21949-21949 PermissionManager       com.example.cplink                   W  âš ï¸ éƒ¨åˆ†æƒé™æœªè·å–ï¼ŒåŠŸèƒ½å¯èƒ½å—é™
2025-10-23 19:02:55.666 21949-21949 PermissionManager       com.example.cplink                   W  âŒ è¢«æ‹’ç»çš„æƒé™: android.permission.SYSTEM_ALERT_WINDOW
2025-10-23 19:02:55.666 21949-21949 PermissionManager       com.example.cplink                   I  âœ… æ ¸å¿ƒæƒé™å·²è·å–ï¼Œå¯åŠ¨ä½ç½®æ›´æ–°
2025-10-23 19:02:55.666 21949-21949 LocationSensorManager   com.example.cplink                   I  ğŸ“ å¯åŠ¨GPSä½ç½®æ›´æ–°æœåŠ¡...
2025-10-23 19:02:55.667 21949-21949 LocationSensorManager   com.example.cplink                   I  ğŸ” æ£€æŸ¥ä½ç½®æä¾›è€…çŠ¶æ€:
2025-10-23 19:02:55.667 21949-21949 LocationSensorManager   com.example.cplink                   I    ğŸ“¡ GPSæä¾›è€…: âœ… å¯ç”¨
2025-10-23 19:02:55.667 21949-21949 LocationSensorManager   com.example.cplink                   I    ğŸŒ ç½‘ç»œæä¾›è€…: âœ… å¯ç”¨
2025-10-23 19:02:55.668 21949-21949 LocationSensorManager   com.example.cplink                   I    ğŸ“± è¢«åŠ¨æä¾›è€…: âœ… å¯ç”¨
2025-10-23 19:02:55.668 21949-21949 LocationSensorManager   com.example.cplink                   I    ğŸ“‹ æ‰€æœ‰æä¾›è€…: [passive, network, fused, gps]
2025-10-23 19:02:55.668 21949-21949 LocationSensorManager   com.example.cplink                   I    âœ… å¯ç”¨çš„æä¾›è€…: [passive, network, fused, gps]
2025-10-23 19:02:55.673 21949-21949 LocationSensorManager   com.example.cplink                   I  âœ… GPSå®šä½å·²å¯åŠ¨ (æœ€é«˜ç²¾åº¦æ¨¡å¼: 0.1s/0.0mï¼Œå¼ºåˆ¶åå°å®æ—¶)
2025-10-23 19:02:55.679 21949-21949 LocationSensorManager   com.example.cplink                   I  âœ… ç½‘ç»œå®šä½å·²å¯åŠ¨ (ä¼˜åŒ–æ¨¡å¼: 1s/2m)
2025-10-23 19:02:55.679 21949-21949 LocationSensorManager   com.example.cplink                   I  âœ… ä½ç½®æ›´æ–°æœåŠ¡å¯åŠ¨å®Œæˆ
2025-10-23 19:02:55.688 21949-21949 LocationSensorManager   com.example.cplink                   I  ğŸ¯ ä½¿ç”¨æœ€åå·²çŸ¥ä½ç½®è¿›è¡Œç«‹å³æ›´æ–°:
2025-10-23 19:02:55.688 21949-21949 LocationSensorManager   com.example.cplink                   I    ğŸ“ åæ ‡: lat=31.203643, lon=120.628017
2025-10-23 19:02:55.688 21949-21949 LocationSensorManager   com.example.cplink                   I    ğŸ“¡ ç²¾åº¦: 40.0m
2025-10-23 19:02:55.688 21949-21949 LocationSensorManager   com.example.cplink                   I    ğŸ”§ æä¾›è€…: network
2025-10-23 19:02:55.688 21949-21949 LocationSensorManager   com.example.cplink                   I    â° æ—¶é—´: 1712mså‰
2025-10-23 19:02:55.688 21949-21949 LocationSensorManager   com.example.cplink                   I  ğŸŒ GPSä½ç½®æ›´æ–°æ¥æ”¶:
2025-10-23 19:02:55.688 21949-21949 LocationSensorManager   com.example.cplink                   I    ğŸ“ åæ ‡: lat=31.203643, lon=120.628017
2025-10-23 19:02:55.688 21949-21949 LocationSensorManager   com.example.cplink                   I    ğŸš€ é€Ÿåº¦: æ— é€Ÿåº¦æ•°æ®
2025-10-23 19:02:55.688 21949-21949 LocationSensorManager   com.example.cplink                   I    ğŸ§­ æ–¹å‘: æ— æ–¹å‘æ•°æ®
2025-10-23 19:02:55.689 21949-21949 LocationSensorManager   com.example.cplink                   I    ğŸ“¡ ç²¾åº¦: 40.0m
2025-10-23 19:02:55.689 21949-21949 LocationSensorManager   com.example.cplink                   I    ğŸ”§ æä¾›è€…: network
2025-10-23 19:02:55.689 21949-21949 LocationSensorManager   com.example.cplink                   I    â° æ—¶é—´: 1713mså‰
2025-10-23 19:02:55.689 21949-21949 LocationSensorManager   com.example.cplink                   I  âœ… GPSå­—æ®µæ›´æ–°å®Œæˆ (å®æ—¶æ€§ä¼˜åŒ–):
2025-10-23 19:02:55.689 21949-21949 LocationSensorManager   com.example.cplink                   D    ğŸ“ åæ ‡: lat=31.203643, lon=120.628017
2025-10-23 19:02:55.689 21949-21949 LocationSensorManager   com.example.cplink                   D    ğŸš€ é€Ÿåº¦: æ— é€Ÿåº¦æ•°æ®
2025-10-23 19:02:55.689 21949-21949 LocationSensorManager   com.example.cplink                   D    ğŸ§­ æ–¹å‘: æ— æ–¹å‘æ•°æ®
2025-10-23 19:02:55.689 21949-21949 LocationSensorManager   com.example.cplink                   D    ğŸ“¡ ç²¾åº¦: 40.0m
2025-10-23 19:02:55.689 21949-21949 LocationSensorManager   com.example.cplink                   D    ğŸ”§ æä¾›è€…: network
2025-10-23 19:02:55.689 21949-21949 LocationSensorManager   com.example.cplink                   D    â° æ•°æ®å¹´é¾„: 1712ms
2025-10-23 19:02:55.689 21949-21949 LocationSensorManager   com.example.cplink                   D    ğŸ¯ å®æ—¶æ€§: è‰¯å¥½
2025-10-23 19:02:55.689 21949-21949 PermissionManager       com.example.cplink                   I  ğŸ“¡ å¯åŠ¨GPSçŠ¶æ€ç›‘æ§...
2025-10-23 19:02:55.689 21949-21949 MainActivity            com.example.cplink                   I  â–¶ï¸ Activityæ¢å¤ï¼Œéšè—æ‚¬æµ®çª—
2025-10-23 19:02:55.696 21949-21949 FloatingWindowService   com.example.cplink                   V  âš ï¸ æ— è®¾å¤‡æˆ–æ— æ•°æ®
2025-10-23 19:02:55.696 21949-21949 MainActivity            com.example.cplink                   I  ğŸ” è‡ªæ£€æŸ¥: ç½‘ç»œç®¡ç†å™¨ - æ­£åœ¨åˆå§‹åŒ–...
2025-10-23 19:02:55.696 21949-21949 MainActivity            com.example.cplink                   I  ğŸŒ åˆå§‹åŒ–ç½‘ç»œç®¡ç†å™¨ï¼ˆå»¶è¿Ÿå¯åŠ¨ç½‘ç»œæœåŠ¡ï¼‰...
2025-10-23 19:02:55.699 21949-21949 MainActivity            com.example.cplink                   I  âœ… ç½‘ç»œç®¡ç†å™¨åˆå§‹åŒ–æˆåŠŸï¼ˆç½‘ç»œæœåŠ¡å¾…å¯åŠ¨ï¼‰
2025-10-23 19:02:55.699 21949-21949 MainActivity            com.example.cplink                   I  ğŸ” è‡ªæ£€æŸ¥: ç½‘ç»œç®¡ç†å™¨ - åˆå§‹åŒ–å®Œæˆ
2025-10-23 19:02:55.700 21949-21949 LocationSensorManager   com.example.cplink                   I  ğŸŒ GPSä½ç½®æ›´æ–°æ¥æ”¶:
2025-10-23 19:02:55.700 21949-21949 LocationSensorManager   com.example.cplink                   I    ğŸ“ åæ ‡: lat=31.203643, lon=120.628017
2025-10-23 19:02:55.700 21949-21949 LocationSensorManager   com.example.cplink                   I    ğŸš€ é€Ÿåº¦: æ— é€Ÿåº¦æ•°æ®
2025-10-23 19:02:55.700 21949-21949 LocationSensorManager   com.example.cplink                   I    ğŸ§­ æ–¹å‘: æ— æ–¹å‘æ•°æ®
2025-10-23 19:02:55.700 21949-21949 LocationSensorManager   com.example.cplink                   I    ğŸ“¡ ç²¾åº¦: 40.0m
2025-10-23 19:02:55.700 21949-21949 LocationSensorManager   com.example.cplink                   I    ğŸ”§ æä¾›è€…: network
2025-10-23 19:02:55.700 21949-21949 LocationSensorManager   com.example.cplink                   I    â° æ—¶é—´: 1724mså‰
2025-10-23 19:02:55.700 21949-21949 LocationSensorManager   com.example.cplink                   I  âœ… GPSå­—æ®µæ›´æ–°å®Œæˆ (å®æ—¶æ€§ä¼˜åŒ–):
2025-10-23 19:02:55.700 21949-21949 LocationSensorManager   com.example.cplink                   D    ğŸ“ åæ ‡: lat=31.203643, lon=120.628017
2025-10-23 19:02:55.700 21949-21949 LocationSensorManager   com.example.cplink                   D    ğŸš€ é€Ÿåº¦: æ— é€Ÿåº¦æ•°æ®
2025-10-23 19:02:55.700 21949-21949 LocationSensorManager   com.example.cplink                   D    ğŸ§­ æ–¹å‘: æ— æ–¹å‘æ•°æ®
2025-10-23 19:02:55.700 21949-21949 LocationSensorManager   com.example.cplink                   D    ğŸ“¡ ç²¾åº¦: 40.0m
2025-10-23 19:02:55.700 21949-21949 LocationSensorManager   com.example.cplink                   D    ğŸ”§ æä¾›è€…: network
2025-10-23 19:02:55.700 21949-21949 LocationSensorManager   com.example.cplink                   D    â° æ•°æ®å¹´é¾„: 1723ms
2025-10-23 19:02:55.700 21949-21949 LocationSensorManager   com.example.cplink                   D    ğŸ¯ å®æ—¶æ€§: è‰¯å¥½
2025-10-23 19:02:55.701 21949-21949 ImeFocusController      com.example.cplink                   V  onWindowFocus: com.android.internal.policy.DecorView{35075e4 V.E...... R.....I. 0,0-1080,2400 aid=0}[MainActivity] softInputMode=STATE_UNSPECIFIED|ADJUST_PAN|IS_FORWARD_NAVIGATION
2025-10-23 19:02:55.708 21949-21949 FloatingWindowService   com.example.cplink                   I  â¹ï¸ åœæ­¢é€Ÿåº¦æ•°æ®æ£€æŸ¥
2025-10-23 19:02:55.710 21949-21949 FloatingWindowService   com.example.cplink                   I  âœ… æ‚¬æµ®çª—éšè—æˆåŠŸ
2025-10-23 19:02:55.710 21949-23350 FloatingWindowService   com.example.cplink                   E  âŒ é€Ÿåº¦æ•°æ®æ£€æŸ¥å¼‚å¸¸: StandaloneCoroutine was cancelled
                                                                                                    kotlinx.coroutines.JobCancellationException: StandaloneCoroutine was cancelled; job=StandaloneCoroutine{Cancelling}@966aef0
2025-10-23 19:02:55.729 21949-23259 .example.cplink         com.example.cplink                   I  Compiler allocated 4420KB to compile void android.widget.TextView.<init>(android.content.Context, android.util.AttributeSet, int, int)
2025-10-23 19:02:55.755 21949-21949 WindowOnBackDispatcher  com.example.cplink                   W  sendCancelIfRunning: isInProgress=false callback=android.view.ViewRootImpl$$ExternalSyntheticLambda11@382acc1
2025-10-23 19:02:55.766 21949-21949 FloatingWindowService   com.example.cplink                   I  â¹ï¸ åœæ­¢é€Ÿåº¦æ•°æ®æ£€æŸ¥
2025-10-23 19:02:55.766 21949-21949 FloatingWindowService   com.example.cplink                   D  ğŸ” æ‚¬æµ®çª—æœªæ˜¾ç¤ºæˆ–å·²éšè—ï¼Œè·³è¿‡éšè—æ“ä½œ
2025-10-23 19:02:55.766 21949-21949 FloatingWindowService   com.example.cplink                   I  ğŸ”§ æ‚¬æµ®çª—æœåŠ¡é”€æ¯
2025-10-23 19:02:55.899 21949-21949 MainActivity            com.example.cplink                   I  ğŸ” è‡ªæ£€æŸ¥: ç³»ç»Ÿç®¡ç†å™¨ - æ­£åœ¨å¹¶è¡Œåˆå§‹åŒ–...
2025-10-23 19:02:55.900 21949-23351 MainActivity            com.example.cplink                   I  ğŸ“¡ åˆå§‹åŒ–å¹¿æ’­ç®¡ç†å™¨...
2025-10-23 19:02:55.901 21949-23350 MainActivity            com.example.cplink                   I  ğŸ—ºï¸ åˆå§‹åŒ–é«˜å¾·åœ°å›¾ç®¡ç†å™¨...
2025-10-23 19:02:55.901 21949-23352 MainActivity            com.example.cplink                   I  ğŸ“± åˆå§‹åŒ–è®¾å¤‡ç®¡ç†å™¨...
2025-10-23 19:02:55.903 21949-23352 DeviceManager           com.example.cplink                   I  ğŸ“± ä½¿ç”¨å·²å­˜åœ¨çš„è®¾å¤‡ID: FB0184A6B311
2025-10-23 19:02:55.904 21949-23350 MainActivity            com.example.cplink                   I  âœ… é«˜å¾·åœ°å›¾ç®¡ç†å™¨åˆå§‹åŒ–æˆåŠŸ
2025-10-23 19:02:55.907 21949-23351 AmapBroadcastManager    com.example.cplink                   I  âœ… å¢å¼ºç‰ˆå¹¿æ’­æ¥æ”¶å™¨æ³¨å†ŒæˆåŠŸ
2025-10-23 19:02:55.907 21949-23350 AmapBroadcastManager    com.example.cplink                   I  ğŸš€ å¯åŠ¨å¹¿æ’­å¤„ç†åç¨‹
2025-10-23 19:02:55.907 21949-23351 AmapBroadcastManager    com.example.cplink                   D  ğŸ“¡ æ³¨å†Œçš„å¹¿æ’­Actionåˆ—è¡¨:
2025-10-23 19:02:55.908 21949-23351 AmapBroadcastManager    com.example.cplink                   D    - AMAP_NAVI_ACTION_UPDATE
2025-10-23 19:02:55.908 21949-23351 AmapBroadcastManager    com.example.cplink                   D    - AMAP_NAVI_ACTION_TURN
2025-10-23 19:02:55.908 21949-23351 AmapBroadcastManager    com.example.cplink                   D    - com.autonavi.minimap.broadcast
2025-10-23 19:02:55.908 21949-23351 AmapBroadcastManager    com.example.cplink                   D    - AMAP_NAVI_ACTION_LOCATION
2025-10-23 19:02:55.908 21949-23351 AmapBroadcastManager    com.example.cplink                   D    - AUTONAVI_BROADCAST_SEND
2025-10-23 19:02:55.908 21949-23351 AmapBroadcastManager    com.example.cplink                   D    - AMAP_NAVI_ACTION_ROUTE
2025-10-23 19:02:55.908 21949-23351 AmapBroadcastManager    com.example.cplink                   D    - AMAP_BROADCAST_SEND
2025-10-23 19:02:55.908 21949-23351 AmapBroadcastManager    com.example.cplink                   D    - com.autonavi.minimap.navigation.broadcast
2025-10-23 19:02:55.908 21949-23351 AmapBroadcastManager    com.example.cplink                   D    - AUTONAVI_STANDARD_BROADCAST_RECV
2025-10-23 19:02:55.908 21949-23351 AmapBroadcastManager    com.example.cplink                   D    - AUTONAVI_STANDARD_BROADCAST_SEND
2025-10-23 19:02:55.908 21949-23351 MainActivity            com.example.cplink                   I  âœ… å¹¿æ’­ç®¡ç†å™¨åˆå§‹åŒ–æˆåŠŸ
2025-10-23 19:02:55.909 21949-23352 DeviceManager           com.example.cplink                   I  ğŸ“Š è®°å½•åº”ç”¨å¯åŠ¨ï¼Œä½¿ç”¨æ¬¡æ•°: 3ï¼Œä¿å­˜æˆåŠŸ: true
2025-10-23 19:02:55.909 21949-23352 MainActivity            com.example.cplink                   I  âœ… è®¾å¤‡ç®¡ç†å™¨åˆå§‹åŒ–æˆåŠŸï¼Œè®¾å¤‡ID: FB0184A6B311
2025-10-23 19:02:55.999 21949-21949 MainActivity            com.example.cplink                   I  ğŸ” è‡ªæ£€æŸ¥: ç³»ç»Ÿç®¡ç†å™¨ - å¹¶è¡Œåˆå§‹åŒ–å®Œæˆ
2025-10-23 19:02:56.202 21949-21949 MainActivity            com.example.cplink                   I  ğŸ” è‡ªæ£€æŸ¥: ç”¨æˆ·ç±»å‹ - æ­£åœ¨è·å–...
2025-10-23 19:02:56.210 21949-23352 MainActivity            com.example.cplink                   D  ğŸ“± ç¼“å­˜å‘½ä¸­: ç±»å‹=4, å¹´é¾„=59ç§’
2025-10-23 19:02:56.210 21949-23352 MainActivity            com.example.cplink                   I  ğŸ“± ä½¿ç”¨ç¼“å­˜çš„ç”¨æˆ·ç±»å‹: 4
2025-10-23 19:02:56.256 21949-21949 MainActivity            com.example.cplink                   I  ğŸ” è‡ªæ£€æŸ¥: ç”¨æˆ·ç±»å‹ - è·å–å®Œæˆ: é“ç²‰
2025-10-23 19:02:56.408 21949-21949 MainActivity            com.example.cplink                   I  ğŸ” è‡ªæ£€æŸ¥: ä½¿ç”¨ç»Ÿè®¡ - åå°æ›´æ–°ä¸­...
2025-10-23 19:02:56.409 21949-23352 DeviceManager           com.example.cplink                   D  ğŸ“Š è·å–ä½¿ç”¨ç»Ÿè®¡: æ¬¡æ•°=3, æ—¶é•¿=0åˆ†é’Ÿ, è·ç¦»=0.0km
2025-10-23 19:02:56.415 21949-21949 MainActivity            com.example.cplink                   I  ğŸ” è‡ªæ£€æŸ¥: ä½¿ç”¨ç»Ÿè®¡ - æ›´æ–°å®Œæˆ
2025-10-23 19:02:56.416 21949-23352 MainActivity            com.example.cplink                   I  ğŸ“Š è‡ªåŠ¨æ›´æ–°ä½¿ç”¨ç»Ÿè®¡æ•°æ®: æ¬¡æ•°=3, æ—¶é•¿=0åˆ†é’Ÿ, è·ç¦»=0.0km
2025-10-23 19:02:56.419 21949-23352 DpmTcmClient            com.example.cplink                   I  RegisterTcmMonitor from: $Proxy2
2025-10-23 19:02:56.449 21949-23352 TrafficStats            com.example.cplink                   D  tagSocket(142) with statsTag=0xffffffff, statsUid=-1
2025-10-23 19:02:56.450 21949-23352 Linux                   com.example.cplink                   D  [Posix_connect Debug]Process com.example.cplink :443 
2025-10-23 19:02:56.509 21949-21949 MainActivity            com.example.cplink                   I  ğŸ” è‡ªæ£€æŸ¥: ä½ç½®æ›´æ–° - æ­£åœ¨æ‰§è¡Œ...
2025-10-23 19:02:56.509 21949-21949 MainActivity            com.example.cplink                   I  ğŸš€ æ‰§è¡Œåˆå§‹ä½ç½®æ›´æ–°...
2025-10-23 19:02:56.509 21949-21949 MainActivity            com.example.cplink                   I  ğŸ” è‡ªæ£€æŸ¥: ä½ç½®æ›´æ–° - æ‰§è¡Œå®Œæˆ
2025-10-23 19:02:56.512 21949-21949 MainActivity            com.example.cplink                   I  ğŸ“ æ›´æ–°ä½ç½®ç”¨äºè·ç¦»ç»Ÿè®¡: lat=31.203643, lon=120.628017
2025-10-23 19:02:56.512 21949-21949 DeviceManager           com.example.cplink                   I  ğŸ“Š ç§»åŠ¨è·ç¦»: 1039.72kmï¼Œç´¯è®¡: 1039.72km
2025-10-23 19:02:56.513 21949-21949 DeviceManager           com.example.cplink                   I  â° å¯åŠ¨å€’è®¡æ—¶: 850ç§’
2025-10-23 19:02:56.513 21949-21949 DeviceManager           com.example.cplink                   I  â¹ï¸ åœæ­¢å€’è®¡æ—¶
2025-10-23 19:02:56.711 21949-21949 MainActivity            com.example.cplink                   I  ğŸ” è‡ªæ£€æŸ¥: é™æ€æ¥æ”¶å™¨ - æ­£åœ¨å¤„ç†...
2025-10-23 19:02:56.712 21949-21949 MainActivity            com.example.cplink                   I  ğŸ” è‡ªæ£€æŸ¥: é™æ€æ¥æ”¶å™¨ - å¤„ç†å®Œæˆ
2025-10-23 19:02:56.913 21949-21949 MainActivity            com.example.cplink                   I  ğŸ” è‡ªæ£€æŸ¥: ç½‘ç»œæœåŠ¡ - æ­£åœ¨å¯åŠ¨...
2025-10-23 19:02:56.913 21949-21949 MainActivity            com.example.cplink                   I  ğŸŒ å¯åŠ¨ç½‘ç»œæœåŠ¡...
2025-10-23 19:02:56.913 21949-21949 NetworkManager          com.example.cplink                   I  ğŸŒ åˆå§‹åŒ–CarrotManç½‘ç»œå®¢æˆ·ç«¯...
2025-10-23 19:02:56.921 21949-21949 CarrotManNetwork        com.example.cplink                   D  è®¾å¤‡å‘ç°å›è°ƒå·²è®¾ç½®
2025-10-23 19:02:56.921 21949-21949 CarrotManNetwork        com.example.cplink                   D  è¿æ¥çŠ¶æ€å›è°ƒå·²è®¾ç½®
2025-10-23 19:02:56.921 21949-21949 CarrotManNetwork        com.example.cplink                   D  æ•°æ®å‘é€å›è°ƒå·²è®¾ç½®
2025-10-23 19:02:56.921 21949-21949 CarrotManNetwork        com.example.cplink                   D  OpenpPilotçŠ¶æ€æ¥æ”¶å›è°ƒå·²è®¾ç½®
2025-10-23 19:02:56.922 21949-21949 CarrotManNetwork        com.example.cplink                   I  å¯åŠ¨ CarrotMan ç½‘ç»œå®¢æˆ·ç«¯æœåŠ¡
2025-10-23 19:02:56.922 21949-21949 CarrotManNetwork        com.example.cplink                   D  å¼€å§‹åˆå§‹åŒ–UDP Socketè¿æ¥...
2025-10-23 19:02:56.922 21949-21949 TrafficStats            com.example.cplink                   D  tagSocket(136) with statsTag=0xffffffff, statsUid=-1
2025-10-23 19:02:56.922 21949-21949 CarrotManNetwork        com.example.cplink                   D  ç›‘å¬Socketå·²åˆ›å»ºï¼Œç«¯å£: 7705ï¼Œè¶…æ—¶: 1000ms
2025-10-23 19:02:56.922 21949-21949 TrafficStats            com.example.cplink                   D  tagSocket(143) with statsTag=0xffffffff, statsUid=-1
2025-10-23 19:02:56.923 21949-21949 CarrotManNetwork        com.example.cplink                   D  æ•°æ®å‘é€Socketå·²åˆ›å»ºï¼Œç«¯å£: 43772
2025-10-23 19:02:56.923 21949-21949 CarrotManNetwork        com.example.cplink                   I  Socketåˆå§‹åŒ–æˆåŠŸ - ç›‘å¬ç«¯å£: 7705 (å¹¿æ’­æ¨¡å¼)
2025-10-23 19:02:56.924 21949-21949 CarrotManNetwork        com.example.cplink                   I  ğŸ” å¯åŠ¨è®¾å¤‡å‘ç°æœåŠ¡...
2025-10-23 19:02:56.925 21949-21949 CarrotManNetwork        com.example.cplink                   I  CarrotMan ç½‘ç»œæœåŠ¡å¯åŠ¨æˆåŠŸ
2025-10-23 19:02:56.925 21949-21949 CarrotManNetwork        com.example.cplink                   I  ğŸ“¡ å¯åŠ¨è‡ªåŠ¨æ•°æ®å‘é€ä»»åŠ¡(å®¢æˆ·ç«¯)â€¦
2025-10-23 19:02:56.926 21949-21949 NetworkManager          com.example.cplink                   I  ğŸ”„ ç½‘ç»œçŠ¶æ€å®šæœŸæ›´æ–°å·²å¯åŠ¨
2025-10-23 19:02:56.926 21949-21949 NetworkManager          com.example.cplink                   I  âœ… CarrotManç½‘ç»œå®¢æˆ·ç«¯åˆå§‹åŒ–æˆåŠŸ
2025-10-23 19:02:56.926 21949-21949 MainActivity            com.example.cplink                   I  âœ… ç½‘ç»œæœåŠ¡å¯åŠ¨æˆåŠŸ
2025-10-23 19:02:56.926 21949-21949 MainActivity            com.example.cplink                   I  ğŸ” è‡ªæ£€æŸ¥: ç½‘ç»œæœåŠ¡ - å¯åŠ¨å®Œæˆ
2025-10-23 19:02:56.928 21949-23360 CarrotManNetwork        com.example.cplink                   D  ğŸ“¡ å‘é€è®¾å¤‡å‘ç°å¹¿æ’­
2025-10-23 19:02:56.928 21949-23360 CarrotManNetwork        com.example.cplink                   D  ğŸ“­ æ²¡æœ‰å‘ç°æ´»è·ƒè®¾å¤‡
2025-10-23 19:02:56.929 21949-23360 CarrotManNetwork        com.example.cplink                   I  ğŸ’“ å¯åŠ¨å¿ƒè·³ä»»åŠ¡
2025-10-23 19:02:56.929 21949-23360 CarrotManNetwork        com.example.cplink                   W  âš ï¸ å‘é€CarrotManæ•°æ® - æœåŠ¡æœªè¿è¡Œæˆ–æ— è¿æ¥è®¾å¤‡
2025-10-23 19:02:56.929 21949-23360 CarrotManNetwork        com.example.cplink                   D  çŠ¶æ€æ£€æŸ¥ - è¿è¡ŒçŠ¶æ€: true, è¿æ¥è®¾å¤‡: null
2025-10-23 19:02:56.930 21949-23350 CarrotManNetwork        com.example.cplink                   I  å¯åŠ¨è®¾å¤‡å¥åº·æ£€æŸ¥æœåŠ¡ï¼Œæ£€æŸ¥é—´éš”: 2000ms
2025-10-23 19:02:56.931 21949-23383 CarrotManNetwork        com.example.cplink                   I  âœ… å¯åŠ¨è®¾å¤‡å¹¿æ’­ç›‘å¬æœåŠ¡ - ç«¯å£: 7705
2025-10-23 19:02:56.932 21949-23383 CarrotManNetwork        com.example.cplink                   D  ğŸ” è§£æè®¾å¤‡å¹¿æ’­æ•°æ®: CARROT_DISCOVERY_REQUEST... from 192.168.31.103
2025-10-23 19:02:56.932 21949-23383 CarrotManNetwork        com.example.cplink                   D  ğŸ“¡ æ”¶åˆ°ç®€å•æ ¼å¼å¹¿æ’­ï¼Œä½¿ç”¨é»˜è®¤é…ç½®: 192.168.31.103
2025-10-23 19:02:56.932 21949-23383 CarrotManNetwork        com.example.cplink                   D  ğŸ” å°è¯•æ·»åŠ è®¾å¤‡: 192.168.31.103:7706 (vdetected), è®¾å¤‡é”®: 192.168.31.103:7706
2025-10-23 19:02:56.932 21949-23383 CarrotManNetwork        com.example.cplink                   D  ğŸ“Š å½“å‰è®¾å¤‡åˆ—è¡¨: []
2025-10-23 19:02:56.932 21949-23383 CarrotManNetwork        com.example.cplink                   I  ğŸ¯ å‘ç°æ–°çš„Comma3è®¾å¤‡: 192.168.31.103:7706 (vdetected)
2025-10-23 19:02:56.932 21949-23383 CarrotManNetwork        com.example.cplink                   I  ğŸš€ è‡ªåŠ¨è¿æ¥åˆ°æ–°å‘ç°çš„è®¾å¤‡: 192.168.31.103
2025-10-23 19:02:56.933 21949-23383 CarrotManNetwork        com.example.cplink                   I  ğŸ”— å¼€å§‹è¿æ¥åˆ°è®¾å¤‡: 192.168.31.103:7706 (vdetected)
2025-10-23 19:02:56.937 21949-23383 CarrotManNetwork        com.example.cplink                   D  ğŸ“¡ å‘é€è®¾å¤‡è¿æ¥éªŒè¯åŒ…åˆ°: 192.168.31.103:7706
2025-10-23 19:02:56.938 21949-23383 CarrotManNetwork        com.example.cplink                   D  ç½‘ç»œçŠ¶æ€å·²ä¿å­˜: running=true, device=192.168.31.103
2025-10-23 19:02:56.938 21949-23383 CarrotManNetwork        com.example.cplink                   I  âœ… è®¾å¤‡è¿æ¥æˆåŠŸ: 192.168.31.103:7706 (vdetected)
2025-10-23 19:02:56.938 21949-23383 CarrotManNetwork        com.example.cplink                   D  ğŸ“Š æ·»åŠ åçŠ¶æ€: å·²å‘ç°è®¾å¤‡=1, å½“å‰è¿æ¥=192.168.31.103
2025-10-23 19:02:56.954 21949-21949 NetworkManager          com.example.cplink                   I  ğŸŒ ç½‘ç»œçŠ¶æ€å˜åŒ–: connected=false, device=
2025-10-23 19:02:56.954 21949-21949 NetworkManager          com.example.cplink                   I  ğŸŒ ç½‘ç»œçŠ¶æ€å˜åŒ–: connected=false, device=
2025-10-23 19:02:56.954 21949-21949 NetworkManager          com.example.cplink                   I  ğŸ¯ å‘ç°Comma3è®¾å¤‡: 192.168.31.103:7706 (vdetected)
2025-10-23 19:02:56.954 21949-21949 NetworkManager          com.example.cplink                   I  ğŸŒ ç½‘ç»œçŠ¶æ€å˜åŒ–: connected=false, device=
2025-10-23 19:02:56.954 21949-21949 NetworkManager          com.example.cplink                   I  ğŸŒ ç½‘ç»œçŠ¶æ€å˜åŒ–: connected=true, device=192.168.31.103:7706 (vdetected)
2025-10-23 19:02:57.031 21949-23383 CarrotManNetwork        com.example.cplink                   D  ğŸ“¡ å‘é€UDPæ•°æ®åŒ…åˆ° 192.168.31.103:7706, å¤§å°: 130 bytes
2025-10-23 19:02:57.033 21949-23383 CarrotManNetwork        com.example.cplink                   D  âœ… UDPæ•°æ®åŒ…å‘é€æˆåŠŸ
2025-10-23 19:02:57.039 21949-23383 CarrotManNetwork        com.example.cplink                   D  ğŸ” è§£æè®¾å¤‡å¹¿æ’­æ•°æ®: {"Carrot2": "0.9.4", "IsOnroad": false, "CarrotRouteActive": false, "ip": "192.168.31.118", "port": ... from 192.168.31.118
2025-10-23 19:02:57.040 21949-23383 CarrotManNetwork        com.example.cplink                   D  ğŸ“¡ æ£€æµ‹åˆ°OpenpPilotçŠ¶æ€æ•°æ® from 192.168.31.118
2025-10-23 19:02:57.041 21949-23383 CarrotManNetwork        com.example.cplink                   D  ğŸ” å°è¯•æ·»åŠ è®¾å¤‡: 192.168.31.118:7706 (v0.9.4), è®¾å¤‡é”®: 192.168.31.118:7706
2025-10-23 19:02:57.041 21949-23383 CarrotManNetwork        com.example.cplink                   D  ğŸ“Š å½“å‰è®¾å¤‡åˆ—è¡¨: [192.168.31.103:7706]
2025-10-23 19:02:57.041 21949-23383 CarrotManNetwork        com.example.cplink                   I  ğŸ¯ å‘ç°æ–°çš„Comma3è®¾å¤‡: 192.168.31.118:7706 (v0.9.4)
2025-10-23 19:02:57.042 21949-23383 CarrotManNetwork        com.example.cplink                   D  âš ï¸ å·²æœ‰è¿æ¥è®¾å¤‡ 192.168.31.103ï¼Œä¸è‡ªåŠ¨è¿æ¥æ–°è®¾å¤‡
2025-10-23 19:02:57.042 21949-23383 CarrotManNetwork        com.example.cplink                   D  ğŸ“Š æ·»åŠ åçŠ¶æ€: å·²å‘ç°è®¾å¤‡=2, å½“å‰è¿æ¥=192.168.31.103
2025-10-23 19:02:57.042 21949-23383 CarrotManNetwork        com.example.cplink                   I  âœ… ä»OpenpPilotçŠ¶æ€æ•°æ®ä¸­å‘ç°è®¾å¤‡: 192.168.31.118:7706 (v0.9.4)
2025-10-23 19:02:57.043 21949-21949 NetworkManager          com.example.cplink                   I  ğŸ¯ å‘ç°Comma3è®¾å¤‡: 192.168.31.118:7706 (v0.9.4)
2025-10-23 19:02:57.127 21949-21949 MainActivity            com.example.cplink                   I  ğŸ” è‡ªæ£€æŸ¥: ç”¨æˆ·ç•Œé¢ - æ­£åœ¨è®¾ç½®...
2025-10-23 19:02:57.127 21949-21949 MainActivity            com.example.cplink                   I  ğŸ” è‡ªæ£€æŸ¥: ç”¨æˆ·ç•Œé¢ - è®¾ç½®å®Œæˆ
2025-10-23 19:02:57.130 21949-23383 CarrotManNetwork        com.example.cplink                   D  ğŸ“¤ å‡†å¤‡è‡ªåŠ¨å‘é€æ•°æ®åŒ…:
2025-10-23 19:02:57.131 21949-23383 CarrotManNetwork        com.example.cplink                   D     ä½ç½®: lat=31.203643, lon=120.628017
2025-10-23 19:02:57.131 21949-23383 CarrotManNetwork        com.example.cplink                   D    ğŸ›£ï¸ é“è·¯: 
2025-10-23 19:02:57.131 21949-23383 CarrotManNetwork        com.example.cplink                   D    ğŸš¦ é™é€Ÿ: 0km/h
2025-10-23 19:02:57.131 21949-23383 CarrotManNetwork        com.example.cplink                   D    ğŸ¯ ç›®æ ‡: 
2025-10-23 19:02:57.131 21949-23383 CarrotManNetwork        com.example.cplink                   D    ğŸ§­ å¯¼èˆªçŠ¶æ€: false
2025-10-23 19:02:57.131 21949-23383 CarrotManNetwork        com.example.cplink                   D    ğŸ”„ è½¬å‘ä¿¡æ¯: ç±»å‹=-1, è·ç¦»=0m, æŒ‡ä»¤=
2025-10-23 19:02:57.131 21949-23383 CarrotManNetwork        com.example.cplink                   D    ğŸ”„ ä¸‹ä¸€è½¬å‘: ç±»å‹=-1, è·ç¦»=0m
2025-10-23 19:02:57.131 21949-23383 CarrotManNetwork        com.example.cplink                   D    ğŸ“ Xç³»åˆ—è·ç¦»: è½¬å¼¯=0.0m, ä¸‹ä¸€è½¬å¼¯=0m
2025-10-23 19:02:57.131 21949-23383 CarrotManNetwork        com.example.cplink                   D  ğŸ“ˆ ç½‘ç»œè´¨é‡è‰¯å¥½ (100%)ï¼Œæé«˜é”™è¯¯é˜ˆå€¼
2025-10-23 19:02:57.132 21949-23384 CarrotManNetwork        com.example.cplink                   D  ğŸ”„ æ£€æµ‹åˆ°æ•°æ®å˜åŒ–: é“è·¯é™é€Ÿ=false, SDI=false, TBT=false, GPS=true
2025-10-23 19:02:57.132 21949-23384 CarrotManNetwork        com.example.cplink                   V  ğŸ“¤ å‘é€GPSæ•°æ®: lat=31.203643, lon=120.628017
2025-10-23 19:02:57.133 21949-23384 CarrotManNetwork        com.example.cplink                   D  ğŸ“¡ å‘é€UDPæ•°æ®åŒ…åˆ° 192.168.31.103:7706, å¤§å°: 823 bytes
2025-10-23 19:02:57.135 21949-23384 CarrotManNetwork        com.example.cplink                   D  âœ… UDPæ•°æ®åŒ…å‘é€æˆåŠŸ
2025-10-23 19:02:57.144 21949-23383 CarrotManNetwork        com.example.cplink                   D  ğŸ” è§£æè®¾å¤‡å¹¿æ’­æ•°æ®: {"Carrot2": "0.9.4", "IsOnroad": false, "CarrotRouteActive": false, "ip": "192.168.31.118", "port": ... from 192.168.31.118
2025-10-23 19:02:57.144 21949-23383 CarrotManNetwork        com.example.cplink                   D  ğŸ“¡ æ£€æµ‹åˆ°OpenpPilotçŠ¶æ€æ•°æ® from 192.168.31.118
2025-10-23 19:02:57.144 21949-23383 CarrotManNetwork        com.example.cplink                   D  ğŸ” å°è¯•æ·»åŠ è®¾å¤‡: 192.168.31.118:7706 (v0.9.4), è®¾å¤‡é”®: 192.168.31.118:7706
2025-10-23 19:02:57.144 21949-23383 CarrotManNetwork        com.example.cplink                   D  ğŸ“Š å½“å‰è®¾å¤‡åˆ—è¡¨: [192.168.31.103:7706, 192.168.31.118:7706]
2025-10-23 19:02:57.144 21949-23383 CarrotManNetwork        com.example.cplink                   V  ğŸ”„ æ›´æ–°è®¾å¤‡æ´»è·ƒæ—¶é—´: 192.168.31.118:7706
2025-10-23 19:02:57.144 21949-23383 CarrotManNetwork        com.example.cplink                   D  ğŸ“Š æ·»åŠ åçŠ¶æ€: å·²å‘ç°è®¾å¤‡=2, å½“å‰è¿æ¥=192.168.31.103
2025-10-23 19:02:57.144 21949-23383 CarrotManNetwork        com.example.cplink                   I  âœ… ä»OpenpPilotçŠ¶æ€æ•°æ®ä¸­å‘ç°è®¾å¤‡: 192.168.31.118:7706 (v0.9.4)
2025-10-23 19:02:57.247 21949-23383 CarrotManNetwork        com.example.cplink                   D  ğŸ” è§£æè®¾å¤‡å¹¿æ’­æ•°æ®: {"Carrot2": "0.9.4", "IsOnroad": false, "CarrotRouteActive": false, "ip": "192.168.31.118", "port": ... from 192.168.31.118
2025-10-23 19:02:57.247 21949-23383 CarrotManNetwork        com.example.cplink                   D  ğŸ“¡ æ£€æµ‹åˆ°OpenpPilotçŠ¶æ€æ•°æ® from 192.168.31.118
2025-10-23 19:02:57.248 21949-23383 CarrotManNetwork        com.example.cplink                   D  ğŸ” å°è¯•æ·»åŠ è®¾å¤‡: 192.168.31.118:7706 (v0.9.4), è®¾å¤‡é”®: 192.168.31.118:7706
2025-10-23 19:02:57.248 21949-23383 CarrotManNetwork        com.example.cplink                   D  ğŸ“Š å½“å‰è®¾å¤‡åˆ—è¡¨: [192.168.31.103:7706, 192.168.31.118:7706]
2025-10-23 19:02:57.248 21949-23383 CarrotManNetwork        com.example.cplink                   V  ğŸ”„ æ›´æ–°è®¾å¤‡æ´»è·ƒæ—¶é—´: 192.168.31.118:7706
2025-10-23 19:02:57.248 21949-23383 CarrotManNetwork        com.example.cplink                   D  ğŸ“Š æ·»åŠ åçŠ¶æ€: å·²å‘ç°è®¾å¤‡=2, å½“å‰è¿æ¥=192.168.31.103
2025-10-23 19:02:57.248 21949-23383 CarrotManNetwork        com.example.cplink                   I  âœ… ä»OpenpPilotçŠ¶æ€æ•°æ®ä¸­å‘ç°è®¾å¤‡: 192.168.31.118:7706 (v0.9.4)
2025-10-23 19:02:57.328 21949-21949 MainActivity            com.example.cplink                   I  ğŸ” è‡ªæ£€æŸ¥: ç³»ç»Ÿæ£€æŸ¥ - æ‰€æœ‰æ£€æŸ¥å®Œæˆ
2025-10-23 19:02:57.329 21949-21949 MainActivity            com.example.cplink                   I  ğŸ¯ æ ¹æ®ç”¨æˆ·ç±»å‹æ‰§è¡Œæ“ä½œ: 4
2025-10-23 19:02:57.329 21949-21949 MainActivity            com.example.cplink                   I  ğŸ’ èµåŠ©è€…/é“ç²‰ï¼Œç›´æ¥æ‰“å¼€é«˜å¾·åœ°å›¾
2025-10-23 19:02:57.334 21949-23384 CarrotManNetwork        com.example.cplink                   D  ğŸ“¤ å‡†å¤‡è‡ªåŠ¨å‘é€æ•°æ®åŒ…:
2025-10-23 19:02:57.334 21949-23384 CarrotManNetwork        com.example.cplink                   D     ä½ç½®: lat=31.203643, lon=120.628017
2025-10-23 19:02:57.334 21949-23384 CarrotManNetwork        com.example.cplink                   D    ğŸ›£ï¸ é“è·¯: 
2025-10-23 19:02:57.334 21949-23384 CarrotManNetwork        com.example.cplink                   D    ğŸš¦ é™é€Ÿ: 0km/h
2025-10-23 19:02:57.334 21949-23384 CarrotManNetwork        com.example.cplink                   D    ğŸ¯ ç›®æ ‡: 
2025-10-23 19:02:57.334 21949-23384 CarrotManNetwork        com.example.cplink                   D    ğŸ§­ å¯¼èˆªçŠ¶æ€: false
2025-10-23 19:02:57.334 21949-23384 CarrotManNetwork        com.example.cplink                   D    ğŸ”„ è½¬å‘ä¿¡æ¯: ç±»å‹=-1, è·ç¦»=0m, æŒ‡ä»¤=
2025-10-23 19:02:57.334 21949-23384 CarrotManNetwork        com.example.cplink                   D    ğŸ”„ ä¸‹ä¸€è½¬å‘: ç±»å‹=-1, è·ç¦»=0m
2025-10-23 19:02:57.334 21949-23384 CarrotManNetwork        com.example.cplink                   D    ğŸ“ Xç³»åˆ—è·ç¦»: è½¬å¼¯=0.0m, ä¸‹ä¸€è½¬å¼¯=0m
2025-10-23 19:02:57.335 21949-23383 CarrotManNetwork        com.example.cplink                   D  ğŸ”„ æ£€æµ‹åˆ°æ•°æ®å˜åŒ–: é“è·¯é™é€Ÿ=false, SDI=false, TBT=false, GPS=false
2025-10-23 19:02:57.336 21949-23383 CarrotManNetwork        com.example.cplink                   V  ğŸ“¤ å‘é€GPSæ•°æ®: lat=31.203643, lon=120.628017
