2025-10-31 09:24:01.134 14348-22132 NetworkManager          com.example.cplink                   V  📤 控制指令发送 #3/6
2025-10-31 09:24:01.140 14348-22251 CarrotManNetwork        com.example.cplink                   I  ✅ 命令数据包立即发送成功: carrotCmd=SPEED, carrotArg=UP
2025-10-31 09:24:01.154 14348-22068 .example.cplink         com.example.cplink                   W  Cleared Reference was only reachable from finalizer (only reported once)
2025-10-31 09:24:01.185 14348-14348 LocationSensorManager   com.example.cplink                   I  🌍 GPS位置更新接收:
2025-10-31 09:24:01.185 14348-14348 LocationSensorManager   com.example.cplink                   I    📍 坐标: lat=31.200649, lon=120.625774
2025-10-31 09:24:01.185 14348-14348 LocationSensorManager   com.example.cplink                   I    🚀 速度: 43.4 km/h
2025-10-31 09:24:01.185 14348-14348 LocationSensorManager   com.example.cplink                   I    🧭 方向: 320.9°
2025-10-31 09:24:01.185 14348-14348 LocationSensorManager   com.example.cplink                   I    📡 精度: 3.796299m
2025-10-31 09:24:01.185 14348-14348 LocationSensorManager   com.example.cplink                   I    🔧 提供者: gps
2025-10-31 09:24:01.185 14348-14348 LocationSensorManager   com.example.cplink                   I    ⏰ 时间: -815ms前
2025-10-31 09:24:01.185 14348-14348 LocationSensorManager   com.example.cplink                   I  ✅ GPS字段更新完成 (实时性优化):
2025-10-31 09:24:01.186 14348-14348 LocationSensorManager   com.example.cplink                   D    📍 坐标: lat=31.200649, lon=120.625774
2025-10-31 09:24:01.186 14348-14348 LocationSensorManager   com.example.cplink                   D    🚀 速度: 43.4 km/h
2025-10-31 09:24:01.186 14348-14348 LocationSensorManager   com.example.cplink                   D    🧭 方向: 320.9°
2025-10-31 09:24:01.186 14348-14348 LocationSensorManager   com.example.cplink                   D    📡 精度: 3.8m
2025-10-31 09:24:01.186 14348-14348 LocationSensorManager   com.example.cplink                   D    🔧 提供者: gps
2025-10-31 09:24:01.186 14348-14348 LocationSensorManager   com.example.cplink                   D    ⏰ 数据年龄: -815ms
2025-10-31 09:24:01.186 14348-14348 LocationSensorManager   com.example.cplink                   D    🎯 实时性: 优秀
2025-10-31 09:24:01.186 14348-14348 LocationSensorManager   com.example.cplink                   V  🔍 验证GPS字段同步:
2025-10-31 09:24:01.186 14348-14348 LocationSensorManager   com.example.cplink                   V    vpPosPointLat: 31.20064912
2025-10-31 09:24:01.186 14348-14348 LocationSensorManager   com.example.cplink                   V    vpPosPointLon: 120.62577373
2025-10-31 09:24:01.186 14348-14348 LocationSensorManager   com.example.cplink                   V    latitude: 31.20064912
2025-10-31 09:24:01.186 14348-14348 LocationSensorManager   com.example.cplink                   V    longitude: 120.62577373
2025-10-31 09:24:01.192 14348-22253 AmapBroadcastHandlers   com.example.cplink                   D  🌍 地理位置: 行政区='', 城市='', 区县=''
2025-10-31 09:24:01.236 14348-22253 NetworkManager          com.example.cplink                   V  📤 控制指令发送 #4/6
2025-10-31 09:24:01.242 14348-22251 CarrotManNetwork        com.example.cplink                   I  ✅ 命令数据包立即发送成功: carrotCmd=SPEED, carrotArg=UP
2025-10-31 09:24:01.338 14348-22253 NetworkManager          com.example.cplink                   V  📤 控制指令发送 #5/6
2025-10-31 09:24:01.342 14348-22132 CarrotManNetwork        com.example.cplink                   I  ✅ 命令数据包立即发送成功: carrotCmd=SPEED, carrotArg=UP
2025-10-31 09:24:01.438 14348-22251 NetworkManager          com.example.cplink                   V  📤 控制指令发送 #6/6
2025-10-31 09:24:01.438 14348-22251 NetworkManager          com.example.cplink                   I  ✅ 控制指令已发送完成（6次重复）: carrotCmd=SPEED, carrotArg=UP
2025-10-31 09:24:01.440 14348-22132 CarrotManNetwork        com.example.cplink                   I  ✅ 命令数据包立即发送成功: carrotCmd=SPEED, carrotArg=UP
2025-10-31 09:24:01.897 14348-22248 AmapBroadcastHandlers   com.example.cplink                   D  🛣️ 道路类型映射: ROAD_TYPE=8 (次要道路) -> roadcate=6 (中等宽度（双车道）)
2025-10-31 09:24:01.898 14348-22248 AmapBroadcastHandlers   com.example.cplink                   I  🧭 引导信息: 道路=云湾路->荣区街, 转弯类型=13, 距离=392m
2025-10-31 09:24:01.899 14348-22248 AmapBroadcastHandlers   com.example.cplink                   V    使用effectiveLatitude策略: vpPosPointLat=31.20064912, vpPosPointLatNavi=31.20064912
2025-10-31 09:24:01.930 14348-22253 AmapBroadcastManager    com.example.cplink                   D  📡 处理通用广播: KEY_TYPE=13011
2025-10-31 09:24:01.934 14348-22253 AmapBroadcastHandlers   com.example.cplink                   D  🛣️ 道路类型映射: ROAD_TYPE=8 (次要道路) -> roadcate=6 (中等宽度（双车道）)
2025-10-31 09:24:01.934 14348-22253 AmapBroadcastHandlers   com.example.cplink                   I  🧭 引导信息: 道路=云湾路->荣区街, 转弯类型=13, 距离=380m
2025-10-31 09:24:01.935 14348-22253 AmapBroadcastHandlers   com.example.cplink                   V    使用effectiveLatitude策略: vpPosPointLat=31.20064912, vpPosPointLatNavi=31.20064912
2025-10-31 09:24:01.938 14348-22253 AmapBroadcastHandlers   com.example.cplink                   D  🛣️ 道路类型映射: ROAD_TYPE=8 (次要道路) -> roadcate=6 (中等宽度（双车道）)
2025-10-31 09:24:01.938 14348-22253 AmapBroadcastHandlers   com.example.cplink                   I  🧭 引导信息: 道路=云湾路->荣区街, 转弯类型=13, 距离=380m
2025-10-31 09:24:01.939 14348-22253 AmapBroadcastHandlers   com.example.cplink                   V    使用effectiveLatitude策略: vpPosPointLat=31.20064912, vpPosPointLatNavi=31.20064912
2025-10-31 09:24:01.939 14348-14348 NetworkManager          com.example.cplink                   D  🧹 已延迟清理CarrotManFields中的指令字段
2025-10-31 09:24:02.186 14348-14348 LocationSensorManager   com.example.cplink                   I  🌍 GPS位置更新接收:
2025-10-31 09:24:02.187 14348-14348 LocationSensorManager   com.example.cplink                   I    📍 坐标: lat=31.200736, lon=120.625694
2025-10-31 09:24:02.187 14348-14348 LocationSensorManager   com.example.cplink                   I    🚀 速度: 43.5 km/h
2025-10-31 09:24:02.187 14348-14348 LocationSensorManager   com.example.cplink                   I    🧭 方向: 322.1°
2025-10-31 09:24:02.187 14348-14348 LocationSensorManager   com.example.cplink                   I    📡 精度: 3.795278m
2025-10-31 09:24:02.187 14348-14348 LocationSensorManager   com.example.cplink                   I    🔧 提供者: gps
2025-10-31 09:24:02.187 14348-14348 LocationSensorManager   com.example.cplink                   I    ⏰ 时间: -813ms前
2025-10-31 09:24:02.188 14348-14348 LocationSensorManager   com.example.cplink                   I  ✅ GPS字段更新完成 (实时性优化):
2025-10-31 09:24:02.189 14348-14348 LocationSensorManager   com.example.cplink                   D    📍 坐标: lat=31.200736, lon=120.625694
2025-10-31 09:24:02.189 14348-14348 LocationSensorManager   com.example.cplink                   D    🚀 速度: 43.5 km/h
2025-10-31 09:24:02.190 14348-14348 LocationSensorManager   com.example.cplink                   D    🧭 方向: 322.1°
2025-10-31 09:24:02.190 14348-14348 LocationSensorManager   com.example.cplink                   D    📡 精度: 3.8m
2025-10-31 09:24:02.190 14348-14348 LocationSensorManager   com.example.cplink                   D    🔧 提供者: gps
2025-10-31 09:24:02.190 14348-14348 LocationSensorManager   com.example.cplink                   D    ⏰ 数据年龄: -815ms
2025-10-31 09:24:02.190 14348-14348 LocationSensorManager   com.example.cplink                   D    🎯 实时性: 优秀
2025-10-31 09:24:02.190 14348-14348 LocationSensorManager   com.example.cplink                   V  🔍 验证GPS字段同步:
2025-10-31 09:24:02.190 14348-14348 LocationSensorManager   com.example.cplink                   V    vpPosPointLat: 31.20073593
2025-10-31 09:24:02.190 14348-14348 LocationSensorManager   com.example.cplink                   V    vpPosPointLon: 120.62569389
2025-10-31 09:24:02.190 14348-14348 LocationSensorManager   com.example.cplink                   V    latitude: 31.20073593
2025-10-31 09:24:02.190 14348-14348 LocationSensorManager   com.example.cplink                   V    longitude: 120.62569389
2025-10-31 09:24:02.204 14348-22248 AmapBroadcastHandlers   com.example.cplink                   D  🌍 地理位置: 行政区='', 城市='', 区县=''
2025-10-31 09:24:02.922 14348-22251 AmapBroadcastManager    com.example.cplink                   D  📡 处理通用广播: KEY_TYPE=13011
2025-10-31 09:24:02.931 14348-22251 AmapBroadcastHandlers   com.example.cplink                   D  🛣️ 道路类型映射: ROAD_TYPE=8 (次要道路) -> roadcate=6 (中等宽度（双车道）)
2025-10-31 09:24:02.931 14348-22251 AmapBroadcastHandlers   com.example.cplink                   I  🧭 引导信息: 道路=云湾路->荣区街, 转弯类型=13, 距离=380m
2025-10-31 09:24:02.933 14348-22251 AmapBroadcastHandlers   com.example.cplink                   V    使用effectiveLatitude策略: vpPosPointLat=31.20073593, vpPosPointLatNavi=31.20073593
2025-10-31 09:24:02.934 14348-22251 AmapBroadcastHandlers   com.example.cplink                   D  🛣️ 道路类型映射: ROAD_TYPE=8 (次要道路) -> roadcate=6 (中等宽度（双车道）)
2025-10-31 09:24:02.934 14348-22251 AmapBroadcastHandlers   com.example.cplink                   I  🧭 引导信息: 道路=云湾路->荣区街, 转弯类型=13, 距离=367m
2025-10-31 09:24:02.936 14348-22251 AmapBroadcastHandlers   com.example.cplink                   V    使用effectiveLatitude策略: vpPosPointLat=31.20073593, vpPosPointLatNavi=31.20073593
2025-10-31 09:24:02.947 14348-22251 AmapBroadcastHandlers   com.example.cplink                   D  🛣️ 道路类型映射: ROAD_TYPE=8 (次要道路) -> roadcate=6 (中等宽度（双车道）)
2025-10-31 09:24:02.947 14348-22251 AmapBroadcastHandlers   com.example.cplink                   I  🧭 引导信息: 道路=云湾路->荣区街, 转弯类型=13, 距离=367m
2025-10-31 09:24:02.948 14348-22251 AmapBroadcastHandlers   com.example.cplink                   V    使用effectiveLatitude策略: vpPosPointLat=31.20073593, vpPosPointLatNavi=31.20073593
2025-10-31 09:24:03.189 14348-14348 LocationSensorManager   com.example.cplink                   I  🌍 GPS位置更新接收:
2025-10-31 09:24:03.190 14348-14348 LocationSensorManager   com.example.cplink                   I    📍 坐标: lat=31.200824, lon=120.625616
2025-10-31 09:24:03.190 14348-14348 LocationSensorManager   com.example.cplink                   I    🚀 速度: 43.6 km/h
2025-10-31 09:24:03.190 14348-14348 LocationSensorManager   com.example.cplink                   I    🧭 方向: 323.0°
2025-10-31 09:24:03.190 14348-14348 LocationSensorManager   com.example.cplink                   I    📡 精度: 3.7953017m
2025-10-31 09:24:03.190 14348-14348 LocationSensorManager   com.example.cplink                   I    🔧 提供者: gps
2025-10-31 09:24:03.190 14348-14348 LocationSensorManager   com.example.cplink                   I    ⏰ 时间: -810ms前
2025-10-31 09:24:03.190 14348-14348 LocationSensorManager   com.example.cplink                   I  ✅ GPS字段更新完成 (实时性优化):
2025-10-31 09:24:03.191 14348-14348 LocationSensorManager   com.example.cplink                   D    📍 坐标: lat=31.200824, lon=120.625616
2025-10-31 09:24:03.191 14348-14348 LocationSensorManager   com.example.cplink                   D    🚀 速度: 43.6 km/h
2025-10-31 09:24:03.191 14348-14348 LocationSensorManager   com.example.cplink                   D    🧭 方向: 323.0°
2025-10-31 09:24:03.191 14348-14348 LocationSensorManager   com.example.cplink                   D    📡 精度: 3.8m
2025-10-31 09:24:03.191 14348-14348 LocationSensorManager   com.example.cplink                   D    🔧 提供者: gps
2025-10-31 09:24:03.192 14348-14348 LocationSensorManager   com.example.cplink                   D    ⏰ 数据年龄: -812ms
2025-10-31 09:24:03.192 14348-14348 LocationSensorManager   com.example.cplink                   D    🎯 实时性: 优秀
2025-10-31 09:24:03.192 14348-14348 LocationSensorManager   com.example.cplink                   V  🔍 验证GPS字段同步:
2025-10-31 09:24:03.192 14348-14348 LocationSensorManager   com.example.cplink                   V    vpPosPointLat: 31.20082407
2025-10-31 09:24:03.192 14348-14348 LocationSensorManager   com.example.cplink                   V    vpPosPointLon: 120.62561566
2025-10-31 09:24:03.192 14348-14348 LocationSensorManager   com.example.cplink                   V    latitude: 31.20082407
2025-10-31 09:24:03.192 14348-14348 LocationSensorManager   com.example.cplink                   V    longitude: 120.62561566
2025-10-31 09:24:03.208 14348-22253 AmapBroadcastHandlers   com.example.cplink                   D  🌍 地理位置: 行政区='', 城市='', 区县=''
2025-10-31 09:24:03.712 14348-14348 MainActivity            com.example.cplink                   I  🚀 主页：用户点击高阶按钮，用户类型: 4
2025-10-31 09:24:03.712 14348-14348 MainActivity            com.example.cplink                   I  ✅ 用户类型验证通过，打开高阶功能弹窗
2025-10-31 09:24:03.749 14348-14348 WindowOnBackDispatcher  com.example.cplink                   W  OnBackInvokedCallback is not enabled for the application.
                                                                                                    Set 'android:enableOnBackInvokedCallback="true"' in the application manifest.
2025-10-31 09:24:03.850 14348-14348 ViewRootImpl            com.example.cplink                   D  AppSizeAfterRelayout, size: Point(780, 780), rotation: ROTATION_0
2025-10-31 09:24:03.851 14348-14348 libc                    com.example.cplink                   W  Access denied finding property "vendor.display.enable_optimal_refresh_rate"
2025-10-31 09:24:03.848 14348-14348 .example.cplink         com.example.cplink                   W  type=1400 audit(0.0:3862650): avc:  denied  { read } for  name="u:object_r:vendor_display_prop:s0" dev="tmpfs" ino=462 scontext=u:r:untrusted_app:s0:c200,c257,c512,c768 tcontext=u:object_r:vendor_display_prop:s0 tclass=file permissive=0 app=com.example.cplink
2025-10-31 09:24:03.930 14348-14348 ImeFocusController      com.example.cplink                   V  onWindowFocus: com.android.internal.policy.DecorView{3339e1 V.E...... R....... 0,0-588,588}[MainActivity] softInputMode=STATE_UNSPECIFIED|ADJUST_PAN
2025-10-31 09:24:03.932 14348-22251 AmapBroadcastManager    com.example.cplink                   D  📡 处理通用广播: KEY_TYPE=13011
2025-10-31 09:24:03.950 14348-22251 AmapBroadcastHandlers   com.example.cplink                   D  🛣️ 道路类型映射: ROAD_TYPE=8 (次要道路) -> roadcate=6 (中等宽度（双车道）)
2025-10-31 09:24:03.950 14348-22251 AmapBroadcastHandlers   com.example.cplink                   I  🧭 引导信息: 道路=云湾路->荣区街, 转弯类型=13, 距离=367m
2025-10-31 09:24:03.951 14348-22251 AmapBroadcastHandlers   com.example.cplink                   V    使用effectiveLatitude策略: vpPosPointLat=31.20082407, vpPosPointLatNavi=31.20082407
2025-10-31 09:24:03.953 14348-22251 AmapBroadcastHandlers   com.example.cplink                   D  🛣️ 道路类型映射: ROAD_TYPE=8 (次要道路) -> roadcate=6 (中等宽度（双车道）)
2025-10-31 09:24:03.953 14348-22251 AmapBroadcastHandlers   com.example.cplink                   I  🧭 引导信息: 道路=云湾路->荣区街, 转弯类型=13, 距离=355m
2025-10-31 09:24:03.954 14348-22251 AmapBroadcastHandlers   com.example.cplink                   V    使用effectiveLatitude策略: vpPosPointLat=31.20082407, vpPosPointLatNavi=31.20082407
2025-10-31 09:24:03.965 14348-22251 AmapBroadcastHandlers   com.example.cplink                   D  🛣️ 道路类型映射: ROAD_TYPE=8 (次要道路) -> roadcate=6 (中等宽度（双车道）)
2025-10-31 09:24:03.965 14348-22251 AmapBroadcastHandlers   com.example.cplink                   I  🧭 引导信息: 道路=云湾路->荣区街, 转弯类型=13, 距离=355m
2025-10-31 09:24:03.965 14348-22251 AmapBroadcastHandlers   com.example.cplink                   V    使用effectiveLatitude策略: vpPosPointLat=31.20082407, vpPosPointLatNavi=31.20082407
2025-10-31 09:24:04.192 14348-14348 LocationSensorManager   com.example.cplink                   I  🌍 GPS位置更新接收:
2025-10-31 09:24:04.192 14348-14348 LocationSensorManager   com.example.cplink                   I    📍 坐标: lat=31.200912, lon=120.625539
2025-10-31 09:24:04.193 14348-14348 LocationSensorManager   com.example.cplink                   I    🚀 速度: 43.6 km/h
2025-10-31 09:24:04.193 14348-14348 LocationSensorManager   com.example.cplink                   I    🧭 方向: 323.8°
2025-10-31 09:24:04.193 14348-14348 LocationSensorManager   com.example.cplink                   I    📡 精度: 3.7957654m
2025-10-31 09:24:04.193 14348-14348 LocationSensorManager   com.example.cplink                   I    🔧 提供者: gps
2025-10-31 09:24:04.193 14348-14348 LocationSensorManager   com.example.cplink                   I    ⏰ 时间: -807ms前
2025-10-31 09:24:04.193 14348-14348 LocationSensorManager   com.example.cplink                   I  ✅ GPS字段更新完成 (实时性优化):
2025-10-31 09:24:04.193 14348-14348 LocationSensorManager   com.example.cplink                   D    📍 坐标: lat=31.200912, lon=120.625539
2025-10-31 09:24:04.193 14348-14348 LocationSensorManager   com.example.cplink                   D    🚀 速度: 43.6 km/h
2025-10-31 09:24:04.193 14348-14348 LocationSensorManager   com.example.cplink                   D    🧭 方向: 323.8°
2025-10-31 09:24:04.193 14348-14348 LocationSensorManager   com.example.cplink                   D    📡 精度: 3.8m
2025-10-31 09:24:04.193 14348-14348 LocationSensorManager   com.example.cplink                   D    🔧 提供者: gps
2025-10-31 09:24:04.193 14348-14348 LocationSensorManager   com.example.cplink                   D    ⏰ 数据年龄: -808ms
2025-10-31 09:24:04.193 14348-14348 LocationSensorManager   com.example.cplink                   D    🎯 实时性: 优秀
2025-10-31 09:24:04.193 14348-14348 LocationSensorManager   com.example.cplink                   V  🔍 验证GPS字段同步:
2025-10-31 09:24:04.193 14348-14348 LocationSensorManager   com.example.cplink                   V    vpPosPointLat: 31.20091213
2025-10-31 09:24:04.193 14348-14348 LocationSensorManager   com.example.cplink                   V    vpPosPointLon: 120.62553921
2025-10-31 09:24:04.193 14348-14348 LocationSensorManager   com.example.cplink                   V    latitude: 31.20091213
2025-10-31 09:24:04.193 14348-14348 LocationSensorManager   com.example.cplink                   V    longitude: 120.62553921
2025-10-31 09:24:04.201 14348-22248 AmapBroadcastHandlers   com.example.cplink                   D  🌍 地理位置: 行政区='', 城市='', 区县=''
2025-10-31 09:24:04.872 14348-14348 MainActivity            com.example.cplink                   I  🎮 高阶弹窗：用户点击加速按钮
2025-10-31 09:24:04.872 14348-14348 MainActivity            com.example.cplink                   I  🎮 主页发送Carrot命令: SPEED UP
2025-10-31 09:24:04.872 14348-14348 MainActivity            com.example.cplink                   D  ✅ NetworkManager已初始化，准备发送控制指令
2025-10-31 09:24:04.872 14348-14348 NetworkManager          com.example.cplink                   D  🎮 NetworkManager.sendControlCommand: SPEED UP
2025-10-31 09:24:04.873 14348-14348 MainActivity            com.example.cplink                   I  ✅ 指令已发送: SPEED UP
2025-10-31 09:24:04.873 14348-22132 NetworkManager          com.example.cplink                   D  📡 准备发送控制指令到设备（重复发送模式）
2025-10-31 09:24:04.874 14348-22132 NetworkManager          com.example.cplink                   D  🔄 已更新CarrotManFields: carrotCmd=SPEED, carrotArg=UP, carrotCmdIndex=2
2025-10-31 09:24:04.874 14348-22132 NetworkManager          com.example.cplink                   V  📤 控制指令发送 #1/6
2025-10-31 09:24:04.880 14348-22132 CarrotManNetwork        com.example.cplink                   I  ✅ 命令数据包立即发送成功: carrotCmd=SPEED, carrotArg=UP
2025-10-31 09:24:04.884 14348-14348 WindowOnBackDispatcher  com.example.cplink                   W  sendCancelIfRunning: isInProgress=false callback=android.view.ViewRootImpl$$ExternalSyntheticLambda11@7122ee3
2025-10-31 09:24:04.904 14348-22122 HWUI                    com.example.cplink                   D  endAllActiveAnimators on 0xb40000794004e2f0 (UnprojectedRipple) with handle 0xb4000079c007b330
2025-10-31 09:24:04.940 14348-14348 ImeFocusController      com.example.cplink                   V  onWindowFocus: com.android.internal.policy.DecorView{1321e25 V.E...... R....... 0,0-1080,2400 aid=0}[MainActivity] softInputMode=STATE_UNSPECIFIED|ADJUST_PAN
2025-10-31 09:24:04.976 14348-22248 NetworkManager          com.example.cplink                   V  📤 控制指令发送 #2/6
2025-10-31 09:24:04.984 14348-22251 CarrotManNetwork        com.example.cplink                   I  ✅ 命令数据包立即发送成功: carrotCmd=SPEED, carrotArg=UP
2025-10-31 09:24:05.001 14348-22251 AmapBroadcastHandlers   com.example.cplink                   D  🛣️ 道路类型映射: ROAD_TYPE=8 (次要道路) -> roadcate=6 (中等宽度（双车道）)
2025-10-31 09:24:05.001 14348-22251 AmapBroadcastHandlers   com.example.cplink                   I  🧭 引导信息: 道路=云湾路->荣区街, 转弯类型=13, 距离=355m
2025-10-31 09:24:05.002 14348-22251 AmapBroadcastHandlers   com.example.cplink                   V    使用effectiveLatitude策略: vpPosPointLat=31.20091213, vpPosPointLatNavi=31.20091213
2025-10-31 09:24:05.028 14348-22251 AmapBroadcastManager    com.example.cplink                   D  📡 处理通用广播: KEY_TYPE=13011
2025-10-31 09:24:05.033 14348-22251 AmapBroadcastHandlers   com.example.cplink                   D  🛣️ 道路类型映射: ROAD_TYPE=8 (次要道路) -> roadcate=6 (中等宽度（双车道）)
2025-10-31 09:24:05.033 14348-22251 AmapBroadcastHandlers   com.example.cplink                   I  🧭 引导信息: 道路=云湾路->荣区街, 转弯类型=13, 距离=342m
2025-10-31 09:24:05.034 14348-22251 AmapBroadcastHandlers   com.example.cplink                   V    使用effectiveLatitude策略: vpPosPointLat=31.20091213, vpPosPointLatNavi=31.20091213
2025-10-31 09:24:05.040 14348-22251 AmapBroadcastHandlers   com.example.cplink                   D  🛣️ 道路类型映射: ROAD_TYPE=8 (次要道路) -> roadcate=6 (中等宽度（双车道）)
2025-10-31 09:24:05.040 14348-22251 AmapBroadcastHandlers   com.example.cplink                   I  🧭 引导信息: 道路=云湾路->荣区街, 转弯类型=13, 距离=342m
2025-10-31 09:24:05.041 14348-22251 AmapBroadcastHandlers   com.example.cplink                   V    使用effectiveLatitude策略: vpPosPointLat=31.20091213, vpPosPointLatNavi=31.20091213
2025-10-31 09:24:05.079 14348-22251 NetworkManager          com.example.cplink                   V  📤 控制指令发送 #3/6
2025-10-31 09:24:05.084 14348-22248 CarrotManNetwork        com.example.cplink                   I  ✅ 命令数据包立即发送成功: carrotCmd=SPEED, carrotArg=UP
2025-10-31 09:24:05.171 14348-14348 LocationSensorManager   com.example.cplink                   I  🌍 GPS位置更新接收:
2025-10-31 09:24:05.171 14348-14348 LocationSensorManager   com.example.cplink                   I    📍 坐标: lat=31.201002, lon=120.625463
2025-10-31 09:24:05.171 14348-14348 LocationSensorManager   com.example.cplink                   I    🚀 速度: 43.5 km/h
2025-10-31 09:24:05.171 14348-14348 LocationSensorManager   com.example.cplink                   I    🧭 方向: 324.5°
2025-10-31 09:24:05.171 14348-14348 LocationSensorManager   com.example.cplink                   I    📡 精度: 3.7958903m
2025-10-31 09:24:05.171 14348-14348 LocationSensorManager   com.example.cplink                   I    🔧 提供者: gps
2025-10-31 09:24:05.171 14348-14348 LocationSensorManager   com.example.cplink                   I    ⏰ 时间: -829ms前
2025-10-31 09:24:05.171 14348-14348 LocationSensorManager   com.example.cplink                   I  ✅ GPS字段更新完成 (实时性优化):
2025-10-31 09:24:05.172 14348-14348 LocationSensorManager   com.example.cplink                   D    📍 坐标: lat=31.201002, lon=120.625463
2025-10-31 09:24:05.172 14348-14348 LocationSensorManager   com.example.cplink                   D    🚀 速度: 43.5 km/h
2025-10-31 09:24:05.172 14348-14348 LocationSensorManager   com.example.cplink                   D    🧭 方向: 324.5°
2025-10-31 09:24:05.172 14348-14348 LocationSensorManager   com.example.cplink                   D    📡 精度: 3.8m
2025-10-31 09:24:05.172 14348-14348 LocationSensorManager   com.example.cplink                   D    🔧 提供者: gps
2025-10-31 09:24:05.172 14348-14348 LocationSensorManager   com.example.cplink                   D    ⏰ 数据年龄: -830ms
2025-10-31 09:24:05.172 14348-14348 LocationSensorManager   com.example.cplink                   D    🎯 实时性: 优秀
2025-10-31 09:24:05.172 14348-14348 LocationSensorManager   com.example.cplink                   V  🔍 验证GPS字段同步:
2025-10-31 09:24:05.172 14348-14348 LocationSensorManager   com.example.cplink                   V    vpPosPointLat: 31.20100249
2025-10-31 09:24:05.172 14348-14348 LocationSensorManager   com.example.cplink                   V    vpPosPointLon: 120.62546344
2025-10-31 09:24:05.172 14348-14348 LocationSensorManager   com.example.cplink                   V    latitude: 31.20100249
2025-10-31 09:24:05.172 14348-14348 LocationSensorManager   com.example.cplink                   V    longitude: 120.62546344
2025-10-31 09:24:05.178 14348-22130 AmapBroadcastHandlers   com.example.cplink                   D  🌍 地理位置: 行政区='', 城市='', 区县=''
2025-10-31 09:24:05.181 14348-22130 NetworkManager          com.example.cplink                   V  📤 控制指令发送 #4/6
2025-10-31 09:24:05.184 14348-22131 CarrotManNetwork        com.example.cplink                   I  ✅ 命令数据包立即发送成功: carrotCmd=SPEED, carrotArg=UP
2025-10-31 09:24:05.285 14348-22131 NetworkManager          com.example.cplink                   V  📤 控制指令发送 #5/6
2025-10-31 09:24:05.296 14348-22130 CarrotManNetwork        com.example.cplink                   I  ✅ 命令数据包立即发送成功: carrotCmd=SPEED, carrotArg=UP
2025-10-31 09:24:05.389 14348-22130 NetworkManager          com.example.cplink                   V  📤 控制指令发送 #6/6
2025-10-31 09:24:05.389 14348-22130 NetworkManager          com.example.cplink                   I  ✅ 控制指令已发送完成（6次重复）: carrotCmd=SPEED, carrotArg=UP
2025-10-31 09:24:05.410 14348-22131 CarrotManNetwork        com.example.cplink                   I  ✅ 命令数据包立即发送成功: carrotCmd=SPEED, carrotArg=UP
2025-10-31 09:24:05.824 14348-14348 MainActivity            com.example.cplink                   I  🚀 主页：用户点击高阶按钮，用户类型: 4
2025-10-31 09:24:05.825 14348-14348 MainActivity            com.example.cplink                   I  ✅ 用户类型验证通过，打开高阶功能弹窗
2025-10-31 09:24:05.851 14348-14348 WindowOnBackDispatcher  com.example.cplink                   W  OnBackInvokedCallback is not enabled for the application.
                                                                                                    Set 'android:enableOnBackInvokedCallback="true"' in the application manifest.
2025-10-31 09:24:05.929 14348-14348 ViewRootImpl            com.example.cplink                   D  AppSizeAfterRelayout, size: Point(780, 780), rotation: ROTATION_0
2025-10-31 09:24:05.929 14348-14348 libc                    com.example.cplink                   W  Access denied finding property "vendor.display.enable_optimal_refresh_rate"
2025-10-31 09:24:05.928 14348-14348 .example.cplink         com.example.cplink                   W  type=1400 audit(0.0:3862654): avc:  denied  { read } for  name="u:object_r:vendor_display_prop:s0" dev="tmpfs" ino=462 scontext=u:r:untrusted_app:s0:c200,c257,c512,c768 tcontext=u:object_r:vendor_display_prop:s0 tclass=file permissive=0 app=com.example.cplink
2025-10-31 09:24:05.974 14348-14348 NetworkManager          com.example.cplink                   D  🧹 已延迟清理CarrotManFields中的指令字段
2025-10-31 09:24:05.997 14348-14348 ImeFocusController      com.example.cplink                   V  onWindowFocus: com.android.internal.policy.DecorView{f6786a1 V.E...... R....... 0,0-588,588}[MainActivity] softInputMode=STATE_UNSPECIFIED|ADJUST_PAN
2025-10-31 09:24:06.111 14348-22131 AmapBroadcastManager    com.example.cplink                   D  📡 处理通用广播: KEY_TYPE=13011
2025-10-31 09:24:06.114 14348-22131 AmapBroadcastHandlers   com.example.cplink                   D  🛣️ 道路类型映射: ROAD_TYPE=8 (次要道路) -> roadcate=6 (中等宽度（双车道）)
2025-10-31 09:24:06.115 14348-22131 AmapBroadcastHandlers   com.example.cplink                   I  🧭 引导信息: 道路=云湾路->荣区街, 转弯类型=13, 距离=329m
2025-10-31 09:24:06.115 14348-22131 AmapBroadcastHandlers   com.example.cplink                   V    使用effectiveLatitude策略: vpPosPointLat=31.20100249, vpPosPointLatNavi=31.20100249
2025-10-31 09:24:06.118 14348-22131 AmapBroadcastHandlers   com.example.cplink                   D  🛣️ 道路类型映射: ROAD_TYPE=8 (次要道路) -> roadcate=6 (中等宽度（双车道）)
2025-10-31 09:24:06.118 14348-22131 AmapBroadcastHandlers   com.example.cplink                   I  🧭 引导信息: 道路=云湾路->荣区街, 转弯类型=13, 距离=329m
2025-10-31 09:24:06.119 14348-22131 AmapBroadcastHandlers   com.example.cplink                   V    使用effectiveLatitude策略: vpPosPointLat=31.20100249, vpPosPointLatNavi=31.20100249
2025-10-31 09:24:06.120 14348-22131 AmapBroadcastHandlers   com.example.cplink                   D  🛣️ 道路类型映射: ROAD_TYPE=8 (次要道路) -> roadcate=6 (中等宽度（双车道）)
2025-10-31 09:24:06.120 14348-22131 AmapBroadcastHandlers   com.example.cplink                   I  🧭 引导信息: 道路=云湾路->荣区街, 转弯类型=13, 距离=329m
2025-10-31 09:24:06.121 14348-22131 AmapBroadcastHandlers   com.example.cplink                   V    使用effectiveLatitude策略: vpPosPointLat=31.20100249, vpPosPointLatNavi=31.20100249
2025-10-31 09:24:06.166 14348-14348 LocationSensorManager   com.example.cplink                   I  🌍 GPS位置更新接收:
2025-10-31 09:24:06.167 14348-14348 LocationSensorManager   com.example.cplink                   I    📍 坐标: lat=31.201093, lon=120.625391
2025-10-31 09:24:06.167 14348-14348 LocationSensorManager   com.example.cplink                   I    🚀 速度: 43.5 km/h
2025-10-31 09:24:06.167 14348-14348 LocationSensorManager   com.example.cplink                   I    🧭 方向: 325.2°
2025-10-31 09:24:06.167 14348-14348 LocationSensorManager   com.example.cplink                   I    📡 精度: 3.7958353m
2025-10-31 09:24:06.167 14348-14348 LocationSensorManager   com.example.cplink                   I    🔧 提供者: gps
2025-10-31 09:24:06.167 14348-14348 LocationSensorManager   com.example.cplink                   I    ⏰ 时间: -833ms前
2025-10-31 09:24:06.167 14348-14348 LocationSensorManager   com.example.cplink                   I  ✅ GPS字段更新完成 (实时性优化):
2025-10-31 09:24:06.167 14348-14348 LocationSensorManager   com.example.cplink                   D    📍 坐标: lat=31.201093, lon=120.625391
2025-10-31 09:24:06.167 14348-14348 LocationSensorManager   com.example.cplink                   D    🚀 速度: 43.5 km/h
2025-10-31 09:24:06.167 14348-14348 LocationSensorManager   com.example.cplink                   D    🧭 方向: 325.2°
2025-10-31 09:24:06.167 14348-14348 LocationSensorManager   com.example.cplink                   D    📡 精度: 3.8m
2025-10-31 09:24:06.167 14348-14348 LocationSensorManager   com.example.cplink                   D    🔧 提供者: gps
2025-10-31 09:24:06.167 14348-14348 LocationSensorManager   com.example.cplink                   D    ⏰ 数据年龄: -834ms
2025-10-31 09:24:06.167 14348-14348 LocationSensorManager   com.example.cplink                   D    🎯 实时性: 优秀
2025-10-31 09:24:06.167 14348-14348 LocationSensorManager   com.example.cplink                   V  🔍 验证GPS字段同步:
2025-10-31 09:24:06.167 14348-14348 LocationSensorManager   com.example.cplink                   V    vpPosPointLat: 31.20109256
2025-10-31 09:24:06.168 14348-14348 LocationSensorManager   com.example.cplink                   V    vpPosPointLon: 120.625391
2025-10-31 09:24:06.168 14348-14348 LocationSensorManager   com.example.cplink                   V    latitude: 31.20109256
2025-10-31 09:24:06.168 14348-14348 LocationSensorManager   com.example.cplink                   V    longitude: 120.625391
2025-10-31 09:24:06.172 14348-22131 AmapBroadcastHandlers   com.example.cplink                   D  🌍 地理位置: 行政区='', 城市='', 区县=''
2025-10-31 09:24:06.335 14348-14348 NetworkManager          com.example.cplink                   I  🔄 状态变化: 车速 43 -> 44, 激活 true -> true
2025-10-31 09:24:06.353 14348-14348 LocationSensorManager   com.example.cplink                   I  🌍 GPS位置更新接收:
2025-10-31 09:24:06.353 14348-14348 LocationSensorManager   com.example.cplink                   I    📍 坐标: lat=31.201086, lon=120.625547
2025-10-31 09:24:06.353 14348-14348 LocationSensorManager   com.example.cplink                   I    🚀 速度: 无速度数据
2025-10-31 09:24:06.353 14348-14348 LocationSensorManager   com.example.cplink                   I    🧭 方向: 无方向数据
2025-10-31 09:24:06.353 14348-14348 LocationSensorManager   com.example.cplink                   I    📡 精度: 3.0m
2025-10-31 09:24:06.353 14348-14348 LocationSensorManager   com.example.cplink                   I    🔧 提供者: network
2025-10-31 09:24:06.354 14348-14348 LocationSensorManager   com.example.cplink                   I    ⏰ 时间: 354ms前
2025-10-31 09:24:06.354 14348-14348 LocationSensorManager   com.example.cplink                   I  ✅ GPS字段更新完成 (实时性优化):
2025-10-31 09:24:06.354 14348-14348 LocationSensorManager   com.example.cplink                   D    📍 坐标: lat=31.201086, lon=120.625547
2025-10-31 09:24:06.354 14348-14348 LocationSensorManager   com.example.cplink                   D    🚀 速度: 无速度数据
2025-10-31 09:24:06.354 14348-14348 LocationSensorManager   com.example.cplink                   D    🧭 方向: 无方向数据
2025-10-31 09:24:06.354 14348-14348 LocationSensorManager   com.example.cplink                   D    📡 精度: 3.0m
2025-10-31 09:24:06.354 14348-14348 LocationSensorManager   com.example.cplink                   D    🔧 提供者: network
2025-10-31 09:24:06.354 14348-14348 LocationSensorManager   com.example.cplink                   D    ⏰ 数据年龄: 352ms
2025-10-31 09:24:06.354 14348-14348 LocationSensorManager   com.example.cplink                   D    🎯 实时性: 优秀
2025-10-31 09:24:06.354 14348-14348 LocationSensorManager   com.example.cplink                   V  🔍 验证GPS字段同步:
2025-10-31 09:24:06.354 14348-14348 LocationSensorManager   com.example.cplink                   V    vpPosPointLat: 31.201086
2025-10-31 09:24:06.354 14348-14348 LocationSensorManager   com.example.cplink                   V    vpPosPointLon: 120.625547
2025-10-31 09:24:06.354 14348-14348 LocationSensorManager   com.example.cplink                   V    latitude: 31.201086
2025-10-31 09:24:06.354 14348-14348 LocationSensorManager   com.example.cplink                   V    longitude: 120.625547
2025-10-31 09:24:06.440 14348-14348 NetworkManager          com.example.cplink                   I  🔄 状态变化: 车速 44 -> 43, 激活 true -> true
2025-10-31 09:24:06.697 14348-14348 MainActivity            com.example.cplink                   I  🎮 高阶弹窗：用户点击减速按钮
2025-10-31 09:24:06.697 14348-14348 MainActivity            com.example.cplink                   I  🎮 主页发送Carrot命令: SPEED DOWN
2025-10-31 09:24:06.697 14348-14348 MainActivity            com.example.cplink                   D  ✅ NetworkManager已初始化，准备发送控制指令
2025-10-31 09:24:06.697 14348-14348 NetworkManager          com.example.cplink                   D  🎮 NetworkManager.sendControlCommand: SPEED DOWN
2025-10-31 09:24:06.698 14348-14348 MainActivity            com.example.cplink                   I  ✅ 指令已发送: SPEED DOWN
2025-10-31 09:24:06.698 14348-22249 NetworkManager          com.example.cplink                   D  📡 准备发送控制指令到设备（重复发送模式）
2025-10-31 09:24:06.699 14348-22249 NetworkManager          com.example.cplink                   D  🔄 已更新CarrotManFields: carrotCmd=SPEED, carrotArg=DOWN, carrotCmdIndex=3
2025-10-31 09:24:06.700 14348-22249 NetworkManager          com.example.cplink                   V  📤 控制指令发送 #1/6
2025-10-31 09:24:06.708 14348-22131 CarrotManNetwork        com.example.cplink                   I  ✅ 命令数据包立即发送成功: carrotCmd=SPEED, carrotArg=DOWN
2025-10-31 09:24:06.722 14348-14348 WindowOnBackDispatcher  com.example.cplink                   W  sendCancelIfRunning: isInProgress=false callback=android.view.ViewRootImpl$$ExternalSyntheticLambda11@7c550d2
2025-10-31 09:24:06.750 14348-22122 HWUI                    com.example.cplink                   D  endAllActiveAnimators on 0xb40000794007fac0 (UnprojectedRipple) with handle 0xb4000079c0092880
2025-10-31 09:24:06.791 14348-14348 ImeFocusController      com.example.cplink                   V  onWindowFocus: com.android.internal.policy.DecorView{1321e25 V.E...... R....... 0,0-1080,2400 aid=0}[MainActivity] softInputMode=STATE_UNSPECIFIED|ADJUST_PAN
2025-10-31 09:24:06.803 14348-22131 NetworkManager          com.example.cplink                   V  📤 控制指令发送 #2/6
2025-10-31 09:24:06.808 14348-22249 CarrotManNetwork        com.example.cplink                   I  ✅ 命令数据包立即发送成功: carrotCmd=SPEED, carrotArg=DOWN
2025-10-31 09:24:06.905 14348-22249 NetworkManager          com.example.cplink                   V  📤 控制指令发送 #3/6
2025-10-31 09:24:06.918 14348-22130 CarrotManNetwork        com.example.cplink                   I  ✅ 命令数据包立即发送成功: carrotCmd=SPEED, carrotArg=DOWN
2025-10-31 09:24:07.008 14348-22131 NetworkManager          com.example.cplink                   V  📤 控制指令发送 #4/6
2025-10-31 09:24:07.013 14348-22130 CarrotManNetwork        com.example.cplink                   I  ✅ 命令数据包立即发送成功: carrotCmd=SPEED, carrotArg=DOWN
2025-10-31 09:24:07.024 14348-22130 AmapBroadcastManager    com.example.cplink                   D  📡 处理通用广播: KEY_TYPE=13011
2025-10-31 09:24:07.027 14348-22130 AmapBroadcastHandlers   com.example.cplink                   D  🛣️ 道路类型映射: ROAD_TYPE=8 (次要道路) -> roadcate=6 (中等宽度（双车道）)
2025-10-31 09:24:07.028 14348-22130 AmapBroadcastHandlers   com.example.cplink                   I  🧭 引导信息: 道路=云湾路->荣区街, 转弯类型=13, 距离=316m
2025-10-31 09:24:07.028 14348-22130 AmapBroadcastHandlers   com.example.cplink                   V    使用effectiveLatitude策略: vpPosPointLat=31.201086, vpPosPointLatNavi=31.201086
2025-10-31 09:24:07.031 14348-22130 AmapBroadcastHandlers   com.example.cplink                   D  🛣️ 道路类型映射: ROAD_TYPE=8 (次要道路) -> roadcate=6 (中等宽度（双车道）)
2025-10-31 09:24:07.031 14348-22130 AmapBroadcastHandlers   com.example.cplink                   I  🧭 引导信息: 道路=云湾路->荣区街, 转弯类型=13, 距离=316m
2025-10-31 09:24:07.032 14348-22130 AmapBroadcastHandlers   com.example.cplink                   V    使用effectiveLatitude策略: vpPosPointLat=31.201086, vpPosPointLatNavi=31.201086
2025-10-31 09:24:07.033 14348-22130 AmapBroadcastHandlers   com.example.cplink                   D  🛣️ 道路类型映射: ROAD_TYPE=8 (次要道路) -> roadcate=6 (中等宽度（双车道）)
2025-10-31 09:24:07.033 14348-22130 AmapBroadcastHandlers   com.example.cplink                   I  🧭 引导信息: 道路=云湾路->荣区街, 转弯类型=13, 距离=316m
2025-10-31 09:24:07.034 14348-22130 AmapBroadcastHandlers   com.example.cplink                   V    使用effectiveLatitude策略: vpPosPointLat=31.201086, vpPosPointLatNavi=31.201086
2025-10-31 09:24:07.111 14348-22130 NetworkManager          com.example.cplink                   V  📤 控制指令发送 #5/6
2025-10-31 09:24:07.123 14348-22248 CarrotManNetwork        com.example.cplink                   I  ✅ 命令数据包立即发送成功: carrotCmd=SPEED, carrotArg=DOWN
2025-10-31 09:24:07.177 14348-14348 LocationSensorManager   com.example.cplink                   I  🌍 GPS位置更新接收:
2025-10-31 09:24:07.178 14348-14348 LocationSensorManager   com.example.cplink                   I    📍 坐标: lat=31.201181, lon=120.625322
2025-10-31 09:24:07.178 14348-14348 LocationSensorManager   com.example.cplink                   I    🚀 速度: 43.6 km/h
2025-10-31 09:24:07.179 14348-14348 LocationSensorManager   com.example.cplink                   I    🧭 方向: 326.1°
2025-10-31 09:24:07.179 14348-14348 LocationSensorManager   com.example.cplink                   I    📡 精度: 3.7933412m
2025-10-31 09:24:07.179 14348-14348 LocationSensorManager   com.example.cplink                   I    🔧 提供者: gps
2025-10-31 09:24:07.179 14348-14348 LocationSensorManager   com.example.cplink                   I    ⏰ 时间: -821ms前
2025-10-31 09:24:07.179 14348-14348 LocationSensorManager   com.example.cplink                   I  ✅ GPS字段更新完成 (实时性优化):
2025-10-31 09:24:07.179 14348-14348 LocationSensorManager   com.example.cplink                   D    📍 坐标: lat=31.201181, lon=120.625322
2025-10-31 09:24:07.180 14348-14348 LocationSensorManager   com.example.cplink                   D    🚀 速度: 43.6 km/h
2025-10-31 09:24:07.180 14348-14348 LocationSensorManager   com.example.cplink                   D    🧭 方向: 326.1°
2025-10-31 09:24:07.180 14348-14348 LocationSensorManager   com.example.cplink                   D    📡 精度: 3.8m
2025-10-31 09:24:07.180 14348-14348 LocationSensorManager   com.example.cplink                   D    🔧 提供者: gps
2025-10-31 09:24:07.180 14348-14348 LocationSensorManager   com.example.cplink                   D    ⏰ 数据年龄: -823ms
2025-10-31 09:24:07.180 14348-14348 LocationSensorManager   com.example.cplink                   D    🎯 实时性: 优秀
2025-10-31 09:24:07.180 14348-14348 LocationSensorManager   com.example.cplink                   V  🔍 验证GPS字段同步:
2025-10-31 09:24:07.180 14348-14348 LocationSensorManager   com.example.cplink                   V    vpPosPointLat: 31.20118117
2025-10-31 09:24:07.180 14348-14348 LocationSensorManager   com.example.cplink                   V    vpPosPointLon: 120.62532243
2025-10-31 09:24:07.180 14348-14348 LocationSensorManager   com.example.cplink                   V    latitude: 31.20118117
2025-10-31 09:24:07.180 14348-14348 LocationSensorManager   com.example.cplink                   V    longitude: 120.62532243
2025-10-31 09:24:07.186 14348-22248 AmapBroadcastHandlers   com.example.cplink                   D  🌍 地理位置: 行政区='', 城市='', 区县=''
2025-10-31 09:24:07.214 14348-22248 NetworkManager          com.example.cplink                   V  📤 控制指令发送 #6/6
2025-10-31 09:24:07.214 14348-22248 NetworkManager          com.example.cplink                   I  ✅ 控制指令已发送完成（6次重复）: carrotCmd=SPEED, carrotArg=DOWN
2025-10-31 09:24:07.221 14348-22130 CarrotManNetwork        com.example.cplink                   I  ✅ 命令数据包立即发送成功: carrotCmd=SPEED, carrotArg=DOWN
2025-10-31 09:24:07.718 14348-14348 NetworkManager          com.example.cplink                   D  🧹 已延迟清理CarrotManFields中的指令字段
2025-10-31 09:24:08.088 14348-22131 AmapBroadcastHandlers   com.example.cplink                   D  🛣️ 道路类型映射: ROAD_TYPE=8 (次要道路) -> roadcate=6 (中等宽度（双车道）)
2025-10-31 09:24:08.088 14348-22131 AmapBroadcastHandlers   com.example.cplink                   I  🧭 引导信息: 道路=云湾路->荣区街, 转弯类型=13, 距离=316m
2025-10-31 09:24:08.089 14348-22131 AmapBroadcastHandlers   com.example.cplink                   V    使用effectiveLatitude策略: vpPosPointLat=31.20118117, vpPosPointLatNavi=31.20118117
2025-10-31 09:24:08.119 14348-22131 AmapBroadcastManager    com.example.cplink                   D  📡 处理通用广播: KEY_TYPE=13011
2025-10-31 09:24:08.120 14348-22131 AmapBroadcastHandlers   com.example.cplink                   D  🛣️ 道路类型映射: ROAD_TYPE=8 (次要道路) -> roadcate=6 (中等宽度（双车道）)
2025-10-31 09:24:08.120 14348-22131 AmapBroadcastHandlers   com.example.cplink                   I  🧭 引导信息: 道路=云湾路->荣区街, 转弯类型=13, 距离=304m
2025-10-31 09:24:08.121 14348-22131 AmapBroadcastHandlers   com.example.cplink                   V    使用effectiveLatitude策略: vpPosPointLat=31.20118117, vpPosPointLatNavi=31.20118117
2025-10-31 09:24:08.127 14348-22131 AmapBroadcastHandlers   com.example.cplink                   D  🛣️ 道路类型映射: ROAD_TYPE=8 (次要道路) -> roadcate=6 (中等宽度（双车道）)
2025-10-31 09:24:08.127 14348-22131 AmapBroadcastHandlers   com.example.cplink                   I  🧭 引导信息: 道路=云湾路->荣区街, 转弯类型=13, 距离=304m
2025-10-31 09:24:08.128 14348-22131 AmapBroadcastHandlers   com.example.cplink                   V    使用effectiveLatitude策略: vpPosPointLat=31.20118117, vpPosPointLatNavi=31.20118117
2025-10-31 09:24:08.163 14348-14348 LocationSensorManager   com.example.cplink                   I  🌍 GPS位置更新接收:
2025-10-31 09:24:08.163 14348-14348 LocationSensorManager   com.example.cplink                   I    📍 坐标: lat=31.201276, lon=120.625250
2025-10-31 09:24:08.164 14348-14348 LocationSensorManager   com.example.cplink                   I    🚀 速度: 43.5 km/h
2025-10-31 09:24:08.164 14348-14348 LocationSensorManager   com.example.cplink                   I    🧭 方向: 326.8°
2025-10-31 09:24:08.164 14348-14348 LocationSensorManager   com.example.cplink                   I    📡 精度: 3.7958698m
2025-10-31 09:24:08.164 14348-14348 LocationSensorManager   com.example.cplink                   I    🔧 提供者: gps
2025-10-31 09:24:08.164 14348-14348 LocationSensorManager   com.example.cplink                   I    ⏰ 时间: -836ms前
2025-10-31 09:24:08.164 14348-14348 LocationSensorManager   com.example.cplink                   I  ✅ GPS字段更新完成 (实时性优化):
2025-10-31 09:24:08.164 14348-14348 LocationSensorManager   com.example.cplink                   D    📍 坐标: lat=31.201276, lon=120.625250
2025-10-31 09:24:08.165 14348-14348 LocationSensorManager   com.example.cplink                   D    🚀 速度: 43.5 km/h
2025-10-31 09:24:08.165 14348-14348 LocationSensorManager   com.example.cplink                   D    🧭 方向: 326.8°
2025-10-31 09:24:08.165 14348-14348 LocationSensorManager   com.example.cplink                   D    📡 精度: 3.8m
2025-10-31 09:24:08.165 14348-14348 LocationSensorManager   com.example.cplink                   D    🔧 提供者: gps
2025-10-31 09:24:08.165 14348-14348 LocationSensorManager   com.example.cplink                   D    ⏰ 数据年龄: -838ms
2025-10-31 09:24:08.165 14348-14348 LocationSensorManager   com.example.cplink                   D    🎯 实时性: 优秀
2025-10-31 09:24:08.165 14348-14348 LocationSensorManager   com.example.cplink                   V  🔍 验证GPS字段同步:
2025-10-31 09:24:08.165 14348-14348 LocationSensorManager   com.example.cplink                   V    vpPosPointLat: 31.20127603
2025-10-31 09:24:08.165 14348-14348 LocationSensorManager   com.example.cplink                   V    vpPosPointLon: 120.62525033
2025-10-31 09:24:08.165 14348-14348 LocationSensorManager   com.example.cplink                   V    latitude: 31.20127603
2025-10-31 09:24:08.165 14348-14348 LocationSensorManager   com.example.cplink                   V    longitude: 120.62525033
2025-10-31 09:24:08.171 14348-22131 AmapBroadcastHandlers   com.example.cplink                   D  🌍 地理位置: 行政区='', 城市='', 区县=''
2025-10-31 09:24:08.733 14348-14348 NetworkManager          com.example.cplink                   I  🔄 状态变化: 车速 43 -> 44, 激活 true -> true
2025-10-31 09:24:09.049 14348-14348 NetworkManager          com.example.cplink                   I  🔄 状态变化: 车速 44 -> 43, 激活 true -> true
2025-10-31 09:24:09.105 14348-22249 AmapBroadcastManager    com.example.cplink                   D  📡 处理通用广播: KEY_TYPE=13011
2025-10-31 09:24:09.112 14348-22249 AmapBroadcastHandlers   com.example.cplink                   D  🛣️ 道路类型映射: ROAD_TYPE=8 (次要道路) -> roadcate=6 (中等宽度（双车道）)
2025-10-31 09:24:09.113 14348-22249 AmapBroadcastHandlers   com.example.cplink                   I  🧭 引导信息: 道路=云湾路->荣区街, 转弯类型=13, 距离=291m
2025-10-31 09:24:09.114 14348-22249 AmapBroadcastHandlers   com.example.cplink                   V    使用effectiveLatitude策略: vpPosPointLat=31.20127603, vpPosPointLatNavi=31.20127603
2025-10-31 09:24:09.115 14348-22249 AmapBroadcastHandlers   com.example.cplink                   D  🛣️ 道路类型映射: ROAD_TYPE=8 (次要道路) -> roadcate=6 (中等宽度（双车道）)
2025-10-31 09:24:09.115 14348-22249 AmapBroadcastHandlers   com.example.cplink                   I  🧭 引导信息: 道路=云湾路->荣区街, 转弯类型=13, 距离=291m
2025-10-31 09:24:09.116 14348-22249 AmapBroadcastHandlers   com.example.cplink                   V    使用effectiveLatitude策略: vpPosPointLat=31.20127603, vpPosPointLatNavi=31.20127603
2025-10-31 09:24:09.117 14348-22249 AmapBroadcastHandlers   com.example.cplink                   D  🛣️ 道路类型映射: ROAD_TYPE=8 (次要道路) -> roadcate=6 (中等宽度（双车道）)
2025-10-31 09:24:09.117 14348-22249 AmapBroadcastHandlers   com.example.cplink                   I  🧭 引导信息: 道路=云湾路->荣区街, 转弯类型=13, 距离=291m
2025-10-31 09:24:09.118 14348-22249 AmapBroadcastHandlers   com.example.cplink                   V    使用effectiveLatitude策略: vpPosPointLat=31.20127603, vpPosPointLatNavi=31.20127603
2025-10-31 09:24:09.151 14348-14348 NetworkManager          com.example.cplink                   I  🔄 状态变化: 车速 43 -> 44, 激活 true -> true
2025-10-31 09:24:09.179 14348-14348 LocationSensorManager   com.example.cplink                   I  🌍 GPS位置更新接收:
2025-10-31 09:24:09.180 14348-14348 LocationSensorManager   com.example.cplink                   I    📍 坐标: lat=31.201366, lon=120.625184
2025-10-31 09:24:09.180 14348-14348 LocationSensorManager   com.example.cplink                   I    🚀 速度: 41.2 km/h
2025-10-31 09:24:09.180 14348-14348 LocationSensorManager   com.example.cplink                   I    🧭 方向: 327.6°
2025-10-31 09:24:09.180 14348-14348 LocationSensorManager   com.example.cplink                   I    📡 精度: 3.7957942m
2025-10-31 09:24:09.180 14348-14348 LocationSensorManager   com.example.cplink                   I    🔧 提供者: gps
2025-10-31 09:24:09.181 14348-14348 LocationSensorManager   com.example.cplink                   I    ⏰ 时间: -820ms前
2025-10-31 09:24:09.181 14348-14348 LocationSensorManager   com.example.cplink                   I  ✅ GPS字段更新完成 (实时性优化):
2025-10-31 09:24:09.181 14348-14348 LocationSensorManager   com.example.cplink                   D    📍 坐标: lat=31.201366, lon=120.625184
2025-10-31 09:24:09.181 14348-14348 LocationSensorManager   com.example.cplink                   D    🚀 速度: 41.2 km/h
2025-10-31 09:24:09.181 14348-14348 LocationSensorManager   com.example.cplink                   D    🧭 方向: 327.6°
2025-10-31 09:24:09.182 14348-14348 LocationSensorManager   com.example.cplink                   D    📡 精度: 3.8m
2025-10-31 09:24:09.182 14348-14348 LocationSensorManager   com.example.cplink                   D    🔧 提供者: gps
2025-10-31 09:24:09.182 14348-14348 LocationSensorManager   com.example.cplink                   D    ⏰ 数据年龄: -821ms
2025-10-31 09:24:09.182 14348-14348 LocationSensorManager   com.example.cplink                   D    🎯 实时性: 优秀
2025-10-31 09:24:09.182 14348-14348 LocationSensorManager   com.example.cplink                   V  🔍 验证GPS字段同步:
2025-10-31 09:24:09.182 14348-14348 LocationSensorManager   com.example.cplink                   V    vpPosPointLat: 31.2013662
2025-10-31 09:24:09.182 14348-14348 LocationSensorManager   com.example.cplink                   V    vpPosPointLon: 120.62518421
2025-10-31 09:24:09.182 14348-14348 LocationSensorManager   com.example.cplink                   V    latitude: 31.2013662
2025-10-31 09:24:09.182 14348-14348 LocationSensorManager   com.example.cplink                   V    longitude: 120.62518421
2025-10-31 09:24:09.194 14348-22249 AmapBroadcastHandlers   com.example.cplink                   D  🌍 地理位置: 行政区='', 城市='', 区县=''
2025-10-31 09:24:09.258 14348-14348 NetworkManager          com.example.cplink                   I  🔄 状态变化: 车速 44 -> 43, 激活 true -> true
2025-10-31 09:24:10.103 14348-14348 NetworkManager          com.example.cplink                   I  🔄 状态变化: 车速 43 -> 42, 激活 true -> true
