
2025-10-28 18:03:59.048 14744-15114 CarrotManNetwork        com.example.cplink                   V  ğŸ“ å‘é€GPSåæ ‡: lat=31.10879106, lon=121.45194723, vp_lat=31.10879106, vp_lon=121.45194723
2025-10-28 18:03:59.088 14744-15114 CarrotManNetwork        com.example.cplink                   I  ğŸ“¡ æ”¶åˆ°è®¾å¤‡å¹¿æ’­: [{"Carrot2": "0.9.9", "IsOnroad": true, "CarrotRouteActive": true, "ip": "192.168.0.3", "port": 7706, "log_carrot": "", "v_cruise_kph": 60.0, "carcruiseSpeed": 61.750003051757815, "v_ego_kph": 55, "tbt_dist": 2801.6328125, "sdi_dist": 0, "active": true, "xState": 2, "trafficState": 2}] from 192.168.0.3
2025-10-28 18:03:59.089 14744-15114 CarrotManNetwork        com.example.cplink                   D  ğŸ“Š å½“å‰çŠ¶æ€: å·²å‘ç°è®¾å¤‡=1, å½“å‰è¿æ¥=192.168.0.3
2025-10-28 18:03:59.089 14744-15114 CarrotManNetwork        com.example.cplink                   D  ğŸ” æ£€æŸ¥OpenpPilotæ•°æ®: Carrot2=true, IsOnroad=true, v_ego_kph=true, active=true, xState=true -> true
2025-10-28 18:03:59.104 14744-14744 NetworkManager          com.example.cplink                   I  âœ… OpenpPilotçŠ¶æ€å·²æ›´æ–°: è½¦é€Ÿ=55km/h, æ¿€æ´»=true, åœ¨è·¯ä¸Š=true
2025-10-28 18:03:59.192 14744-15114 CarrotManNetwork        com.example.cplink                   I  ğŸ“¡ æ”¶åˆ°è®¾å¤‡å¹¿æ’­: [{"Carrot2": "0.9.9", "IsOnroad": true, "CarrotRouteActive": true, "ip": "192.168.0.3", "port": 7706, "log_carrot": "", "v_cruise_kph": 60.0, "carcruiseSpeed": 61.750003051757815, "v_ego_kph": 55, "tbt_dist": 2800.107421875, "sdi_dist": 0, "active": true, "xState": 2, "trafficState": 2}] from 192.168.0.3
2025-10-28 18:03:59.193 14744-15114 CarrotManNetwork        com.example.cplink                   D  ğŸ“Š å½“å‰çŠ¶æ€: å·²å‘ç°è®¾å¤‡=1, å½“å‰è¿æ¥=192.168.0.3
2025-10-28 18:03:59.193 14744-15114 CarrotManNetwork        com.example.cplink                   D  ğŸ” æ£€æŸ¥OpenpPilotæ•°æ®: Carrot2=true, IsOnroad=true, v_ego_kph=true, active=true, xState=true -> true
2025-10-28 18:03:59.196 14744-14744 NetworkManager          com.example.cplink                   I  âœ… OpenpPilotçŠ¶æ€å·²æ›´æ–°: è½¦é€Ÿ=55km/h, æ¿€æ´»=true, åœ¨è·¯ä¸Š=true
2025-10-28 18:03:59.231 14744-15114 AmapBroadcastManager    com.example.cplink                   V  ğŸ”„ åŒæ­¥ç¼“å†²åŒºåˆ°UI: 20 æ¡æ•°æ®
2025-10-28 18:03:59.232 14744-15114 AmapBroadcastManager    com.example.cplink                   D  ğŸ“¡ å¤„ç†é€šç”¨å¹¿æ’­: KEY_TYPE=13011
2025-10-28 18:03:59.241 14744-15114 AmapBroadcastHandlers   com.example.cplink                   D  ğŸ§­ å¤„ç†å¼•å¯¼ä¿¡æ¯å¹¿æ’­ (KEY_TYPE: 10001)
2025-10-28 18:03:59.241 14744-15114 AmapBroadcastHandlers   com.example.cplink                   D  ğŸ“ GPSåæ ‡ä¸º0ï¼Œä½¿ç”¨æ‰‹æœºGPS: lat=31.10879106, lon=121.45194723
2025-10-28 18:03:59.241 14744-15114 AmapBroadcastHandlers   com.example.cplink                   D  ğŸ›£ï¸ é“è·¯ç±»å‹æ˜ å°„: ROAD_TYPE=7 (ä¸»è¦é“è·¯) -> roadcate=10 (å¾ˆå®½é“è·¯ï¼ˆå››è½¦é“åŠä»¥ä¸Šï¼‰)
2025-10-28 18:03:59.242 14744-15114 AmapBroadcastHandlers   com.example.cplink                   D  ğŸ”„ è½¬å¼¯æ˜ å°„: é«˜å¾·å›¾æ ‡=8 -> CarrotManç±»å‹=14
2025-10-28 18:03:59.242 14744-15114 AmapBroadcastHandlers   com.example.cplink                   D  ğŸ”„ ä¸‹ä¸€è½¬å¼¯æ˜ å°„: é«˜å¾·å›¾æ ‡=0 -> CarrotManç±»å‹=51
2025-10-28 18:03:59.242 14744-15114 AmapBroadcastHandlers   com.example.cplink                   I  ğŸ§­ å¼•å¯¼ä¿¡æ¯: é“è·¯=é“¶éƒ½è·¯éš§é“->èŠ¦æ’è·¯, è½¬å¼¯ç±»å‹=14, è·ç¦»=2728m
2025-10-28 18:03:59.242 14744-15114 AmapBroadcastHandlers   com.example.cplink                   D  ğŸ“Š æ•°æ®æºå·²æ›´æ–°: amap_navi
2025-10-28 18:03:59.243 14744-15114 AmapBroadcastHandlers   com.example.cplink                   V  ğŸ” å¼•å¯¼ä¿¡æ¯å¤„ç†åGPSçŠ¶æ€:
2025-10-28 18:03:59.243 14744-15114 AmapBroadcastHandlers   com.example.cplink                   V    ä½¿ç”¨effectiveLatitudeç­–ç•¥: vpPosPointLat=31.10879106, vpPosPointLatNavi=31.10879106
2025-10-28 18:03:59.244 14744-15114 AmapBroadcastHandlers   com.example.cplink                   D  ğŸ§­ å¤„ç†å¼•å¯¼ä¿¡æ¯å¹¿æ’­ (KEY_TYPE: 10001)
2025-10-28 18:03:59.244 14744-15114 AmapBroadcastHandlers   com.example.cplink                   D  ğŸ“ GPSåæ ‡ä¸º0ï¼Œä½¿ç”¨æ‰‹æœºGPS: lat=31.10879106, lon=121.45194723
2025-10-28 18:03:59.244 14744-15114 AmapBroadcastHandlers   com.example.cplink                   D  ğŸ›£ï¸ é“è·¯ç±»å‹æ˜ å°„: ROAD_TYPE=7 (ä¸»è¦é“è·¯) -> roadcate=10 (å¾ˆå®½é“è·¯ï¼ˆå››è½¦é“åŠä»¥ä¸Šï¼‰)
2025-10-28 18:03:59.244 14744-15114 AmapBroadcastHandlers   com.example.cplink                   D  ğŸ”„ è½¬å¼¯æ˜ å°„: é«˜å¾·å›¾æ ‡=8 -> CarrotManç±»å‹=14
2025-10-28 18:03:59.244 14744-15114 AmapBroadcastHandlers   com.example.cplink                   D  ğŸ”„ ä¸‹ä¸€è½¬å¼¯æ˜ å°„: é«˜å¾·å›¾æ ‡=0 -> CarrotManç±»å‹=51
2025-10-28 18:03:59.244 14744-15114 AmapBroadcastHandlers   com.example.cplink                   I  ğŸ§­ å¼•å¯¼ä¿¡æ¯: é“è·¯=é“¶éƒ½è·¯éš§é“->èŠ¦æ’è·¯, è½¬å¼¯ç±»å‹=14, è·ç¦»=2728m
2025-10-28 18:03:59.245 14744-15114 AmapBroadcastHandlers   com.example.cplink                   D  ğŸ“Š æ•°æ®æºå·²æ›´æ–°: amap_navi
2025-10-28 18:03:59.245 14744-15114 AmapBroadcastHandlers   com.example.cplink                   V  ğŸ” å¼•å¯¼ä¿¡æ¯å¤„ç†åGPSçŠ¶æ€:
2025-10-28 18:03:59.246 14744-15114 AmapBroadcastHandlers   com.example.cplink                   V    ä½¿ç”¨effectiveLatitudeç­–ç•¥: vpPosPointLat=31.10879106, vpPosPointLatNavi=31.10879106
2025-10-28 18:03:59.246 14744-15114 AmapBroadcastHandlers   com.example.cplink                   D  ğŸ§­ å¤„ç†å¼•å¯¼ä¿¡æ¯å¹¿æ’­ (KEY_TYPE: 10001)
2025-10-28 18:03:59.246 14744-15114 AmapBroadcastHandlers   com.example.cplink                   D  ğŸ“ GPSåæ ‡ä¸º0ï¼Œä½¿ç”¨æ‰‹æœºGPS: lat=31.10879106, lon=121.45194723
2025-10-28 18:03:59.247 14744-15114 AmapBroadcastHandlers   com.example.cplink                   D  ğŸ›£ï¸ é“è·¯ç±»å‹æ˜ å°„: ROAD_TYPE=7 (ä¸»è¦é“è·¯) -> roadcate=10 (å¾ˆå®½é“è·¯ï¼ˆå››è½¦é“åŠä»¥ä¸Šï¼‰)
2025-10-28 18:03:59.247 14744-15114 AmapBroadcastHandlers   com.example.cplink                   D  ğŸ”„ è½¬å¼¯æ˜ å°„: é«˜å¾·å›¾æ ‡=8 -> CarrotManç±»å‹=14
2025-10-28 18:03:59.247 14744-15114 AmapBroadcastHandlers   com.example.cplink                   D  ğŸ”„ ä¸‹ä¸€è½¬å¼¯æ˜ å°„: é«˜å¾·å›¾æ ‡=0 -> CarrotManç±»å‹=51
2025-10-28 18:03:59.247 14744-15114 AmapBroadcastHandlers   com.example.cplink                   I  ğŸ§­ å¼•å¯¼ä¿¡æ¯: é“è·¯=é“¶éƒ½è·¯éš§é“->èŠ¦æ’è·¯, è½¬å¼¯ç±»å‹=14, è·ç¦»=2728m
2025-10-28 18:03:59.248 14744-15114 AmapBroadcastHandlers   com.example.cplink                   D  ğŸ“Š æ•°æ®æºå·²æ›´æ–°: amap_navi
2025-10-28 18:03:59.248 14744-15114 AmapBroadcastHandlers   com.example.cplink                   V  ğŸ” å¼•å¯¼ä¿¡æ¯å¤„ç†åGPSçŠ¶æ€:
2025-10-28 18:03:59.248 14744-15114 AmapBroadcastHandlers   com.example.cplink                   V    ä½¿ç”¨effectiveLatitudeç­–ç•¥: vpPosPointLat=31.10879106, vpPosPointLatNavi=31.10879106
2025-10-28 18:03:59.248 14744-15126 CarrotManNetwork        com.example.cplink                   V  ğŸ“ å‘é€GPSåæ ‡: lat=31.10879106, lon=121.45194723, vp_lat=31.10879106, vp_lon=121.45194723
2025-10-28 18:03:59.296 14744-15126 CarrotManNetwork        com.example.cplink                   I  ğŸ“¡ æ”¶åˆ°è®¾å¤‡å¹¿æ’­: [{"Carrot2": "0.9.9", "IsOnroad": true, "CarrotRouteActive": true, "ip": "192.168.0.3", "port": 7706, "log_carrot": "", "v_cruise_kph": 60.0, "carcruiseSpeed": 61.750003051757815, "v_ego_kph": 55, "tbt_dist": 2787.470703125, "sdi_dist": 0, "active": true, "xState": 2, "trafficState": 2}] from 192.168.0.3
2025-10-28 18:03:59.296 14744-15126 CarrotManNetwork        com.example.cplink                   D  ğŸ“Š å½“å‰çŠ¶æ€: å·²å‘ç°è®¾å¤‡=1, å½“å‰è¿æ¥=192.168.0.3
2025-10-28 18:03:59.297 14744-15126 CarrotManNetwork        com.example.cplink                   D  ğŸ” æ£€æŸ¥OpenpPilotæ•°æ®: Carrot2=true, IsOnroad=true, v_ego_kph=true, active=true, xState=true -> true
2025-10-28 18:03:59.298 14744-14744 NetworkManager          com.example.cplink                   I  âœ… OpenpPilotçŠ¶æ€å·²æ›´æ–°: è½¦é€Ÿ=55km/h, æ¿€æ´»=true, åœ¨è·¯ä¸Š=true
2025-10-28 18:03:59.400 14744-15114 CarrotManNetwork        com.example.cplink                   I  ğŸ“¡ æ”¶åˆ°è®¾å¤‡å¹¿æ’­: [{"Carrot2": "0.9.9", "IsOnroad": true, "CarrotRouteActive": true, "ip": "192.168.0.3", "port": 7706, "log_carrot": "", "v_cruise_kph": 60.0, "carcruiseSpeed": 61.750003051757815, "v_ego_kph": 55, "tbt_dist": 2785.78125, "sdi_dist": 0, "active": true, "xState": 2, "trafficState": 2}] from 192.168.0.3
2025-10-28 18:03:59.400 14744-15114 CarrotManNetwork        com.example.cplink                   D  ğŸ“Š å½“å‰çŠ¶æ€: å·²å‘ç°è®¾å¤‡=1, å½“å‰è¿æ¥=192.168.0.3
2025-10-28 18:03:59.401 14744-15114 CarrotManNetwork        com.example.cplink                   D  ğŸ” æ£€æŸ¥OpenpPilotæ•°æ®: Carrot2=true, IsOnroad=true, v_ego_kph=true, active=true, xState=true -> true
2025-10-28 18:03:59.406 14744-14744 NetworkManager          com.example.cplink                   I  âœ… OpenpPilotçŠ¶æ€å·²æ›´æ–°: è½¦é€Ÿ=55km/h, æ¿€æ´»=true, åœ¨è·¯ä¸Š=true
2025-10-28 18:03:59.452 14744-15126 CarrotManNetwork        com.example.cplink                   V  ğŸ“ å‘é€GPSåæ ‡: lat=31.10879106, lon=121.45194723, vp_lat=31.10879106, vp_lon=121.45194723
2025-10-28 18:03:59.506 14744-15126 CarrotManNetwork        com.example.cplink                   I  ğŸ“¡ æ”¶åˆ°è®¾å¤‡å¹¿æ’­: [{"Carrot2": "0.9.9", "IsOnroad": true, "CarrotRouteActive": true, "ip": "192.168.0.3", "port": 7706, "log_carrot": "", "v_cruise_kph": 60.0, "carcruiseSpeed": 61.750003051757815, "v_ego_kph": 56, "tbt_dist": 2786.064453125, "sdi_dist": 0, "active": true, "xState": 2, "trafficState": 2}] from 192.168.0.3
2025-10-28 18:03:59.506 14744-15126 CarrotManNetwork        com.example.cplink                   D  ğŸ“Š å½“å‰çŠ¶æ€: å·²å‘ç°è®¾å¤‡=1, å½“å‰è¿æ¥=192.168.0.3
2025-10-28 18:03:59.507 14744-15126 CarrotManNetwork        com.example.cplink                   D  ğŸ” æ£€æŸ¥OpenpPilotæ•°æ®: Carrot2=true, IsOnroad=true, v_ego_kph=true, active=true, xState=true -> true
2025-10-28 18:03:59.510 14744-14744 NetworkManager          com.example.cplink                   I  âœ… OpenpPilotçŠ¶æ€å·²æ›´æ–°: è½¦é€Ÿ=56km/h, æ¿€æ´»=true, åœ¨è·¯ä¸Š=true
2025-10-28 18:03:59.510 14744-14744 NetworkManager          com.example.cplink                   I  ğŸ”„ çŠ¶æ€å˜åŒ–: è½¦é€Ÿ 55 -> 56, æ¿€æ´» true -> true
2025-10-28 18:03:59.611 14744-15126 CarrotManNetwork        com.example.cplink                   I  ğŸ“¡ æ”¶åˆ°è®¾å¤‡å¹¿æ’­: [{"Carrot2": "0.9.9", "IsOnroad": true, "CarrotRouteActive": true, "ip": "192.168.0.3", "port": 7706, "log_carrot": "", "v_cruise_kph": 60.0, "carcruiseSpeed": 61.750003051757815, "v_ego_kph": 56, "tbt_dist": 2787.447265625, "sdi_dist": 0, "active": true, "xState": 2, "trafficState": 2}] from 192.168.0.3
2025-10-28 18:03:59.611 14744-15126 CarrotManNetwork        com.example.cplink                   D  ğŸ“Š å½“å‰çŠ¶æ€: å·²å‘ç°è®¾å¤‡=1, å½“å‰è¿æ¥=192.168.0.3
2025-10-28 18:03:59.613 14744-15126 CarrotManNetwork        com.example.cplink                   D  ğŸ” æ£€æŸ¥OpenpPilotæ•°æ®: Carrot2=true, IsOnroad=true, v_ego_kph=true, active=true, xState=true -> true
2025-10-28 18:03:59.617 14744-14744 NetworkManager          com.example.cplink                   I  âœ… OpenpPilotçŠ¶æ€å·²æ›´æ–°: è½¦é€Ÿ=56km/h, æ¿€æ´»=true, åœ¨è·¯ä¸Š=true
2025-10-28 18:03:59.653 14744-15120 CarrotManNetwork        com.example.cplink                   V  ğŸ“ å‘é€GPSåæ ‡: lat=31.10879106, lon=121.45194723, vp_lat=31.10879106, vp_lon=121.45194723
2025-10-28 18:03:59.718 14744-15120 CarrotManNetwork        com.example.cplink                   I  ğŸ“¡ æ”¶åˆ°è®¾å¤‡å¹¿æ’­: [{"Carrot2": "0.9.9", "IsOnroad": true, "CarrotRouteActive": true, "ip": "192.168.0.3", "port": 7706, "log_carrot": "", "v_cruise_kph": 60.0, "carcruiseSpeed": 61.750003051757815, "v_ego_kph": 56, "tbt_dist": 2785.890625, "sdi_dist": 0, "active": true, "xState": 2, "trafficState": 2}] from 192.168.0.3
2025-10-28 18:03:59.718 14744-15120 CarrotManNetwork        com.example.cplink                   D  ğŸ“Š å½“å‰çŠ¶æ€: å·²å‘ç°è®¾å¤‡=1, å½“å‰è¿æ¥=192.168.0.3
2025-10-28 18:03:59.719 14744-15120 CarrotManNetwork        com.example.cplink                   D  ğŸ” æ£€æŸ¥OpenpPilotæ•°æ®: Carrot2=true, IsOnroad=true, v_ego_kph=true, active=true, xState=true -> true
2025-10-28 18:03:59.720 14744-14744 NetworkManager          com.example.cplink                   I  âœ… OpenpPilotçŠ¶æ€å·²æ›´æ–°: è½¦é€Ÿ=56km/h, æ¿€æ´»=true, åœ¨è·¯ä¸Š=true
2025-10-28 18:03:59.822 14744-15114 CarrotManNetwork        com.example.cplink                   I  ğŸ“¡ æ”¶åˆ°è®¾å¤‡å¹¿æ’­: [{"Carrot2": "0.9.9", "IsOnroad": true, "CarrotRouteActive": true, "ip": "192.168.0.3", "port": 7706, "log_carrot": "", "v_cruise_kph": 60.0, "carcruiseSpeed": 61.750003051757815, "v_ego_kph": 56, "tbt_dist": 2787.4375, "sdi_dist": 0, "active": true, "xState": 2, "trafficState": 2}] from 192.168.0.3
2025-10-28 18:03:59.822 14744-15114 CarrotManNetwork        com.example.cplink                   D  ğŸ“Š å½“å‰çŠ¶æ€: å·²å‘ç°è®¾å¤‡=1, å½“å‰è¿æ¥=192.168.0.3
2025-10-28 18:03:59.823 14744-15114 CarrotManNetwork        com.example.cplink                   D  ğŸ” æ£€æŸ¥OpenpPilotæ•°æ®: Carrot2=true, IsOnroad=true, v_ego_kph=true, active=true, xState=true -> true
2025-10-28 18:03:59.826 14744-14744 NetworkManager          com.example.cplink                   I  âœ… OpenpPilotçŠ¶æ€å·²æ›´æ–°: è½¦é€Ÿ=56km/h, æ¿€æ´»=true, åœ¨è·¯ä¸Š=true
2025-10-28 18:03:59.855 14744-15126 CarrotManNetwork        com.example.cplink                   V  ğŸ“ å‘é€GPSåæ ‡: lat=31.10879106, lon=121.45194723, vp_lat=31.10879106, vp_lon=121.45194723
2025-10-28 18:03:59.928 14744-15126 CarrotManNetwork        com.example.cplink                   I  ğŸ“¡ æ”¶åˆ°è®¾å¤‡å¹¿æ’­: [{"Carrot2": "0.9.9", "IsOnroad": true, "CarrotRouteActive": true, "ip": "192.168.0.3", "port": 7706, "log_carrot": "", "v_cruise_kph": 60.0, "carcruiseSpeed": 61.750003051757815, "v_ego_kph": 57, "tbt_dist": 2785.87109375, "sdi_dist": 0, "active": true, "xState": 2, "trafficState": 2}] from 192.168.0.3
2025-10-28 18:03:59.928 14744-15126 CarrotManNetwork        com.example.cplink                   D  ğŸ“Š å½“å‰çŠ¶æ€: å·²å‘ç°è®¾å¤‡=1, å½“å‰è¿æ¥=192.168.0.3
2025-10-28 18:03:59.929 14744-15126 CarrotManNetwork        com.example.cplink                   D  ğŸ” æ£€æŸ¥OpenpPilotæ•°æ®: Carrot2=true, IsOnroad=true, v_ego_kph=true, active=true, xState=true -> true
2025-10-28 18:03:59.934 14744-14744 NetworkManager          com.example.cplink                   I  âœ… OpenpPilotçŠ¶æ€å·²æ›´æ–°: è½¦é€Ÿ=57km/h, æ¿€æ´»=true, åœ¨è·¯ä¸Š=true
2025-10-28 18:03:59.934 14744-14744 NetworkManager          com.example.cplink                   I  ğŸ”„ çŠ¶æ€å˜åŒ–: è½¦é€Ÿ 56 -> 57, æ¿€æ´» true -> true
2025-10-28 18:04:00.033 14744-15126 CarrotManNetwork        com.example.cplink                   I  ğŸ“¡ æ”¶åˆ°è®¾å¤‡å¹¿æ’­: [{"Carrot2": "0.9.9", "IsOnroad": true, "CarrotRouteActive": true, "ip": "192.168.0.3", "port": 7706, "log_carrot": "", "v_cruise_kph": 60.0, "carcruiseSpeed": 61.750003051757815, "v_ego_kph": 57, "tbt_dist": 2787.423828125, "sdi_dist": 0, "active": true, "xState": 2, "trafficState": 2}] from 192.168.0.3
2025-10-28 18:04:00.033 14744-14744 MainActivity            com.example.cplink                   I  â¸ï¸ Activityæš‚åœ
2025-10-28 18:04:00.033 14744-15126 CarrotManNetwork        com.example.cplink                   D  ğŸ“Š å½“å‰çŠ¶æ€: å·²å‘ç°è®¾å¤‡=1, å½“å‰è¿æ¥=192.168.0.3
2025-10-28 18:04:00.034 14744-15126 CarrotManNetwork        com.example.cplink                   D  ğŸ” æ£€æŸ¥OpenpPilotæ•°æ®: Carrot2=true, IsOnroad=true, v_ego_kph=true, active=true, xState=true -> true
2025-10-28 18:04:00.044 14744-14744 DeviceManager           com.example.cplink                   I  ğŸ“Š è®°å½•ä½¿ç”¨æ—¶é•¿: 14åˆ†é’Ÿï¼Œç´¯è®¡: 156åˆ†é’Ÿï¼Œä¿å­˜æˆåŠŸ: true
2025-10-28 18:04:00.044 14744-14744 MainActivity            com.example.cplink                   I  ğŸ”“ ç”¨æˆ·ç±»å‹4å¯ä»¥ä½¿ç”¨æ‚¬æµ®çª—åŠŸèƒ½
2025-10-28 18:04:00.044 14744-14744 NetworkManager          com.example.cplink                   D  ğŸ”„ ç½‘ç»œç®¡ç†å™¨åå°çŠ¶æ€æ›´æ–°: true
2025-10-28 18:04:00.044 14744-14744 MainActivity            com.example.cplink                   I  ğŸ”„ ç½‘ç»œç®¡ç†å™¨å·²åˆ‡æ¢åˆ°åå°æ¨¡å¼
2025-10-28 18:04:00.051 14744-14744 MainActivity            com.example.cplink                   I  ğŸŒ GPSä½ç½®æ›´æ–°åœ¨åå°ç»§ç»­è¿è¡Œ
2025-10-28 18:04:00.056 14744-15126 CarrotManNetwork        com.example.cplink                   V  ğŸ“ å‘é€GPSåæ ‡: lat=31.10879106, lon=121.45194723, vp_lat=31.10879106, vp_lon=121.45194723
2025-10-28 18:04:00.065 14744-14744 NetworkManager          com.example.cplink                   I  âœ… OpenpPilotçŠ¶æ€å·²æ›´æ–°: è½¦é€Ÿ=57km/h, æ¿€æ´»=true, åœ¨è·¯ä¸Š=true
2025-10-28 18:04:00.068 14744-14744 FloatingWindowService   com.example.cplink                   D  ğŸ‘¤ ç”¨æˆ·ç±»å‹æƒé™æ£€æŸ¥: userType=4, hasPermission=true (æ‰€æœ‰ç”¨æˆ·éƒ½å¯ä½¿ç”¨)
2025-10-28 18:04:00.068 14744-14744 FloatingWindowService   com.example.cplink                   I  ğŸ”„ ä½¿ç”¨å¹¿æ’­æ–¹å¼å‘é€æ§åˆ¶æŒ‡ä»¤ï¼Œé¿å…ç«¯å£å†²çª
2025-10-28 18:04:00.068 14744-14744 FloatingWindowService   com.example.cplink                   I  âœ… ç½‘ç»œç®¡ç†å™¨åˆå§‹åŒ–å®Œæˆï¼ˆå¹¿æ’­æ¨¡å¼ï¼‰
2025-10-28 18:04:00.087 14744-14744 FloatingWindowService   com.example.cplink                   I  ğŸ”„ ç”¨æˆ·ç±»å‹æ–‡æœ¬å·²æ›´æ–°: é“ç²‰ ğŸ“‚
2025-10-28 18:04:00.087 14744-14744 FloatingWindowService   com.example.cplink                   I  âœ… æ‚¬æµ®çª—ç”¨æˆ·ç±»å‹æ˜¾ç¤ºæ›´æ–°å®Œæˆ
2025-10-28 18:04:00.087 14744-14744 FloatingWindowService   com.example.cplink                   I  âœ… æ™ºèƒ½æ§é€ŸæŒ‰é’®çŠ¶æ€åˆå§‹åŒ–: æ¨¡å¼=0
2025-10-28 18:04:00.113 14744-14744 FloatingWindowService   com.example.cplink                   I  âœ… æ‚¬æµ®çª—æ˜¾ç¤ºæˆåŠŸ
2025-10-28 18:04:00.113 14744-14744 FloatingWindowService   com.example.cplink                   I  â¹ï¸ åœæ­¢é€Ÿåº¦æ•°æ®æ£€æŸ¥
2025-10-28 18:04:00.113 14744-14744 FloatingWindowService   com.example.cplink                   I  ğŸš— å¼€å§‹ä¼˜åŒ–é€Ÿåº¦æ•°æ®æ£€æŸ¥ï¼ˆé«˜é¢‘æ›´æ–°ï¼‰
2025-10-28 18:04:00.138 14744-14744 ViewRootImpl            com.example.cplink                   D  AppSizeAfterRelayout, size: Point(674, 455), rotation: ROTATION_0
2025-10-28 18:04:00.138 14744-14744 libc                    com.example.cplink                   W  Access denied finding property "vendor.display.enable_optimal_refresh_rate"
2025-10-28 18:04:00.140 14744-15120 CarrotManNetwork        com.example.cplink                   I  ğŸ“¡ æ”¶åˆ°è®¾å¤‡å¹¿æ’­: [{"Carrot2": "0.9.9", "IsOnroad": true, "CarrotRouteActive": true, "ip": "192.168.0.3", "port": 7706, "log_carrot": "", "v_cruise_kph": 60.0, "carcruiseSpeed": 61.750003051757815, "v_ego_kph": 57, "tbt_dist": 2785.841796875, "sdi_dist": 0, "active": true, "xState": 2, "trafficState": 2}] from 192.168.0.3
2025-10-28 18:04:00.140 14744-15120 CarrotManNetwork        com.example.cplink                   D  ğŸ“Š å½“å‰çŠ¶æ€: å·²å‘ç°è®¾å¤‡=1, å½“å‰è¿æ¥=192.168.0.3
2025-10-28 18:04:00.154 14744-15120 CarrotManNetwork        com.example.cplink                   D  ğŸ” æ£€æŸ¥OpenpPilotæ•°æ®: Carrot2=true, IsOnroad=true, v_ego_kph=true, active=true, xState=true -> true
2025-10-28 18:04:00.169 14744-14744 ViewRootImpl            com.example.cplink                   D  AppSizeAfterRelayout, size: Point(666, 455), rotation: ROTATION_0
2025-10-28 18:04:00.177 14744-14744 NetworkManager          com.example.cplink                   I  âœ… OpenpPilotçŠ¶æ€å·²æ›´æ–°: è½¦é€Ÿ=57km/h, æ¿€æ´»=true, åœ¨è·¯ä¸Š=true
2025-10-28 18:04:00.132 14744-14744 .example.cplink         com.example.cplink                   W  type=1400 audit(0.0:5785214): avc:  denied  { read } for  name="u:object_r:vendor_display_prop:s0" dev="tmpfs" ino=462 scontext=u:r:untrusted_app:s0:c199,c257,c512,c768 tcontext=u:object_r:vendor_display_prop:s0 tclass=file permissive=0 app=com.example.cplink
2025-10-28 18:04:00.265 14744-15120 CarrotManNetwork        com.example.cplink                   V  ğŸ“ å‘é€GPSåæ ‡: lat=31.10879106, lon=121.45194723, vp_lat=31.10879106, vp_lon=121.45194723
2025-10-28 18:04:00.266 14744-15114 CarrotManNetwork        com.example.cplink                   I  ğŸ“¡ æ”¶åˆ°è®¾å¤‡å¹¿æ’­: [{"Carrot2": "0.9.9", "IsOnroad": true, "CarrotRouteActive": true, "ip": "192.168.0.3", "port": 7706, "log_carrot": "", "v_cruise_kph": 60.0, "carcruiseSpeed": 61.750003051757815, "v_ego_kph": 57, "tbt_dist": 2771.412109375, "sdi_dist": 0, "active": true, "xState": 2, "trafficState": 2}] from 192.168.0.3
2025-10-28 18:04:00.266 14744-15114 CarrotManNetwork        com.example.cplink                   D  ğŸ“Š å½“å‰çŠ¶æ€: å·²å‘ç°è®¾å¤‡=1, å½“å‰è¿æ¥=192.168.0.3
2025-10-28 18:04:00.266 14744-15114 CarrotManNetwork        com.example.cplink                   D  ğŸ” æ£€æŸ¥OpenpPilotæ•°æ®: Carrot2=true, IsOnroad=true, v_ego_kph=true, active=true, xState=true -> true
2025-10-28 18:04:00.271 14744-14744 NetworkManager          com.example.cplink                   I  âœ… OpenpPilotçŠ¶æ€å·²æ›´æ–°: è½¦é€Ÿ=57km/h, æ¿€æ´»=true, åœ¨è·¯ä¸Š=true
2025-10-28 18:04:00.367 14744-15114 CarrotManNetwork        com.example.cplink                   I  ğŸ“¡ æ”¶åˆ°è®¾å¤‡å¹¿æ’­: [{"Carrot2": "0.9.9", "IsOnroad": true, "CarrotRouteActive": true, "ip": "192.168.0.3", "port": 7706, "log_carrot": "", "v_cruise_kph": 60.0, "carcruiseSpeed": 61.750003051757815, "v_ego_kph": 57, "tbt_dist": 2769.81640625, "sdi_dist": 0, "active": true, "xState": 2, "trafficState": 2}] from 192.168.0.3
2025-10-28 18:04:00.367 14744-15114 CarrotManNetwork        com.example.cplink                   D  ğŸ“Š å½“å‰çŠ¶æ€: å·²å‘ç°è®¾å¤‡=1, å½“å‰è¿æ¥=192.168.0.3
2025-10-28 18:04:00.367 14744-15114 CarrotManNetwork        com.example.cplink                   D  ğŸ” æ£€æŸ¥OpenpPilotæ•°æ®: Carrot2=true, IsOnroad=true, v_ego_kph=true, active=true, xState=true -> true
2025-10-28 18:04:00.368 14744-14744 NetworkManager          com.example.cplink                   I  âœ… OpenpPilotçŠ¶æ€å·²æ›´æ–°: è½¦é€Ÿ=57km/h, æ¿€æ´»=true, åœ¨è·¯ä¸Š=true
2025-10-28 18:04:00.577 14744-15115 CarrotManNetwork        com.example.cplink                   I  ğŸ“¡ æ”¶åˆ°è®¾å¤‡å¹¿æ’­: [{"Carrot2": "0.9.9", "IsOnroad": true, "CarrotRouteActive": true, "ip": "192.168.0.3", "port": 7706, "log_carrot": "", "v_cruise_kph": 60.0, "carcruiseSpeed": 61.750003051757815, "v_ego_kph": 58, "tbt_dist": 2769.796875, "sdi_dist": 0, "active": true, "xState": 2, "trafficState": 2}] from 192.168.0.3
2025-10-28 18:04:00.577 14744-15115 CarrotManNetwork        com.example.cplink                   D  ğŸ“Š å½“å‰çŠ¶æ€: å·²å‘ç°è®¾å¤‡=1, å½“å‰è¿æ¥=192.168.0.3
2025-10-28 18:04:00.580 14744-15115 CarrotManNetwork        com.example.cplink                   D  ğŸ” æ£€æŸ¥OpenpPilotæ•°æ®: Carrot2=true, IsOnroad=true, v_ego_kph=true, active=true, xState=true -> true
2025-10-28 18:04:00.580 14744-14744 NetworkManager          com.example.cplink                   I  âœ… OpenpPilotçŠ¶æ€å·²æ›´æ–°: è½¦é€Ÿ=58km/h, æ¿€æ´»=true, åœ¨è·¯ä¸Š=true
2025-10-28 18:04:00.619 14744-15115 AmapBroadcastManager    com.example.cplink                   V  ğŸ”„ åŒæ­¥ç¼“å†²åŒºåˆ°UI: 20 æ¡æ•°æ®
2025-10-28 18:04:00.619 14744-15115 AmapBroadcastHandlers   com.example.cplink                   D  ğŸ§­ å¤„ç†å¼•å¯¼ä¿¡æ¯å¹¿æ’­ (KEY_TYPE: 10001)
2025-10-28 18:04:00.619 14744-15115 AmapBroadcastHandlers   com.example.cplink                   D  ğŸ“ GPSåæ ‡ä¸º0ï¼Œä½¿ç”¨æ‰‹æœºGPS: lat=31.10879106, lon=121.45194723
2025-10-28 18:04:00.619 14744-15115 AmapBroadcastHandlers   com.example.cplink                   D  ğŸ›£ï¸ é“è·¯ç±»å‹æ˜ å°„: ROAD_TYPE=7 (ä¸»è¦é“è·¯) -> roadcate=10 (å¾ˆå®½é“è·¯ï¼ˆå››è½¦é“åŠä»¥ä¸Šï¼‰)
2025-10-28 18:04:00.619 14744-15115 AmapBroadcastHandlers   com.example.cplink                   D  ğŸ”„ è½¬å¼¯æ˜ å°„: é«˜å¾·å›¾æ ‡=8 -> CarrotManç±»å‹=14
2025-10-28 18:04:00.619 14744-15115 AmapBroadcastHandlers   com.example.cplink                   D  ğŸ”„ ä¸‹ä¸€è½¬å¼¯æ˜ å°„: é«˜å¾·å›¾æ ‡=0 -> CarrotManç±»å‹=51
2025-10-28 18:04:00.619 14744-15115 AmapBroadcastHandlers   com.example.cplink                   I  ğŸ§­ å¼•å¯¼ä¿¡æ¯: é“è·¯=é“¶éƒ½è·¯éš§é“->èŠ¦æ’è·¯, è½¬å¼¯ç±»å‹=14, è·ç¦»=2713m
2025-10-28 18:04:00.620 14744-15115 AmapBroadcastHandlers   com.example.cplink                   D  ğŸ“Š æ•°æ®æºå·²æ›´æ–°: amap_navi
2025-10-28 18:04:00.620 14744-15115 AmapBroadcastHandlers   com.example.cplink                   V  ğŸ” å¼•å¯¼ä¿¡æ¯å¤„ç†åGPSçŠ¶æ€:
2025-10-28 18:04:00.620 14744-15115 AmapBroadcastHandlers   com.example.cplink                   V    ä½¿ç”¨effectiveLatitudeç­–ç•¥: vpPosPointLat=31.10879106, vpPosPointLatNavi=31.10879106
2025-10-28 18:04:00.620 14744-15115 AmapBroadcastManager    com.example.cplink                   D  ğŸ“¡ å¤„ç†é€šç”¨å¹¿æ’­: KEY_TYPE=13011
2025-10-28 18:04:00.620 14744-15115 AmapBroadcastHandlers   com.example.cplink                   D  ğŸ§­ å¤„ç†å¼•å¯¼ä¿¡æ¯å¹¿æ’­ (KEY_TYPE: 10001)
2025-10-28 18:04:00.620 14744-15115 AmapBroadcastHandlers   com.example.cplink                   D  ğŸ“ GPSåæ ‡ä¸º0ï¼Œä½¿ç”¨æ‰‹æœºGPS: lat=31.10879106, lon=121.45194723
2025-10-28 18:04:00.620 14744-15115 AmapBroadcastHandlers   com.example.cplink                   D  ğŸ›£ï¸ é“è·¯ç±»å‹æ˜ å°„: ROAD_TYPE=7 (ä¸»è¦é“è·¯) -> roadcate=10 (å¾ˆå®½é“è·¯ï¼ˆå››è½¦é“åŠä»¥ä¸Šï¼‰)
2025-10-28 18:04:00.620 14744-15115 AmapBroadcastHandlers   com.example.cplink                   D  ğŸ”„ è½¬å¼¯æ˜ å°„: é«˜å¾·å›¾æ ‡=8 -> CarrotManç±»å‹=14
2025-10-28 18:04:00.620 14744-15115 AmapBroadcastHandlers   com.example.cplink                   D  ğŸ”„ ä¸‹ä¸€è½¬å¼¯æ˜ å°„: é«˜å¾·å›¾æ ‡=0 -> CarrotManç±»å‹=51
2025-10-28 18:04:00.620 14744-15115 AmapBroadcastHandlers   com.example.cplink                   I  ğŸ§­ å¼•å¯¼ä¿¡æ¯: é“è·¯=é“¶éƒ½è·¯éš§é“->èŠ¦æ’è·¯, è½¬å¼¯ç±»å‹=14, è·ç¦»=2713m
2025-10-28 18:04:00.621 14744-15115 AmapBroadcastHandlers   com.example.cplink                   D  ğŸ“Š æ•°æ®æºå·²æ›´æ–°: amap_navi
2025-10-28 18:04:00.621 14744-15115 AmapBroadcastHandlers   com.example.cplink                   V  ğŸ” å¼•å¯¼ä¿¡æ¯å¤„ç†åGPSçŠ¶æ€:
2025-10-28 18:04:00.621 14744-15115 AmapBroadcastHandlers   com.example.cplink                   V    ä½¿ç”¨effectiveLatitudeç­–ç•¥: vpPosPointLat=31.10879106, vpPosPointLatNavi=31.10879106
2025-10-28 18:04:00.681 14744-15114 CarrotManNetwork        com.example.cplink                   I  ğŸ“¡ æ”¶åˆ°è®¾å¤‡å¹¿æ’­: [{"Carrot2": "0.9.9", "IsOnroad": true, "CarrotRouteActive": true, "ip": "192.168.0.3", "port": 7706, "log_carrot": "", "v_cruise_kph": 60.0, "carcruiseSpeed": 61.750003051757815, "v_ego_kph": 58, "tbt_dist": 2771.390625, "sdi_dist": 0, "active": true, "xState": 2, "trafficState": 2}] from 192.168.0.3
2025-10-28 18:04:00.681 14744-15114 CarrotManNetwork        com.example.cplink                   D  ğŸ“Š å½“å‰çŠ¶æ€: å·²å‘ç°è®¾å¤‡=1, å½“å‰è¿æ¥=192.168.0.3
2025-10-28 18:04:00.681 14744-15114 CarrotManNetwork        com.example.cplink                   D  ğŸ” æ£€æŸ¥OpenpPilotæ•°æ®: Carrot2=true, IsOnroad=true, v_ego_kph=true, active=true, xState=true -> true
2025-10-28 18:04:00.682 14744-14744 NetworkManager          com.example.cplink                   I  âœ… OpenpPilotçŠ¶æ€å·²æ›´æ–°: è½¦é€Ÿ=58km/h, æ¿€æ´»=true, åœ¨è·¯ä¸Š=true
2025-10-28 18:04:00.728 14744-14744 VRI[MainActivity]       com.example.cplink                   D  visibilityChanged oldVisibility=true newVisibility=false
2025-10-28 18:04:00.744 14744-14744 ViewRootImpl            com.example.cplink                   D  AppSizeAfterRelayout, size: Point(1080, 2400), rotation: ROTATION_0
2025-10-28 18:04:00.783 14744-15114 CarrotManNetwork        com.example.cplink                   I  ğŸ“¡ æ”¶åˆ°è®¾å¤‡å¹¿æ’­: [{"Carrot2": "0.9.9", "IsOnroad": true, "CarrotRouteActive": true, "ip": "192.168.0.3", "port": 7706, "log_carrot": "", "v_cruise_kph": 60.0, "carcruiseSpeed": 61.750003051757815, "v_ego_kph": 58, "tbt_dist": 2769.615234375, "sdi_dist": 0, "active": true, "xState": 2, "trafficState": 2}] from 192.168.0.3
2025-10-28 18:04:00.783 14744-15114 CarrotManNetwork        com.example.cplink                   D  ğŸ“Š å½“å‰çŠ¶æ€: å·²å‘ç°è®¾å¤‡=1, å½“å‰è¿æ¥=192.168.0.3
2025-10-28 18:04:00.784 14744-15114 CarrotManNetwork        com.example.cplink                   D  ğŸ” æ£€æŸ¥OpenpPilotæ•°æ®: Carrot2=true, IsOnroad=true, v_ego_kph=true, active=true, xState=true -> true
2025-10-28 18:04:00.788 14744-14744 MainActivity            com.example.cplink                   I  ğŸ”§ MainActivityæ­£åœ¨é”€æ¯ï¼Œæ¸…ç†èµ„æº...
2025-10-28 18:04:00.788 14744-14744 MainActivity            com.example.cplink                   I  ğŸ“Š å†…å­˜ç›‘æ§å·²åœæ­¢
2025-10-28 18:04:00.790 14744-14744 DeviceManager           com.example.cplink                   I  ğŸ“Š è®°å½•ä½¿ç”¨æ—¶é•¿: 14åˆ†é’Ÿï¼Œç´¯è®¡: 170åˆ†é’Ÿï¼Œä¿å­˜æˆåŠŸ: true
2025-10-28 18:04:00.790 14744-14744 MainActivity            com.example.cplink                   I  ğŸ›‘ åœæ­¢å‰å°æœåŠ¡...
2025-10-28 18:04:00.791 14744-14744 MainActivity            com.example.cplink                   I  âœ… å‰å°æœåŠ¡åœæ­¢æˆåŠŸ
2025-10-28 18:04:00.791 14744-14744 MainActivity            com.example.cplink                   I  âœ… æ§åˆ¶æŒ‡ä»¤å¹¿æ’­æ¥æ”¶å™¨å·²æ³¨é”€
2025-10-28 18:04:00.792 14744-14744 AmapBroadcastManager    com.example.cplink                   I  âœ… å¹¿æ’­æ¥æ”¶å™¨å·²æ³¨é”€
2025-10-28 18:04:00.815 14744-14744 LocationSensorManager   com.example.cplink                   I  âœ… ä½ç½®å’Œä¼ æ„Ÿå™¨æœåŠ¡å·²æ¸…ç†
2025-10-28 18:04:00.815 14744-14744 PermissionManager       com.example.cplink                   I  ğŸ§¹ æ¸…ç†æƒé™ç®¡ç†å™¨èµ„æº...
2025-10-28 18:04:00.816 14744-14744 NetworkManager          com.example.cplink                   I  â¹ï¸ ç½‘ç»œçŠ¶æ€å®šæœŸæ›´æ–°å·²åœæ­¢
2025-10-28 18:04:00.816 14744-15114 NetworkManager          com.example.cplink                   E  âŒ å®šæœŸæ›´æ–°ç½‘ç»œçŠ¶æ€å¤±è´¥: StandaloneCoroutine was cancelled
                                                                                                    kotlinx.coroutines.JobCancellationException: StandaloneCoroutine was cancelled; job=StandaloneCoroutine{Cancelling}@4f0f5e5
2025-10-28 18:04:00.816 14744-14744 CarrotManNetwork        com.example.cplink                   I  å¼€å§‹æ¸…ç†CarrotManç½‘ç»œå®¢æˆ·ç«¯èµ„æº
2025-10-28 18:04:00.816 14744-14744 CarrotManNetwork        com.example.cplink                   I  åœæ­¢ CarrotMan ç½‘ç»œå®¢æˆ·ç«¯æœåŠ¡
2025-10-28 18:04:00.817 14744-15126 CarrotManNetwork        com.example.cplink                   E  âŒ è‡ªåŠ¨æ•°æ®å‘é€å¤±è´¥: StandaloneCoroutine was cancelled
                                                                                                    kotlinx.coroutines.JobCancellationException: StandaloneCoroutine was cancelled; job=StandaloneCoroutine{Cancelling}@386b36b
2025-10-28 18:04:00.817 14744-15114 CarrotManNetwork        com.example.cplink                   E  âŒ è®¾å¤‡å¥åº·æ£€æŸ¥å¤±è´¥: StandaloneCoroutine was cancelled
                                                                                                    kotlinx.coroutines.JobCancellationException: StandaloneCoroutine was cancelled; job=StandaloneCoroutine{Cancelling}@dc00b61
2025-10-28 18:04:00.818 14744-14744 CarrotManNetwork        com.example.cplink                   D  ç½‘ç»œçŠ¶æ€å·²ä¿å­˜: running=false, device=
2025-10-28 18:04:00.818 14744-14744 CarrotManNetwork        com.example.cplink                   I  CarrotMan ç½‘ç»œæœåŠ¡å·²å®Œå…¨åœæ­¢
2025-10-28 18:04:00.818 14744-14744 CarrotManNetwork        com.example.cplink                   I  CarrotManç½‘ç»œå®¢æˆ·ç«¯èµ„æºæ¸…ç†å®Œæˆ
2025-10-28 18:04:00.818 14744-14744 NetworkManager          com.example.cplink                   I  ğŸ§¹ ç½‘ç»œç®¡ç†å™¨èµ„æºå·²æ¸…ç†
2025-10-28 18:04:00.818 14744-14744 DeviceManager           com.example.cplink                   I  ğŸ§¹ æ¸…ç†è®¾å¤‡ç®¡ç†å™¨èµ„æº
2025-10-28 18:04:00.818 14744-14744 DeviceManager           com.example.cplink                   I  â¹ï¸ åœæ­¢å€’è®¡æ—¶
2025-10-28 18:04:00.818 14744-14744 MainActivity            com.example.cplink                   I  âœ… æ‰€æœ‰ç›‘å¬å™¨å·²æ³¨é”€å¹¶é‡Šæ”¾èµ„æº
2025-10-28 18:04:00.819 14744-14744 WindowOnBackDispatcher  com.example.cplink                   W  sendCancelIfRunning: isInProgress=false callback=android.view.ViewRootImpl$$ExternalSyntheticLambda11@43ff07a
2025-10-28 18:04:00.819 14744-18148 CarrotManNetwork        com.example.cplink                   E  âŒ å¿ƒè·³ä»»åŠ¡å¼‚å¸¸: Job was cancelled
                                                                                                    kotlinx.coroutines.JobCancellationException: Job was cancelled; job=SupervisorJobImpl{Cancelling}@3db1b47
2025-10-28 18:04:00.842 14744-14744 NetworkManager          com.example.cplink                   I  âœ… OpenpPilotçŠ¶æ€å·²æ›´æ–°: è½¦é€Ÿ=58km/h, æ¿€æ´»=true, åœ¨è·¯ä¸Š=true
2025-10-28 18:04:00.842 14744-14744 NetworkManager          com.example.cplink                   I  ğŸŒ ç½‘ç»œçŠ¶æ€å˜åŒ–: connected=false, device=
2025-10-28 18:04:01.194 14744-14744 ViewRootImpl            com.example.cplink                   D  AppSizeAfterRelayout, size: Point(665, 455), rotation: ROTATION_0
2025-10-28 18:04:06.216 14744-18148 FloatingWindowService   com.example.cplink                   V  âš ï¸ æ— æœ‰æ•ˆæ•°æ® - è®¾å¤‡è¿æ¥:false, é€Ÿåº¦æ•°æ®:false
2025-10-28 18:04:06.421 14744-18148 FloatingWindowService   com.example.cplink                   V  âš ï¸ æ— æœ‰æ•ˆæ•°æ® - è®¾å¤‡è¿æ¥:false, é€Ÿåº¦æ•°æ®:false
2025-10-28 18:04:06.627 14744-18148 FloatingWindowService   com.example.cplink                   V  âš ï¸ æ— æœ‰æ•ˆæ•°æ® - è®¾å¤‡è¿æ¥:false, é€Ÿåº¦æ•°æ®:false
2025-10-28 18:04:06.832 14744-18148 FloatingWindowService   com.example.cplink                   V  âš ï¸ æ— æœ‰æ•ˆæ•°æ® - è®¾å¤‡è¿æ¥:false, é€Ÿåº¦æ•°æ®:false
2025-10-28 18:04:07.038 14744-18148 FloatingWindowService   com.example.cplink                   V  âš ï¸ æ— æœ‰æ•ˆæ•°æ® - è®¾å¤‡è¿æ¥:false, é€Ÿåº¦æ•°æ®:false
2025-10-28 18:04:07.243 14744-18148 FloatingWindowService   com.example.cplink                   V  âš ï¸ æ— æœ‰æ•ˆæ•°æ® - è®¾å¤‡è¿æ¥:false, é€Ÿåº¦æ•°æ®:false
2025-10-28 18:04:07.447 14744-18148 FloatingWindowService   com.example.cplink                   V  âš ï¸ æ— æœ‰æ•ˆæ•°æ® - è®¾å¤‡è¿æ¥:false, é€Ÿåº¦æ•°æ®:false
2025-10-28 18:04:07.652 14744-18148 FloatingWindowService   com.example.cplink                   V  âš ï¸ æ— æœ‰æ•ˆæ•°æ® - è®¾å¤‡è¿æ¥:false, é€Ÿåº¦æ•°æ®:false
2025-10-28 18:04:07.856 14744-18148 FloatingWindowService   com.example.cplink                   V  âš ï¸ æ— æœ‰æ•ˆæ•°æ® - è®¾å¤‡è¿æ¥:false, é€Ÿåº¦æ•°æ®:false
2025-10-28 18:04:08.061 14744-18148 FloatingWindowService   com.example.cplink                   V  âš ï¸ æ— æœ‰æ•ˆæ•°æ® - è®¾å¤‡è¿æ¥:false, é€Ÿåº¦æ•°æ®:false
2025-10-28 18:04:08.270 14744-18148 FloatingWindowService   com.example.cplink                   V  âš ï¸ æ— æœ‰æ•ˆæ•°æ® - è®¾å¤‡è¿æ¥:false, é€Ÿåº¦æ•°æ®:false