2025-10-31 09:23:39.340 14348-22248 AmapBroadcastHandlers   com.example.cplink                   I  🧭 引导信息: 道路=云湾路->荣区街, 转弯类型=13, 距离=542m
2025-10-31 09:23:39.342 14348-22248 AmapBroadcastHandlers   com.example.cplink                   V    使用effectiveLatitude策略: vpPosPointLat=31.19969692, vpPosPointLatNavi=31.19969692
2025-10-31 09:23:39.583 14348-22130 MainActivity            com.example.cplink                   D  📥 使用统计更新响应码: 200
2025-10-31 09:23:39.584 14348-22130 MainActivity            com.example.cplink                   D  📥 使用统计更新响应: {
                                                                                                      "data": {
                                                                                                        "car_model": "\u9a6c\u81ea\u8fbecx-5",
                                                                                                        "device_id": "FB0184A6B311",
                                                                                                        "modify_time": "2025-10-31T01:23:40.189894",
                                                                                                        "sponsor_amount": 99.0,
                                                                                                        "total_distance": 7422.0,
                                                                                                        "usage_count": 115,
                                                                                                        "usage_duration": 12.0,
                                                                                                        "user_type": 4,
                                                                                                        "wechat_name": "\u673a\u68b0\u5c0f\u9e3d"
                                                                                                      },
                                                                                                      "message": "\u7528\u6237\u6570\u636e\u66f4\u65b0\u6210\u529f",
                                                                                                      "success": true
                                                                                                    }
2025-10-31 09:23:39.584 14348-22130 MainActivity            com.example.cplink                   I  ✅ 使用统计数据更新成功: 次数=115, 时长=12小时, 距离=7422km
2025-10-31 09:23:39.775 14348-14348 NetworkManager          com.example.cplink                   I  🔄 状态变化: 车速 4 -> 5, 激活 false -> false
2025-10-31 09:23:40.083 14348-14348 NetworkManager          com.example.cplink                   I  🔄 状态变化: 车速 5 -> 6, 激活 false -> false
2025-10-31 09:23:40.157 14348-14348 LocationSensorManager   com.example.cplink                   I  🌍 GPS位置更新接收:
2025-10-31 09:23:40.157 14348-14348 LocationSensorManager   com.example.cplink                   I    📍 坐标: lat=31.199705, lon=120.626970
2025-10-31 09:23:40.157 14348-14348 LocationSensorManager   com.example.cplink                   I    🚀 速度: 6.6 km/h
2025-10-31 09:23:40.157 14348-14348 LocationSensorManager   com.example.cplink                   I    🧭 方向: 295.7°
2025-10-31 09:23:40.157 14348-14348 LocationSensorManager   com.example.cplink                   I    📡 精度: 3.7960627m
2025-10-31 09:23:40.157 14348-14348 LocationSensorManager   com.example.cplink                   I    🔧 提供者: gps
2025-10-31 09:23:40.157 14348-14348 LocationSensorManager   com.example.cplink                   I    ⏰ 时间: -843ms前
2025-10-31 09:23:40.157 14348-14348 LocationSensorManager   com.example.cplink                   I  ✅ GPS字段更新完成 (实时性优化):
2025-10-31 09:23:40.157 14348-14348 LocationSensorManager   com.example.cplink                   D    📍 坐标: lat=31.199705, lon=120.626970
2025-10-31 09:23:40.157 14348-14348 LocationSensorManager   com.example.cplink                   D    🚀 速度: 6.6 km/h
2025-10-31 09:23:40.157 14348-14348 LocationSensorManager   com.example.cplink                   D    🧭 方向: 295.7°
2025-10-31 09:23:40.157 14348-14348 LocationSensorManager   com.example.cplink                   D    📡 精度: 3.8m
2025-10-31 09:23:40.157 14348-14348 LocationSensorManager   com.example.cplink                   D    🔧 提供者: gps
2025-10-31 09:23:40.157 14348-14348 LocationSensorManager   com.example.cplink                   D    ⏰ 数据年龄: -844ms
2025-10-31 09:23:40.157 14348-14348 LocationSensorManager   com.example.cplink                   D    🎯 实时性: 优秀
2025-10-31 09:23:40.157 14348-14348 LocationSensorManager   com.example.cplink                   V  🔍 验证GPS字段同步:
2025-10-31 09:23:40.158 14348-14348 LocationSensorManager   com.example.cplink                   V    vpPosPointLat: 31.19970471
2025-10-31 09:23:40.158 14348-14348 LocationSensorManager   com.example.cplink                   V    vpPosPointLon: 120.62696978
2025-10-31 09:23:40.158 14348-14348 LocationSensorManager   com.example.cplink                   V    latitude: 31.19970471
2025-10-31 09:23:40.158 14348-14348 LocationSensorManager   com.example.cplink                   V    longitude: 120.62696978
2025-10-31 09:23:40.165 14348-22248 AmapBroadcastHandlers   com.example.cplink                   D  🌍 地理位置: 行政区='', 城市='', 区县=''
2025-10-31 09:23:40.285 14348-14348 NetworkManager          com.example.cplink                   I  🔄 状态变化: 车速 6 -> 7, 激活 false -> false
2025-10-31 09:23:40.320 14348-22130 AmapBroadcastManager    com.example.cplink                   D  📡 处理通用广播: KEY_TYPE=13011
2025-10-31 09:23:40.325 14348-22130 AmapBroadcastHandlers   com.example.cplink                   D  🛣️ 道路类型映射: ROAD_TYPE=8 (次要道路) -> roadcate=6 (中等宽度（双车道）)
2025-10-31 09:23:40.325 14348-22130 AmapBroadcastHandlers   com.example.cplink                   I  🧭 引导信息: 道路=云湾路->荣区街, 转弯类型=13, 距离=542m
2025-10-31 09:23:40.326 14348-22130 AmapBroadcastHandlers   com.example.cplink                   V    使用effectiveLatitude策略: vpPosPointLat=31.19970471, vpPosPointLatNavi=31.19970471
2025-10-31 09:23:40.328 14348-22130 AmapBroadcastHandlers   com.example.cplink                   D  🛣️ 道路类型映射: ROAD_TYPE=8 (次要道路) -> roadcate=6 (中等宽度（双车道）)
2025-10-31 09:23:40.328 14348-22130 AmapBroadcastHandlers   com.example.cplink                   I  🧭 引导信息: 道路=云湾路->荣区街, 转弯类型=13, 距离=541m
2025-10-31 09:23:40.328 14348-22130 AmapBroadcastHandlers   com.example.cplink                   V    使用effectiveLatitude策略: vpPosPointLat=31.19970471, vpPosPointLatNavi=31.19970471
2025-10-31 09:23:40.335 14348-22130 AmapBroadcastHandlers   com.example.cplink                   D  🛣️ 道路类型映射: ROAD_TYPE=8 (次要道路) -> roadcate=6 (中等宽度（双车道）)
2025-10-31 09:23:40.335 14348-22130 AmapBroadcastHandlers   com.example.cplink                   I  🧭 引导信息: 道路=云湾路->荣区街, 转弯类型=13, 距离=541m
2025-10-31 09:23:40.336 14348-22130 AmapBroadcastHandlers   com.example.cplink                   V    使用effectiveLatitude策略: vpPosPointLat=31.19970471, vpPosPointLatNavi=31.19970471
2025-10-31 09:23:40.594 14348-14348 NetworkManager          com.example.cplink                   I  🔄 状态变化: 车速 7 -> 8, 激活 false -> false
2025-10-31 09:23:40.903 14348-14348 NetworkManager          com.example.cplink                   I  🔄 状态变化: 车速 8 -> 9, 激活 false -> false
2025-10-31 09:23:41.171 14348-14348 LocationSensorManager   com.example.cplink                   I  🌍 GPS位置更新接收:
2025-10-31 09:23:41.172 14348-14348 LocationSensorManager   com.example.cplink                   I    📍 坐标: lat=31.199712, lon=120.626946
2025-10-31 09:23:41.172 14348-14348 LocationSensorManager   com.example.cplink                   I    🚀 速度: 10.0 km/h
2025-10-31 09:23:41.172 14348-14348 LocationSensorManager   com.example.cplink                   I    🧭 方向: 290.4°
2025-10-31 09:23:41.172 14348-14348 LocationSensorManager   com.example.cplink                   I    📡 精度: 3.7964478m
2025-10-31 09:23:41.172 14348-14348 LocationSensorManager   com.example.cplink                   I    🔧 提供者: gps
2025-10-31 09:23:41.172 14348-14348 LocationSensorManager   com.example.cplink                   I    ⏰ 时间: -828ms前
2025-10-31 09:23:41.173 14348-14348 LocationSensorManager   com.example.cplink                   I  ✅ GPS字段更新完成 (实时性优化):
2025-10-31 09:23:41.173 14348-14348 LocationSensorManager   com.example.cplink                   D    📍 坐标: lat=31.199712, lon=120.626946
2025-10-31 09:23:41.173 14348-14348 LocationSensorManager   com.example.cplink                   D    🚀 速度: 10.0 km/h
2025-10-31 09:23:41.173 14348-14348 LocationSensorManager   com.example.cplink                   D    🧭 方向: 290.4°
2025-10-31 09:23:41.173 14348-14348 LocationSensorManager   com.example.cplink                   D    📡 精度: 3.8m
2025-10-31 09:23:41.173 14348-14348 LocationSensorManager   com.example.cplink                   D    🔧 提供者: gps
2025-10-31 09:23:41.173 14348-14348 LocationSensorManager   com.example.cplink                   D    ⏰ 数据年龄: -830ms
2025-10-31 09:23:41.173 14348-14348 LocationSensorManager   com.example.cplink                   D    🎯 实时性: 优秀
2025-10-31 09:23:41.173 14348-14348 LocationSensorManager   com.example.cplink                   V  🔍 验证GPS字段同步:
2025-10-31 09:23:41.173 14348-14348 LocationSensorManager   com.example.cplink                   V    vpPosPointLat: 31.19971217
2025-10-31 09:23:41.174 14348-14348 LocationSensorManager   com.example.cplink                   V    vpPosPointLon: 120.62694586
2025-10-31 09:23:41.174 14348-14348 LocationSensorManager   com.example.cplink                   V    latitude: 31.19971217
2025-10-31 09:23:41.174 14348-14348 LocationSensorManager   com.example.cplink                   V    longitude: 120.62694586
2025-10-31 09:23:41.195 14348-22251 AmapBroadcastHandlers   com.example.cplink                   D  🌍 地理位置: 行政区='', 城市='', 区县=''
2025-10-31 09:23:41.206 14348-14348 NetworkManager          com.example.cplink                   I  🔄 状态变化: 车速 9 -> 10, 激活 false -> false
2025-10-31 09:23:41.334 14348-22130 AmapBroadcastManager    com.example.cplink                   D  📡 处理通用广播: KEY_TYPE=13011
2025-10-31 09:23:41.343 14348-22130 AmapBroadcastHandlers   com.example.cplink                   D  🛣️ 道路类型映射: ROAD_TYPE=8 (次要道路) -> roadcate=6 (中等宽度（双车道）)
2025-10-31 09:23:41.343 14348-22130 AmapBroadcastHandlers   com.example.cplink                   I  🧭 引导信息: 道路=云湾路->荣区街, 转弯类型=13, 距离=539m
2025-10-31 09:23:41.344 14348-22130 AmapBroadcastHandlers   com.example.cplink                   V    使用effectiveLatitude策略: vpPosPointLat=31.19971217, vpPosPointLatNavi=31.19971217
2025-10-31 09:23:41.344 14348-22130 AmapBroadcastHandlers   com.example.cplink                   D  🛣️ 道路类型映射: ROAD_TYPE=8 (次要道路) -> roadcate=6 (中等宽度（双车道）)
2025-10-31 09:23:41.344 14348-22130 AmapBroadcastHandlers   com.example.cplink                   I  🧭 引导信息: 道路=云湾路->荣区街, 转弯类型=13, 距离=539m
2025-10-31 09:23:41.344 14348-22130 AmapBroadcastHandlers   com.example.cplink                   V    使用effectiveLatitude策略: vpPosPointLat=31.19971217, vpPosPointLatNavi=31.19971217
2025-10-31 09:23:41.348 14348-22130 AmapBroadcastHandlers   com.example.cplink                   D  🛣️ 道路类型映射: ROAD_TYPE=8 (次要道路) -> roadcate=6 (中等宽度（双车道）)
2025-10-31 09:23:41.348 14348-22130 AmapBroadcastHandlers   com.example.cplink                   I  🧭 引导信息: 道路=云湾路->荣区街, 转弯类型=13, 距离=539m
2025-10-31 09:23:41.349 14348-22130 AmapBroadcastHandlers   com.example.cplink                   V    使用effectiveLatitude策略: vpPosPointLat=31.19971217, vpPosPointLatNavi=31.19971217
2025-10-31 09:23:41.412 14348-14348 FinalizerDaemon         com.example.cplink                   W  type=1400 audit(0.0:3862602): avc:  denied  { getopt } for  path="/dev/socket/usap_pool_primary" scontext=u:r:untrusted_app:s0:c200,c257,c512,c768 tcontext=u:r:zygote:s0 tclass=unix_stream_socket permissive=0 app=com.example.cplink
2025-10-31 09:23:41.513 14348-14348 NetworkManager          com.example.cplink                   I  🔄 状态变化: 车速 10 -> 11, 激活 false -> false
2025-10-31 09:23:42.158 14348-14348 LocationSensorManager   com.example.cplink                   I  🌍 GPS位置更新接收:
2025-10-31 09:23:42.158 14348-14348 LocationSensorManager   com.example.cplink                   I    📍 坐标: lat=31.199725, lon=120.626914
2025-10-31 09:23:42.158 14348-14348 LocationSensorManager   com.example.cplink                   I    🚀 速度: 11.1 km/h
2025-10-31 09:23:42.158 14348-14348 LocationSensorManager   com.example.cplink                   I    🧭 方向: 291.1°
2025-10-31 09:23:42.158 14348-14348 LocationSensorManager   com.example.cplink                   I    📡 精度: 3.7967045m
2025-10-31 09:23:42.158 14348-14348 LocationSensorManager   com.example.cplink                   I    🔧 提供者: gps
2025-10-31 09:23:42.158 14348-14348 LocationSensorManager   com.example.cplink                   I    ⏰ 时间: -842ms前
2025-10-31 09:23:42.158 14348-14348 LocationSensorManager   com.example.cplink                   I  ✅ GPS字段更新完成 (实时性优化):
2025-10-31 09:23:42.158 14348-14348 LocationSensorManager   com.example.cplink                   D    📍 坐标: lat=31.199725, lon=120.626914
2025-10-31 09:23:42.158 14348-14348 LocationSensorManager   com.example.cplink                   D    🚀 速度: 11.1 km/h
2025-10-31 09:23:42.158 14348-14348 LocationSensorManager   com.example.cplink                   D    🧭 方向: 291.1°
2025-10-31 09:23:42.158 14348-14348 LocationSensorManager   com.example.cplink                   D    📡 精度: 3.8m
2025-10-31 09:23:42.158 14348-14348 LocationSensorManager   com.example.cplink                   D    🔧 提供者: gps
2025-10-31 09:23:42.158 14348-14348 LocationSensorManager   com.example.cplink                   D    ⏰ 数据年龄: -843ms
2025-10-31 09:23:42.158 14348-14348 LocationSensorManager   com.example.cplink                   D    🎯 实时性: 优秀
2025-10-31 09:23:42.158 14348-14348 LocationSensorManager   com.example.cplink                   V  🔍 验证GPS字段同步:
2025-10-31 09:23:42.158 14348-14348 LocationSensorManager   com.example.cplink                   V    vpPosPointLat: 31.19972457
2025-10-31 09:23:42.158 14348-14348 LocationSensorManager   com.example.cplink                   V    vpPosPointLon: 120.62691366
2025-10-31 09:23:42.159 14348-14348 LocationSensorManager   com.example.cplink                   V    latitude: 31.19972457
2025-10-31 09:23:42.159 14348-14348 LocationSensorManager   com.example.cplink                   V    longitude: 120.62691366
2025-10-31 09:23:42.165 14348-22248 AmapBroadcastHandlers   com.example.cplink                   D  🌍 地理位置: 行政区='', 城市='', 区县=''
2025-10-31 09:23:42.362 14348-22130 AmapBroadcastHandlers   com.example.cplink                   D  🛣️ 道路类型映射: ROAD_TYPE=8 (次要道路) -> roadcate=6 (中等宽度（双车道）)
2025-10-31 09:23:42.362 14348-22130 AmapBroadcastHandlers   com.example.cplink                   I  🧭 引导信息: 道路=云湾路->荣区街, 转弯类型=13, 距离=539m
2025-10-31 09:23:42.362 14348-22130 AmapBroadcastHandlers   com.example.cplink                   V    使用effectiveLatitude策略: vpPosPointLat=31.19972457, vpPosPointLatNavi=31.19972457
2025-10-31 09:23:42.377 14348-22130 AmapBroadcastManager    com.example.cplink                   D  📡 处理通用广播: KEY_TYPE=13011
2025-10-31 09:23:42.383 14348-22130 AmapBroadcastHandlers   com.example.cplink                   D  🛣️ 道路类型映射: ROAD_TYPE=8 (次要道路) -> roadcate=6 (中等宽度（双车道）)
2025-10-31 09:23:42.384 14348-22130 AmapBroadcastHandlers   com.example.cplink                   I  🧭 引导信息: 道路=云湾路->荣区街, 转弯类型=13, 距离=536m
2025-10-31 09:23:42.386 14348-22130 AmapBroadcastHandlers   com.example.cplink                   V    使用effectiveLatitude策略: vpPosPointLat=31.19972457, vpPosPointLatNavi=31.19972457
2025-10-31 09:23:42.393 14348-22130 AmapBroadcastHandlers   com.example.cplink                   D  🛣️ 道路类型映射: ROAD_TYPE=8 (次要道路) -> roadcate=6 (中等宽度（双车道）)
2025-10-31 09:23:42.393 14348-22130 AmapBroadcastHandlers   com.example.cplink                   I  🧭 引导信息: 道路=云湾路->荣区街, 转弯类型=13, 距离=536m
2025-10-31 09:23:42.394 14348-22130 AmapBroadcastHandlers   com.example.cplink                   V    使用effectiveLatitude策略: vpPosPointLat=31.19972457, vpPosPointLatNavi=31.19972457
2025-10-31 09:23:43.172 14348-14348 LocationSensorManager   com.example.cplink                   I  🌍 GPS位置更新接收:
2025-10-31 09:23:43.172 14348-14348 LocationSensorManager   com.example.cplink                   I    📍 坐标: lat=31.199736, lon=120.626886
2025-10-31 09:23:43.173 14348-14348 LocationSensorManager   com.example.cplink                   I    🚀 速度: 10.3 km/h
2025-10-31 09:23:43.173 14348-14348 LocationSensorManager   com.example.cplink                   I    🧭 方向: 295.6°
2025-10-31 09:23:43.173 14348-14348 LocationSensorManager   com.example.cplink                   I    📡 精度: 3.7932565m
2025-10-31 09:23:43.173 14348-14348 LocationSensorManager   com.example.cplink                   I    🔧 提供者: gps
2025-10-31 09:23:43.173 14348-14348 LocationSensorManager   com.example.cplink                   I    ⏰ 时间: -827ms前
2025-10-31 09:23:43.173 14348-14348 LocationSensorManager   com.example.cplink                   I  ✅ GPS字段更新完成 (实时性优化):
2025-10-31 09:23:43.174 14348-14348 LocationSensorManager   com.example.cplink                   D    📍 坐标: lat=31.199736, lon=120.626886
2025-10-31 09:23:43.174 14348-14348 LocationSensorManager   com.example.cplink                   D    🚀 速度: 10.3 km/h
2025-10-31 09:23:43.174 14348-14348 LocationSensorManager   com.example.cplink                   D    🧭 方向: 295.6°
2025-10-31 09:23:43.174 14348-14348 LocationSensorManager   com.example.cplink                   D    📡 精度: 3.8m
2025-10-31 09:23:43.175 14348-14348 LocationSensorManager   com.example.cplink                   D    🔧 提供者: gps
2025-10-31 09:23:43.175 14348-14348 LocationSensorManager   com.example.cplink                   D    ⏰ 数据年龄: -829ms
2025-10-31 09:23:43.175 14348-14348 LocationSensorManager   com.example.cplink                   D    🎯 实时性: 优秀
2025-10-31 09:23:43.175 14348-14348 LocationSensorManager   com.example.cplink                   V  🔍 验证GPS字段同步:
2025-10-31 09:23:43.175 14348-14348 LocationSensorManager   com.example.cplink                   V    vpPosPointLat: 31.19973563
2025-10-31 09:23:43.175 14348-14348 LocationSensorManager   com.example.cplink                   V    vpPosPointLon: 120.62688644
2025-10-31 09:23:43.175 14348-14348 LocationSensorManager   com.example.cplink                   V    latitude: 31.19973563
2025-10-31 09:23:43.175 14348-14348 LocationSensorManager   com.example.cplink                   V    longitude: 120.62688644
2025-10-31 09:23:43.192 14348-22256 AmapBroadcastHandlers   com.example.cplink                   D  🌍 地理位置: 行政区='', 城市='', 区县=''
2025-10-31 09:23:43.261 14348-14348 NetworkManager          com.example.cplink                   I  🔄 状态变化: 车速 11 -> 10, 激活 false -> false
2025-10-31 09:23:43.382 14348-22256 AmapBroadcastManager    com.example.cplink                   D  📡 处理通用广播: KEY_TYPE=13011
2025-10-31 09:23:43.393 14348-22253 AmapBroadcastHandlers   com.example.cplink                   D  🛣️ 道路类型映射: ROAD_TYPE=8 (次要道路) -> roadcate=6 (中等宽度（双车道）)
2025-10-31 09:23:43.393 14348-22253 AmapBroadcastHandlers   com.example.cplink                   I  🧭 引导信息: 道路=云湾路->荣区街, 转弯类型=13, 距离=533m
2025-10-31 09:23:43.395 14348-22253 AmapBroadcastHandlers   com.example.cplink                   V    使用effectiveLatitude策略: vpPosPointLat=31.19973563, vpPosPointLatNavi=31.19973563
2025-10-31 09:23:43.396 14348-22253 AmapBroadcastHandlers   com.example.cplink                   D  🛣️ 道路类型映射: ROAD_TYPE=8 (次要道路) -> roadcate=6 (中等宽度（双车道）)
2025-10-31 09:23:43.397 14348-22253 AmapBroadcastHandlers   com.example.cplink                   I  🧭 引导信息: 道路=云湾路->荣区街, 转弯类型=13, 距离=533m
2025-10-31 09:23:43.399 14348-22253 AmapBroadcastHandlers   com.example.cplink                   V    使用effectiveLatitude策略: vpPosPointLat=31.19973563, vpPosPointLatNavi=31.19973563
2025-10-31 09:23:43.400 14348-22253 AmapBroadcastHandlers   com.example.cplink                   D  🛣️ 道路类型映射: ROAD_TYPE=8 (次要道路) -> roadcate=6 (中等宽度（双车道）)
2025-10-31 09:23:43.401 14348-22253 AmapBroadcastHandlers   com.example.cplink                   I  🧭 引导信息: 道路=云湾路->荣区街, 转弯类型=13, 距离=533m
2025-10-31 09:23:43.402 14348-22253 AmapBroadcastHandlers   com.example.cplink                   V    使用effectiveLatitude策略: vpPosPointLat=31.19973563, vpPosPointLatNavi=31.19973563
2025-10-31 09:23:44.178 14348-14348 LocationSensorManager   com.example.cplink                   I  🌍 GPS位置更新接收:
2025-10-31 09:23:44.179 14348-14348 LocationSensorManager   com.example.cplink                   I    📍 坐标: lat=31.199747, lon=120.626859
2025-10-31 09:23:44.179 14348-14348 LocationSensorManager   com.example.cplink                   I    🚀 速度: 9.5 km/h
2025-10-31 09:23:44.179 14348-14348 LocationSensorManager   com.example.cplink                   I    🧭 方向: 299.9°
2025-10-31 09:23:44.179 14348-14348 LocationSensorManager   com.example.cplink                   I    📡 精度: 3.7961264m
2025-10-31 09:23:44.179 14348-14348 LocationSensorManager   com.example.cplink                   I    🔧 提供者: gps
2025-10-31 09:23:44.179 14348-14348 LocationSensorManager   com.example.cplink                   I    ⏰ 时间: -821ms前
2025-10-31 09:23:44.179 14348-14348 LocationSensorManager   com.example.cplink                   I  ✅ GPS字段更新完成 (实时性优化):
2025-10-31 09:23:44.180 14348-14348 LocationSensorManager   com.example.cplink                   D    📍 坐标: lat=31.199747, lon=120.626859
2025-10-31 09:23:44.180 14348-14348 LocationSensorManager   com.example.cplink                   D    🚀 速度: 9.5 km/h
2025-10-31 09:23:44.180 14348-14348 LocationSensorManager   com.example.cplink                   D    🧭 方向: 299.9°
2025-10-31 09:23:44.180 14348-14348 LocationSensorManager   com.example.cplink                   D    📡 精度: 3.8m
2025-10-31 09:23:44.181 14348-14348 LocationSensorManager   com.example.cplink                   D    🔧 提供者: gps
2025-10-31 09:23:44.181 14348-14348 LocationSensorManager   com.example.cplink                   D    ⏰ 数据年龄: -823ms
2025-10-31 09:23:44.181 14348-14348 LocationSensorManager   com.example.cplink                   D    🎯 实时性: 优秀
2025-10-31 09:23:44.181 14348-14348 LocationSensorManager   com.example.cplink                   V  🔍 验证GPS字段同步:
2025-10-31 09:23:44.181 14348-14348 LocationSensorManager   com.example.cplink                   V    vpPosPointLat: 31.19974748
2025-10-31 09:23:44.181 14348-14348 LocationSensorManager   com.example.cplink                   V    vpPosPointLon: 120.62685869
2025-10-31 09:23:44.181 14348-14348 LocationSensorManager   com.example.cplink                   V    latitude: 31.19974748
2025-10-31 09:23:44.181 14348-14348 LocationSensorManager   com.example.cplink                   V    longitude: 120.62685869
2025-10-31 09:23:44.203 14348-22256 AmapBroadcastHandlers   com.example.cplink                   D  🌍 地理位置: 行政区='', 城市='', 区县=''
2025-10-31 09:23:44.418 14348-22253 AmapBroadcastManager    com.example.cplink                   D  📡 处理通用广播: KEY_TYPE=13011
2025-10-31 09:23:44.422 14348-22253 AmapBroadcastHandlers   com.example.cplink                   D  🛣️ 道路类型映射: ROAD_TYPE=8 (次要道路) -> roadcate=6 (中等宽度（双车道）)
2025-10-31 09:23:44.422 14348-22253 AmapBroadcastHandlers   com.example.cplink                   I  🧭 引导信息: 道路=云湾路->荣区街, 转弯类型=13, 距离=533m
2025-10-31 09:23:44.423 14348-22253 AmapBroadcastHandlers   com.example.cplink                   V    使用effectiveLatitude策略: vpPosPointLat=31.19974748, vpPosPointLatNavi=31.19974748
2025-10-31 09:23:44.424 14348-22253 AmapBroadcastHandlers   com.example.cplink                   D  🛣️ 道路类型映射: ROAD_TYPE=8 (次要道路) -> roadcate=6 (中等宽度（双车道）)
2025-10-31 09:23:44.424 14348-22253 AmapBroadcastHandlers   com.example.cplink                   I  🧭 引导信息: 道路=云湾路->荣区街, 转弯类型=13, 距离=530m
2025-10-31 09:23:44.425 14348-22253 AmapBroadcastHandlers   com.example.cplink                   V    使用effectiveLatitude策略: vpPosPointLat=31.19974748, vpPosPointLatNavi=31.19974748
2025-10-31 09:23:44.428 14348-22253 AmapBroadcastHandlers   com.example.cplink                   D  🛣️ 道路类型映射: ROAD_TYPE=8 (次要道路) -> roadcate=6 (中等宽度（双车道）)
2025-10-31 09:23:44.428 14348-22253 AmapBroadcastHandlers   com.example.cplink                   I  🧭 引导信息: 道路=云湾路->荣区街, 转弯类型=13, 距离=530m
2025-10-31 09:23:44.430 14348-22253 AmapBroadcastHandlers   com.example.cplink                   V    使用effectiveLatitude策略: vpPosPointLat=31.19974748, vpPosPointLatNavi=31.19974748
2025-10-31 09:23:44.500 14348-14348 NetworkManager          com.example.cplink                   I  🔄 状态变化: 车速 10 -> 9, 激活 false -> false
2025-10-31 09:23:45.025 14348-14348 NetworkManager          com.example.cplink                   I  🔄 状态变化: 车速 9 -> 9, 激活 false -> true
2025-10-31 09:23:45.199 14348-14348 LocationSensorManager   com.example.cplink                   I  🌍 GPS位置更新接收:
2025-10-31 09:23:45.200 14348-14348 LocationSensorManager   com.example.cplink                   I    📍 坐标: lat=31.199760, lon=120.626835
2025-10-31 09:23:45.200 14348-14348 LocationSensorManager   com.example.cplink                   I    🚀 速度: 8.6 km/h
2025-10-31 09:23:45.200 14348-14348 LocationSensorManager   com.example.cplink                   I    🧭 方向: 302.7°
2025-10-31 09:23:45.200 14348-14348 LocationSensorManager   com.example.cplink                   I    📡 精度: 3.7960143m
2025-10-31 09:23:45.200 14348-14348 LocationSensorManager   com.example.cplink                   I    🔧 提供者: gps
2025-10-31 09:23:45.200 14348-14348 LocationSensorManager   com.example.cplink                   I    ⏰ 时间: -800ms前
2025-10-31 09:23:45.200 14348-14348 LocationSensorManager   com.example.cplink                   I  ✅ GPS字段更新完成 (实时性优化):
2025-10-31 09:23:45.200 14348-14348 LocationSensorManager   com.example.cplink                   D    📍 坐标: lat=31.199760, lon=120.626835
2025-10-31 09:23:45.200 14348-14348 LocationSensorManager   com.example.cplink                   D    🚀 速度: 8.6 km/h
2025-10-31 09:23:45.200 14348-14348 LocationSensorManager   com.example.cplink                   D    🧭 方向: 302.7°
2025-10-31 09:23:45.200 14348-14348 LocationSensorManager   com.example.cplink                   D    📡 精度: 3.8m
2025-10-31 09:23:45.200 14348-14348 LocationSensorManager   com.example.cplink                   D    🔧 提供者: gps
2025-10-31 09:23:45.200 14348-14348 LocationSensorManager   com.example.cplink                   D    ⏰ 数据年龄: -801ms
2025-10-31 09:23:45.200 14348-14348 LocationSensorManager   com.example.cplink                   D    🎯 实时性: 优秀
2025-10-31 09:23:45.200 14348-14348 LocationSensorManager   com.example.cplink                   V  🔍 验证GPS字段同步:
2025-10-31 09:23:45.200 14348-14348 LocationSensorManager   com.example.cplink                   V    vpPosPointLat: 31.1997601
2025-10-31 09:23:45.200 14348-14348 LocationSensorManager   com.example.cplink                   V    vpPosPointLon: 120.62683535
2025-10-31 09:23:45.200 14348-14348 LocationSensorManager   com.example.cplink                   V    latitude: 31.1997601
2025-10-31 09:23:45.200 14348-14348 LocationSensorManager   com.example.cplink                   V    longitude: 120.62683535
2025-10-31 09:23:45.221 14348-22253 AmapBroadcastHandlers   com.example.cplink                   D  🌍 地理位置: 行政区='', 城市='', 区县=''
2025-10-31 09:23:45.446 14348-22253 AmapBroadcastHandlers   com.example.cplink                   D  🛣️ 道路类型映射: ROAD_TYPE=8 (次要道路) -> roadcate=6 (中等宽度（双车道）)
2025-10-31 09:23:45.447 14348-22253 AmapBroadcastHandlers   com.example.cplink                   I  🧭 引导信息: 道路=云湾路->荣区街, 转弯类型=13, 距离=530m
2025-10-31 09:23:45.448 14348-22253 AmapBroadcastHandlers   com.example.cplink                   V    使用effectiveLatitude策略: vpPosPointLat=31.1997601, vpPosPointLatNavi=31.1997601
2025-10-31 09:23:45.478 14348-22253 AmapBroadcastManager    com.example.cplink                   D  📡 处理通用广播: KEY_TYPE=13011
2025-10-31 09:23:45.482 14348-22067 .example.cplink         com.example.cplink                   I  Compiler allocated 4812KB to compile void com.example.carrotamap.AmapBroadcastHandlers.handleGuideInfo(android.content.Intent)
2025-10-31 09:23:45.488 14348-22253 AmapBroadcastHandlers   com.example.cplink                   D  🛣️ 道路类型映射: ROAD_TYPE=8 (次要道路) -> roadcate=6 (中等宽度（双车道）)
2025-10-31 09:23:45.488 14348-22253 AmapBroadcastHandlers   com.example.cplink                   I  🧭 引导信息: 道路=云湾路->荣区街, 转弯类型=13, 距离=527m
2025-10-31 09:23:45.488 14348-22253 AmapBroadcastHandlers   com.example.cplink                   V    使用effectiveLatitude策略: vpPosPointLat=31.1997601, vpPosPointLatNavi=31.1997601
2025-10-31 09:23:45.492 14348-22253 AmapBroadcastHandlers   com.example.cplink                   D  🛣️ 道路类型映射: ROAD_TYPE=8 (次要道路) -> roadcate=6 (中等宽度（双车道）)
2025-10-31 09:23:45.493 14348-22253 AmapBroadcastHandlers   com.example.cplink                   I  🧭 引导信息: 道路=云湾路->荣区街, 转弯类型=13, 距离=527m
2025-10-31 09:23:45.493 14348-22253 AmapBroadcastHandlers   com.example.cplink                   V    使用effectiveLatitude策略: vpPosPointLat=31.1997601, vpPosPointLatNavi=31.1997601
2025-10-31 09:23:45.649 14348-14348 NetworkManager          com.example.cplink                   I  🔄 状态变化: 车速 9 -> 8, 激活 true -> true
2025-10-31 09:23:46.171 14348-14348 LocationSensorManager   com.example.cplink                   I  🌍 GPS位置更新接收:
2025-10-31 09:23:46.172 14348-14348 LocationSensorManager   com.example.cplink                   I    📍 坐标: lat=31.199772, lon=120.626815
2025-10-31 09:23:46.172 14348-14348 LocationSensorManager   com.example.cplink                   I    🚀 速度: 8.1 km/h
2025-10-31 09:23:46.172 14348-14348 LocationSensorManager   com.example.cplink                   I    🧭 方向: 304.2°
2025-10-31 09:23:46.173 14348-14348 LocationSensorManager   com.example.cplink                   I    📡 精度: 3.7955775m
2025-10-31 09:23:46.173 14348-14348 LocationSensorManager   com.example.cplink                   I    🔧 提供者: gps
2025-10-31 09:23:46.173 14348-14348 LocationSensorManager   com.example.cplink                   I    ⏰ 时间: -827ms前
2025-10-31 09:23:46.173 14348-14348 LocationSensorManager   com.example.cplink                   I  ✅ GPS字段更新完成 (实时性优化):
2025-10-31 09:23:46.174 14348-14348 LocationSensorManager   com.example.cplink                   D    📍 坐标: lat=31.199772, lon=120.626815
2025-10-31 09:23:46.174 14348-14348 LocationSensorManager   com.example.cplink                   D    🚀 速度: 8.1 km/h
2025-10-31 09:23:46.174 14348-14348 LocationSensorManager   com.example.cplink                   D    🧭 方向: 304.2°
2025-10-31 09:23:46.174 14348-14348 LocationSensorManager   com.example.cplink                   D    📡 精度: 3.8m
2025-10-31 09:23:46.174 14348-14348 LocationSensorManager   com.example.cplink                   D    🔧 提供者: gps
2025-10-31 09:23:46.174 14348-14348 LocationSensorManager   com.example.cplink                   D    ⏰ 数据年龄: -829ms
2025-10-31 09:23:46.175 14348-14348 LocationSensorManager   com.example.cplink                   D    🎯 实时性: 优秀
2025-10-31 09:23:46.175 14348-14348 LocationSensorManager   com.example.cplink                   V  🔍 验证GPS字段同步:
2025-10-31 09:23:46.175 14348-14348 LocationSensorManager   com.example.cplink                   V    vpPosPointLat: 31.19977166
2025-10-31 09:23:46.175 14348-14348 LocationSensorManager   com.example.cplink                   V    vpPosPointLon: 120.6268151
2025-10-31 09:23:46.175 14348-14348 LocationSensorManager   com.example.cplink                   V    latitude: 31.19977166
2025-10-31 09:23:46.175 14348-14348 LocationSensorManager   com.example.cplink                   V    longitude: 120.6268151
2025-10-31 09:23:46.205 14348-22253 AmapBroadcastHandlers   com.example.cplink                   D  🌍 地理位置: 行政区='', 城市='', 区县=''
2025-10-31 09:23:46.491 14348-22253 AmapBroadcastManager    com.example.cplink                   D  📡 处理通用广播: KEY_TYPE=13011
2025-10-31 09:23:46.498 14348-22253 AmapBroadcastHandlers   com.example.cplink                   D  🛣️ 道路类型映射: ROAD_TYPE=8 (次要道路) -> roadcate=6 (中等宽度（双车道）)
2025-10-31 09:23:46.498 14348-22253 AmapBroadcastHandlers   com.example.cplink                   I  🧭 引导信息: 道路=云湾路->荣区街, 转弯类型=13, 距离=527m
2025-10-31 09:23:46.499 14348-22253 AmapBroadcastHandlers   com.example.cplink                   V    使用effectiveLatitude策略: vpPosPointLat=31.19977166, vpPosPointLatNavi=31.19977166
2025-10-31 09:23:46.536 14348-22130 AmapBroadcastHandlers   com.example.cplink                   D  🛣️ 道路类型映射: ROAD_TYPE=8 (次要道路) -> roadcate=6 (中等宽度（双车道）)
2025-10-31 09:23:46.536 14348-22130 AmapBroadcastHandlers   com.example.cplink                   I  🧭 引导信息: 道路=云湾路->荣区街, 转弯类型=13, 距离=524m
2025-10-31 09:23:46.536 14348-22130 AmapBroadcastHandlers   com.example.cplink                   V    使用effectiveLatitude策略: vpPosPointLat=31.19977166, vpPosPointLatNavi=31.19977166
2025-10-31 09:23:46.542 14348-22253 AmapBroadcastHandlers   com.example.cplink                   D  🛣️ 道路类型映射: ROAD_TYPE=8 (次要道路) -> roadcate=6 (中等宽度（双车道）)
2025-10-31 09:23:46.542 14348-22253 AmapBroadcastHandlers   com.example.cplink                   I  🧭 引导信息: 道路=云湾路->荣区街, 转弯类型=13, 距离=524m
2025-10-31 09:23:46.543 14348-22253 AmapBroadcastHandlers   com.example.cplink                   V    使用effectiveLatitude策略: vpPosPointLat=31.19977166, vpPosPointLatNavi=31.19977166
2025-10-31 09:23:46.909 14348-14348 NetworkManager          com.example.cplink                   I  🔄 状态变化: 车速 8 -> 9, 激活 true -> true
2025-10-31 09:23:47.183 14348-14348 LocationSensorManager   com.example.cplink                   I  🌍 GPS位置更新接收:
2025-10-31 09:23:47.183 14348-14348 LocationSensorManager   com.example.cplink                   I    📍 坐标: lat=31.199786, lon=120.626792
2025-10-31 09:23:47.183 14348-14348 LocationSensorManager   com.example.cplink                   I    🚀 速度: 10.8 km/h
2025-10-31 09:23:47.183 14348-14348 LocationSensorManager   com.example.cplink                   I    🧭 方向: 305.0°
2025-10-31 09:23:47.183 14348-14348 LocationSensorManager   com.example.cplink                   I    📡 精度: 3.7956967m
2025-10-31 09:23:47.183 14348-14348 LocationSensorManager   com.example.cplink                   I    🔧 提供者: gps
2025-10-31 09:23:47.183 14348-14348 LocationSensorManager   com.example.cplink                   I    ⏰ 时间: -817ms前
2025-10-31 09:23:47.183 14348-14348 LocationSensorManager   com.example.cplink                   I  ✅ GPS字段更新完成 (实时性优化):
2025-10-31 09:23:47.183 14348-14348 LocationSensorManager   com.example.cplink                   D    📍 坐标: lat=31.199786, lon=120.626792
2025-10-31 09:23:47.183 14348-14348 LocationSensorManager   com.example.cplink                   D    🚀 速度: 10.8 km/h
2025-10-31 09:23:47.183 14348-14348 LocationSensorManager   com.example.cplink                   D    🧭 方向: 305.0°
2025-10-31 09:23:47.183 14348-14348 LocationSensorManager   com.example.cplink                   D    📡 精度: 3.8m
2025-10-31 09:23:47.183 14348-14348 LocationSensorManager   com.example.cplink                   D    🔧 提供者: gps
2025-10-31 09:23:47.183 14348-14348 LocationSensorManager   com.example.cplink                   D    ⏰ 数据年龄: -817ms
2025-10-31 09:23:47.183 14348-14348 LocationSensorManager   com.example.cplink                   D    🎯 实时性: 优秀
2025-10-31 09:23:47.183 14348-14348 LocationSensorManager   com.example.cplink                   V  🔍 验证GPS字段同步:
2025-10-31 09:23:47.183 14348-14348 LocationSensorManager   com.example.cplink                   V    vpPosPointLat: 31.19978565
2025-10-31 09:23:47.183 14348-14348 LocationSensorManager   com.example.cplink                   V    vpPosPointLon: 120.62679199
2025-10-31 09:23:47.183 14348-14348 LocationSensorManager   com.example.cplink                   V    latitude: 31.19978565
2025-10-31 09:23:47.184 14348-14348 LocationSensorManager   com.example.cplink                   V    longitude: 120.62679199
2025-10-31 09:23:47.199 14348-22253 AmapBroadcastHandlers   com.example.cplink                   D  🌍 地理位置: 行政区='', 城市='', 区县=''
2025-10-31 09:23:47.329 14348-14348 NetworkManager          com.example.cplink                   I  🔄 状态变化: 车速 9 -> 10, 激活 true -> true
2025-10-31 09:23:47.508 14348-22130 AmapBroadcastManager    com.example.cplink                   D  📡 处理通用广播: KEY_TYPE=13011
2025-10-31 09:23:47.514 14348-22130 AmapBroadcastHandlers   com.example.cplink                   D  🛣️ 道路类型映射: ROAD_TYPE=8 (次要道路) -> roadcate=6 (中等宽度（双车道）)
2025-10-31 09:23:47.514 14348-22130 AmapBroadcastHandlers   com.example.cplink                   I  🧭 引导信息: 道路=云湾路->荣区街, 转弯类型=13, 距离=522m
2025-10-31 09:23:47.516 14348-22130 AmapBroadcastHandlers   com.example.cplink                   V    使用effectiveLatitude策略: vpPosPointLat=31.19978565, vpPosPointLatNavi=31.19978565
2025-10-31 09:23:47.517 14348-22130 AmapBroadcastHandlers   com.example.cplink                   D  🛣️ 道路类型映射: ROAD_TYPE=8 (次要道路) -> roadcate=6 (中等宽度（双车道）)
2025-10-31 09:23:47.517 14348-22130 AmapBroadcastHandlers   com.example.cplink                   I  🧭 引导信息: 道路=云湾路->荣区街, 转弯类型=13, 距离=522m
2025-10-31 09:23:47.519 14348-22130 AmapBroadcastHandlers   com.example.cplink                   V    使用effectiveLatitude策略: vpPosPointLat=31.19978565, vpPosPointLatNavi=31.19978565
2025-10-31 09:23:47.522 14348-22130 AmapBroadcastHandlers   com.example.cplink                   D  🛣️ 道路类型映射: ROAD_TYPE=8 (次要道路) -> roadcate=6 (中等宽度（双车道）)
2025-10-31 09:23:47.522 14348-22130 AmapBroadcastHandlers   com.example.cplink                   I  🧭 引导信息: 道路=云湾路->荣区街, 转弯类型=13, 距离=522m
2025-10-31 09:23:47.523 14348-22130 AmapBroadcastHandlers   com.example.cplink                   V    使用effectiveLatitude策略: vpPosPointLat=31.19978565, vpPosPointLatNavi=31.19978565
2025-10-31 09:23:47.538 14348-14348 NetworkManager          com.example.cplink                   I  🔄 状态变化: 车速 10 -> 11, 激活 true -> true
2025-10-31 09:23:47.720 14348-14348 AmapBroadcastManager    com.example.cplink                   D  📦 广播详情: action=AUTONAVI_STANDARD_BROADCAST_SEND, KEY_TYPE=13022, EXTRA_STATE=-1
2025-10-31 09:23:47.720 14348-14348 AmapBroadcastManager    com.example.cplink                   D  🔍 开始处理高德地图广播数据 (KEY_TYPE: 13022):
2025-10-31 09:23:47.720 14348-14348 AmapBroadcastManager    com.example.cplink                   D  📋 Intent包含的所有数据:
2025-10-31 09:23:47.720 14348-14348 AmapBroadcastManager    com.example.cplink                   D     📌 KEY_TYPE = 13022
2025-10-31 09:23:47.724 14348-22253 AmapBroadcastManager    com.example.cplink                   D  🧭 处理导航状态广播 (KEY_TYPE: 13022)
2025-10-31 09:23:47.757 14348-14348 NetworkManager          com.example.cplink                   I  🔄 状态变化: 车速 11 -> 12, 激活 true -> true
2025-10-31 09:23:47.966 14348-14348 NetworkManager          com.example.cplink                   I  🔄 状态变化: 车速 12 -> 13, 激活 true -> true
2025-10-31 09:23:48.094 14348-14348 MainActivity            com.example.cplink                   I  🚀 主页：用户点击高阶按钮，用户类型: 4
2025-10-31 09:23:48.094 14348-14348 MainActivity            com.example.cplink                   I  ✅ 用户类型验证通过，打开高阶功能弹窗
2025-10-31 09:23:48.127 14348-14348 WindowOnBackDispatcher  com.example.cplink                   W  OnBackInvokedCallback is not enabled for the application.
                                                                                                    Set 'android:enableOnBackInvokedCallback="true"' in the application manifest.
2025-10-31 09:23:48.225 14348-14348 ViewRootImpl            com.example.cplink                   D  AppSizeAfterRelayout, size: Point(780, 780), rotation: ROTATION_0
2025-10-31 09:23:48.226 14348-14348 libc                    com.example.cplink                   W  Access denied finding property "vendor.display.enable_optimal_refresh_rate"
2025-10-31 09:23:48.224 14348-14348 .example.cplink         com.example.cplink                   W  type=1400 audit(0.0:3862610): avc:  denied  { read } for  name="u:object_r:vendor_display_prop:s0" dev="tmpfs" ino=462 scontext=u:r:untrusted_app:s0:c200,c257,c512,c768 tcontext=u:object_r:vendor_display_prop:s0 tclass=file permissive=0 app=com.example.cplink
2025-10-31 09:23:48.276 14348-14348 NetworkManager          com.example.cplink                   I  🔄 状态变化: 车速 13 -> 14, 激活 true -> true
2025-10-31 09:23:48.276 14348-14348 LocationSensorManager   com.example.cplink                   I  🌍 GPS位置更新接收:
2025-10-31 09:23:48.276 14348-14348 LocationSensorManager   com.example.cplink                   I    📍 坐标: lat=31.199805, lon=120.626760
2025-10-31 09:23:48.276 14348-14348 LocationSensorManager   com.example.cplink                   I    🚀 速度: 15.3 km/h
2025-10-31 09:23:48.276 14348-14348 LocationSensorManager   com.example.cplink                   I    🧭 方向: 305.9°
2025-10-31 09:23:48.276 14348-14348 LocationSensorManager   com.example.cplink                   I    📡 精度: 3.7955515m
2025-10-31 09:23:48.276 14348-14348 LocationSensorManager   com.example.cplink                   I    🔧 提供者: gps
2025-10-31 09:23:48.276 14348-14348 LocationSensorManager   com.example.cplink                   I    ⏰ 时间: -724ms前
2025-10-31 09:23:48.276 14348-14348 LocationSensorManager   com.example.cplink                   I  ✅ GPS字段更新完成 (实时性优化):
2025-10-31 09:23:48.276 14348-14348 LocationSensorManager   com.example.cplink                   D    📍 坐标: lat=31.199805, lon=120.626760
2025-10-31 09:23:48.277 14348-14348 LocationSensorManager   com.example.cplink                   D    🚀 速度: 15.3 km/h
2025-10-31 09:23:48.277 14348-14348 LocationSensorManager   com.example.cplink                   D    🧭 方向: 305.9°
2025-10-31 09:23:48.277 14348-14348 LocationSensorManager   com.example.cplink                   D    📡 精度: 3.8m
2025-10-31 09:23:48.277 14348-14348 LocationSensorManager   com.example.cplink                   D    🔧 提供者: gps
2025-10-31 09:23:48.277 14348-14348 LocationSensorManager   com.example.cplink                   D    ⏰ 数据年龄: -724ms
2025-10-31 09:23:48.277 14348-14348 LocationSensorManager   com.example.cplink                   D    🎯 实时性: 优秀
2025-10-31 09:23:48.277 14348-14348 LocationSensorManager   com.example.cplink                   V  🔍 验证GPS字段同步:
2025-10-31 09:23:48.277 14348-14348 LocationSensorManager   com.example.cplink                   V    vpPosPointLat: 31.19980532
2025-10-31 09:23:48.277 14348-14348 LocationSensorManager   com.example.cplink                   V    vpPosPointLon: 120.62675987
2025-10-31 09:23:48.277 14348-14348 LocationSensorManager   com.example.cplink                   V    latitude: 31.19980532
2025-10-31 09:23:48.277 14348-14348 LocationSensorManager   com.example.cplink                   V    longitude: 120.62675987
2025-10-31 09:23:48.278 14348-22130 AmapBroadcastHandlers   com.example.cplink                   D  🌍 地理位置: 行政区='', 城市='', 区县=''
2025-10-31 09:23:48.303 14348-14348 ImeFocusController      com.example.cplink                   V  onWindowFocus: com.android.internal.policy.DecorView{7f867c4 V.E...... R....... 0,0-588,588}[MainActivity] softInputMode=STATE_UNSPECIFIED|ADJUST_PAN
2025-10-31 09:23:48.482 14348-14348 NetworkManager          com.example.cplink                   I  🔄 状态变化: 车速 14 -> 15, 激活 true -> true
2025-10-31 09:23:48.538 14348-22251 AmapBroadcastHandlers   com.example.cplink                   D  🛣️ 道路类型映射: ROAD_TYPE=8 (次要道路) -> roadcate=6 (中等宽度（双车道）)
2025-10-31 09:23:48.538 14348-22251 AmapBroadcastHandlers   com.example.cplink                   I  🧭 引导信息: 道路=云湾路->荣区街, 转弯类型=13, 距离=522m
2025-10-31 09:23:48.539 14348-22251 AmapBroadcastHandlers   com.example.cplink                   V    使用effectiveLatitude策略: vpPosPointLat=31.19980532, vpPosPointLatNavi=31.19980532
2025-10-31 09:23:48.564 14348-22130 AmapBroadcastManager    com.example.cplink                   D  📡 处理通用广播: KEY_TYPE=13011
2025-10-31 09:23:48.571 14348-22130 AmapBroadcastHandlers   com.example.cplink                   D  🛣️ 道路类型映射: ROAD_TYPE=8 (次要道路) -> roadcate=6 (中等宽度（双车道）)
2025-10-31 09:23:48.571 14348-22130 AmapBroadcastHandlers   com.example.cplink                   I  🧭 引导信息: 道路=云湾路->荣区街, 转弯类型=13, 距离=519m
2025-10-31 09:23:48.574 14348-22130 AmapBroadcastHandlers   com.example.cplink                   V    使用effectiveLatitude策略: vpPosPointLat=31.19980532, vpPosPointLatNavi=31.19980532
2025-10-31 09:23:48.591 14348-22130 AmapBroadcastHandlers   com.example.cplink                   D  🛣️ 道路类型映射: ROAD_TYPE=8 (次要道路) -> roadcate=6 (中等宽度（双车道）)
2025-10-31 09:23:48.591 14348-22130 AmapBroadcastHandlers   com.example.cplink                   I  🧭 引导信息: 道路=云湾路->荣区街, 转弯类型=13, 距离=519m
2025-10-31 09:23:48.592 14348-22130 AmapBroadcastHandlers   com.example.cplink                   V    使用effectiveLatitude策略: vpPosPointLat=31.19980532, vpPosPointLatNavi=31.19980532
2025-10-31 09:23:48.697 14348-14348 NetworkManager          com.example.cplink                   I  🔄 状态变化: 车速 15 -> 16, 激活 true -> true
2025-10-31 09:23:48.910 14348-14348 NetworkManager          com.example.cplink                   I  🔄 状态变化: 车速 16 -> 17, 激活 true -> true
2025-10-31 09:23:49.121 14348-14348 NetworkManager          com.example.cplink                   I  🔄 状态变化: 车速 17 -> 18, 激活 true -> true
2025-10-31 09:23:49.194 14348-14348 LocationSensorManager   com.example.cplink                   I  🌍 GPS位置更新接收:
2025-10-31 09:23:49.194 14348-14348 LocationSensorManager   com.example.cplink                   I    📍 坐标: lat=31.199834, lon=120.626714
2025-10-31 09:23:49.195 14348-14348 LocationSensorManager   com.example.cplink                   I    🚀 速度: 20.6 km/h
2025-10-31 09:23:49.195 14348-14348 LocationSensorManager   com.example.cplink                   I    🧭 方向: 306.6°
2025-10-31 09:23:49.195 14348-14348 LocationSensorManager   com.example.cplink                   I    📡 精度: 3.795289m
2025-10-31 09:23:49.195 14348-14348 LocationSensorManager   com.example.cplink                   I    🔧 提供者: gps
2025-10-31 09:23:49.195 14348-14348 LocationSensorManager   com.example.cplink                   I    ⏰ 时间: -805ms前
2025-10-31 09:23:49.195 14348-14348 LocationSensorManager   com.example.cplink                   I  ✅ GPS字段更新完成 (实时性优化):
2025-10-31 09:23:49.195 14348-14348 LocationSensorManager   com.example.cplink                   D    📍 坐标: lat=31.199834, lon=120.626714
2025-10-31 09:23:49.195 14348-14348 LocationSensorManager   com.example.cplink                   D    🚀 速度: 20.6 km/h
2025-10-31 09:23:49.196 14348-14348 LocationSensorManager   com.example.cplink                   D    🧭 方向: 306.6°
2025-10-31 09:23:49.196 14348-14348 LocationSensorManager   com.example.cplink                   D    📡 精度: 3.8m
2025-10-31 09:23:49.196 14348-14348 LocationSensorManager   com.example.cplink                   D    🔧 提供者: gps
2025-10-31 09:23:49.196 14348-14348 LocationSensorManager   com.example.cplink                   D    ⏰ 数据年龄: -807ms
2025-10-31 09:23:49.196 14348-14348 LocationSensorManager   com.example.cplink                   D    🎯 实时性: 优秀
2025-10-31 09:23:49.196 14348-14348 LocationSensorManager   com.example.cplink                   V  🔍 验证GPS字段同步:
2025-10-31 09:23:49.196 14348-14348 LocationSensorManager   com.example.cplink                   V    vpPosPointLat: 31.19983379
2025-10-31 09:23:49.196 14348-14348 LocationSensorManager   com.example.cplink                   V    vpPosPointLon: 120.62671448
2025-10-31 09:23:49.196 14348-14348 LocationSensorManager   com.example.cplink                   V    latitude: 31.19983379
2025-10-31 09:23:49.196 14348-14348 LocationSensorManager   com.example.cplink                   V    longitude: 120.62671448
2025-10-31 09:23:49.207 14348-22130 AmapBroadcastHandlers   com.example.cplink                   D  🌍 地理位置: 行政区='', 城市='', 区县=''
2025-10-31 09:23:49.224 14348-14348 NetworkManager          com.example.cplink                   I  🔄 状态变化: 车速 18 -> 19, 激活 true -> true
2025-10-31 09:23:49.439 14348-14348 NetworkManager          com.example.cplink                   I  🔄 状态变化: 车速 19 -> 20, 激活 true -> true
2025-10-31 09:23:49.564 14348-22256 AmapBroadcastManager    com.example.cplink                   D  📡 处理通用广播: KEY_TYPE=13011
2025-10-31 09:23:49.571 14348-22253 AmapBroadcastHandlers   com.example.cplink                   D  🛣️ 道路类型映射: ROAD_TYPE=8 (次要道路) -> roadcate=6 (中等宽度（双车道）)
2025-10-31 09:23:49.571 14348-22253 AmapBroadcastHandlers   com.example.cplink                   I  🧭 引导信息: 道路=云湾路->荣区街, 转弯类型=13, 距离=514m
2025-10-31 09:23:49.573 14348-22253 AmapBroadcastHandlers   com.example.cplink                   V    使用effectiveLatitude策略: vpPosPointLat=31.19983379, vpPosPointLatNavi=31.19983379
2025-10-31 09:23:49.595 14348-22253 AmapBroadcastHandlers   com.example.cplink                   D  🛣️ 道路类型映射: ROAD_TYPE=8 (次要道路) -> roadcate=6 (中等宽度（双车道）)
2025-10-31 09:23:49.595 14348-22253 AmapBroadcastHandlers   com.example.cplink                   I  🧭 引导信息: 道路=云湾路->荣区街, 转弯类型=13, 距离=514m
2025-10-31 09:23:49.597 14348-22253 AmapBroadcastHandlers   com.example.cplink                   V    使用effectiveLatitude策略: vpPosPointLat=31.19983379, vpPosPointLatNavi=31.19983379
2025-10-31 09:23:49.597 14348-22253 AmapBroadcastHandlers   com.example.cplink                   D  🛣️ 道路类型映射: ROAD_TYPE=8 (次要道路) -> roadcate=6 (中等宽度（双车道）)
2025-10-31 09:23:49.598 14348-22253 AmapBroadcastHandlers   com.example.cplink                   I  🧭 引导信息: 道路=云湾路->荣区街, 转弯类型=13, 距离=514m
2025-10-31 09:23:49.598 14348-22253 AmapBroadcastHandlers   com.example.cplink                   V    使用effectiveLatitude策略: vpPosPointLat=31.19983379, vpPosPointLatNavi=31.19983379
2025-10-31 09:23:49.647 14348-14348 NetworkManager          com.example.cplink                   I  🔄 状态变化: 车速 20 -> 21, 激活 true -> true
2025-10-31 09:23:49.854 14348-14348 NetworkManager          com.example.cplink                   I  🔄 状态变化: 车速 21 -> 22, 激活 true -> true
2025-10-31 09:23:50.072 14348-14348 NetworkManager          com.example.cplink                   I  🔄 状态变化: 车速 22 -> 23, 激活 true -> true
2025-10-31 09:23:50.198 14348-14348 LocationSensorManager   com.example.cplink                   I  🌍 GPS位置更新接收:
2025-10-31 09:23:50.198 14348-14348 LocationSensorManager   com.example.cplink                   I    📍 坐标: lat=31.199869, lon=120.626661
