2025-10-15 10:20:51.107 27414-31539 AmapBroadcastManager    com.example.cplink                   V  ğŸ”„ åŒæ­¥ç¼“å†²åŒºåˆ°UI: 20 æ¡æ•°æ®
---------------------------- PROCESS ENDED (27414) for package com.example.cplink ----------------------------
---------------------------- PROCESS STARTED (29176) for package com.example.cplink ----------------------------
2025-10-15 10:20:52.678 29176-29176 .example.cplink         com.example.cplink                   W  ClassLoaderContext classpath size mismatch. expected=0, found=2 (PCL[] | PCL[/data/data/com.example.cplink/code_cache/.overlay/base.apk/classes5.dex*1119078722:/data/data/com.example.cplink/code_cache/.overlay/base.apk/classes4.dex*587945179])
2025-10-15 10:20:52.680 29176-29176 nativeloader            com.example.cplink                   D  Configuring clns-7 for other apk /data/app/~~sbEOfrD5LNLi_0hsdS2rGw==/com.example.cplink-WbtI03lXjslIcEXR1lbrYg==/base.apk. target_sdk_version=35, uses_libraries=, library_path=/data/app/~~sbEOfrD5LNLi_0hsdS2rGw==/com.example.cplink-WbtI03lXjslIcEXR1lbrYg==/lib/arm64:/data/app/~~sbEOfrD5LNLi_0hsdS2rGw==/com.example.cplink-WbtI03lXjslIcEXR1lbrYg==/base.apk!/lib/arm64-v8a, permitted_path=/data:/mnt/expand:/data/user/0/com.example.cplink
2025-10-15 10:20:52.682 29176-29176 CompatChangeReporter    com.example.cplink                   D  Compat change id reported: 202956589; UID 10437; state: ENABLED
2025-10-15 10:20:52.704 29176-29176 GraphicsEnvironment     com.example.cplink                   V  Currently set values for:
2025-10-15 10:20:52.704 29176-29176 GraphicsEnvironment     com.example.cplink                   V    angle_gl_driver_selection_pkgs=[com.android.angle, com.linecorp.b612.android, com.campmobile.snow, com.google.android.apps.tachyon]
2025-10-15 10:20:52.704 29176-29176 GraphicsEnvironment     com.example.cplink                   V    angle_gl_driver_selection_values=[angle, native, native, native]
2025-10-15 10:20:52.704 29176-29176 GraphicsEnvironment     com.example.cplink                   V  com.example.cplink is not listed in per-application setting
2025-10-15 10:20:52.704 29176-29176 GraphicsEnvironment     com.example.cplink                   V  Updatable production driver is not supported on the device.
2025-10-15 10:20:52.733 29176-29176 CompatChangeReporter    com.example.cplink                   D  Compat change id reported: 279646685; UID 10437; state: ENABLED
2025-10-15 10:20:52.774 29176-32449 AdrenoGLES-0            com.example.cplink                   I  QUALCOMM build                   : 7867919300, Ibc171b9c87
                                                                                                    Build Date                       : 04/25/25
                                                                                                    OpenGL ES Shader Compiler Version: E031.41.03.62
                                                                                                    Local Branch                     : 
                                                                                                    Remote Branch                    : refs/tags/AU_LINUX_ANDROID_LA.VENDOR.13.2.0.11.00.00.856.062
                                                                                                    Remote Branch                    : NONE
                                                                                                    Reconstruct Branch               : NOTHING
2025-10-15 10:20:52.774 29176-32449 AdrenoGLES-0            com.example.cplink                   I  Build Config                     : S P 14.1.4 AArch64
2025-10-15 10:20:52.774 29176-32449 AdrenoGLES-0            com.example.cplink                   I  Driver Path                      : /vendor/lib64/egl/libGLESv2_adreno.so
2025-10-15 10:20:52.774 29176-32449 AdrenoGLES-0            com.example.cplink                   I  Driver Version                   : 0676.72
2025-10-15 10:20:52.803 29176-32449 AdrenoGLES-0            com.example.cplink                   I  PFP: 0x01200161, ME: 0x00000000
2025-10-15 10:20:52.823 29176-32449 AdrenoUtils             com.example.cplink                   I  <ReadGpuID:407>: Reading chip ID through GSL
2025-10-15 10:20:52.896 29176-29176 CompatChangeReporter    com.example.cplink                   D  Compat change id reported: 309578419; UID 10437; state: ENABLED
2025-10-15 10:20:52.919 29176-29176 MainActivity            com.example.cplink                   I  ğŸ”† å·²è®¾ç½®å±å¹•å¸¸äº®
2025-10-15 10:20:52.927 29176-29176 MainActivity            com.example.cplink                   I  ğŸ”‹ å·²å¿½ç•¥ç”µæ± ä¼˜åŒ–
2025-10-15 10:20:52.928 29176-29176 MainActivity            com.example.cplink                   I  ğŸ”³ å·²æœ‰æ‚¬æµ®çª—æƒé™
2025-10-15 10:20:52.928 29176-29176 MainActivity            com.example.cplink                   I  ğŸš€ MainActivityæ­£åœ¨å¯åŠ¨...
2025-10-15 10:20:52.928 29176-29176 MainActivity            com.example.cplink                   I  ğŸ” æ—©æœŸåˆå§‹åŒ–æƒé™ç®¡ç†å™¨...
2025-10-15 10:20:52.932 29176-29176 PermissionManager       com.example.cplink                   I  ğŸ” åˆå§‹åŒ–æƒé™ç®¡ç†å™¨...
2025-10-15 10:20:52.933 29176-29176 PermissionManager       com.example.cplink                   I  âœ… æƒé™ç®¡ç†å™¨åˆå§‹åŒ–å®Œæˆ
2025-10-15 10:20:52.933 29176-29176 MainActivity            com.example.cplink                   I  âœ… æƒé™ç®¡ç†å™¨æ—©æœŸåˆå§‹åŒ–æˆåŠŸ
2025-10-15 10:20:52.956 29176-29176 MainActivity            com.example.cplink                   I  ğŸ“Š å†…å­˜ç›‘æ§å·²å¯åŠ¨ï¼ˆä¼˜åŒ–ç‰ˆï¼š60ç§’é—´éš”ï¼‰
2025-10-15 10:20:52.959 29176-29176 MainActivity            com.example.cplink                   I  âœ… æ§åˆ¶æŒ‡ä»¤å¹¿æ’­æ¥æ”¶å™¨å·²æ³¨å†Œï¼ˆåŒ…å«æ¨¡å¼åˆ‡æ¢ï¼‰
2025-10-15 10:20:52.959 29176-29176 MainActivity            com.example.cplink                   I  âœ… MainActivityå¯åŠ¨å®Œæˆ
2025-10-15 10:20:52.973 29176-29176 MainActivity            com.example.cplink                   I  â–¶ï¸ Activityæ¢å¤ï¼Œéšè—æ‚¬æµ®çª—
2025-10-15 10:20:52.981 29176-29176 CompatChangeReporter    com.example.cplink                   D  Compat change id reported: 352594277; UID 10437; state: ENABLED
2025-10-15 10:20:52.998 29176-29176 libc                    com.example.cplink                   W  Access denied finding property "persist.vivo.ltw.enabled"
2025-10-15 10:20:52.992 29176-29176 .example.cplink         com.example.cplink                   W  type=1400 audit(0.0:517802): avc:  denied  { read } for  name="u:object_r:microsoft_ltw_prop:s0" dev="tmpfs" ino=342 scontext=u:r:untrusted_app:s0:c181,c257,c512,c768 tcontext=u:object_r:microsoft_ltw_prop:s0 tclass=file permissive=0 app=com.example.cplink
2025-10-15 10:20:53.319 29176-29176 ViewRootImpl            com.example.cplink                   D  AppSizeAfterRelayout, size: Point(1080, 2400), rotation: ROTATION_0
2025-10-15 10:20:53.323 29176-29176 libc                    com.example.cplink                   W  Access denied finding property "vendor.display.enable_optimal_refresh_rate"
2025-10-15 10:20:53.488 29176-29176 MainActivity            com.example.cplink                   I  ğŸ” è‡ªæ£€æŸ¥: ä½ç½®ä¼ æ„Ÿå™¨ç®¡ç†å™¨ - æ­£åœ¨åˆå§‹åŒ–...
2025-10-15 10:20:53.488 29176-29176 MainActivity            com.example.cplink                   I  ğŸ§­ åˆå§‹åŒ–ä½ç½®å’Œä¼ æ„Ÿå™¨ç®¡ç†å™¨...
2025-10-15 10:20:53.488 29176-29176 LocationSensorManager   com.example.cplink                   I  ğŸ§­ åˆå§‹åŒ–ä¼ æ„Ÿå™¨ç³»ç»Ÿ...
2025-10-15 10:20:53.505 29176-29176 LocationSensorManager   com.example.cplink                   I  âœ… ä¼ æ„Ÿå™¨ç³»ç»Ÿåˆå§‹åŒ–å®Œæˆ
2025-10-15 10:20:53.505 29176-29176 MainActivity            com.example.cplink                   I  âœ… ä½ç½®å’Œä¼ æ„Ÿå™¨ç®¡ç†å™¨åˆå§‹åŒ–æˆåŠŸ
2025-10-15 10:20:53.505 29176-29176 MainActivity            com.example.cplink                   I  ğŸ” è‡ªæ£€æŸ¥: ä½ç½®ä¼ æ„Ÿå™¨ç®¡ç†å™¨ - åˆå§‹åŒ–å®Œæˆ
2025-10-15 10:20:53.509 29176-29176 FloatingWindowService   com.example.cplink                   I  â¹ï¸ åœæ­¢é€Ÿåº¦æ•°æ®æ£€æŸ¥
2025-10-15 10:20:53.509 29176-29176 FloatingWindowService   com.example.cplink                   D  ğŸ” æ‚¬æµ®çª—æœªæ˜¾ç¤ºæˆ–å·²éšè—ï¼Œè·³è¿‡éšè—æ“ä½œ
2025-10-15 10:20:53.573 29176-29176 LocationSensorManager   com.example.cplink                   D  ä¼ æ„Ÿå™¨ç²¾åº¦å˜åŒ–: rotation_vector  Non-wakeup -> 3
2025-10-15 10:20:53.573 29176-29176 LocationSensorManager   com.example.cplink                   D  ä¼ æ„Ÿå™¨ç²¾åº¦å˜åŒ–: mxg4300  Non-wakeup -> 3
2025-10-15 10:20:53.575 29176-29176 ImeFocusController      com.example.cplink                   V  onWindowFocus: com.android.internal.policy.DecorView{503e31f V.E...... R......D 0,0-1080,2400}[MainActivity] softInputMode=STATE_UNSPECIFIED|ADJUST_PAN|IS_FORWARD_NAVIGATION
2025-10-15 10:20:53.578 29176-29176 FloatingWindowService   com.example.cplink                   I  â¹ï¸ åœæ­¢é€Ÿåº¦æ•°æ®æ£€æŸ¥
2025-10-15 10:20:53.578 29176-29176 FloatingWindowService   com.example.cplink                   D  ğŸ” æ‚¬æµ®çª—æœªæ˜¾ç¤ºæˆ–å·²éšè—ï¼Œè·³è¿‡éšè—æ“ä½œ
2025-10-15 10:20:53.578 29176-29176 FloatingWindowService   com.example.cplink                   I  ğŸ”§ æ‚¬æµ®çª—æœåŠ¡é”€æ¯
2025-10-15 10:20:53.640 29176-29176 LocationSensorManager   com.example.cplink                   D  ä¼ æ„Ÿå™¨ç²¾åº¦å˜åŒ–: lsm6dsox Accelerometer Non-wakeup -> 3
2025-10-15 10:20:53.706 29176-29176 MainActivity            com.example.cplink                   I  ğŸ” è‡ªæ£€æŸ¥: æƒé™ç®¡ç†å™¨ - æ­£åœ¨åˆå§‹åŒ–...
2025-10-15 10:20:53.707 29176-29176 MainActivity            com.example.cplink                   I  ğŸ” åˆå§‹åŒ–æƒé™ç®¡ç†å™¨...
2025-10-15 10:20:53.707 29176-29176 PermissionManager       com.example.cplink                   I  âœ… LocationSensorManagerå¼•ç”¨å·²æ›´æ–°
2025-10-15 10:20:53.707 29176-29176 MainActivity            com.example.cplink                   I  âœ… æƒé™ç®¡ç†å™¨å¼•ç”¨æ›´æ–°æˆåŠŸ
2025-10-15 10:20:53.707 29176-29176 MainActivity            com.example.cplink                   I  ğŸŒ¡ï¸ å¼€å§‹GPSé¢„çƒ­...
2025-10-15 10:20:53.707 29176-29176 LocationSensorManager   com.example.cplink                   I  ğŸŒ¡ï¸ å¯åŠ¨GPSé¢„çƒ­...
2025-10-15 10:20:53.713 29176-29176 LocationSensorManager   com.example.cplink                   I  âœ… GPSé¢„çƒ­å·²å¯åŠ¨
2025-10-15 10:20:53.713 29176-29176 MainActivity            com.example.cplink                   I  âœ… GPSé¢„çƒ­å·²å¯åŠ¨
2025-10-15 10:20:53.713 29176-29176 MainActivity            com.example.cplink                   I  ğŸ” è‡ªæ£€æŸ¥: æƒé™ç®¡ç†å™¨ - åˆå§‹åŒ–å®Œæˆ
2025-10-15 10:20:53.914 29176-29176 MainActivity            com.example.cplink                   I  ğŸ” è‡ªæ£€æŸ¥: æƒé™å’Œä½ç½®æœåŠ¡ - æ­£åœ¨è®¾ç½®...
2025-10-15 10:20:53.914 29176-29176 PermissionManager       com.example.cplink                   I  ğŸ” å¼€å§‹GPSæƒé™è®¾ç½®ï¼ˆç®€åŒ–ç‰ˆæœ¬ï¼‰
2025-10-15 10:20:53.915 29176-29176 PermissionManager       com.example.cplink                   I  ğŸ“ å½“å‰GPSæƒé™çŠ¶æ€:
2025-10-15 10:20:53.915 29176-29176 PermissionManager       com.example.cplink                   I    âœ… ACCESS_FINE_LOCATION: å·²æˆäºˆ
2025-10-15 10:20:53.915 29176-29176 PermissionManager       com.example.cplink                   I    âœ… ACCESS_COARSE_LOCATION: å·²æˆäºˆ
2025-10-15 10:20:53.915 29176-29176 PermissionManager       com.example.cplink                   I  âœ… GPSæƒé™æ£€æŸ¥é€šè¿‡ï¼Œç›´æ¥å¯åŠ¨ä½ç½®æ›´æ–°
2025-10-15 10:20:53.915 29176-29176 LocationSensorManager   com.example.cplink                   I  ğŸ“ å¯åŠ¨GPSä½ç½®æ›´æ–°æœåŠ¡...
2025-10-15 10:20:53.915 29176-29176 LocationSensorManager   com.example.cplink                   I  ğŸ” æ£€æŸ¥ä½ç½®æä¾›è€…çŠ¶æ€:
2025-10-15 10:20:53.915 29176-29176 LocationSensorManager   com.example.cplink                   I    ğŸ“¡ GPSæä¾›è€…: âœ… å¯ç”¨
2025-10-15 10:20:53.916 29176-29176 LocationSensorManager   com.example.cplink                   I    ğŸŒ ç½‘ç»œæä¾›è€…: âœ… å¯ç”¨
2025-10-15 10:20:53.916 29176-29176 LocationSensorManager   com.example.cplink                   I    ğŸ“± è¢«åŠ¨æä¾›è€…: âœ… å¯ç”¨
2025-10-15 10:20:53.916 29176-29176 LocationSensorManager   com.example.cplink                   I    ğŸ“‹ æ‰€æœ‰æä¾›è€…: [passive, network, fused, gps]
2025-10-15 10:20:53.917 29176-29176 LocationSensorManager   com.example.cplink                   I    âœ… å¯ç”¨çš„æä¾›è€…: [passive, network, fused, gps]
2025-10-15 10:20:53.921 29176-29176 LocationSensorManager   com.example.cplink                   I  âœ… GPSå®šä½å·²å¯åŠ¨ (é«˜ç²¾åº¦æ¨¡å¼: 0.5s/0.5m)
2025-10-15 10:20:53.924 29176-29176 LocationSensorManager   com.example.cplink                   I  âœ… ç½‘ç»œå®šä½å·²å¯åŠ¨ (ä¼˜åŒ–æ¨¡å¼: 1s/2m)
2025-10-15 10:20:53.924 29176-29176 LocationSensorManager   com.example.cplink                   I  âœ… ä½ç½®æ›´æ–°æœåŠ¡å¯åŠ¨å®Œæˆ
2025-10-15 10:20:53.933 29176-29176 LocationSensorManager   com.example.cplink                   I  ğŸ¯ ä½¿ç”¨æœ€åå·²çŸ¥ä½ç½®è¿›è¡Œç«‹å³æ›´æ–°:
2025-10-15 10:20:53.934 29176-29176 LocationSensorManager   com.example.cplink                   I    ğŸ“ åæ ‡: lat=31.203626, lon=120.628022
2025-10-15 10:20:53.934 29176-29176 LocationSensorManager   com.example.cplink                   I    ğŸ“¡ ç²¾åº¦: 40.0m
2025-10-15 10:20:53.934 29176-29176 LocationSensorManager   com.example.cplink                   I    ğŸ”§ æä¾›è€…: network
2025-10-15 10:20:53.934 29176-29176 LocationSensorManager   com.example.cplink                   I    â° æ—¶é—´: 65303mså‰
2025-10-15 10:20:53.934 29176-29176 LocationSensorManager   com.example.cplink                   W  âš ï¸ GPSæ•°æ®è¿‡æœŸ (65303mså‰)ï¼Œè·³è¿‡æ›´æ–°
2025-10-15 10:20:53.934 29176-29176 PermissionManager       com.example.cplink                   I  ğŸ“¡ å¯åŠ¨GPSçŠ¶æ€ç›‘æ§...
2025-10-15 10:20:53.934 29176-29176 MainActivity            com.example.cplink                   I  ğŸ” è‡ªæ£€æŸ¥: æƒé™å’Œä½ç½®æœåŠ¡ - è®¾ç½®å®Œæˆ
2025-10-15 10:20:54.072 29176-32421 .example.cplink         com.example.cplink                   I  Compiler allocated 8198KB to compile void android.view.ViewRootImpl.performTraversals()
2025-10-15 10:20:54.135 29176-29176 MainActivity            com.example.cplink                   I  ğŸ” è‡ªæ£€æŸ¥: ç½‘ç»œç®¡ç†å™¨ - æ­£åœ¨åˆå§‹åŒ–...
2025-10-15 10:20:54.135 29176-29176 MainActivity            com.example.cplink                   I  ğŸŒ åˆå§‹åŒ–ç½‘ç»œç®¡ç†å™¨ï¼ˆå»¶è¿Ÿå¯åŠ¨ç½‘ç»œæœåŠ¡ï¼‰...
2025-10-15 10:20:54.138 29176-29176 MainActivity            com.example.cplink                   I  âœ… ç½‘ç»œç®¡ç†å™¨åˆå§‹åŒ–æˆåŠŸï¼ˆç½‘ç»œæœåŠ¡å¾…å¯åŠ¨ï¼‰
2025-10-15 10:20:54.138 29176-29176 MainActivity            com.example.cplink                   I  ğŸ” è‡ªæ£€æŸ¥: ç½‘ç»œç®¡ç†å™¨ - åˆå§‹åŒ–å®Œæˆ
2025-10-15 10:20:54.177 29176-32491 ActivityThread          com.example.cplink                   V  updateVmProcessStateForGc sceneId =1 state=196608
2025-10-15 10:20:54.177 29176-32491 .example.cplink         com.example.cplink                   I  Close vivo delay for GC JIT .
2025-10-15 10:20:54.313 29176-29176 LocationSensorManager   com.example.cplink                   I  âœ… GPSå­—æ®µæ›´æ–°å®Œæˆ (å®æ—¶æ€§ä¼˜åŒ–):
2025-10-15 10:20:54.313 29176-29176 LocationSensorManager   com.example.cplink                   D    ğŸ“ åæ ‡: lat=31.203626, lon=120.628022
2025-10-15 10:20:54.313 29176-29176 LocationSensorManager   com.example.cplink                   D    ğŸš€ é€Ÿåº¦: æ— é€Ÿåº¦æ•°æ®
2025-10-15 10:20:54.313 29176-29176 LocationSensorManager   com.example.cplink                   D    ğŸ§­ æ–¹å‘: æ— æ–¹å‘æ•°æ®
2025-10-15 10:20:54.313 29176-29176 LocationSensorManager   com.example.cplink                   D    ğŸ“¡ ç²¾åº¦: 40.0m
2025-10-15 10:20:54.314 29176-29176 LocationSensorManager   com.example.cplink                   D    ğŸ”§ æä¾›è€…: network
2025-10-15 10:20:54.314 29176-29176 LocationSensorManager   com.example.cplink                   D    â° æ•°æ®å¹´é¾„: 454ms
2025-10-15 10:20:54.314 29176-29176 LocationSensorManager   com.example.cplink                   D    ğŸ¯ å®æ—¶æ€§: ä¼˜ç§€
2025-10-15 10:20:54.338 29176-29176 MainActivity            com.example.cplink                   I  ğŸ” è‡ªæ£€æŸ¥: ç³»ç»Ÿç®¡ç†å™¨ - æ­£åœ¨å¹¶è¡Œåˆå§‹åŒ–...
2025-10-15 10:20:54.340 29176-32575 MainActivity            com.example.cplink                   I  ğŸ—ºï¸ åˆå§‹åŒ–é«˜å¾·åœ°å›¾ç®¡ç†å™¨...
2025-10-15 10:20:54.341 29176-32577 MainActivity            com.example.cplink                   I  ğŸ“± åˆå§‹åŒ–è®¾å¤‡ç®¡ç†å™¨...
2025-10-15 10:20:54.341 29176-32576 MainActivity            com.example.cplink                   I  ğŸ“¡ åˆå§‹åŒ–å¹¿æ’­ç®¡ç†å™¨...
2025-10-15 10:20:54.342 29176-32575 MainActivity            com.example.cplink                   I  âœ… é«˜å¾·åœ°å›¾ç®¡ç†å™¨åˆå§‹åŒ–æˆåŠŸ
2025-10-15 10:20:54.346 29176-32577 DeviceManager           com.example.cplink                   I  ğŸ“± ä½¿ç”¨å·²å­˜åœ¨çš„è®¾å¤‡ID: FB0184A6B311
2025-10-15 10:20:54.349 29176-32576 AmapBroadcastManager    com.example.cplink                   I  âœ… å¢å¼ºç‰ˆå¹¿æ’­æ¥æ”¶å™¨æ³¨å†ŒæˆåŠŸ
2025-10-15 10:20:54.349 29176-32576 AmapBroadcastManager    com.example.cplink                   D  ğŸ“¡ æ³¨å†Œçš„å¹¿æ’­Actionåˆ—è¡¨:
2025-10-15 10:20:54.349 29176-32576 AmapBroadcastManager    com.example.cplink                   D    - AMAP_NAVI_ACTION_UPDATE
2025-10-15 10:20:54.349 29176-32576 AmapBroadcastManager    com.example.cplink                   D    - AMAP_NAVI_ACTION_TURN
2025-10-15 10:20:54.349 29176-32576 AmapBroadcastManager    com.example.cplink                   D    - com.autonavi.minimap.broadcast
2025-10-15 10:20:54.349 29176-32576 AmapBroadcastManager    com.example.cplink                   D    - AMAP_NAVI_ACTION_LOCATION
2025-10-15 10:20:54.349 29176-32576 AmapBroadcastManager    com.example.cplink                   D    - AUTONAVI_BROADCAST_SEND
2025-10-15 10:20:54.349 29176-32581 AmapBroadcastManager    com.example.cplink                   I  ğŸš€ å¯åŠ¨å¹¿æ’­å¤„ç†åç¨‹
2025-10-15 10:20:54.349 29176-32576 AmapBroadcastManager    com.example.cplink                   D    - AMAP_NAVI_ACTION_ROUTE
2025-10-15 10:20:54.349 29176-32576 AmapBroadcastManager    com.example.cplink                   D    - AMAP_BROADCAST_SEND
2025-10-15 10:20:54.349 29176-32576 AmapBroadcastManager    com.example.cplink                   D    - com.autonavi.minimap.navigation.broadcast
2025-10-15 10:20:54.349 29176-32576 AmapBroadcastManager    com.example.cplink                   D    - AUTONAVI_STANDARD_BROADCAST_RECV
2025-10-15 10:20:54.349 29176-32576 AmapBroadcastManager    com.example.cplink                   D    - AUTONAVI_STANDARD_BROADCAST_SEND
2025-10-15 10:20:54.350 29176-32576 MainActivity            com.example.cplink                   I  âœ… å¹¿æ’­ç®¡ç†å™¨åˆå§‹åŒ–æˆåŠŸ
2025-10-15 10:20:54.355 29176-32577 DeviceManager           com.example.cplink                   I  ğŸ“Š è®°å½•åº”ç”¨å¯åŠ¨ï¼Œä½¿ç”¨æ¬¡æ•°: 74ï¼Œä¿å­˜æˆåŠŸ: true
2025-10-15 10:20:54.355 29176-32577 MainActivity            com.example.cplink                   I  âœ… è®¾å¤‡ç®¡ç†å™¨åˆå§‹åŒ–æˆåŠŸï¼Œè®¾å¤‡ID: FB0184A6B311
2025-10-15 10:20:54.397 29176-29176 MainActivity            com.example.cplink                   I  ğŸ” è‡ªæ£€æŸ¥: ç³»ç»Ÿç®¡ç†å™¨ - å¹¶è¡Œåˆå§‹åŒ–å®Œæˆ
2025-10-15 10:20:54.615 29176-29176 MainActivity            com.example.cplink                   I  ğŸ” è‡ªæ£€æŸ¥: ç”¨æˆ·ç±»å‹ - æ­£åœ¨è·å–...
2025-10-15 10:20:54.617 29176-32576 AmapBroadcastManager    com.example.cplink                   V  ğŸ”„ åŒæ­¥ç¼“å†²åŒºåˆ°UI: 1 æ¡æ•°æ®
2025-10-15 10:20:54.625 29176-32577 MainActivity            com.example.cplink                   D  ğŸ“± ç¼“å­˜å‘½ä¸­: ç±»å‹=4, å¹´é¾„=1352ç§’
2025-10-15 10:20:54.626 29176-32577 MainActivity            com.example.cplink                   I  ğŸ“± ä½¿ç”¨ç¼“å­˜çš„ç”¨æˆ·ç±»å‹: 4
2025-10-15 10:20:54.661 29176-29176 MainActivity            com.example.cplink                   I  ğŸ” è‡ªæ£€æŸ¥: ç”¨æˆ·ç±»å‹ - è·å–å®Œæˆ: é“ç²‰
2025-10-15 10:20:54.790 29176-29176 MainActivity            com.example.cplink                   I  ğŸ” è‡ªæ£€æŸ¥: ä½¿ç”¨ç»Ÿè®¡ - åå°æ›´æ–°ä¸­...
2025-10-15 10:20:54.792 29176-32577 DeviceManager           com.example.cplink                   D  ğŸ“Š è·å–ä½¿ç”¨ç»Ÿè®¡: æ¬¡æ•°=74, æ—¶é•¿=173åˆ†é’Ÿ, è·ç¦»=1221.0773km
2025-10-15 10:20:54.793 29176-29176 MainActivity            com.example.cplink                   I  ğŸ” è‡ªæ£€æŸ¥: ä½¿ç”¨ç»Ÿè®¡ - æ›´æ–°å®Œæˆ
2025-10-15 10:20:54.793 29176-32577 MainActivity            com.example.cplink                   I  ğŸ“Š è‡ªåŠ¨æ›´æ–°ä½¿ç”¨ç»Ÿè®¡æ•°æ®: æ¬¡æ•°=74, æ—¶é•¿=173åˆ†é’Ÿ, è·ç¦»=1221.0773km
2025-10-15 10:20:54.796 29176-32577 DpmTcmClient            com.example.cplink                   I  RegisterTcmMonitor from: $Proxy2
2025-10-15 10:20:54.818 29176-32577 TrafficStats            com.example.cplink                   D  tagSocket(149) with statsTag=0xffffffff, statsUid=-1
2025-10-15 10:20:54.819 29176-32577 Linux                   com.example.cplink                   D  [Posix_connect Debug]Process com.example.cplink :443 
2025-10-15 10:20:54.892 29176-29176 MainActivity            com.example.cplink                   I  ğŸ” è‡ªæ£€æŸ¥: ä½ç½®æ›´æ–° - æ­£åœ¨æ‰§è¡Œ...
2025-10-15 10:20:54.892 29176-29176 MainActivity            com.example.cplink                   I  ğŸš€ æ‰§è¡Œåˆå§‹ä½ç½®æ›´æ–°...
2025-10-15 10:20:54.892 29176-29176 MainActivity            com.example.cplink                   I  ğŸ” è‡ªæ£€æŸ¥: ä½ç½®æ›´æ–° - æ‰§è¡Œå®Œæˆ
2025-10-15 10:20:54.894 29176-29176 MainActivity            com.example.cplink                   I  ğŸ“ æ›´æ–°ä½ç½®ç”¨äºè·ç¦»ç»Ÿè®¡: lat=31.203626, lon=120.628022
2025-10-15 10:20:54.894 29176-29176 DeviceManager           com.example.cplink                   I  â° å¯åŠ¨å€’è®¡æ—¶: 850ç§’
2025-10-15 10:20:54.894 29176-29176 DeviceManager           com.example.cplink                   I  â¹ï¸ åœæ­¢å€’è®¡æ—¶
2025-10-15 10:20:55.093 29176-29176 MainActivity            com.example.cplink                   I  ğŸ” è‡ªæ£€æŸ¥: é™æ€æ¥æ”¶å™¨ - æ­£åœ¨å¤„ç†...
2025-10-15 10:20:55.094 29176-29176 MainActivity            com.example.cplink                   I  ğŸ” è‡ªæ£€æŸ¥: é™æ€æ¥æ”¶å™¨ - å¤„ç†å®Œæˆ
2025-10-15 10:20:55.295 29176-29176 MainActivity            com.example.cplink                   I  ğŸ” è‡ªæ£€æŸ¥: ç½‘ç»œæœåŠ¡ - æ­£åœ¨å¯åŠ¨...
2025-10-15 10:20:55.295 29176-29176 MainActivity            com.example.cplink                   I  ğŸŒ å¯åŠ¨ç½‘ç»œæœåŠ¡...
2025-10-15 10:20:55.295 29176-29176 NetworkManager          com.example.cplink                   I  ğŸŒ åˆå§‹åŒ–CarrotManç½‘ç»œå®¢æˆ·ç«¯...
2025-10-15 10:20:55.296 29176-29176 CarrotManNetwork        com.example.cplink                   D  è®¾å¤‡å‘ç°å›è°ƒå·²è®¾ç½®
2025-10-15 10:20:55.296 29176-29176 CarrotManNetwork        com.example.cplink                   D  è¿æ¥çŠ¶æ€å›è°ƒå·²è®¾ç½®
2025-10-15 10:20:55.296 29176-29176 CarrotManNetwork        com.example.cplink                   D  æ•°æ®å‘é€å›è°ƒå·²è®¾ç½®
2025-10-15 10:20:55.296 29176-29176 CarrotManNetwork        com.example.cplink                   D  OpenpPilotçŠ¶æ€æ¥æ”¶å›è°ƒå·²è®¾ç½®
2025-10-15 10:20:55.296 29176-29176 CarrotManNetwork        com.example.cplink                   I  å¯åŠ¨ CarrotMan ç½‘ç»œå®¢æˆ·ç«¯æœåŠ¡
2025-10-15 10:20:55.296 29176-29176 CarrotManNetwork        com.example.cplink                   D  å¼€å§‹åˆå§‹åŒ–UDP Socketè¿æ¥...
2025-10-15 10:20:55.297 29176-29176 TrafficStats            com.example.cplink                   D  tagSocket(138) with statsTag=0xffffffff, statsUid=-1
2025-10-15 10:20:55.297 29176-29176 CarrotManNetwork        com.example.cplink                   D  ç›‘å¬Socketå·²åˆ›å»ºï¼Œç«¯å£: 7705ï¼Œè¶…æ—¶: 1000ms
2025-10-15 10:20:55.297 29176-29176 TrafficStats            com.example.cplink                   D  tagSocket(140) with statsTag=0xffffffff, statsUid=-1
2025-10-15 10:20:55.297 29176-29176 CarrotManNetwork        com.example.cplink                   D  æ•°æ®å‘é€Socketå·²åˆ›å»ºï¼Œç«¯å£: 48699
2025-10-15 10:20:55.297 29176-29176 CarrotManNetwork        com.example.cplink                   I  Socketåˆå§‹åŒ–æˆåŠŸ - ç›‘å¬ç«¯å£: 7705 (å¹¿æ’­æ¨¡å¼)
2025-10-15 10:20:55.298 29176-32581 CarrotManNetwork        com.example.cplink                   I  âœ… å¯åŠ¨è®¾å¤‡å¹¿æ’­ç›‘å¬æœåŠ¡ - ç«¯å£: 7705
2025-10-15 10:20:55.298 29176-32576 CarrotManNetwork        com.example.cplink                   I  å¯åŠ¨è®¾å¤‡å¥åº·æ£€æŸ¥æœåŠ¡ï¼Œæ£€æŸ¥é—´éš”: 2000ms
2025-10-15 10:20:55.298 29176-29176 CarrotManNetwork        com.example.cplink                   I  CarrotMan ç½‘ç»œæœåŠ¡å¯åŠ¨æˆåŠŸ
2025-10-15 10:20:55.299 29176-29176 CarrotManNetwork        com.example.cplink                   I  ğŸ“¡ å¯åŠ¨è‡ªåŠ¨æ•°æ®å‘é€ä»»åŠ¡(å®¢æˆ·ç«¯)â€¦
2025-10-15 10:20:55.299 29176-32579 CarrotManNetwork        com.example.cplink                   I  ğŸ’“ å¯åŠ¨å¿ƒè·³ä»»åŠ¡
2025-10-15 10:20:55.299 29176-32576 CarrotManNetwork        com.example.cplink                   W  âš ï¸ å‘é€CarrotManæ•°æ® - æœåŠ¡æœªè¿è¡Œæˆ–æ— è¿æ¥è®¾å¤‡
2025-10-15 10:20:55.299 29176-29176 NetworkManager          com.example.cplink                   I  ğŸ”„ ç½‘ç»œçŠ¶æ€å®šæœŸæ›´æ–°å·²å¯åŠ¨
2025-10-15 10:20:55.299 29176-29176 NetworkManager          com.example.cplink                   I  âœ… CarrotManç½‘ç»œå®¢æˆ·ç«¯åˆå§‹åŒ–æˆåŠŸ
2025-10-15 10:20:55.299 29176-29176 MainActivity            com.example.cplink                   I  âœ… ç½‘ç»œæœåŠ¡å¯åŠ¨æˆåŠŸ
2025-10-15 10:20:55.299 29176-29176 MainActivity            com.example.cplink                   I  ğŸ” è‡ªæ£€æŸ¥: ç½‘ç»œæœåŠ¡ - å¯åŠ¨å®Œæˆ
2025-10-15 10:20:55.300 29176-32576 CarrotManNetwork        com.example.cplink                   D  çŠ¶æ€æ£€æŸ¥ - è¿è¡ŒçŠ¶æ€: true, è¿æ¥è®¾å¤‡: null
2025-10-15 10:20:55.302 29176-29176 NetworkManager          com.example.cplink                   I  ğŸŒ ç½‘ç»œçŠ¶æ€å˜åŒ–: connected=false, device=
2025-10-15 10:20:55.302 29176-29176 NetworkManager          com.example.cplink                   I  ğŸŒ ç½‘ç»œçŠ¶æ€å˜åŒ–: connected=false, device=
2025-10-15 10:20:55.383 29176-32581 CarrotManNetwork        com.example.cplink                   I  ğŸ”„ æ›´æ–°çŠ¶æ€: å‘ç°è®¾å¤‡ 192.168.10.40ï¼Œæ­£åœ¨è¿æ¥...
2025-10-15 10:20:55.384 29176-32581 CarrotManNetwork        com.example.cplink                   D  ç½‘ç»œçŠ¶æ€å·²ä¿å­˜: running=true, device=192.168.10.40:7706 (vopenpilot)
2025-10-15 10:20:55.384 29176-32581 CarrotManNetwork        com.example.cplink                   I  ğŸ‰ è®¾å¤‡è¿æ¥å»ºç«‹æˆåŠŸ: 192.168.10.40
2025-10-15 10:20:55.385 29176-32581 CarrotManNetwork        com.example.cplink                   I  âœ… å¯åŠ¨æ•°æ®ä¼ è¾“ä»»åŠ¡ - è®¾å¤‡: 192.168.10.40
2025-10-15 10:20:55.387 29176-29176 NetworkManager          com.example.cplink                   I  ğŸ¯ å‘ç°Comma3è®¾å¤‡: 192.168.10.40:7706 (vopenpilot)
2025-10-15 10:20:55.388 29176-29176 NetworkManager          com.example.cplink                   I  ğŸŒ ç½‘ç»œçŠ¶æ€å˜åŒ–: connected=false, device=
2025-10-15 10:20:55.388 29176-29176 NetworkManager          com.example.cplink                   I  ğŸŒ ç½‘ç»œçŠ¶æ€å˜åŒ–: connected=true, device=192.168.10.40:7706 (vopenpilot)
2025-10-15 10:20:55.502 29176-29176 MainActivity            com.example.cplink                   I  ğŸ” è‡ªæ£€æŸ¥: ç”¨æˆ·ç•Œé¢ - æ­£åœ¨è®¾ç½®...
2025-10-15 10:20:55.502 29176-29176 MainActivity            com.example.cplink                   I  ğŸ” è‡ªæ£€æŸ¥: ç”¨æˆ·ç•Œé¢ - è®¾ç½®å®Œæˆ
2025-10-15 10:20:55.702 29176-29176 MainActivity            com.example.cplink                   I  ğŸ” è‡ªæ£€æŸ¥: ç³»ç»Ÿæ£€æŸ¥ - æ‰€æœ‰æ£€æŸ¥å®Œæˆ
2025-10-15 10:20:55.703 29176-29176 MainActivity            com.example.cplink                   I  ğŸ¯ æ ¹æ®ç”¨æˆ·ç±»å‹æ‰§è¡Œæ“ä½œ: 4
2025-10-15 10:20:55.703 29176-29176 MainActivity            com.example.cplink                   I  ğŸ’ èµåŠ©è€…/é“ç²‰ï¼Œç›´æ¥æ‰“å¼€é«˜å¾·åœ°å›¾
2025-10-15 10:20:55.720 29176-29176 MainActivity            com.example.cplink                   I  å·²å¯åŠ¨é«˜å¾·åœ°å›¾è½¦æœºç‰ˆ
2025-10-15 10:20:55.758 29176-29176 MainActivity            com.example.cplink                   I  â¸ï¸ Activityæš‚åœ
2025-10-15 10:20:55.758 29176-29176 DeviceManager           com.example.cplink                   W  âš ï¸ ä½¿ç”¨æ—¶é•¿å¤ªçŸ­ï¼Œæœªè®°å½•: 0åˆ†é’Ÿ
2025-10-15 10:20:55.815 29176-29176 CompatChangeReporter    com.example.cplink                   D  Compat change id reported: 63938206; UID 10437; state: ENABLED
2025-10-15 10:20:55.835 29176-29176 FloatingWindowService   com.example.cplink                   I  ğŸ”„ ç”¨æˆ·ç±»å‹æ–‡æœ¬å·²æ›´æ–°: é“ç²‰ ğŸ“‚
2025-10-15 10:20:55.835 29176-29176 FloatingWindowService   com.example.cplink                   I  âœ… æ‚¬æµ®çª—ç”¨æˆ·ç±»å‹æ˜¾ç¤ºæ›´æ–°å®Œæˆ
2025-10-15 10:20:55.836 29176-29176 FloatingWindowService   com.example.cplink                   I  âœ… æ™ºèƒ½æ§é€ŸæŒ‰é’®çŠ¶æ€åˆå§‹åŒ–: æ¨¡å¼=0
2025-10-15 10:20:55.838 29176-32421 .example.cplink         com.example.cplink                   I  Compiler allocated 4420KB to compile void android.widget.TextView.<init>(android.content.Context, android.util.AttributeSet, int, int)
2025-10-15 10:20:55.857 29176-29176 FloatingWindowService   com.example.cplink                   I  âœ… æ‚¬æµ®çª—æ˜¾ç¤ºæˆåŠŸ
2025-10-15 10:20:55.857 29176-29176 FloatingWindowService   com.example.cplink                   I  â¹ï¸ åœæ­¢é€Ÿåº¦æ•°æ®æ£€æŸ¥
2025-10-15 10:20:55.859 29176-29176 FloatingWindowService   com.example.cplink                   I  ğŸš— å¼€å§‹ä¼˜åŒ–é€Ÿåº¦æ•°æ®æ£€æŸ¥ï¼ˆé«˜é¢‘æ›´æ–°ï¼‰
2025-10-15 10:20:55.900 29176-29176 ViewRootImpl            com.example.cplink                   D  AppSizeAfterRelayout, size: Point(914, 557), rotation: ROTATION_0
2025-10-15 10:20:55.901 29176-29176 libc                    com.example.cplink                   W  Access denied finding property "vendor.display.enable_optimal_refresh_rate"
2025-10-15 10:20:55.896 29176-29176 .example.cplink         com.example.cplink                   W  type=1400 audit(0.0:517815): avc:  denied  { read } for  name="u:object_r:vendor_display_prop:s0" dev="tmpfs" ino=493 scontext=u:r:untrusted_app:s0:c181,c257,c512,c768 tcontext=u:object_r:vendor_display_prop:s0 tclass=file permissive=0 app=com.example.cplink
2025-10-15 10:20:56.349 29176-32577 MainActivity            com.example.cplink                   D  ğŸ“‹ ç”¨æˆ·å½“å‰æ•°æ®: è½¦å‹=é©¬è‡ªè¾¾cX-5, å¾®ä¿¡å=æœºæ¢°å°é¸½, èµåŠ©é‡‘é¢=188.0, ç”¨æˆ·ç±»å‹=4
2025-10-15 10:20:56.351 29176-32577 MainActivity            com.example.cplink                   D  ğŸ“¤ å‘é€ä½¿ç”¨ç»Ÿè®¡æ›´æ–°è¯·æ±‚: {"device_id":"FB0184A6B311","car_model":"é©¬è‡ªè¾¾cX-5","wechat_name":"æœºæ¢°å°é¸½","sponsor_amount":188,"user_type":4,"usage_count":74,"usage_duration":2.8833333333333333,"total_distance":1221.0773}
2025-10-15 10:20:56.493 29176-29176 VRI[MainActivity]       com.example.cplink                   D  visibilityChanged oldVisibility=true newVisibility=false
2025-10-15 10:20:56.506 29176-29176 ViewRootImpl            com.example.cplink                   D  AppSizeAfterRelayout, size: Point(1080, 2400), rotation: ROTATION_0
2025-10-15 10:20:56.754 29176-32577 MainActivity            com.example.cplink                   D  ğŸ“¥ ä½¿ç”¨ç»Ÿè®¡æ›´æ–°å“åº”ç : 200
2025-10-15 10:20:56.756 29176-32577 MainActivity            com.example.cplink                   D  ğŸ“¥ ä½¿ç”¨ç»Ÿè®¡æ›´æ–°å“åº”: {
                                                                                                      "data": {
                                                                                                        "car_model": "\u9a6c\u81ea\u8fbecX-5",
                                                                                                        "device_id": "FB0184A6B311",
                                                                                                        "modify_time": "2025-10-15T02:20:56.745169",
                                                                                                        "sponsor_amount": 188.0,
                                                                                                        "total_distance": 1221.0773,
                                                                                                        "usage_count": 74,
                                                                                                        "usage_duration": 2.8833333333333333,
                                                                                                        "user_type": 4,
                                                                                                        "wechat_name": "\u673a\u68b0\u5c0f\u9e3d"
                                                                                                      },
                                                                                                      "message": "\u7528\u6237\u6570\u636e\u66f4\u65b0\u6210\u529f",
                                                                                                      "success": true
                                                                                                    }
2025-10-15 10:20:56.756 29176-32577 MainActivity            com.example.cplink                   I  âœ… ä½¿ç”¨ç»Ÿè®¡æ•°æ®æ›´æ–°æˆåŠŸ: æ¬¡æ•°=74, æ—¶é•¿=2.8833333333333333å°æ—¶, è·ç¦»=1221.0773km
2025-10-15 10:20:58.517 29176-32645 ProfileInstaller        com.example.cplink                   D  Installing profile for com.example.cplink
2025-10-15 10:21:00.131 29176-32575 AmapBroadcastManager    com.example.cplink                   V  ğŸ”„ åŒæ­¥ç¼“å†²åŒºåˆ°UI: 7 æ¡æ•°æ®
2025-10-15 10:21:02.127 29176-32579 AmapBroadcastHandlers   com.example.cplink                   D  ğŸ§­ å¤„ç†å¼•å¯¼ä¿¡æ¯å¹¿æ’­ (KEY_TYPE: 10001)
2025-10-15 10:21:02.130 29176-32579 AmapBroadcastHandlers   com.example.cplink                   D  ğŸ“ GPSåæ ‡ä¸º0ï¼Œä½¿ç”¨æ‰‹æœºGPS: lat=31.203626, lon=120.628022
2025-10-15 10:21:02.131 29176-32579 AmapBroadcastHandlers   com.example.cplink                   I  ğŸ”„ è½¬å¼¯æ˜ å°„: é«˜å¾·å›¾æ ‡=55 -> CarrotManç±»å‹=55, è·ç¦»=5m
2025-10-15 10:21:02.131 29176-32579 AmapBroadcastHandlers   com.example.cplink                   I  ğŸ”„ ä¸‹ä¸€è½¬å¼¯æ˜ å°„: é«˜å¾·å›¾æ ‡=0 -> CarrotManç±»å‹=51, è·ç¦»=0m
2025-10-15 10:21:02.134 29176-32579 AmapBroadcastHandlers   com.example.cplink                   D  ğŸ“Š æ•°æ®æºå·²æ›´æ–°: amap_navi
2025-10-15 10:21:02.356 29176-29176 FinalizerDaemon         com.example.cplink                   W  type=1400 audit(0.0:517821): avc:  denied  { getopt } for  path="/dev/socket/usap_pool_primary" scontext=u:r:untrusted_app:s0:c181,c257,c512,c768 tcontext=u:r:zygote:s0 tclass=unix_stream_socket permissive=0 app=com.example.cplink
2025-10-15 10:21:05.141 29176-32580 AmapBroadcastManager    com.example.cplink                   V  ğŸ”„ åŒæ­¥ç¼“å†²åŒºåˆ°UI: 12 æ¡æ•°æ®
2025-10-15 10:21:07.131 29176-32579 AmapBroadcastHandlers   com.example.cplink                   D  ğŸ§­ å¤„ç†å¼•å¯¼ä¿¡æ¯å¹¿æ’­ (KEY_TYPE: 10001)
2025-10-15 10:21:07.131 29176-32579 AmapBroadcastHandlers   com.example.cplink                   D  ğŸ“ GPSåæ ‡ä¸º0ï¼Œä½¿ç”¨æ‰‹æœºGPS: lat=31.203626, lon=120.628022
2025-10-15 10:21:07.132 29176-32579 AmapBroadcastHandlers   com.example.cplink                   I  ğŸ”„ è½¬å¼¯æ˜ å°„: é«˜å¾·å›¾æ ‡=55 -> CarrotManç±»å‹=55, è·ç¦»=5m
2025-10-15 10:21:07.132 29176-32579 AmapBroadcastHandlers   com.example.cplink                   I  ğŸ”„ ä¸‹ä¸€è½¬å¼¯æ˜ å°„: é«˜å¾·å›¾æ ‡=0 -> CarrotManç±»å‹=51, è·ç¦»=0m
2025-10-15 10:21:07.137 29176-32579 AmapBroadcastHandlers   com.example.cplink                   D  ğŸ“Š æ•°æ®æºå·²æ›´æ–°: amap_navi
2025-10-15 10:21:10.173 29176-32580 AmapBroadcastManager    com.example.cplink                   V  ğŸ”„ åŒæ­¥ç¼“å†²åŒºåˆ°UI: 17 æ¡æ•°æ®
2025-10-15 10:21:12.129 29176-32579 AmapBroadcastHandlers   com.example.cplink                   D  ğŸ§­ å¤„ç†å¼•å¯¼ä¿¡æ¯å¹¿æ’­ (KEY_TYPE: 10001)
2025-10-15 10:21:12.130 29176-32579 AmapBroadcastHandlers   com.example.cplink                   D  ğŸ“ GPSåæ ‡ä¸º0ï¼Œä½¿ç”¨æ‰‹æœºGPS: lat=31.203626, lon=120.628022
2025-10-15 10:21:12.131 29176-32579 AmapBroadcastHandlers   com.example.cplink                   I  ğŸ”„ è½¬å¼¯æ˜ å°„: é«˜å¾·å›¾æ ‡=55 -> CarrotManç±»å‹=55, è·ç¦»=5m
2025-10-15 10:21:12.131 29176-32579 AmapBroadcastHandlers   com.example.cplink                   I  ğŸ”„ ä¸‹ä¸€è½¬å¼¯æ˜ å°„: é«˜å¾·å›¾æ ‡=0 -> CarrotManç±»å‹=51, è·ç¦»=0m
2025-10-15 10:21:12.138 29176-32579 AmapBroadcastHandlers   com.example.cplink                   D  ğŸ“Š æ•°æ®æºå·²æ›´æ–°: amap_navi
2025-10-15 10:21:15.194 29176-32579 AmapBroadcastManager    com.example.cplink                   V  ğŸ”„ åŒæ­¥ç¼“å†²åŒºåˆ°UI: 20 æ¡æ•°æ®
2025-10-15 10:21:16.100 29176-29176 FloatingWindowService   com.example.cplink                   I  ğŸ“Š æ‚¬æµ®çª—ï¼šç”¨æˆ·ç‚¹å‡»æ•°æ®æŒ‰é’®
2025-10-15 10:21:16.100 29176-29176 FloatingWindowService   com.example.cplink                   I  ğŸ“Š æ‚¬æµ®çª—ï¼šæ‰“å¼€æ•°æ®é¡µé¢
2025-10-15 10:21:16.151 29176-29176 FloatingWindowService   com.example.cplink                   I  âœ… æ‚¬æµ®çª—éšè—æˆåŠŸ
2025-10-15 10:21:16.153 29176-29176 AmapAutoStaticReceiver  com.example.cplink                   D  æ”¶åˆ°é™æ€å¹¿æ’­: AUTONAVI_STANDARD_BROADCAST_SEND
2025-10-15 10:21:16.160 29176-29176 AmapAutoStaticReceiver  com.example.cplink                   I  æ¥æ”¶åˆ°é«˜å¾·åœ°å›¾å¹¿æ’­: KEY_TYPE=10019
2025-10-15 10:21:16.161 29176-29176 AmapAutoStaticReceiver  com.example.cplink                   V     EXTRA_STATUS_DETAILS = -1
2025-10-15 10:21:16.161 29176-29176 AmapAutoStaticReceiver  com.example.cplink                   V     EXTRA_STATE = 51
2025-10-15 10:21:16.161 29176-29176 AmapAutoStaticReceiver  com.example.cplink                   V     KEY_TYPE = 10019
2025-10-15 10:21:16.164 29176-29176 MainActivity            com.example.cplink                   I  ğŸ“± æ”¶åˆ°æ–°çš„Intentï¼Œå¤„ç†é¡µé¢å¯¼èˆª
2025-10-15 10:21:16.164 29176-29176 MainActivity            com.example.cplink                   I  ğŸ“± æ‚¬æµ®çª—å¯¼èˆªåˆ°é¡µé¢: 4
2025-10-15 10:21:16.164 29176-29176 MainActivity            com.example.cplink                   I  â–¶ï¸ Activityæ¢å¤ï¼Œéšè—æ‚¬æµ®çª—
2025-10-15 10:21:16.166 29176-29176 DeviceManager           com.example.cplink                   D  ğŸ“Š è·å–ä½¿ç”¨ç»Ÿè®¡: æ¬¡æ•°=74, æ—¶é•¿=173åˆ†é’Ÿ, è·ç¦»=1221.0773km
2025-10-15 10:21:16.168 29176-29176 WindowOnBackDispatcher  com.example.cplink                   W  sendCancelIfRunning: isInProgress=false callback=android.view.ViewRootImpl$$ExternalSyntheticLambda11@9f6d887
2025-10-15 10:21:16.227 29176-29176 ViewRootImpl            com.example.cplink                   D  AppSizeAfterRelayout, size: Point(1080, 2400), rotation: ROTATION_0
2025-10-15 10:21:16.228 29176-29176 libc                    com.example.cplink                   W  Access denied finding property "vendor.display.enable_optimal_refresh_rate"
2025-10-15 10:21:16.224 29176-29176 .example.cplink         com.example.cplink                   W  type=1400 audit(0.0:517831): avc:  denied  { read } for  name="u:object_r:vendor_display_prop:s0" dev="tmpfs" ino=493 scontext=u:r:untrusted_app:s0:c181,c257,c512,c768 tcontext=u:object_r:vendor_display_prop:s0 tclass=file permissive=0 app=com.example.cplink
2025-10-15 10:21:16.895 29176-29176 MainActivity            com.example.cplink                   I  â¸ï¸ Activityæš‚åœ
2025-10-15 10:21:16.895 29176-29176 DeviceManager           com.example.cplink                   W  âš ï¸ ä½¿ç”¨æ—¶é•¿å¤ªçŸ­ï¼Œæœªè®°å½•: 0åˆ†é’Ÿ
2025-10-15 10:21:16.897 29176-29176 MainActivity            com.example.cplink                   I  ğŸ“± æ”¶åˆ°æ–°çš„Intentï¼Œå¤„ç†é¡µé¢å¯¼èˆª
2025-10-15 10:21:16.897 29176-29176 MainActivity            com.example.cplink                   I  â–¶ï¸ Activityæ¢å¤ï¼Œéšè—æ‚¬æµ®çª—
2025-10-15 10:21:16.898 29176-29176 DeviceManager           com.example.cplink                   D  ğŸ“Š è·å–ä½¿ç”¨ç»Ÿè®¡: æ¬¡æ•°=74, æ—¶é•¿=173åˆ†é’Ÿ, è·ç¦»=1221.0773km
2025-10-15 10:21:16.900 29176-29176 FloatingWindowService   com.example.cplink                   I  â¹ï¸ åœæ­¢é€Ÿåº¦æ•°æ®æ£€æŸ¥
2025-10-15 10:21:16.900 29176-29176 FloatingWindowService   com.example.cplink                   D  ğŸ” æ‚¬æµ®çª—æœªæ˜¾ç¤ºæˆ–å·²éšè—ï¼Œè·³è¿‡éšè—æ“ä½œ
2025-10-15 10:21:16.938 29176-32617 HWUI                    com.example.cplink                   I  Davey! duration=728ms; Flags=1, FrameTimelineVsyncId=13670420, IntendedVsync=84932595439824, Vsync=84932611961127, InputEventId=0, HandleInputStart=84932613999057, AnimationStart=84932614002078, PerformTraversalsStart=84932653132286, DrawStart=84932665591505, FrameDeadline=84932612106490, FrameInterval=84932613955463, FrameStartTime=16521303, SyncQueued=84933307056192, SyncStart=84933307353484, IssueDrawCommandsStart=84933307619734, SwapBuffers=84933323740255, FrameCompleted=84933324629161, DequeueBufferDuration=12500, QueueBufferDuration=625417, GpuCompleted=84933323825411, SwapBuffersCompleted=84933324629161, DisplayPresentTime=0, CommandSubmissionCompleted=84933323740255, 
2025-10-15 10:21:16.996 29176-29176 Choreographer           com.example.cplink                   I  Skipped 47 frames!  The application may be doing too much work on its main thread.
2025-10-15 10:21:17.022 29176-32580 FloatingWindowService   com.example.cplink                   E  âŒ é€Ÿåº¦æ•°æ®æ£€æŸ¥å¼‚å¸¸: StandaloneCoroutine was cancelled
                                                                                                    kotlinx.coroutines.JobCancellationException: StandaloneCoroutine was cancelled; job=StandaloneCoroutine{Cancelling}@59aaba8
2025-10-15 10:21:17.024 29176-32579 AmapBroadcastHandlers   com.example.cplink                   D  ğŸ§­ å¤„ç†å¼•å¯¼ä¿¡æ¯å¹¿æ’­ (KEY_TYPE: 10001)
2025-10-15 10:21:17.025 29176-32579 AmapBroadcastHandlers   com.example.cplink                   D  ğŸ“ GPSåæ ‡ä¸º0ï¼Œä½¿ç”¨æ‰‹æœºGPS: lat=31.203626, lon=120.628022
2025-10-15 10:21:17.025 29176-32579 AmapBroadcastHandlers   com.example.cplink                   I  ğŸ”„ è½¬å¼¯æ˜ å°„: é«˜å¾·å›¾æ ‡=55 -> CarrotManç±»å‹=55, è·ç¦»=5m
2025-10-15 10:21:17.025 29176-32579 AmapBroadcastHandlers   com.example.cplink                   I  ğŸ”„ ä¸‹ä¸€è½¬å¼¯æ˜ å°„: é«˜å¾·å›¾æ ‡=0 -> CarrotManç±»å‹=51, è·ç¦»=0m
2025-10-15 10:21:17.027 29176-32579 AmapBroadcastHandlers   com.example.cplink                   D  ğŸ“Š æ•°æ®æºå·²æ›´æ–°: amap_navi
2025-10-15 10:21:17.038 29176-32617 HWUI                    com.example.cplink                   I  Davey! duration=809ms; Flags=0, FrameTimelineVsyncId=13670465, IntendedVsync=84932644992769, Vsync=84933421468536, InputEventId=0, HandleInputStart=84933430010463, AnimationStart=84933430012234, PerformTraversalsStart=84933445437963, DrawStart=84933445640619, FrameDeadline=84933355565125, FrameInterval=84933429557963, FrameStartTime=16520761, SyncQueued=84933449436817, SyncStart=84933449524577, IssueDrawCommandsStart=84933449676869, SwapBuffers=84933451203067, FrameCompleted=84933454799213, DequeueBufferDuration=11614, QueueBufferDuration=245730, GpuCompleted=84933454799213, SwapBuffersCompleted=84933453099369, DisplayPresentTime=0, CommandSubmissionCompleted=84933451203067, 
2025-10-15 10:21:17.038 29176-29176 FloatingWindowService   com.example.cplink                   I  ğŸ”„ ç”¨æˆ·ç±»å‹æ–‡æœ¬å·²æ›´æ–°: é“ç²‰ ğŸ“‚
2025-10-15 10:21:17.038 29176-29176 FloatingWindowService   com.example.cplink                   I  âœ… æ‚¬æµ®çª—ç”¨æˆ·ç±»å‹æ˜¾ç¤ºæ›´æ–°å®Œæˆ
2025-10-15 10:21:17.038 29176-29176 FloatingWindowService   com.example.cplink                   I  âœ… æ™ºèƒ½æ§é€ŸæŒ‰é’®çŠ¶æ€åˆå§‹åŒ–: æ¨¡å¼=0
2025-10-15 10:21:17.053 29176-29176 FloatingWindowService   com.example.cplink                   I  âœ… æ‚¬æµ®çª—æ˜¾ç¤ºæˆåŠŸ
2025-10-15 10:21:17.053 29176-29176 FloatingWindowService   com.example.cplink                   I  â¹ï¸ åœæ­¢é€Ÿåº¦æ•°æ®æ£€æŸ¥
2025-10-15 10:21:17.053 29176-29176 FloatingWindowService   com.example.cplink                   I  ğŸš— å¼€å§‹ä¼˜åŒ–é€Ÿåº¦æ•°æ®æ£€æŸ¥ï¼ˆé«˜é¢‘æ›´æ–°ï¼‰
2025-10-15 10:21:17.059 29176-29176 FloatingWindowService   com.example.cplink                   I  â¹ï¸ åœæ­¢é€Ÿåº¦æ•°æ®æ£€æŸ¥
2025-10-15 10:21:17.060 29176-29176 FloatingWindowService   com.example.cplink                   I  âœ… æ‚¬æµ®çª—éšè—æˆåŠŸ
2025-10-15 10:21:17.061 29176-29176 FloatingWindowService   com.example.cplink                   I  â¹ï¸ åœæ­¢é€Ÿåº¦æ•°æ®æ£€æŸ¥
2025-10-15 10:21:17.061 29176-29176 FloatingWindowService   com.example.cplink                   D  ğŸ” æ‚¬æµ®çª—æœªæ˜¾ç¤ºæˆ–å·²éšè—ï¼Œè·³è¿‡éšè—æ“ä½œ
2025-10-15 10:21:17.061 29176-29176 FloatingWindowService   com.example.cplink                   I  ğŸ”§ æ‚¬æµ®çª—æœåŠ¡é”€æ¯
2025-10-15 10:21:17.077 29176-29176 ImeFocusController      com.example.cplink                   V  onWindowFocus: com.android.internal.policy.DecorView{503e31f V.E...... R.....ID 0,0-1080,2400 aid=0}[MainActivity] softInputMode=STATE_UNSPECIFIED|ADJUST_PAN|IS_FORWARD_NAVIGATION
2025-10-15 10:21:17.164 29176-29176 .example.cplink         com.example.cplink                   W  type=1400 audit(0.0:517834): avc:  denied  { read } for  name="u:object_r:vendor_display_prop:s0" dev="tmpfs" ino=493 scontext=u:r:untrusted_app:s0:c181,c257,c512,c768 tcontext=u:object_r:vendor_display_prop:s0 tclass=file permissive=0 app=com.example.cplink
2025-10-15 10:21:17.170 29176-29176 libc                    com.example.cplink                   W  Access denied finding property "vendor.display.enable_optimal_refresh_rate"
2025-10-15 10:21:17.194 29176-29176 WindowOnBackDispatcher  com.example.cplink                   W  sendCancelIfRunning: isInProgress=false callback=android.view.ViewRootImpl$$ExternalSyntheticLambda11@cc4a13c
2025-10-15 10:21:17.195 29176-32580 FloatingWindowService   com.example.cplink                   E  âŒ é€Ÿåº¦æ•°æ®æ£€æŸ¥å¼‚å¸¸: StandaloneCoroutine was cancelled
                                                                                                    kotlinx.coroutines.JobCancellationException: StandaloneCoroutine was cancelled; job=StandaloneCoroutine{Cancelling}@c804335
2025-10-15 10:21:17.565 29176-29176 InteractionJankMonitor  com.example.cplink                   W  Initializing without READ_DEVICE_CONFIG permission. enabled=false, interval=1, missedFrameThreshold=3, frameTimeThreshold=64, package=com.example.cplink
2025-10-15 10:21:18.081 29176-32422 .example.cplink         com.example.cplink                   W  Cleared Reference was only reachable from finalizer (only reported once)
2025-10-15 10:21:18.702 29176-32579 CarrotManNetwork        com.example.cplink                   W  âš ï¸ ç½‘ç»œé”™è¯¯ [æ•°æ®åŒ…å‘é€]: sendto failed: ENETUNREACH (Network is unreachable)
2025-10-15 10:21:18.702 29176-32579 CarrotManNetwork        com.example.cplink                   W  ğŸ”„ è¿ç»­é”™è¯¯è®¡æ•°: 1/3
2025-10-15 10:21:18.703 29176-32579 CarrotManNetwork        com.example.cplink                   W  ğŸ”„ è¿ç»­é”™è¯¯è®¡æ•°: 2/3
2025-10-15 10:21:18.903 29176-32579 CarrotManNetwork        com.example.cplink                   W  ğŸ”„ è¿ç»­é”™è¯¯è®¡æ•°: 3/3
2025-10-15 10:21:18.903 29176-32579 CarrotManNetwork        com.example.cplink                   W  ğŸš¨ è¾¾åˆ°è¿ç»­é”™è¯¯é˜ˆå€¼ï¼Œå¯åŠ¨æ™ºèƒ½ç½‘ç»œæ¢å¤
2025-10-15 10:21:18.903 29176-32580 CarrotManNetwork        com.example.cplink                   I  ğŸ”„ å¼€å§‹æ™ºèƒ½ç½‘ç»œæ¢å¤æµç¨‹...
2025-10-15 10:21:18.904 29176-32580 TrafficStats            com.example.cplink                   D  tagSocket(5) with statsTag=0xffffffff, statsUid=-1
2025-10-15 10:21:18.904 29176-29176 NetworkManager          com.example.cplink                   I  ğŸŒ ç½‘ç»œçŠ¶æ€å˜åŒ–: connected=false, device=
2025-10-15 10:21:18.905 29176-32580 CarrotManNetwork        com.example.cplink                   I  âœ… Socketé‡æ–°åˆå§‹åŒ–æˆåŠŸ
2025-10-15 10:21:18.905 29176-32580 CarrotManNetwork        com.example.cplink                   I  ğŸ” é‡æ–°æ‰«æå¯ç”¨è®¾å¤‡... (å°è¯• 1/3)
2025-10-15 10:21:18.905 29176-32580 CarrotManNetwork        com.example.cplink                   I  ğŸ¯ å‘ç°å¯ç”¨è®¾å¤‡ï¼Œå°è¯•é‡è¿: 192.168.10.40:7706 (vopenpilot)
2025-10-15 10:21:18.905 29176-32580 CarrotManNetwork        com.example.cplink                   D  ç½‘ç»œçŠ¶æ€å·²ä¿å­˜: running=true, device=192.168.10.40:7706 (vopenpilot)
2025-10-15 10:21:18.906 29176-32580 CarrotManNetwork        com.example.cplink                   I  ğŸ‰ è®¾å¤‡è¿æ¥å»ºç«‹æˆåŠŸ: 192.168.10.40
2025-10-15 10:21:18.906 29176-32577 CarrotManNetwork        com.example.cplink                   I  âœ… å¯åŠ¨æ•°æ®ä¼ è¾“ä»»åŠ¡ - è®¾å¤‡: 192.168.10.40
2025-10-15 10:21:18.907 29176-29176 NetworkManager          com.example.cplink                   I  ğŸŒ ç½‘ç»œçŠ¶æ€å˜åŒ–: connected=true, device=192.168.10.40:7706 (vopenpilot)
2025-10-15 10:21:18.957 29176-32577 CarrotManNetwork        com.example.cplink                   D  â¸ï¸ ç½‘ç»œæ¢å¤ä¸­ï¼Œè·³è¿‡æ•°æ®å‘é€
2025-10-15 10:21:19.303 29176-32577 CarrotManNetwork        com.example.cplink                   D  â¸ï¸ ç½‘ç»œæ¢å¤ä¸­ï¼Œè·³è¿‡CarrotManæ•°æ®å‘é€
2025-10-15 10:21:19.504 29176-32575 CarrotManNetwork        com.example.cplink                   D  â¸ï¸ ç½‘ç»œæ¢å¤ä¸­ï¼Œè·³è¿‡CarrotManæ•°æ®å‘é€
2025-10-15 10:21:19.706 29176-32577 CarrotManNetwork        com.example.cplink                   D  â¸ï¸ ç½‘ç»œæ¢å¤ä¸­ï¼Œè·³è¿‡CarrotManæ•°æ®å‘é€
2025-10-15 10:21:19.907 29176-32577 CarrotManNetwork        com.example.cplink                   I  âœ… æ™ºèƒ½ç½‘ç»œæ¢å¤æˆåŠŸ
2025-10-15 10:21:19.909 29176-29176 NetworkManager          com.example.cplink                   I  ğŸŒ ç½‘ç»œçŠ¶æ€å˜åŒ–: connected=true, device=192.168.10.40:7706 (vopenpilot)
2025-10-15 10:21:20.736 29176-32575 AmapBroadcastManager    com.example.cplink                   V  ğŸ”„ åŒæ­¥ç¼“å†²åŒºåˆ°UI: 20 æ¡æ•°æ®
2025-10-15 10:21:21.620 29176-32580 AmapBroadcastHandlers   com.example.cplink                   D  ğŸ§­ å¤„ç†å¼•å¯¼ä¿¡æ¯å¹¿æ’­ (KEY_TYPE: 10001)
2025-10-15 10:21:21.620 29176-32580 AmapBroadcastHandlers   com.example.cplink                   D  ğŸ“ GPSåæ ‡ä¸º0ï¼Œä½¿ç”¨æ‰‹æœºGPS: lat=31.203626, lon=120.628022
2025-10-15 10:21:21.620 29176-32580 AmapBroadcastHandlers   com.example.cplink                   I  ğŸ”„ è½¬å¼¯æ˜ å°„: é«˜å¾·å›¾æ ‡=55 -> CarrotManç±»å‹=55, è·ç¦»=5m
