---------------------------- PROCESS STARTED (22768) for package com.example.cplink ----------------------------
2025-10-24 16:56:16.354 22768-22768 .example.cplink         com.example.cplink                   W  ClassLoaderContext classpath size mismatch. expected=0, found=1 (PCL[] | PCL[/data/data/com.example.cplink/code_cache/.overlay/base.apk/classes5.dex*835427112])
2025-10-24 16:56:16.356 22768-22768 nativeloader            com.example.cplink                   D  Configuring clns-7 for other apk /data/app/~~YHNLHppVjVNMaaB8I5XfOQ==/com.example.cplink-8C_j9w0n5voSXdxRfEEXWg==/base.apk. target_sdk_version=35, uses_libraries=, library_path=/data/app/~~YHNLHppVjVNMaaB8I5XfOQ==/com.example.cplink-8C_j9w0n5voSXdxRfEEXWg==/lib/arm64:/data/app/~~YHNLHppVjVNMaaB8I5XfOQ==/com.example.cplink-8C_j9w0n5voSXdxRfEEXWg==/base.apk!/lib/arm64-v8a, permitted_path=/data:/mnt/expand:/data/user/0/com.example.cplink
2025-10-24 16:56:16.358 22768-22768 CompatChangeReporter    com.example.cplink                   D  Compat change id reported: 202956589; UID 10442; state: ENABLED
2025-10-24 16:56:16.373 22768-22768 GraphicsEnvironment     com.example.cplink                   V  Currently set values for:
2025-10-24 16:56:16.373 22768-22768 GraphicsEnvironment     com.example.cplink                   V    angle_gl_driver_selection_pkgs=[com.android.angle, com.linecorp.b612.android, com.campmobile.snow, com.google.android.apps.tachyon]
2025-10-24 16:56:16.373 22768-22768 GraphicsEnvironment     com.example.cplink                   V    angle_gl_driver_selection_values=[angle, native, native, native]
2025-10-24 16:56:16.373 22768-22768 GraphicsEnvironment     com.example.cplink                   V  com.example.cplink is not listed in per-application setting
2025-10-24 16:56:16.373 22768-22768 GraphicsEnvironment     com.example.cplink                   V  Updatable production driver is not supported on the device.
2025-10-24 16:56:16.393 22768-22768 CompatChangeReporter    com.example.cplink                   D  Compat change id reported: 279646685; UID 10442; state: ENABLED
2025-10-24 16:56:16.419 22768-24032 AdrenoGLES-0            com.example.cplink                   I  QUALCOMM build                   : 7867919300, Ibc171b9c87
                                                                                                    Build Date                       : 04/25/25
                                                                                                    OpenGL ES Shader Compiler Version: E031.41.03.62
                                                                                                    Local Branch                     : 
                                                                                                    Remote Branch                    : refs/tags/AU_LINUX_ANDROID_LA.VENDOR.13.2.0.11.00.00.856.062
                                                                                                    Remote Branch                    : NONE
                                                                                                    Reconstruct Branch               : NOTHING
2025-10-24 16:56:16.419 22768-24032 AdrenoGLES-0            com.example.cplink                   I  Build Config                     : S P 14.1.4 AArch64
2025-10-24 16:56:16.419 22768-24032 AdrenoGLES-0            com.example.cplink                   I  Driver Path                      : /vendor/lib64/egl/libGLESv2_adreno.so
2025-10-24 16:56:16.419 22768-24032 AdrenoGLES-0            com.example.cplink                   I  Driver Version                   : 0676.72
2025-10-24 16:56:16.425 22768-24032 AdrenoGLES-0            com.example.cplink                   I  PFP: 0x01200161, ME: 0x00000000
2025-10-24 16:56:16.434 22768-24032 AdrenoUtils             com.example.cplink                   I  <ReadGpuID:407>: Reading chip ID through GSL
2025-10-24 16:56:16.483 22768-22768 CompatChangeReporter    com.example.cplink                   D  Compat change id reported: 309578419; UID 10442; state: ENABLED
2025-10-24 16:56:16.500 22768-22768 MainActivity            com.example.cplink                   I  ğŸ”† å·²è®¾ç½®å±å¹•å¸¸äº®
2025-10-24 16:56:16.502 22768-22768 MainActivity            com.example.cplink                   I  ğŸ”‹ å·²å¿½ç•¥ç”µæ± ä¼˜åŒ–
2025-10-24 16:56:16.502 22768-22768 MainActivity            com.example.cplink                   I  ğŸ”³ å·²æœ‰æ‚¬æµ®çª—æƒé™
2025-10-24 16:56:16.503 22768-22768 MainActivity            com.example.cplink                   I  ğŸ”” å·²æœ‰é€šçŸ¥æƒé™
2025-10-24 16:56:16.503 22768-22768 MainActivity            com.example.cplink                   I  ğŸ”” å¯åŠ¨å‰å°æœåŠ¡...
2025-10-24 16:56:16.504 22768-22768 MainActivity            com.example.cplink                   I  âœ… å‰å°æœåŠ¡å¯åŠ¨æˆåŠŸ
2025-10-24 16:56:16.504 22768-22768 MainActivity            com.example.cplink                   I  ğŸš€ MainActivityæ­£åœ¨å¯åŠ¨...
2025-10-24 16:56:16.504 22768-22768 MainActivity            com.example.cplink                   I  ğŸ” æ—©æœŸåˆå§‹åŒ–æƒé™ç®¡ç†å™¨...
2025-10-24 16:56:16.508 22768-22768 PermissionManager       com.example.cplink                   I  ğŸ” åˆå§‹åŒ–æƒé™ç®¡ç†å™¨...
2025-10-24 16:56:16.509 22768-22768 PermissionManager       com.example.cplink                   I  âœ… æƒé™ç®¡ç†å™¨åˆå§‹åŒ–å®Œæˆ
2025-10-24 16:56:16.509 22768-22768 MainActivity            com.example.cplink                   I  âœ… æƒé™ç®¡ç†å™¨æ—©æœŸåˆå§‹åŒ–æˆåŠŸ
2025-10-24 16:56:16.517 22768-22768 MainActivity            com.example.cplink                   I  ğŸ“Š å†…å­˜ç›‘æ§å·²å¯åŠ¨ï¼ˆä¼˜åŒ–ç‰ˆï¼š60ç§’é—´éš”ï¼‰
2025-10-24 16:56:16.519 22768-22768 MainActivity            com.example.cplink                   I  âœ… æ§åˆ¶æŒ‡ä»¤å¹¿æ’­æ¥æ”¶å™¨å·²æ³¨å†Œï¼ˆåŒ…å«æ¨¡å¼åˆ‡æ¢ï¼‰
2025-10-24 16:56:16.519 22768-22768 MainActivity            com.example.cplink                   I  âœ… MainActivityå¯åŠ¨å®Œæˆ
2025-10-24 16:56:16.544 22768-22768 MainActivity            com.example.cplink                   I  â–¶ï¸ Activityæ¢å¤ï¼Œéšè—æ‚¬æµ®çª—
2025-10-24 16:56:16.567 22768-22768 CompatChangeReporter    com.example.cplink                   D  Compat change id reported: 352594277; UID 10442; state: ENABLED
2025-10-24 16:56:16.587 22768-22768 libc                    com.example.cplink                   W  Access denied finding property "persist.vivo.ltw.enabled"
2025-10-24 16:56:16.584 22768-22768 .example.cplink         com.example.cplink                   W  type=1400 audit(0.0:3728257): avc:  denied  { read } for  name="u:object_r:microsoft_ltw_prop:s0" dev="tmpfs" ino=311 scontext=u:r:untrusted_app:s0:c186,c257,c512,c768 tcontext=u:object_r:microsoft_ltw_prop:s0 tclass=file permissive=0 app=com.example.cplink
2025-10-24 16:56:16.968 22768-22768 ViewRootImpl            com.example.cplink                   D  AppSizeAfterRelayout, size: Point(1080, 2400), rotation: ROTATION_0
2025-10-24 16:56:16.973 22768-22768 libc                    com.example.cplink                   W  Access denied finding property "vendor.display.enable_optimal_refresh_rate"
2025-10-24 16:56:16.968 22768-22768 .example.cplink         com.example.cplink                   W  type=1400 audit(0.0:3728258): avc:  denied  { read } for  name="u:object_r:vendor_display_prop:s0" dev="tmpfs" ino=462 scontext=u:r:untrusted_app:s0:c186,c257,c512,c768 tcontext=u:object_r:vendor_display_prop:s0 tclass=file permissive=0 app=com.example.cplink
2025-10-24 16:56:17.067 22768-22768 Choreographer           com.example.cplink                   I  Skipped 52 frames!  The application may be doing too much work on its main thread.
2025-10-24 16:56:17.179 22768-22768 MainActivity            com.example.cplink                   I  ğŸ” è‡ªæ£€æŸ¥: ä½ç½®ä¼ æ„Ÿå™¨ç®¡ç†å™¨ - æ­£åœ¨åˆå§‹åŒ–...
2025-10-24 16:56:17.179 22768-22768 MainActivity            com.example.cplink                   I  ğŸ§­ åˆå§‹åŒ–ä½ç½®å’Œä¼ æ„Ÿå™¨ç®¡ç†å™¨...
2025-10-24 16:56:17.179 22768-22768 LocationSensorManager   com.example.cplink                   I  ğŸ§­ åˆå§‹åŒ–ä¼ æ„Ÿå™¨ç³»ç»Ÿ...
2025-10-24 16:56:17.203 22768-22768 LocationSensorManager   com.example.cplink                   I  âœ… ä¼ æ„Ÿå™¨ç³»ç»Ÿåˆå§‹åŒ–å®Œæˆ
2025-10-24 16:56:17.203 22768-22768 MainActivity            com.example.cplink                   I  âœ… ä½ç½®å’Œä¼ æ„Ÿå™¨ç®¡ç†å™¨åˆå§‹åŒ–æˆåŠŸ
2025-10-24 16:56:17.203 22768-22768 MainActivity            com.example.cplink                   I  ğŸ” è‡ªæ£€æŸ¥: ä½ç½®ä¼ æ„Ÿå™¨ç®¡ç†å™¨ - åˆå§‹åŒ–å®Œæˆ
2025-10-24 16:56:17.208 22768-22768 FloatingWindowService   com.example.cplink                   I  â¹ï¸ åœæ­¢é€Ÿåº¦æ•°æ®æ£€æŸ¥
2025-10-24 16:56:17.208 22768-22768 FloatingWindowService   com.example.cplink                   D  ğŸ” æ‚¬æµ®çª—æœªæ˜¾ç¤ºæˆ–å·²éšè—ï¼Œè·³è¿‡éšè—æ“ä½œ
2025-10-24 16:56:17.289 22768-22768 LocationSensorManager   com.example.cplink                   D  ä¼ æ„Ÿå™¨ç²¾åº¦å˜åŒ–: rotation_vector  Non-wakeup -> 3
2025-10-24 16:56:17.291 22768-22768 ImeFocusController      com.example.cplink                   V  onWindowFocus: com.android.internal.policy.DecorView{f85da4d V.E...... R......D 0,0-1080,2400}[MainActivity] softInputMode=STATE_UNSPECIFIED|ADJUST_PAN|IS_FORWARD_NAVIGATION
2025-10-24 16:56:17.294 22768-22768 FloatingWindowService   com.example.cplink                   I  â¹ï¸ åœæ­¢é€Ÿåº¦æ•°æ®æ£€æŸ¥
2025-10-24 16:56:17.294 22768-22768 FloatingWindowService   com.example.cplink                   D  ğŸ” æ‚¬æµ®çª—æœªæ˜¾ç¤ºæˆ–å·²éšè—ï¼Œè·³è¿‡éšè—æ“ä½œ
2025-10-24 16:56:17.294 22768-22768 FloatingWindowService   com.example.cplink                   I  ğŸ”§ æ‚¬æµ®çª—æœåŠ¡é”€æ¯
2025-10-24 16:56:17.402 22768-24008 .example.cplink         com.example.cplink                   I  Compiler allocated 8198KB to compile void android.view.ViewRootImpl.performTraversals()
2025-10-24 16:56:17.407 22768-22768 LocationSensorManager   com.example.cplink                   D  ä¼ æ„Ÿå™¨ç²¾åº¦å˜åŒ–: lsm6dsox Accelerometer Non-wakeup -> 1
2025-10-24 16:56:17.428 22768-22768 MainActivity            com.example.cplink                   I  ğŸ” è‡ªæ£€æŸ¥: æƒé™ç®¡ç†å™¨ - æ­£åœ¨åˆå§‹åŒ–...
2025-10-24 16:56:17.428 22768-22768 MainActivity            com.example.cplink                   I  ğŸ” åˆå§‹åŒ–æƒé™ç®¡ç†å™¨...
2025-10-24 16:56:17.428 22768-22768 PermissionManager       com.example.cplink                   I  âœ… LocationSensorManagerå¼•ç”¨å·²æ›´æ–°
2025-10-24 16:56:17.428 22768-22768 MainActivity            com.example.cplink                   I  âœ… æƒé™ç®¡ç†å™¨å¼•ç”¨æ›´æ–°æˆåŠŸ
2025-10-24 16:56:17.428 22768-22768 MainActivity            com.example.cplink                   I  ğŸŒ¡ï¸ å¼€å§‹GPSé¢„çƒ­...
2025-10-24 16:56:17.428 22768-22768 LocationSensorManager   com.example.cplink                   I  ğŸŒ¡ï¸ å¯åŠ¨GPSé¢„çƒ­...
2025-10-24 16:56:17.435 22768-22768 LocationSensorManager   com.example.cplink                   I  âœ… GPSé¢„çƒ­å·²å¯åŠ¨
2025-10-24 16:56:17.435 22768-22768 MainActivity            com.example.cplink                   I  âœ… GPSé¢„çƒ­å·²å¯åŠ¨
2025-10-24 16:56:17.435 22768-22768 MainActivity            com.example.cplink                   I  ğŸ” è‡ªæ£€æŸ¥: æƒé™ç®¡ç†å™¨ - åˆå§‹åŒ–å®Œæˆ
2025-10-24 16:56:17.611 22768-22768 LocationSensorManager   com.example.cplink                   D  ä¼ æ„Ÿå™¨ç²¾åº¦å˜åŒ–: lsm6dsox Accelerometer Non-wakeup -> 3
2025-10-24 16:56:17.637 22768-22768 MainActivity            com.example.cplink                   I  ğŸ” è‡ªæ£€æŸ¥: æƒé™å’Œä½ç½®æœåŠ¡ - æ­£åœ¨è®¾ç½®...
2025-10-24 16:56:17.637 22768-22768 MainActivity            com.example.cplink                   I  ğŸ” å¼€å§‹æƒé™è®¾ç½®æµç¨‹...
2025-10-24 16:56:17.637 22768-22768 PermissionManager       com.example.cplink                   I  ğŸ§  å¼€å§‹æ™ºèƒ½æƒé™è¯·æ±‚...
2025-10-24 16:56:17.638 22768-22768 PermissionManager       com.example.cplink                   I  ğŸ“Š æ ¸å¿ƒæƒé™çŠ¶æ€: 5/5 å·²æˆäºˆ
2025-10-24 16:56:17.638 22768-22768 PermissionManager       com.example.cplink                   I  âœ… æ ¸å¿ƒæƒé™å·²å…¨éƒ¨æˆäºˆï¼Œå¯åŠ¨GPSåŠŸèƒ½
2025-10-24 16:56:17.638 22768-22768 LocationSensorManager   com.example.cplink                   I  ğŸ“ å¯åŠ¨GPSä½ç½®æ›´æ–°æœåŠ¡...
2025-10-24 16:56:17.638 22768-22768 LocationSensorManager   com.example.cplink                   I  ğŸ” æ£€æŸ¥ä½ç½®æä¾›è€…çŠ¶æ€:
2025-10-24 16:56:17.638 22768-22768 LocationSensorManager   com.example.cplink                   I    ğŸ“¡ GPSæä¾›è€…: âœ… å¯ç”¨
2025-10-24 16:56:17.639 22768-22768 LocationSensorManager   com.example.cplink                   I    ğŸŒ ç½‘ç»œæä¾›è€…: âœ… å¯ç”¨
2025-10-24 16:56:17.639 22768-22768 LocationSensorManager   com.example.cplink                   I    ğŸ“± è¢«åŠ¨æä¾›è€…: âœ… å¯ç”¨
2025-10-24 16:56:17.640 22768-22768 LocationSensorManager   com.example.cplink                   I    ğŸ“‹ æ‰€æœ‰æä¾›è€…: [passive, network, fused, gps]
2025-10-24 16:56:17.640 22768-22768 LocationSensorManager   com.example.cplink                   I    âœ… å¯ç”¨çš„æä¾›è€…: [passive, network, fused, gps]
2025-10-24 16:56:17.645 22768-22768 LocationSensorManager   com.example.cplink                   I  âœ… GPSå®šä½å·²å¯åŠ¨ (æœ€é«˜ç²¾åº¦æ¨¡å¼: 0.1s/0.0mï¼Œå¼ºåˆ¶åå°å®æ—¶)
2025-10-24 16:56:17.648 22768-22768 LocationSensorManager   com.example.cplink                   I  âœ… ç½‘ç»œå®šä½å·²å¯åŠ¨ (ä¼˜åŒ–æ¨¡å¼: 1s/2m)
2025-10-24 16:56:17.648 22768-22768 LocationSensorManager   com.example.cplink                   I  âœ… ä½ç½®æ›´æ–°æœåŠ¡å¯åŠ¨å®Œæˆ
2025-10-24 16:56:17.661 22768-22768 LocationSensorManager   com.example.cplink                   I  ğŸ¯ ä½¿ç”¨æœ€åå·²çŸ¥ä½ç½®è¿›è¡Œç«‹å³æ›´æ–°:
2025-10-24 16:56:17.662 22768-22768 LocationSensorManager   com.example.cplink                   I    ğŸ“ åæ ‡: lat=31.203638, lon=120.628022
2025-10-24 16:56:17.662 22768-22768 LocationSensorManager   com.example.cplink                   I    ğŸ“¡ ç²¾åº¦: 40.0m
2025-10-24 16:56:17.662 22768-22768 LocationSensorManager   com.example.cplink                   I    ğŸ”§ æä¾›è€…: network
2025-10-24 16:56:17.662 22768-22768 LocationSensorManager   com.example.cplink                   I    â° æ—¶é—´: 6644mså‰
2025-10-24 16:56:17.662 22768-22768 LocationSensorManager   com.example.cplink                   I  ğŸŒ GPSä½ç½®æ›´æ–°æ¥æ”¶:
2025-10-24 16:56:17.663 22768-22768 LocationSensorManager   com.example.cplink                   I    ğŸ“ åæ ‡: lat=31.203638, lon=120.628022
2025-10-24 16:56:17.663 22768-22768 LocationSensorManager   com.example.cplink                   I    ğŸš€ é€Ÿåº¦: æ— é€Ÿåº¦æ•°æ®
2025-10-24 16:56:17.663 22768-22768 LocationSensorManager   com.example.cplink                   I    ğŸ§­ æ–¹å‘: æ— æ–¹å‘æ•°æ®
2025-10-24 16:56:17.663 22768-22768 LocationSensorManager   com.example.cplink                   I    ğŸ“¡ ç²¾åº¦: 40.0m
2025-10-24 16:56:17.663 22768-22768 LocationSensorManager   com.example.cplink                   I    ğŸ”§ æä¾›è€…: network
2025-10-24 16:56:17.663 22768-22768 LocationSensorManager   com.example.cplink                   I    â° æ—¶é—´: 6645mså‰
2025-10-24 16:56:17.663 22768-22768 LocationSensorManager   com.example.cplink                   W  âš ï¸ GPSæ•°æ®è¿‡æœŸ (6644mså‰)ï¼Œè·³è¿‡æ›´æ–°
2025-10-24 16:56:17.663 22768-22768 PermissionManager       com.example.cplink                   I  ğŸ“¡ å¯åŠ¨GPSçŠ¶æ€ç›‘æ§...
2025-10-24 16:56:17.664 22768-22768 PermissionManager       com.example.cplink                   I  ğŸ“ è¯·æ±‚å¯é€‰æƒé™ä»¥è·å¾—å®Œæ•´åŠŸèƒ½
2025-10-24 16:56:17.679 22768-22768 MainActivity            com.example.cplink                   I  ğŸ“‹ æƒé™çŠ¶æ€æŠ¥å‘Š:
                                                                                                    ğŸ”‘ æ ¸å¿ƒæƒé™:
                                                                                                      âœ… android.permission.ACCESS_FINE_LOCATION
                                                                                                      âœ… android.permission.ACCESS_COARSE_LOCATION
                                                                                                      âœ… android.permission.INTERNET
                                                                                                      âœ… android.permission.ACCESS_NETWORK_STATE
                                                                                                      âœ… android.permission.WAKE_LOCK
                                                                                                    ğŸ”§ å¯é€‰æƒé™:
                                                                                                      âœ… android.permission.FOREGROUND_SERVICE
                                                                                                      âŒ android.permission.SYSTEM_ALERT_WINDOW
                                                                                                    ğŸ“± Android 12+ æƒé™:
                                                                                                    ğŸ“± Android 13+ æƒé™:
                                                                                                      âœ… android.permission.POST_NOTIFICATIONS
2025-10-24 16:56:17.679 22768-22768 MainActivity            com.example.cplink                   I  ğŸ” è‡ªæ£€æŸ¥: æƒé™å’Œä½ç½®æœåŠ¡ - è®¾ç½®å®Œæˆ
2025-10-24 16:56:17.727 22768-22768 LocationSensorManager   com.example.cplink                   I  ğŸŒ GPSä½ç½®æ›´æ–°æ¥æ”¶:
2025-10-24 16:56:17.727 22768-22768 LocationSensorManager   com.example.cplink                   I    ğŸ“ åæ ‡: lat=31.203638, lon=120.628022
2025-10-24 16:56:17.727 22768-22768 LocationSensorManager   com.example.cplink                   I    ğŸš€ é€Ÿåº¦: æ— é€Ÿåº¦æ•°æ®
2025-10-24 16:56:17.728 22768-22768 LocationSensorManager   com.example.cplink                   I    ğŸ§­ æ–¹å‘: æ— æ–¹å‘æ•°æ®
2025-10-24 16:56:17.728 22768-22768 LocationSensorManager   com.example.cplink                   I    ğŸ“¡ ç²¾åº¦: 40.0m
2025-10-24 16:56:17.728 22768-22768 LocationSensorManager   com.example.cplink                   I    ğŸ”§ æä¾›è€…: network
2025-10-24 16:56:17.728 22768-22768 LocationSensorManager   com.example.cplink                   I    â° æ—¶é—´: 6710mså‰
2025-10-24 16:56:17.728 22768-22768 LocationSensorManager   com.example.cplink                   W  âš ï¸ GPSæ•°æ®è¿‡æœŸ (6708mså‰)ï¼Œè·³è¿‡æ›´æ–°
2025-10-24 16:56:17.730 22768-22768 MainActivity            com.example.cplink                   I  â¸ï¸ Activityæš‚åœ
2025-10-24 16:56:17.730 22768-22768 MainActivity            com.example.cplink                   I  ğŸ”’ ç”¨æˆ·ç±»å‹0ä¸æ”¯æŒæ‚¬æµ®çª—åŠŸèƒ½ï¼Œä»…é™èµåŠ©è€…å’Œé“ç²‰
2025-10-24 16:56:17.875 22768-22768 PermissionManager       com.example.cplink                   I  ğŸ” æƒé™è¯·æ±‚ç»“æœ:
2025-10-24 16:56:17.875 22768-22768 PermissionManager       com.example.cplink                   I    âŒ android.permission.SYSTEM_ALERT_WINDOW: è¢«æ‹’ç»
2025-10-24 16:56:17.875 22768-22768 PermissionManager       com.example.cplink                   I  ğŸ“Š æƒé™ç»Ÿè®¡: 0/1 å·²æˆäºˆ
2025-10-24 16:56:17.875 22768-22768 PermissionManager       com.example.cplink                   W  âš ï¸ éƒ¨åˆ†æƒé™æœªè·å–ï¼ŒåŠŸèƒ½å¯èƒ½å—é™
2025-10-24 16:56:17.875 22768-22768 PermissionManager       com.example.cplink                   W  âŒ è¢«æ‹’ç»çš„æƒé™: android.permission.SYSTEM_ALERT_WINDOW
2025-10-24 16:56:17.875 22768-22768 PermissionManager       com.example.cplink                   I  âœ… æ ¸å¿ƒæƒé™å·²è·å–ï¼Œå¯åŠ¨ä½ç½®æ›´æ–°
2025-10-24 16:56:17.875 22768-22768 LocationSensorManager   com.example.cplink                   I  ğŸ“ å¯åŠ¨GPSä½ç½®æ›´æ–°æœåŠ¡...
2025-10-24 16:56:17.875 22768-22768 LocationSensorManager   com.example.cplink                   I  ğŸ” æ£€æŸ¥ä½ç½®æä¾›è€…çŠ¶æ€:
2025-10-24 16:56:17.876 22768-22768 LocationSensorManager   com.example.cplink                   I    ğŸ“¡ GPSæä¾›è€…: âœ… å¯ç”¨
2025-10-24 16:56:17.876 22768-22768 LocationSensorManager   com.example.cplink                   I    ğŸŒ ç½‘ç»œæä¾›è€…: âœ… å¯ç”¨
2025-10-24 16:56:17.877 22768-22768 LocationSensorManager   com.example.cplink                   I    ğŸ“± è¢«åŠ¨æä¾›è€…: âœ… å¯ç”¨
2025-10-24 16:56:17.877 22768-22768 LocationSensorManager   com.example.cplink                   I    ğŸ“‹ æ‰€æœ‰æä¾›è€…: [passive, network, fused, gps]
2025-10-24 16:56:17.877 22768-22768 LocationSensorManager   com.example.cplink                   I    âœ… å¯ç”¨çš„æä¾›è€…: [passive, network, fused, gps]
2025-10-24 16:56:17.882 22768-22768 LocationSensorManager   com.example.cplink                   I  âœ… GPSå®šä½å·²å¯åŠ¨ (æœ€é«˜ç²¾åº¦æ¨¡å¼: 0.1s/0.0mï¼Œå¼ºåˆ¶åå°å®æ—¶)
2025-10-24 16:56:17.887 22768-22768 LocationSensorManager   com.example.cplink                   I  âœ… ç½‘ç»œå®šä½å·²å¯åŠ¨ (ä¼˜åŒ–æ¨¡å¼: 1s/2m)
2025-10-24 16:56:17.887 22768-22768 LocationSensorManager   com.example.cplink                   I  âœ… ä½ç½®æ›´æ–°æœåŠ¡å¯åŠ¨å®Œæˆ
2025-10-24 16:56:17.891 22768-22768 LocationSensorManager   com.example.cplink                   I  ğŸ¯ ä½¿ç”¨æœ€åå·²çŸ¥ä½ç½®è¿›è¡Œç«‹å³æ›´æ–°:
2025-10-24 16:56:17.892 22768-22768 LocationSensorManager   com.example.cplink                   I    ğŸ“ åæ ‡: lat=31.203638, lon=120.628022
2025-10-24 16:56:17.892 22768-22768 LocationSensorManager   com.example.cplink                   I    ğŸ“¡ ç²¾åº¦: 40.0m
2025-10-24 16:56:17.892 22768-22768 LocationSensorManager   com.example.cplink                   I    ğŸ”§ æä¾›è€…: network
2025-10-24 16:56:17.892 22768-22768 LocationSensorManager   com.example.cplink                   I    â° æ—¶é—´: 6874mså‰
2025-10-24 16:56:17.893 22768-22768 LocationSensorManager   com.example.cplink                   I  ğŸŒ GPSä½ç½®æ›´æ–°æ¥æ”¶:
2025-10-24 16:56:17.893 22768-22768 LocationSensorManager   com.example.cplink                   I    ğŸ“ åæ ‡: lat=31.203638, lon=120.628022
2025-10-24 16:56:17.893 22768-22768 LocationSensorManager   com.example.cplink                   I    ğŸš€ é€Ÿåº¦: æ— é€Ÿåº¦æ•°æ®
2025-10-24 16:56:17.893 22768-22768 LocationSensorManager   com.example.cplink                   I    ğŸ§­ æ–¹å‘: æ— æ–¹å‘æ•°æ®
2025-10-24 16:56:17.893 22768-22768 LocationSensorManager   com.example.cplink                   I    ğŸ“¡ ç²¾åº¦: 40.0m
2025-10-24 16:56:17.893 22768-22768 LocationSensorManager   com.example.cplink                   I    ğŸ”§ æä¾›è€…: network
2025-10-24 16:56:17.893 22768-22768 LocationSensorManager   com.example.cplink                   I    â° æ—¶é—´: 6875mså‰
2025-10-24 16:56:17.893 22768-22768 LocationSensorManager   com.example.cplink                   W  âš ï¸ GPSæ•°æ®è¿‡æœŸ (6874mså‰)ï¼Œè·³è¿‡æ›´æ–°
2025-10-24 16:56:17.893 22768-22768 PermissionManager       com.example.cplink                   I  ğŸ“¡ å¯åŠ¨GPSçŠ¶æ€ç›‘æ§...
2025-10-24 16:56:17.893 22768-22768 MainActivity            com.example.cplink                   I  â–¶ï¸ Activityæ¢å¤ï¼Œéšè—æ‚¬æµ®çª—
2025-10-24 16:56:17.898 22768-22768 ImeFocusController      com.example.cplink                   V  onWindowFocus: com.android.internal.policy.DecorView{f85da4d V.E...... R....... 0,0-1080,2400 aid=0}[MainActivity] softInputMode=STATE_UNSPECIFIED|ADJUST_PAN
2025-10-24 16:56:17.912 22768-22768 MainActivity            com.example.cplink                   I  ğŸ” è‡ªæ£€æŸ¥: ç½‘ç»œç®¡ç†å™¨ - æ­£åœ¨åˆå§‹åŒ–...
2025-10-24 16:56:17.912 22768-22768 MainActivity            com.example.cplink                   I  ğŸŒ åˆå§‹åŒ–ç½‘ç»œç®¡ç†å™¨ï¼ˆå»¶è¿Ÿå¯åŠ¨ç½‘ç»œæœåŠ¡ï¼‰...
2025-10-24 16:56:17.914 22768-22768 MainActivity            com.example.cplink                   I  âœ… ç½‘ç»œç®¡ç†å™¨åˆå§‹åŒ–æˆåŠŸï¼ˆç½‘ç»œæœåŠ¡å¾…å¯åŠ¨ï¼‰
2025-10-24 16:56:17.914 22768-22768 MainActivity            com.example.cplink                   I  ğŸ” è‡ªæ£€æŸ¥: ç½‘ç»œç®¡ç†å™¨ - åˆå§‹åŒ–å®Œæˆ
2025-10-24 16:56:17.916 22768-22768 FloatingWindowService   com.example.cplink                   I  â¹ï¸ åœæ­¢é€Ÿåº¦æ•°æ®æ£€æŸ¥
2025-10-24 16:56:17.916 22768-22768 FloatingWindowService   com.example.cplink                   D  ğŸ” æ‚¬æµ®çª—æœªæ˜¾ç¤ºæˆ–å·²éšè—ï¼Œè·³è¿‡éšè—æ“ä½œ
2025-10-24 16:56:17.919 22768-22768 FloatingWindowService   com.example.cplink                   I  â¹ï¸ åœæ­¢é€Ÿåº¦æ•°æ®æ£€æŸ¥
2025-10-24 16:56:17.919 22768-22768 FloatingWindowService   com.example.cplink                   D  ğŸ” æ‚¬æµ®çª—æœªæ˜¾ç¤ºæˆ–å·²éšè—ï¼Œè·³è¿‡éšè—æ“ä½œ
2025-10-24 16:56:17.919 22768-22768 FloatingWindowService   com.example.cplink                   I  ğŸ”§ æ‚¬æµ®çª—æœåŠ¡é”€æ¯
2025-10-24 16:56:18.166 22768-22768 MainActivity            com.example.cplink                   I  ğŸ” è‡ªæ£€æŸ¥: ç³»ç»Ÿç®¡ç†å™¨ - æ­£åœ¨å¹¶è¡Œåˆå§‹åŒ–...
2025-10-24 16:56:18.169 22768-24236 MainActivity            com.example.cplink                   I  ğŸ—ºï¸ åˆå§‹åŒ–é«˜å¾·åœ°å›¾ç®¡ç†å™¨...
2025-10-24 16:56:18.169 22768-24238 MainActivity            com.example.cplink                   I  ğŸ“¡ åˆå§‹åŒ–å¹¿æ’­ç®¡ç†å™¨...
2025-10-24 16:56:18.171 22768-24239 MainActivity            com.example.cplink                   I  ğŸ“± åˆå§‹åŒ–è®¾å¤‡ç®¡ç†å™¨...
2025-10-24 16:56:18.173 22768-24236 MainActivity            com.example.cplink                   I  âœ… é«˜å¾·åœ°å›¾ç®¡ç†å™¨åˆå§‹åŒ–æˆåŠŸ
2025-10-24 16:56:18.185 22768-24238 AmapBroadcastManager    com.example.cplink                   I  âœ… å¢å¼ºç‰ˆå¹¿æ’­æ¥æ”¶å™¨æ³¨å†ŒæˆåŠŸ
2025-10-24 16:56:18.185 22768-24238 AmapBroadcastManager    com.example.cplink                   D  ğŸ“¡ æ³¨å†Œçš„å¹¿æ’­Actionåˆ—è¡¨:
2025-10-24 16:56:18.185 22768-24238 AmapBroadcastManager    com.example.cplink                   D    - AMAP_NAVI_ACTION_UPDATE
2025-10-24 16:56:18.185 22768-24238 AmapBroadcastManager    com.example.cplink                   D    - AMAP_NAVI_ACTION_TURN
2025-10-24 16:56:18.185 22768-24238 AmapBroadcastManager    com.example.cplink                   D    - com.autonavi.minimap.broadcast
2025-10-24 16:56:18.185 22768-24238 AmapBroadcastManager    com.example.cplink                   D    - AMAP_NAVI_ACTION_LOCATION
2025-10-24 16:56:18.185 22768-24238 AmapBroadcastManager    com.example.cplink                   D    - AUTONAVI_BROADCAST_SEND
2025-10-24 16:56:18.185 22768-24238 AmapBroadcastManager    com.example.cplink                   D    - AMAP_NAVI_ACTION_ROUTE
2025-10-24 16:56:18.185 22768-24238 AmapBroadcastManager    com.example.cplink                   D    - AMAP_BROADCAST_SEND
2025-10-24 16:56:18.185 22768-24238 AmapBroadcastManager    com.example.cplink                   D    - com.autonavi.minimap.navigation.broadcast
2025-10-24 16:56:18.185 22768-24238 AmapBroadcastManager    com.example.cplink                   D    - AUTONAVI_STANDARD_BROADCAST_RECV
2025-10-24 16:56:18.185 22768-24238 AmapBroadcastManager    com.example.cplink                   D    - AUTONAVI_STANDARD_BROADCAST_SEND
2025-10-24 16:56:18.185 22768-24236 AmapBroadcastManager    com.example.cplink                   I  ğŸš€ å¯åŠ¨å¹¿æ’­å¤„ç†åç¨‹
2025-10-24 16:56:18.185 22768-24238 MainActivity            com.example.cplink                   I  âœ… å¹¿æ’­ç®¡ç†å™¨åˆå§‹åŒ–æˆåŠŸ
2025-10-24 16:56:18.194 22768-24239 DeviceManager           com.example.cplink                   I  ğŸ“± ä½¿ç”¨å·²å­˜åœ¨çš„è®¾å¤‡ID: FB0184A6B311
2025-10-24 16:56:18.211 22768-24239 DeviceManager           com.example.cplink                   I  ğŸ“Š è®°å½•åº”ç”¨å¯åŠ¨ï¼Œä½¿ç”¨æ¬¡æ•°: 13ï¼Œä¿å­˜æˆåŠŸ: true
2025-10-24 16:56:18.211 22768-24239 MainActivity            com.example.cplink                   I  âœ… è®¾å¤‡ç®¡ç†å™¨åˆå§‹åŒ–æˆåŠŸï¼Œè®¾å¤‡ID: FB0184A6B311
2025-10-24 16:56:18.238 22768-22768 MainActivity            com.example.cplink                   I  ğŸ” è‡ªæ£€æŸ¥: ç³»ç»Ÿç®¡ç†å™¨ - å¹¶è¡Œåˆå§‹åŒ–å®Œæˆ
2025-10-24 16:56:18.467 22768-22768 MainActivity            com.example.cplink                   I  ğŸ” è‡ªæ£€æŸ¥: ç”¨æˆ·ç±»å‹ - æ­£åœ¨è·å–...
2025-10-24 16:56:18.476 22768-24239 MainActivity            com.example.cplink                   D  ğŸ“± ç¼“å­˜å‘½ä¸­: ç±»å‹=4, å¹´é¾„=78862ç§’
2025-10-24 16:56:18.476 22768-24239 MainActivity            com.example.cplink                   I  ğŸ“± ä½¿ç”¨ç¼“å­˜çš„ç”¨æˆ·ç±»å‹: 4
2025-10-24 16:56:18.521 22768-22768 MainActivity            com.example.cplink                   I  ğŸ” è‡ªæ£€æŸ¥: ç”¨æˆ·ç±»å‹ - è·å–å®Œæˆ: é“ç²‰
2025-10-24 16:56:18.779 22768-22768 MainActivity            com.example.cplink                   I  ğŸ” è‡ªæ£€æŸ¥: ä½¿ç”¨ç»Ÿè®¡ - åå°æ›´æ–°ä¸­...
2025-10-24 16:56:18.780 22768-24239 DeviceManager           com.example.cplink                   D  ğŸ“Š è·å–ä½¿ç”¨ç»Ÿè®¡: æ¬¡æ•°=13, æ—¶é•¿=3åˆ†é’Ÿ, è·ç¦»=3119.1965km
2025-10-24 16:56:18.830 22768-22768 MainActivity            com.example.cplink                   I  ğŸ” è‡ªæ£€æŸ¥: ä½¿ç”¨ç»Ÿè®¡ - æ›´æ–°å®Œæˆ
2025-10-24 16:56:18.832 22768-24239 MainActivity            com.example.cplink                   I  ğŸ“Š è‡ªåŠ¨æ›´æ–°ä½¿ç”¨ç»Ÿè®¡æ•°æ®: æ¬¡æ•°=13, æ—¶é•¿=3åˆ†é’Ÿ, è·ç¦»=3119.1965km
2025-10-24 16:56:18.836 22768-24239 DpmTcmClient            com.example.cplink                   I  RegisterTcmMonitor from: $Proxy2
2025-10-24 16:56:18.844 22768-24239 TrafficStats            com.example.cplink                   D  tagSocket(144) with statsTag=0xffffffff, statsUid=-1
2025-10-24 16:56:18.844 22768-24239 Linux                   com.example.cplink                   D  [Posix_connect Debug]Process com.example.cplink :443 
2025-10-24 16:56:18.921 22768-22768 MainActivity            com.example.cplink                   I  ğŸ” è‡ªæ£€æŸ¥: ä½ç½®æ›´æ–° - æ­£åœ¨æ‰§è¡Œ...
2025-10-24 16:56:18.921 22768-22768 MainActivity            com.example.cplink                   I  ğŸš€ æ‰§è¡Œåˆå§‹ä½ç½®æ›´æ–°...
2025-10-24 16:56:18.922 22768-22768 MainActivity            com.example.cplink                   I  ğŸ” è‡ªæ£€æŸ¥: ä½ç½®æ›´æ–° - æ‰§è¡Œå®Œæˆ
2025-10-24 16:56:18.987 22768-22768 MainActivity            com.example.cplink                   I  ğŸ“ æ›´æ–°ä½ç½®ç”¨äºè·ç¦»ç»Ÿè®¡: lat=31.203638, lon=120.628022
2025-10-24 16:56:18.987 22768-22768 DeviceManager           com.example.cplink                   I  â° å¯åŠ¨å€’è®¡æ—¶: 850ç§’
2025-10-24 16:56:18.987 22768-22768 DeviceManager           com.example.cplink                   I  â¹ï¸ åœæ­¢å€’è®¡æ—¶
2025-10-24 16:56:19.123 22768-22768 MainActivity            com.example.cplink                   I  ğŸ” è‡ªæ£€æŸ¥: é™æ€æ¥æ”¶å™¨ - æ­£åœ¨å¤„ç†...
2025-10-24 16:56:19.123 22768-22768 MainActivity            com.example.cplink                   I  ğŸ” è‡ªæ£€æŸ¥: é™æ€æ¥æ”¶å™¨ - å¤„ç†å®Œæˆ
2025-10-24 16:56:19.325 22768-22768 MainActivity            com.example.cplink                   I  ğŸ” è‡ªæ£€æŸ¥: ç½‘ç»œæœåŠ¡ - æ­£åœ¨å¯åŠ¨...
2025-10-24 16:56:19.325 22768-22768 MainActivity            com.example.cplink                   I  ğŸŒ å¯åŠ¨ç½‘ç»œæœåŠ¡...
2025-10-24 16:56:19.325 22768-22768 NetworkManager          com.example.cplink                   I  ğŸŒ åˆå§‹åŒ–CarrotManç½‘ç»œå®¢æˆ·ç«¯...
2025-10-24 16:56:19.330 22768-22768 CarrotManNetwork        com.example.cplink                   D  è®¾å¤‡å‘ç°å›è°ƒå·²è®¾ç½®
2025-10-24 16:56:19.330 22768-22768 CarrotManNetwork        com.example.cplink                   D  è¿æ¥çŠ¶æ€å›è°ƒå·²è®¾ç½®
2025-10-24 16:56:19.330 22768-22768 CarrotManNetwork        com.example.cplink                   D  æ•°æ®å‘é€å›è°ƒå·²è®¾ç½®
2025-10-24 16:56:19.330 22768-22768 CarrotManNetwork        com.example.cplink                   D  OpenpPilotçŠ¶æ€æ¥æ”¶å›è°ƒå·²è®¾ç½®
2025-10-24 16:56:19.331 22768-22768 CarrotManNetwork        com.example.cplink                   I  å¯åŠ¨ CarrotMan ç½‘ç»œå®¢æˆ·ç«¯æœåŠ¡
2025-10-24 16:56:19.331 22768-22768 CarrotManNetwork        com.example.cplink                   D  å¼€å§‹åˆå§‹åŒ–UDP Socketè¿æ¥...
2025-10-24 16:56:19.331 22768-22768 TrafficStats            com.example.cplink                   D  tagSocket(138) with statsTag=0xffffffff, statsUid=-1
2025-10-24 16:56:19.332 22768-22768 CarrotManNetwork        com.example.cplink                   D  ç›‘å¬Socketå·²åˆ›å»ºï¼Œç«¯å£: 7705ï¼Œè¶…æ—¶: 1000ms
2025-10-24 16:56:19.333 22768-22768 TrafficStats            com.example.cplink                   D  tagSocket(140) with statsTag=0xffffffff, statsUid=-1
2025-10-24 16:56:19.333 22768-22768 CarrotManNetwork        com.example.cplink                   D  æ•°æ®å‘é€Socketå·²åˆ›å»ºï¼Œç«¯å£: 46652
2025-10-24 16:56:19.333 22768-22768 CarrotManNetwork        com.example.cplink                   I  Socketåˆå§‹åŒ–æˆåŠŸ - ç›‘å¬ç«¯å£: 7705 (å¹¿æ’­æ¨¡å¼)
2025-10-24 16:56:19.334 22768-24242 CarrotManNetwork        com.example.cplink                   I  å¯åŠ¨è®¾å¤‡å¹¿æ’­ç›‘å¬æœåŠ¡ - ç«¯å£: 7705
2025-10-24 16:56:19.334 22768-24238 CarrotManNetwork        com.example.cplink                   I  å¯åŠ¨è®¾å¤‡å¥åº·æ£€æŸ¥æœåŠ¡ï¼Œæ£€æŸ¥é—´éš”: 2000ms
2025-10-24 16:56:19.335 22768-22768 CarrotManNetwork        com.example.cplink                   I  CarrotMan ç½‘ç»œæœåŠ¡å¯åŠ¨æˆåŠŸ
2025-10-24 16:56:19.335 22768-22768 CarrotManNetwork        com.example.cplink                   I  ğŸ“¡ å¯åŠ¨è‡ªåŠ¨æ•°æ®å‘é€ä»»åŠ¡(å®¢æˆ·ç«¯)â€¦
2025-10-24 16:56:19.335 22768-24242 CarrotManNetwork        com.example.cplink                   D  å¼€å§‹ç›‘å¬UDPå¹¿æ’­æ•°æ®ï¼Œç«¯å£: 7705
2025-10-24 16:56:19.335 22768-24238 CarrotManNetwork        com.example.cplink                   W  å‘é€CarrotManæ•°æ® - æœåŠ¡æœªè¿è¡Œæˆ–æ— è¿æ¥è®¾å¤‡
2025-10-24 16:56:19.335 22768-24238 CarrotManNetwork        com.example.cplink                   D  çŠ¶æ€æ£€æŸ¥ - è¿è¡ŒçŠ¶æ€: true, è¿æ¥è®¾å¤‡: null
2025-10-24 16:56:19.336 22768-22768 NetworkManager          com.example.cplink                   I  ğŸ”„ ç½‘ç»œçŠ¶æ€å®šæœŸæ›´æ–°å·²å¯åŠ¨
2025-10-24 16:56:19.336 22768-22768 NetworkManager          com.example.cplink                   I  âœ… CarrotManç½‘ç»œå®¢æˆ·ç«¯åˆå§‹åŒ–æˆåŠŸ
2025-10-24 16:56:19.336 22768-22768 MainActivity            com.example.cplink                   I  âœ… ç½‘ç»œæœåŠ¡å¯åŠ¨æˆåŠŸ
2025-10-24 16:56:19.336 22768-22768 MainActivity            com.example.cplink                   I  ğŸ” è‡ªæ£€æŸ¥: ç½‘ç»œæœåŠ¡ - å¯åŠ¨å®Œæˆ
2025-10-24 16:56:19.343 22768-24242 CarrotManNetwork        com.example.cplink                   I  ğŸ“¡ æ”¶åˆ°è®¾å¤‡å¹¿æ’­: [{"Carrot2": "Comma3 Simulator v1.0", "IsOnroad": false, "CarrotRouteActive": false, "ip": "192.168.10.29", "port": 7706, "log_carrot": "", "v_cruise_kph": 0, "v_ego_kph": 20, "tbt_dist": -50, "sdi_dist": 503.11111111111234, "active": false, "xState": 0, "trafficState": 0}] from 192.168.10.29
2025-10-24 16:56:19.343 22768-24242 CarrotManNetwork        com.example.cplink                   D  ğŸ“Š å½“å‰çŠ¶æ€: å·²å‘ç°è®¾å¤‡=0, å½“å‰è¿æ¥=æ— 
2025-10-24 16:56:19.344 22768-24242 CarrotManNetwork        com.example.cplink                   I  ğŸ” è§£æè®¾å¤‡å¹¿æ’­æ•°æ®: {"Carrot2": "Comma3 Simulator v1.0", "IsOnroad": false, "CarrotRouteActive": false, "ip": "192.168.10.29", "port": 7706, "log_carrot": "", "v_cruise_kph": 0, "v_ego_kph": 20, "tbt_dist": -50, "sdi_dist": 503.11111111111234, "active": false, "xState": 0, "trafficState": 0} from 192.168.10.29
2025-10-24 16:56:19.344 22768-24242 CarrotManNetwork        com.example.cplink                   D  ğŸ“Š è§£æå‰çŠ¶æ€: å·²å‘ç°è®¾å¤‡=0, å½“å‰è¿æ¥=æ— 
2025-10-24 16:56:19.344 22768-24242 CarrotManNetwork        com.example.cplink                   D  ğŸ“¡ æ£€æµ‹åˆ°OpenpPilotçŠ¶æ€æ•°æ® from 192.168.10.29
2025-10-24 16:56:19.345 22768-24242 CarrotManNetwork        com.example.cplink                   D  ğŸ” å°è¯•æ·»åŠ è®¾å¤‡: 192.168.10.29:7706 (vopenpilot), è®¾å¤‡é”®: 192.168.10.29:7706
2025-10-24 16:56:19.345 22768-24242 CarrotManNetwork        com.example.cplink                   D  ğŸ“Š å½“å‰è®¾å¤‡åˆ—è¡¨: []
2025-10-24 16:56:19.345 22768-24242 CarrotManNetwork        com.example.cplink                   I  ğŸ¯ å‘ç°æ–°çš„Comma3è®¾å¤‡: 192.168.10.29:7706 (vopenpilot)
2025-10-24 16:56:19.346 22768-24242 CarrotManNetwork        com.example.cplink                   I  ğŸ”„ æ›´æ–°çŠ¶æ€: å‘ç°è®¾å¤‡ 192.168.10.29ï¼Œæ­£åœ¨è¿æ¥...
2025-10-24 16:56:19.346 22768-24242 CarrotManNetwork        com.example.cplink                   I  ğŸš€ è‡ªåŠ¨è¿æ¥åˆ°æ–°å‘ç°çš„è®¾å¤‡
2025-10-24 16:56:19.346 22768-24242 CarrotManNetwork        com.example.cplink                   I  ğŸ”— å¼€å§‹è¿æ¥åˆ°Comma3è®¾å¤‡: 192.168.10.29:7706 (vopenpilot)
2025-10-24 16:56:19.347 22768-24236 CarrotManNetwork        com.example.cplink                   I  å¯åŠ¨æ•°æ®ä¼ è¾“ä»»åŠ¡ - è®¾å¤‡: 192.168.10.29
2025-10-24 16:56:19.347 22768-24236 CarrotManNetwork        com.example.cplink                   D  é¦–æ¬¡å‘é€æ•°æ®ï¼Œè·³è¿‡å»é‡æ£€æŸ¥
2025-10-24 16:56:19.348 22768-24236 System.out              com.example.cplink                   I  DatagramSocket p = java.net.DatagramPacket@fd7ed1e ipAddress = /192.168.10.29
2025-10-24 16:56:19.350 22768-24242 CarrotManNetwork        com.example.cplink                   I  âœ… æ›´æ–°è¿æ¥çŠ¶æ€: å·²è¿æ¥åˆ°è®¾å¤‡ 192.168.10.29
2025-10-24 16:56:19.351 22768-24242 CarrotManNetwork        com.example.cplink                   I  ğŸ‰ è®¾å¤‡è¿æ¥å»ºç«‹æˆåŠŸ: 192.168.10.29
2025-10-24 16:56:19.351 22768-24242 CarrotManNetwork        com.example.cplink                   D  ğŸ“Š æ·»åŠ åçŠ¶æ€: å·²å‘ç°è®¾å¤‡=1, å½“å‰è¿æ¥=192.168.10.29
2025-10-24 16:56:19.351 22768-24242 CarrotManNetwork        com.example.cplink                   D  ä»OpenpPilotçŠ¶æ€æ•°æ®ä¸­å‘ç°è®¾å¤‡: 192.168.10.29:7706 (vopenpilot)
2025-10-24 16:56:19.352 22768-24236 CarrotManNetwork        com.example.cplink                   V  UDPæ•°æ®åŒ…å‘é€æˆåŠŸ -> 192.168.10.29:7706 (159 bytes)
2025-10-24 16:56:19.353 22768-24236 CarrotManNetwork        com.example.cplink                   V  å¿ƒè·³åŒ…å·²å‘é€ï¼Œç´¢å¼•: 1
2025-10-24 16:56:19.375 22768-22768 NetworkManager          com.example.cplink                   I  ğŸŒ ç½‘ç»œçŠ¶æ€å˜åŒ–: connected=false, device=
2025-10-24 16:56:19.375 22768-22768 NetworkManager          com.example.cplink                   I  ğŸŒ ç½‘ç»œçŠ¶æ€å˜åŒ–: connected=false, device=
2025-10-24 16:56:19.377 22768-22768 NetworkManager          com.example.cplink                   I  ğŸ”„ çŠ¶æ€å˜åŒ–: è½¦é€Ÿ 0 -> 20, æ¿€æ´» false -> false
2025-10-24 16:56:19.378 22768-22768 NetworkManager          com.example.cplink                   I  ğŸ¯ å‘ç°Comma3è®¾å¤‡: 192.168.10.29:7706 (vopenpilot)
2025-10-24 16:56:19.378 22768-22768 NetworkManager          com.example.cplink                   I  ğŸŒ ç½‘ç»œçŠ¶æ€å˜åŒ–: connected=false, device=
2025-10-24 16:56:19.379 22768-22768 NetworkManager          com.example.cplink                   I  ğŸŒ ç½‘ç»œçŠ¶æ€å˜åŒ–: connected=true, device=192.168.10.29:7706 (vopenpilot)
2025-10-24 16:56:19.452 22768-24236 CarrotManNetwork        com.example.cplink                   D  å¼€å§‹ç›‘å¬UDPå¹¿æ’­æ•°æ®ï¼Œç«¯å£: 7705
2025-10-24 16:56:19.452 22768-24236 CarrotManNetwork        com.example.cplink                   I  ğŸ“¡ æ”¶åˆ°è®¾å¤‡å¹¿æ’­: [{"Carrot2": "Comma3 Simulator v1.0", "IsOnroad": false, "CarrotRouteActive": false, "ip": "192.168.10.29", "port": 7706, "log_carrot": "", "v_cruise_kph": 0, "v_ego_kph": 20, "tbt_dist": -50, "sdi_dist": 502.5555555555568, "active": false, "xState": 0, "trafficState": 0}] from 192.168.10.29
2025-10-24 16:56:19.452 22768-24236 CarrotManNetwork        com.example.cplink                   D  ğŸ“Š å½“å‰çŠ¶æ€: å·²å‘ç°è®¾å¤‡=1, å½“å‰è¿æ¥=192.168.10.29
2025-10-24 16:56:19.452 22768-24236 CarrotManNetwork        com.example.cplink                   I  ğŸ” è§£æè®¾å¤‡å¹¿æ’­æ•°æ®: {"Carrot2": "Comma3 Simulator v1.0", "IsOnroad": false, "CarrotRouteActive": false, "ip": "192.168.10.29", "port": 7706, "log_carrot": "", "v_cruise_kph": 0, "v_ego_kph": 20, "tbt_dist": -50, "sdi_dist": 502.5555555555568, "active": false, "xState": 0, "trafficState": 0} from 192.168.10.29
2025-10-24 16:56:19.452 22768-24236 CarrotManNetwork        com.example.cplink                   D  ğŸ“Š è§£æå‰çŠ¶æ€: å·²å‘ç°è®¾å¤‡=1, å½“å‰è¿æ¥=192.168.10.29
2025-10-24 16:56:19.452 22768-24236 CarrotManNetwork        com.example.cplink                   D  ğŸ“¡ æ£€æµ‹åˆ°OpenpPilotçŠ¶æ€æ•°æ® from 192.168.10.29
2025-10-24 16:56:19.453 22768-24236 CarrotManNetwork        com.example.cplink                   D  ğŸ” å°è¯•æ·»åŠ è®¾å¤‡: 192.168.10.29:7706 (vopenpilot), è®¾å¤‡é”®: 192.168.10.29:7706
2025-10-24 16:56:19.453 22768-24236 CarrotManNetwork        com.example.cplink                   D  ğŸ“Š å½“å‰è®¾å¤‡åˆ—è¡¨: [192.168.10.29:7706]
2025-10-24 16:56:19.453 22768-24236 CarrotManNetwork        com.example.cplink                   V  ğŸ”„ æ›´æ–°è®¾å¤‡æ´»è·ƒæ—¶é—´: 192.168.10.29:7706
2025-10-24 16:56:19.453 22768-24236 CarrotManNetwork        com.example.cplink                   D  ğŸ“Š æ·»åŠ åçŠ¶æ€: å·²å‘ç°è®¾å¤‡=1, å½“å‰è¿æ¥=192.168.10.29
2025-10-24 16:56:19.453 22768-24236 CarrotManNetwork        com.example.cplink                   D  ä»OpenpPilotçŠ¶æ€æ•°æ®ä¸­å‘ç°è®¾å¤‡: 192.168.10.29:7706 (vopenpilot)
2025-10-24 16:56:19.455 22768-24236 System.out              com.example.cplink                   I  DatagramSocket p = java.net.DatagramPacket@46b83a ipAddress = /192.168.10.29
2025-10-24 16:56:19.456 22768-24236 CarrotManNetwork        com.example.cplink                   V  UDPæ•°æ®åŒ…å‘é€æˆåŠŸ -> 192.168.10.29:7706 (159 bytes)
2025-10-24 16:56:19.456 22768-24236 CarrotManNetwork        com.example.cplink                   V  å¿ƒè·³åŒ…å·²å‘é€ï¼Œç´¢å¼•: 2
2025-10-24 16:56:19.537 22768-22768 MainActivity            com.example.cplink                   I  ğŸ” è‡ªæ£€æŸ¥: ç”¨æˆ·ç•Œé¢ - æ­£åœ¨è®¾ç½®...
2025-10-24 16:56:19.537 22768-24236 CarrotManNetwork        com.example.cplink                   D  ğŸ“¤ å‡†å¤‡è‡ªåŠ¨å‘é€æ•°æ®åŒ…:
2025-10-24 16:56:19.538 22768-22768 MainActivity            com.example.cplink                   I  ğŸ” è‡ªæ£€æŸ¥: ç”¨æˆ·ç•Œé¢ - è®¾ç½®å®Œæˆ
2025-10-24 16:56:19.538 22768-24236 CarrotManNetwork        com.example.cplink                   D     ä½ç½®: lat=31.203638, lon=120.628022
2025-10-24 16:56:19.538 22768-24236 CarrotManNetwork        com.example.cplink                   D    ğŸ›£ï¸ é“è·¯: 
2025-10-24 16:56:19.538 22768-24236 CarrotManNetwork        com.example.cplink                   D    ğŸ¯ ç›®æ ‡: 
2025-10-24 16:56:19.538 22768-24236 CarrotManNetwork        com.example.cplink                   D    ğŸ§­ å¯¼èˆªçŠ¶æ€: false
2025-10-24 16:56:19.539 22768-24236 CarrotManNetwork        com.example.cplink                   I  âœ… è‡ªåŠ¨å‘é€æ•°æ®åŒ…å®Œæˆ
2025-10-24 16:56:19.540 22768-24242 CarrotManNetwork        com.example.cplink                   D  é¦–æ¬¡å‘é€æ•°æ®ï¼Œè·³è¿‡å»é‡æ£€æŸ¥
2025-10-24 16:56:19.541 22768-24242 System.out              com.example.cplink                   I  DatagramSocket p = java.net.DatagramPacket@11a4ceb ipAddress = /192.168.10.29
2025-10-24 16:56:19.542 22768-24242 CarrotManNetwork        com.example.cplink                   V  UDPæ•°æ®åŒ…å‘é€æˆåŠŸ -> 192.168.10.29:7706 (852 bytes)
2025-10-24 16:56:19.543 22768-24242 CarrotManNetwork        com.example.cplink                   V  CarrotManæ•°æ®åŒ…å‘é€æˆåŠŸ #1 (æ•°æ®æœ‰å˜åŒ–)
2025-10-24 16:56:19.555 22768-24242 CarrotManNetwork        com.example.cplink                   D  å¼€å§‹ç›‘å¬UDPå¹¿æ’­æ•°æ®ï¼Œç«¯å£: 7705
2025-10-24 16:56:19.555 22768-24242 CarrotManNetwork        com.example.cplink                   I  ğŸ“¡ æ”¶åˆ°è®¾å¤‡å¹¿æ’­: [{"Carrot2": "Comma3 Simulator v1.0", "IsOnroad": false, "CarrotRouteActive": false, "ip": "192.168.10.29", "port": 7706, "log_carrot": "", "v_cruise_kph": 0, "v_ego_kph": 20, "tbt_dist": -50, "sdi_dist": 502.00000000000125, "active": false, "xState": 0, "trafficState": 0}] from 192.168.10.29
2025-10-24 16:56:19.555 22768-24242 CarrotManNetwork        com.example.cplink                   D  ğŸ“Š å½“å‰çŠ¶æ€: å·²å‘ç°è®¾å¤‡=1, å½“å‰è¿æ¥=192.168.10.29
2025-10-24 16:56:19.555 22768-24242 CarrotManNetwork        com.example.cplink                   I  ğŸ” è§£æè®¾å¤‡å¹¿æ’­æ•°æ®: {"Carrot2": "Comma3 Simulator v1.0", "IsOnroad": false, "CarrotRouteActive": false, "ip": "192.168.10.29", "port": 7706, "log_carrot": "", "v_cruise_kph": 0, "v_ego_kph": 20, "tbt_dist": -50, "sdi_dist": 502.00000000000125, "active": false, "xState": 0, "trafficState": 0} from 192.168.10.29
2025-10-24 16:56:19.555 22768-24242 CarrotManNetwork        com.example.cplink                   D  ğŸ“Š è§£æå‰çŠ¶æ€: å·²å‘ç°è®¾å¤‡=1, å½“å‰è¿æ¥=192.168.10.29
2025-10-24 16:56:19.555 22768-24242 CarrotManNetwork        com.example.cplink                   D  ğŸ“¡ æ£€æµ‹åˆ°OpenpPilotçŠ¶æ€æ•°æ® from 192.168.10.29
2025-10-24 16:56:19.556 22768-24242 CarrotManNetwork        com.example.cplink                   D  ğŸ” å°è¯•æ·»åŠ è®¾å¤‡: 192.168.10.29:7706 (vopenpilot), è®¾å¤‡é”®: 192.168.10.29:7706
2025-10-24 16:56:19.556 22768-24242 CarrotManNetwork        com.example.cplink                   D  ğŸ“Š å½“å‰è®¾å¤‡åˆ—è¡¨: [192.168.10.29:7706]
2025-10-24 16:56:19.556 22768-24242 CarrotManNetwork        com.example.cplink                   V  ğŸ”„ æ›´æ–°è®¾å¤‡æ´»è·ƒæ—¶é—´: 192.168.10.29:7706
2025-10-24 16:56:19.556 22768-24242 CarrotManNetwork        com.example.cplink                   D  ğŸ“Š æ·»åŠ åçŠ¶æ€: å·²å‘ç°è®¾å¤‡=1, å½“å‰è¿æ¥=192.168.10.29
2025-10-24 16:56:19.556 22768-24242 CarrotManNetwork        com.example.cplink                   D  ä»OpenpPilotçŠ¶æ€æ•°æ®ä¸­å‘ç°è®¾å¤‡: 192.168.10.29:7706 (vopenpilot)
2025-10-24 16:56:19.557 22768-24242 System.out              com.example.cplink                   I  DatagramSocket p = java.net.DatagramPacket@cceccc7 ipAddress = /192.168.10.29
2025-10-24 16:56:19.558 22768-24242 CarrotManNetwork        com.example.cplink                   V  UDPæ•°æ®åŒ…å‘é€æˆåŠŸ -> 192.168.10.29:7706 (159 bytes)
2025-10-24 16:56:19.559 22768-24242 CarrotManNetwork        com.example.cplink                   V  å¿ƒè·³åŒ…å·²å‘é€ï¼Œç´¢å¼•: 4
2025-10-24 16:56:19.658 22768-24242 CarrotManNetwork        com.example.cplink                   D  å¼€å§‹ç›‘å¬UDPå¹¿æ’­æ•°æ®ï¼Œç«¯å£: 7705
2025-10-24 16:56:19.659 22768-24242 CarrotManNetwork        com.example.cplink                   I  ğŸ“¡ æ”¶åˆ°è®¾å¤‡å¹¿æ’­: [{"Carrot2": "Comma3 Simulator v1.0", "IsOnroad": false, "CarrotRouteActive": false, "ip": "192.168.10.29", "port": 7706, "log_carrot": "", "v_cruise_kph": 0, "v_ego_kph": 20, "tbt_dist": -50, "sdi_dist": 501.4444444444457, "active": false, "xState": 0, "trafficState": 0}] from 192.168.10.29
2025-10-24 16:56:19.659 22768-24242 CarrotManNetwork        com.example.cplink                   D  ğŸ“Š å½“å‰çŠ¶æ€: å·²å‘ç°è®¾å¤‡=1, å½“å‰è¿æ¥=192.168.10.29
2025-10-24 16:56:19.659 22768-24242 CarrotManNetwork        com.example.cplink                   I  ğŸ” è§£æè®¾å¤‡å¹¿æ’­æ•°æ®: {"Carrot2": "Comma3 Simulator v1.0", "IsOnroad": false, "CarrotRouteActive": false, "ip": "192.168.10.29", "port": 7706, "log_carrot": "", "v_cruise_kph": 0, "v_ego_kph": 20, "tbt_dist": -50, "sdi_dist": 501.4444444444457, "active": false, "xState": 0, "trafficState": 0} from 192.168.10.29
2025-10-24 16:56:19.659 22768-24242 CarrotManNetwork        com.example.cplink                   D  ğŸ“Š è§£æå‰çŠ¶æ€: å·²å‘ç°è®¾å¤‡=1, å½“å‰è¿æ¥=192.168.10.29
2025-10-24 16:56:19.659 22768-24242 CarrotManNetwork        com.example.cplink                   D  ğŸ“¡ æ£€æµ‹åˆ°OpenpPilotçŠ¶æ€æ•°æ® from 192.168.10.29
2025-10-24 16:56:19.660 22768-24242 CarrotManNetwork        com.example.cplink                   D  ğŸ” å°è¯•æ·»åŠ è®¾å¤‡: 192.168.10.29:7706 (vopenpilot), è®¾å¤‡é”®: 192.168.10.29:7706
2025-10-24 16:56:19.660 22768-24242 CarrotManNetwork        com.example.cplink                   D  ğŸ“Š å½“å‰è®¾å¤‡åˆ—è¡¨: [192.168.10.29:7706]
2025-10-24 16:56:19.660 22768-24242 CarrotManNetwork        com.example.cplink                   V  ğŸ”„ æ›´æ–°è®¾å¤‡æ´»è·ƒæ—¶é—´: 192.168.10.29:7706
2025-10-24 16:56:19.661 22768-24242 CarrotManNetwork        com.example.cplink                   D  ğŸ“Š æ·»åŠ åçŠ¶æ€: å·²å‘ç°è®¾å¤‡=1, å½“å‰è¿æ¥=192.168.10.29
2025-10-24 16:56:19.661 22768-24242 CarrotManNetwork        com.example.cplink                   D  ä»OpenpPilotçŠ¶æ€æ•°æ®ä¸­å‘ç°è®¾å¤‡: 192.168.10.29:7706 (vopenpilot)
2025-10-24 16:56:19.664 22768-24242 System.out              com.example.cplink                   I  DatagramSocket p = java.net.DatagramPacket@dda3ea ipAddress = /192.168.10.29
2025-10-24 16:56:19.665 22768-24242 CarrotManNetwork        com.example.cplink                   V  UDPæ•°æ®åŒ…å‘é€æˆåŠŸ -> 192.168.10.29:7706 (159 bytes)
2025-10-24 16:56:19.666 22768-24242 CarrotManNetwork        com.example.cplink                   V  å¿ƒè·³åŒ…å·²å‘é€ï¼Œç´¢å¼•: 5
2025-10-24 16:56:19.741 22768-22768 MainActivity            com.example.cplink                   I  ğŸ” è‡ªæ£€æŸ¥: ç³»ç»Ÿæ£€æŸ¥ - æ‰€æœ‰æ£€æŸ¥å®Œæˆ
2025-10-24 16:56:19.741 22768-24242 CarrotManNetwork        com.example.cplink                   D  ğŸ“¤ å‡†å¤‡è‡ªåŠ¨å‘é€æ•°æ®åŒ…:
2025-10-24 16:56:19.741 22768-24242 CarrotManNetwork        com.example.cplink                   D     ä½ç½®: lat=31.203638, lon=120.628022
2025-10-24 16:56:19.741 22768-24242 CarrotManNetwork        com.example.cplink                   D    ğŸ›£ï¸ é“è·¯: 
2025-10-24 16:56:19.741 22768-24242 CarrotManNetwork        com.example.cplink                   D    ğŸ¯ ç›®æ ‡: 
2025-10-24 16:56:19.741 22768-24242 CarrotManNetwork        com.example.cplink                   D    ğŸ§­ å¯¼èˆªçŠ¶æ€: false
2025-10-24 16:56:19.741 22768-22768 MainActivity            com.example.cplink                   I  ğŸ¯ æ ¹æ®ç”¨æˆ·ç±»å‹æ‰§è¡Œæ“ä½œ: 4
2025-10-24 16:56:19.741 22768-22768 MainActivity            com.example.cplink                   I  ğŸ’ èµåŠ©è€…/é“ç²‰ï¼Œç›´æ¥æ‰“å¼€é«˜å¾·åœ°å›¾
2025-10-24 16:56:19.742 22768-24242 CarrotManNetwork        com.example.cplink                   I  âœ… è‡ªåŠ¨å‘é€æ•°æ®åŒ…å®Œæˆ
2025-10-24 16:56:19.743 22768-24242 CarrotManNetwork        com.example.cplink                   D  æ•°æ®å˜åŒ–æ£€æµ‹: carrotIndex ä» 3 å˜ä¸º 6
2025-10-24 16:56:19.745 22768-24242 System.out              com.example.cplink                   I  DatagramSocket p = java.net.DatagramPacket@1731578 ipAddress = /192.168.10.29
2025-10-24 16:56:19.746 22768-24242 CarrotManNetwork        com.example.cplink                   V  UDPæ•°æ®åŒ…å‘é€æˆåŠŸ -> 192.168.10.29:7706 (852 bytes)
2025-10-24 16:56:19.748 22768-24242 CarrotManNetwork        com.example.cplink                   V  CarrotManæ•°æ®åŒ…å‘é€æˆåŠŸ #2 (æ•°æ®æœ‰å˜åŒ–)
2025-10-24 16:56:19.762 22768-24242 CarrotManNetwork        com.example.cplink                   D  å¼€å§‹ç›‘å¬UDPå¹¿æ’­æ•°æ®ï¼Œç«¯å£: 7705
