---------------------------- PROCESS STARTED (28491) for package com.example.cplink ----------------------------
2025-10-25 22:27:03.846 28491-28491 CompatChangeReporter    com.example.cplink                   D  Compat change id reported: 309578419; UID 10447; state: ENABLED
2025-10-25 22:27:03.915 28491-28491 MainActivity            com.example.cplink                   I  ğŸš€ MainActivityå¯åŠ¨ - åè°ƒå™¨æ¨¡å¼
2025-10-25 22:27:03.915 28491-28491 MainActivity            com.example.cplink                   I  ğŸ”§ åˆå§‹åŒ–æ ¸å¿ƒç»„ä»¶...
2025-10-25 22:27:04.034 28491-28491 MainActivity            com.example.cplink                   I  âœ… MainActivityCoreåˆå§‹åŒ–å®Œæˆ
2025-10-25 22:27:04.049 28491-28491 MainActivity            com.example.cplink                   I  âœ… MainActivityUIåˆå§‹åŒ–å®Œæˆ
2025-10-25 22:27:04.053 28491-28491 MainActivity            com.example.cplink                   I  âœ… MainActivityLifecycleåˆå§‹åŒ–å®Œæˆ
2025-10-25 22:27:04.053 28491-28491 MainActivity            com.example.cplink                   I  ğŸ‰ æ‰€æœ‰æ ¸å¿ƒç»„ä»¶åˆå§‹åŒ–å®Œæˆ
2025-10-25 22:27:04.072 28491-28491 MainActivity            com.example.cplink                   I  ğŸ”† å·²è®¾ç½®å±å¹•å¸¸äº®
2025-10-25 22:27:04.075 28491-28491 MainActivity            com.example.cplink                   I  ğŸ”‹ å·²å¿½ç•¥ç”µæ± ä¼˜åŒ–
2025-10-25 22:27:04.076 28491-28491 MainActivity            com.example.cplink                   I  ğŸ”³ å·²æœ‰æ‚¬æµ®çª—æƒé™
2025-10-25 22:27:04.077 28491-28491 MainActivity            com.example.cplink                   I  ğŸ”” å·²æœ‰é€šçŸ¥æƒé™
2025-10-25 22:27:04.077 28491-28491 MainActivity            com.example.cplink                   I  ğŸ”” å¯åŠ¨å‰å°æœåŠ¡...
2025-10-25 22:27:04.080 28491-28491 MainActivity            com.example.cplink                   I  âœ… å‰å°æœåŠ¡å¯åŠ¨æˆåŠŸ
2025-10-25 22:27:04.080 28491-28491 MainActivity            com.example.cplink                   I  ğŸš€ MainActivityæ­£åœ¨å¯åŠ¨...
2025-10-25 22:27:04.080 28491-28491 MainActivity            com.example.cplink                   I  ğŸ” æ—©æœŸåˆå§‹åŒ–æƒé™ç®¡ç†å™¨...
2025-10-25 22:27:04.091 28491-28491 PermissionManager       com.example.cplink                   I  ğŸ” åˆå§‹åŒ–æƒé™ç®¡ç†å™¨...
2025-10-25 22:27:04.093 28491-28491 PermissionManager       com.example.cplink                   I  âœ… æƒé™ç®¡ç†å™¨åˆå§‹åŒ–å®Œæˆ
2025-10-25 22:27:04.093 28491-28491 MainActivity            com.example.cplink                   I  âœ… æƒé™ç®¡ç†å™¨æ—©æœŸåˆå§‹åŒ–æˆåŠŸ
2025-10-25 22:27:04.093 28491-28491 MainActivity            com.example.cplink                   I  ğŸ¨ ç”¨æˆ·ç•Œé¢è®¾ç½®å·²å§”æ‰˜ç»™MainActivityUI
2025-10-25 22:27:04.179 28491-28491 MainActivity            com.example.cplink                   I  ğŸ“Š å†…å­˜ç›‘æ§å·²å¯åŠ¨ï¼ˆä¼˜åŒ–ç‰ˆï¼š60ç§’é—´éš”ï¼‰
2025-10-25 22:27:04.184 28491-28491 MainActivity            com.example.cplink                   I  âœ… æ§åˆ¶æŒ‡ä»¤å¹¿æ’­æ¥æ”¶å™¨å·²æ³¨å†Œï¼ˆåŒ…å«æ¨¡å¼åˆ‡æ¢ï¼‰
2025-10-25 22:27:04.184 28491-28491 MainActivity            com.example.cplink                   I  âœ… MainActivityå¯åŠ¨å®Œæˆ
2025-10-25 22:27:04.259 28491-31925 MainActivity            com.example.cplink                   I  ğŸš€ å¼€å§‹å¼‚æ­¥è‡ªæ£€æŸ¥æµç¨‹...
2025-10-25 22:27:04.266 28491-28491 MainActivity            com.example.cplink                   I  â–¶ï¸ Activityæ¢å¤ï¼Œéšè—æ‚¬æµ®çª—
2025-10-25 22:27:04.268 28491-28491 MainActivity            com.example.cplink                   D  ğŸ“ networkManageræœªåˆå§‹åŒ–ï¼Œè·³è¿‡å‰å°çŠ¶æ€è®¾ç½®
2025-10-25 22:27:04.277 28491-28491 MainActivity            com.example.cplink                   D  ğŸ“ deviceManageræœªåˆå§‹åŒ–ï¼Œè·³è¿‡ä½¿ç”¨ç»Ÿè®¡æ›´æ–°
2025-10-25 22:27:04.284 28491-28491 CompatChangeReporter    com.example.cplink                   D  Compat change id reported: 352594277; UID 10447; state: ENABLED
2025-10-25 22:27:04.317 28491-28491 libc                    com.example.cplink                   W  Access denied finding property "persist.vivo.ltw.enabled"
2025-10-25 22:27:04.403 28491-28491 MainActivity            com.example.cplink                   I  â¸ï¸ Activityæš‚åœ
2025-10-25 22:27:04.404 28491-28491 MainActivity            com.example.cplink                   D  ğŸ“ deviceManageræœªåˆå§‹åŒ–ï¼Œè·³è¿‡ä½¿ç”¨ç»Ÿè®¡è®°å½•
2025-10-25 22:27:04.405 28491-28491 MainActivity            com.example.cplink                   I  ğŸ”’ ç”¨æˆ·ç±»å‹0ä¸æ”¯æŒæ‚¬æµ®çª—åŠŸèƒ½ï¼Œä»…é™èµåŠ©è€…å’Œé“ç²‰
2025-10-25 22:27:06.035 28491-28491 .example.cplink         com.example.cplink                   W  type=1400 audit(0.0:4413676): avc:  denied  { read } for  name="u:object_r:vendor_display_prop:s0" dev="tmpfs" ino=462 scontext=u:r:untrusted_app:s0:c191,c257,c512,c768 tcontext=u:object_r:vendor_display_prop:s0 tclass=file permissive=0 app=com.example.cplink
2025-10-25 22:27:05.507 28491-31773 ActivityThread          com.example.cplink                   V  updateVmProcessStateForGc sceneId =1 state=196608
2025-10-25 22:27:05.508 28491-31773 .example.cplink         com.example.cplink                   I  Close vivo delay for GC JIT .
2025-10-25 22:27:06.170 28491-28491 Choreographer           com.example.cplink                   I  Skipped 185 frames!  The application may be doing too much work on its main thread.
2025-10-25 22:27:06.194 28491-31866 HWUI                    com.example.cplink                   I  Davey! duration=1758ms; Flags=1, FrameTimelineVsyncId=30681660, IntendedVsync=138317222514544, Vsync=138317230847877, InputEventId=0, HandleInputStart=138317234123120, AnimationStart=138317234186610, PerformTraversalsStart=138317234228849, DrawStart=138318925156922, FrameDeadline=138317236181210, FrameInterval=138317233713849, FrameStartTime=8333333, SyncQueued=138318962273015, SyncStart=138318962417859, IssueDrawCommandsStart=138318963342338, SwapBuffers=138318979542234, FrameCompleted=138318981255932, DequeueBufferDuration=14584, QueueBufferDuration=770885, GpuCompleted=138318979669578, SwapBuffersCompleted=138318981255932, DisplayPresentTime=0, CommandSubmissionCompleted=138318979542234, 
2025-10-25 22:27:06.028 28491-28491 ViewRootImpl            com.example.cplink                   D  AppSizeAfterRelayout, size: Point(1080, 2400), rotation: ROTATION_0
2025-10-25 22:27:06.308 28491-28491 FloatingWindowService   com.example.cplink                   I  â¹ï¸ åœæ­¢é€Ÿåº¦æ•°æ®æ£€æŸ¥
2025-10-25 22:27:06.308 28491-28491 FloatingWindowService   com.example.cplink                   D  ğŸ” æ‚¬æµ®çª—æœªæ˜¾ç¤ºæˆ–å·²éšè—ï¼Œè·³è¿‡éšè—æ“ä½œ
2025-10-25 22:27:06.311 28491-28491 MainActivity            com.example.cplink                   I  ğŸ” è‡ªæ£€æŸ¥: ä½ç½®ä¼ æ„Ÿå™¨ç®¡ç†å™¨ - æ­£åœ¨åˆå§‹åŒ–...
2025-10-25 22:27:06.322 28491-28491 MainActivity            com.example.cplink                   I  â–¶ï¸ Activityæ¢å¤ï¼Œéšè—æ‚¬æµ®çª—
2025-10-25 22:27:06.323 28491-28491 MainActivity            com.example.cplink                   D  ğŸ“ networkManageræœªåˆå§‹åŒ–ï¼Œè·³è¿‡å‰å°çŠ¶æ€è®¾ç½®
2025-10-25 22:27:06.328 28491-28491 MainActivity            com.example.cplink                   D  ğŸ“ deviceManageræœªåˆå§‹åŒ–ï¼Œè·³è¿‡ä½¿ç”¨ç»Ÿè®¡æ›´æ–°
2025-10-25 22:27:06.494 28491-28491 libc                    com.example.cplink                   W  Access denied finding property "vendor.display.enable_optimal_refresh_rate"
2025-10-25 22:27:06.565 28491-31866 FrameEvents             com.example.cplink                   E  addRelease: Did not find frame.
2025-10-25 22:27:06.620 28491-28491 ImeFocusController      com.example.cplink                   V  onWindowFocus: com.android.internal.policy.DecorView{90f9902 V.E...... R....... 0,0-1080,2400}[MainActivity] softInputMode=STATE_UNSPECIFIED|ADJUST_PAN
2025-10-25 22:27:06.624 28491-28491 FloatingWindowService   com.example.cplink                   I  â¹ï¸ åœæ­¢é€Ÿåº¦æ•°æ®æ£€æŸ¥
2025-10-25 22:27:06.624 28491-28491 FloatingWindowService   com.example.cplink                   D  ğŸ” æ‚¬æµ®çª—æœªæ˜¾ç¤ºæˆ–å·²éšè—ï¼Œè·³è¿‡éšè—æ“ä½œ
2025-10-25 22:27:06.624 28491-28491 FloatingWindowService   com.example.cplink                   I  ğŸ”§ æ‚¬æµ®çª—æœåŠ¡é”€æ¯
2025-10-25 22:27:06.625 28491-28491 MainActivity            com.example.cplink                   I  ğŸ§­ åˆå§‹åŒ–ä½ç½®å’Œä¼ æ„Ÿå™¨ç®¡ç†å™¨...
2025-10-25 22:27:06.625 28491-28491 LocationSensorManager   com.example.cplink                   I  ğŸ§­ åˆå§‹åŒ–ä¼ æ„Ÿå™¨ç³»ç»Ÿ...
2025-10-25 22:27:06.661 28491-28491 LocationSensorManager   com.example.cplink                   I  âœ… ä¼ æ„Ÿå™¨ç³»ç»Ÿåˆå§‹åŒ–å®Œæˆ
2025-10-25 22:27:06.662 28491-28491 MainActivity            com.example.cplink                   I  âœ… ä½ç½®å’Œä¼ æ„Ÿå™¨ç®¡ç†å™¨åˆå§‹åŒ–æˆåŠŸ
2025-10-25 22:27:06.664 28491-28491 FloatingWindowService   com.example.cplink                   I  â¹ï¸ åœæ­¢é€Ÿåº¦æ•°æ®æ£€æŸ¥
2025-10-25 22:27:06.664 28491-28491 FloatingWindowService   com.example.cplink                   D  ğŸ” æ‚¬æµ®çª—æœªæ˜¾ç¤ºæˆ–å·²éšè—ï¼Œè·³è¿‡éšè—æ“ä½œ
2025-10-25 22:27:06.667 28491-28491 LocationSensorManager   com.example.cplink                   D  ä¼ æ„Ÿå™¨ç²¾åº¦å˜åŒ–: lsm6dsox Accelerometer Non-wakeup -> 3
2025-10-25 22:27:06.690 28491-28491 MainActivity            com.example.cplink                   I  ğŸ” è‡ªæ£€æŸ¥: ä½ç½®ä¼ æ„Ÿå™¨ç®¡ç†å™¨ - åˆå§‹åŒ–å®Œæˆ
2025-10-25 22:27:06.690 28491-28491 FloatingWindowService   com.example.cplink                   I  â¹ï¸ åœæ­¢é€Ÿåº¦æ•°æ®æ£€æŸ¥
2025-10-25 22:27:06.690 28491-28491 FloatingWindowService   com.example.cplink                   D  ğŸ” æ‚¬æµ®çª—æœªæ˜¾ç¤ºæˆ–å·²éšè—ï¼Œè·³è¿‡éšè—æ“ä½œ
2025-10-25 22:27:06.690 28491-28491 FloatingWindowService   com.example.cplink                   I  ğŸ”§ æ‚¬æµ®çª—æœåŠ¡é”€æ¯
2025-10-25 22:27:06.748 28491-28491 LocationSensorManager   com.example.cplink                   D  ä¼ æ„Ÿå™¨ç²¾åº¦å˜åŒ–: rotation_vector  Non-wakeup -> 3
2025-10-25 22:27:06.749 28491-28491 LocationSensorManager   com.example.cplink                   D  ä¼ æ„Ÿå™¨ç²¾åº¦å˜åŒ–: mxg4300  Non-wakeup -> 3
2025-10-25 22:27:06.840 28491-28491 MainActivity            com.example.cplink                   I  ğŸ” è‡ªæ£€æŸ¥: æƒé™ç®¡ç†å™¨ - æ­£åœ¨åˆå§‹åŒ–...
2025-10-25 22:27:06.886 28491-28491 MainActivity            com.example.cplink                   I  ğŸ” åˆå§‹åŒ–æƒé™ç®¡ç†å™¨...
2025-10-25 22:27:06.886 28491-28491 PermissionManager       com.example.cplink                   I  âœ… LocationSensorManagerå¼•ç”¨å·²æ›´æ–°
2025-10-25 22:27:06.886 28491-28491 MainActivity            com.example.cplink                   I  âœ… æƒé™ç®¡ç†å™¨å¼•ç”¨æ›´æ–°æˆåŠŸ
2025-10-25 22:27:06.886 28491-28491 MainActivity            com.example.cplink                   I  ğŸŒ¡ï¸ å¼€å§‹GPSé¢„çƒ­...
2025-10-25 22:27:06.886 28491-28491 LocationSensorManager   com.example.cplink                   I  ğŸŒ¡ï¸ å¯åŠ¨GPSé¢„çƒ­...
2025-10-25 22:27:06.897 28491-28491 LocationSensorManager   com.example.cplink                   I  âœ… GPSé¢„çƒ­å·²å¯åŠ¨
2025-10-25 22:27:06.897 28491-28491 MainActivity            com.example.cplink                   I  âœ… GPSé¢„çƒ­å·²å¯åŠ¨
2025-10-25 22:27:06.960 28491-31766 .example.cplink         com.example.cplink                   I  Compiler allocated 8198KB to compile void android.view.ViewRootImpl.performTraversals()
2025-10-25 22:27:06.980 28491-28491 MainActivity            com.example.cplink                   I  ğŸ” è‡ªæ£€æŸ¥: æƒé™ç®¡ç†å™¨ - åˆå§‹åŒ–å®Œæˆ
2025-10-25 22:27:07.137 28491-28491 MainActivity            com.example.cplink                   I  ğŸ” è‡ªæ£€æŸ¥: æƒé™å’Œä½ç½®æœåŠ¡ - æ­£åœ¨è®¾ç½®...
2025-10-25 22:27:07.178 28491-28491 PermissionManager       com.example.cplink                   I  ğŸ§  å¼€å§‹æ™ºèƒ½æƒé™è¯·æ±‚...
2025-10-25 22:27:07.180 28491-28491 PermissionManager       com.example.cplink                   I  ğŸ“Š æ ¸å¿ƒæƒé™çŠ¶æ€: 5/5 å·²æˆäºˆ
2025-10-25 22:27:07.180 28491-28491 PermissionManager       com.example.cplink                   I  âœ… æ ¸å¿ƒæƒé™å·²å…¨éƒ¨æˆäºˆï¼Œå¯åŠ¨GPSåŠŸèƒ½
2025-10-25 22:27:07.180 28491-28491 LocationSensorManager   com.example.cplink                   I  ğŸ“ å¯åŠ¨GPSä½ç½®æ›´æ–°æœåŠ¡...
2025-10-25 22:27:07.180 28491-28491 LocationSensorManager   com.example.cplink                   I  ğŸ” æ£€æŸ¥ä½ç½®æä¾›è€…çŠ¶æ€:
2025-10-25 22:27:07.180 28491-28491 LocationSensorManager   com.example.cplink                   I    ğŸ“¡ GPSæä¾›è€…: âœ… å¯ç”¨
2025-10-25 22:27:07.180 28491-28491 LocationSensorManager   com.example.cplink                   I    ğŸŒ ç½‘ç»œæä¾›è€…: âœ… å¯ç”¨
2025-10-25 22:27:07.181 28491-28491 LocationSensorManager   com.example.cplink                   I    ğŸ“± è¢«åŠ¨æä¾›è€…: âœ… å¯ç”¨
2025-10-25 22:27:07.181 28491-28491 LocationSensorManager   com.example.cplink                   I    ğŸ“‹ æ‰€æœ‰æä¾›è€…: [passive, network, fused, gps]
2025-10-25 22:27:07.182 28491-28491 LocationSensorManager   com.example.cplink                   I    âœ… å¯ç”¨çš„æä¾›è€…: [passive, network, fused, gps]
2025-10-25 22:27:07.186 28491-28491 LocationSensorManager   com.example.cplink                   I  âœ… GPSå®šä½å·²å¯åŠ¨ (æœ€é«˜ç²¾åº¦æ¨¡å¼: 0.1s/0.0mï¼Œå¼ºåˆ¶åå°å®æ—¶)
2025-10-25 22:27:07.191 28491-28491 LocationSensorManager   com.example.cplink                   I  âœ… ç½‘ç»œå®šä½å·²å¯åŠ¨ (ä¼˜åŒ–æ¨¡å¼: 1s/2m)
2025-10-25 22:27:07.191 28491-28491 LocationSensorManager   com.example.cplink                   I  âœ… ä½ç½®æ›´æ–°æœåŠ¡å¯åŠ¨å®Œæˆ
2025-10-25 22:27:07.201 28491-28491 LocationSensorManager   com.example.cplink                   I  ğŸ¯ ä½¿ç”¨æœ€åå·²çŸ¥ä½ç½®è¿›è¡Œç«‹å³æ›´æ–°:
2025-10-25 22:27:07.201 28491-28491 LocationSensorManager   com.example.cplink                   I    ğŸ“ åæ ‡: lat=31.203632, lon=120.628026
2025-10-25 22:27:07.201 28491-28491 LocationSensorManager   com.example.cplink                   I    ğŸ“¡ ç²¾åº¦: 40.0m
2025-10-25 22:27:07.201 28491-28491 LocationSensorManager   com.example.cplink                   I    ğŸ”§ æä¾›è€…: network
2025-10-25 22:27:07.201 28491-28491 LocationSensorManager   com.example.cplink                   I    â° æ—¶é—´: 42728mså‰
2025-10-25 22:27:07.202 28491-28491 LocationSensorManager   com.example.cplink                   W  âš ï¸ ä½ç½®æ•°æ®è¿‡æœŸ: 42ç§’å‰
2025-10-25 22:27:07.202 28491-28491 LocationSensorManager   com.example.cplink                   W  âš ï¸ æ¥æ”¶åˆ°æ— æ•ˆGPSæ•°æ® (è¿ç»­1æ¬¡)
2025-10-25 22:27:07.202 28491-28491 PermissionManager       com.example.cplink                   I  ğŸ“¡ å¯åŠ¨GPSçŠ¶æ€ç›‘æ§...
2025-10-25 22:27:07.203 28491-28491 PermissionManager       com.example.cplink                   I  ğŸ“ è¯·æ±‚å¯é€‰æƒé™ä»¥è·å¾—å®Œæ•´åŠŸèƒ½
2025-10-25 22:27:07.220 28491-28491 MainActivity            com.example.cplink                   I  ğŸ“‹ æƒé™çŠ¶æ€æŠ¥å‘Š:
                                                                                                    ğŸ”‘ æ ¸å¿ƒæƒé™:
                                                                                                      âœ… android.permission.ACCESS_FINE_LOCATION
                                                                                                      âœ… android.permission.ACCESS_COARSE_LOCATION
                                                                                                      âœ… android.permission.INTERNET
                                                                                                      âœ… android.permission.ACCESS_NETWORK_STATE
                                                                                                      âœ… android.permission.WAKE_LOCK
                                                                                                    ğŸ”§ å¯é€‰æƒé™:
                                                                                                      âœ… android.permission.FOREGROUND_SERVICE
                                                                                                      âŒ android.permission.SYSTEM_ALERT_WINDOW
                                                                                                    ğŸ“± Android 12+ æƒé™:
                                                                                                    ğŸ“± Android 13+ æƒé™:
                                                                                                      âœ… android.permission.POST_NOTIFICATIONS
2025-10-25 22:27:07.314 28491-28491 MainActivity            com.example.cplink                   I  â¸ï¸ Activityæš‚åœ
2025-10-25 22:27:07.314 28491-28491 MainActivity            com.example.cplink                   D  ğŸ“ deviceManageræœªåˆå§‹åŒ–ï¼Œè·³è¿‡ä½¿ç”¨ç»Ÿè®¡è®°å½•
2025-10-25 22:27:07.314 28491-28491 MainActivity            com.example.cplink                   I  ğŸ”’ ç”¨æˆ·ç±»å‹0ä¸æ”¯æŒæ‚¬æµ®çª—åŠŸèƒ½ï¼Œä»…é™èµåŠ©è€…å’Œé“ç²‰
2025-10-25 22:27:07.326 28491-28491 MainActivity            com.example.cplink                   I  ğŸ” è‡ªæ£€æŸ¥: æƒé™å’Œä½ç½®æœåŠ¡ - è®¾ç½®å®Œæˆ
2025-10-25 22:27:07.434 28491-28491 LocationSensorManager   com.example.cplink                   I  ğŸŒ GPSä½ç½®æ›´æ–°æ¥æ”¶:
2025-10-25 22:27:07.434 28491-28491 LocationSensorManager   com.example.cplink                   I    ğŸ“ åæ ‡: lat=31.203632, lon=120.628026
2025-10-25 22:27:07.435 28491-28491 LocationSensorManager   com.example.cplink                   I    ğŸš€ é€Ÿåº¦: æ— é€Ÿåº¦æ•°æ®
2025-10-25 22:27:07.435 28491-28491 LocationSensorManager   com.example.cplink                   I    ğŸ§­ æ–¹å‘: æ— æ–¹å‘æ•°æ®
2025-10-25 22:27:07.435 28491-28491 LocationSensorManager   com.example.cplink                   I    ğŸ“¡ ç²¾åº¦: 40.0m
2025-10-25 22:27:07.435 28491-28491 LocationSensorManager   com.example.cplink                   I    ğŸ”§ æä¾›è€…: network
2025-10-25 22:27:07.435 28491-28491 LocationSensorManager   com.example.cplink                   I    â° æ—¶é—´: 994mså‰
2025-10-25 22:27:07.435 28491-28491 LocationSensorManager   com.example.cplink                   I  âœ… GPSå­—æ®µæ›´æ–°å®Œæˆ (å®æ—¶æ€§ä¼˜åŒ–):
2025-10-25 22:27:07.435 28491-28491 LocationSensorManager   com.example.cplink                   D    ğŸ“ åæ ‡: lat=31.203632, lon=120.628026
2025-10-25 22:27:07.435 28491-28491 LocationSensorManager   com.example.cplink                   D    ğŸš€ é€Ÿåº¦: æ— é€Ÿåº¦æ•°æ®
2025-10-25 22:27:07.435 28491-28491 LocationSensorManager   com.example.cplink                   D    ğŸ§­ æ–¹å‘: æ— æ–¹å‘æ•°æ®
2025-10-25 22:27:07.435 28491-28491 LocationSensorManager   com.example.cplink                   D    ğŸ“¡ ç²¾åº¦: 40.0m
2025-10-25 22:27:07.435 28491-28491 LocationSensorManager   com.example.cplink                   D    ğŸ”§ æä¾›è€…: network
2025-10-25 22:27:07.435 28491-28491 LocationSensorManager   com.example.cplink                   D    â° æ•°æ®å¹´é¾„: 992ms
2025-10-25 22:27:07.435 28491-28491 LocationSensorManager   com.example.cplink                   D    ğŸ¯ å®æ—¶æ€§: ä¼˜ç§€
2025-10-25 22:27:07.435 28491-28491 MainActivity            com.example.cplink                   I  ğŸ” è‡ªæ£€æŸ¥: ç½‘ç»œç®¡ç†å™¨ - æ­£åœ¨åˆå§‹åŒ–...
2025-10-25 22:27:07.437 28491-31929 MainActivity            com.example.cplink                   I  ğŸŒ åˆå§‹åŒ–ç½‘ç»œç®¡ç†å™¨ï¼ˆå»¶è¿Ÿå¯åŠ¨ç½‘ç»œæœåŠ¡ï¼‰...
2025-10-25 22:27:07.446 28491-31929 MainActivity            com.example.cplink                   I  âœ… ç½‘ç»œç®¡ç†å™¨åˆå§‹åŒ–æˆåŠŸï¼ˆç½‘ç»œæœåŠ¡å¾…å¯åŠ¨ï¼‰
2025-10-25 22:27:07.474 28491-28491 MainActivity            com.example.cplink                   I  ğŸ” è‡ªæ£€æŸ¥: ç½‘ç»œç®¡ç†å™¨ - åˆå§‹åŒ–å®Œæˆ
2025-10-25 22:27:07.568 28491-28491 PermissionManager       com.example.cplink                   I  ğŸ” æƒé™è¯·æ±‚ç»“æœ:
2025-10-25 22:27:07.568 28491-28491 PermissionManager       com.example.cplink                   I    âŒ android.permission.SYSTEM_ALERT_WINDOW: è¢«æ‹’ç»
2025-10-25 22:27:07.568 28491-28491 PermissionManager       com.example.cplink                   I  ğŸ“Š æƒé™ç»Ÿè®¡: 0/1 å·²æˆäºˆ
2025-10-25 22:27:07.568 28491-28491 PermissionManager       com.example.cplink                   W  âš ï¸ éƒ¨åˆ†æƒé™æœªè·å–ï¼ŒåŠŸèƒ½å¯èƒ½å—é™
2025-10-25 22:27:07.568 28491-28491 PermissionManager       com.example.cplink                   W  âŒ è¢«æ‹’ç»çš„æƒé™: android.permission.SYSTEM_ALERT_WINDOW
2025-10-25 22:27:07.568 28491-28491 PermissionManager       com.example.cplink                   I  âœ… æ ¸å¿ƒæƒé™å·²è·å–ï¼Œå¯åŠ¨ä½ç½®æ›´æ–°
2025-10-25 22:27:07.568 28491-28491 LocationSensorManager   com.example.cplink                   I  ğŸ“ å¯åŠ¨GPSä½ç½®æ›´æ–°æœåŠ¡...
2025-10-25 22:27:07.568 28491-28491 LocationSensorManager   com.example.cplink                   I  ğŸ” æ£€æŸ¥ä½ç½®æä¾›è€…çŠ¶æ€:
2025-10-25 22:27:07.569 28491-28491 LocationSensorManager   com.example.cplink                   I    ğŸ“¡ GPSæä¾›è€…: âœ… å¯ç”¨
2025-10-25 22:27:07.569 28491-28491 LocationSensorManager   com.example.cplink                   I    ğŸŒ ç½‘ç»œæä¾›è€…: âœ… å¯ç”¨
2025-10-25 22:27:07.569 28491-28491 LocationSensorManager   com.example.cplink                   I    ğŸ“± è¢«åŠ¨æä¾›è€…: âœ… å¯ç”¨
2025-10-25 22:27:07.570 28491-28491 LocationSensorManager   com.example.cplink                   I    ğŸ“‹ æ‰€æœ‰æä¾›è€…: [passive, network, fused, gps]
2025-10-25 22:27:07.570 28491-28491 LocationSensorManager   com.example.cplink                   I    âœ… å¯ç”¨çš„æä¾›è€…: [passive, network, fused, gps]
2025-10-25 22:27:07.577 28491-28491 LocationSensorManager   com.example.cplink                   I  âœ… GPSå®šä½å·²å¯åŠ¨ (æœ€é«˜ç²¾åº¦æ¨¡å¼: 0.1s/0.0mï¼Œå¼ºåˆ¶åå°å®æ—¶)
2025-10-25 22:27:07.582 28491-28491 LocationSensorManager   com.example.cplink                   I  âœ… ç½‘ç»œå®šä½å·²å¯åŠ¨ (ä¼˜åŒ–æ¨¡å¼: 1s/2m)
2025-10-25 22:27:07.582 28491-28491 LocationSensorManager   com.example.cplink                   I  âœ… ä½ç½®æ›´æ–°æœåŠ¡å¯åŠ¨å®Œæˆ
2025-10-25 22:27:07.588 28491-28491 LocationSensorManager   com.example.cplink                   I  ğŸ¯ ä½¿ç”¨æœ€åå·²çŸ¥ä½ç½®è¿›è¡Œç«‹å³æ›´æ–°:
2025-10-25 22:27:07.588 28491-28491 LocationSensorManager   com.example.cplink                   I    ğŸ“ åæ ‡: lat=31.203632, lon=120.628026
2025-10-25 22:27:07.588 28491-28491 LocationSensorManager   com.example.cplink                   I    ğŸ“¡ ç²¾åº¦: 40.0m
2025-10-25 22:27:07.588 28491-28491 LocationSensorManager   com.example.cplink                   I    ğŸ”§ æä¾›è€…: network
2025-10-25 22:27:07.588 28491-28491 LocationSensorManager   com.example.cplink                   I    â° æ—¶é—´: 1147mså‰
2025-10-25 22:27:07.588 28491-28491 LocationSensorManager   com.example.cplink                   I  ğŸŒ GPSä½ç½®æ›´æ–°æ¥æ”¶:
2025-10-25 22:27:07.589 28491-28491 LocationSensorManager   com.example.cplink                   I    ğŸ“ åæ ‡: lat=31.203632, lon=120.628026
2025-10-25 22:27:07.589 28491-28491 LocationSensorManager   com.example.cplink                   I    ğŸš€ é€Ÿåº¦: æ— é€Ÿåº¦æ•°æ®
2025-10-25 22:27:07.589 28491-28491 LocationSensorManager   com.example.cplink                   I    ğŸ§­ æ–¹å‘: æ— æ–¹å‘æ•°æ®
2025-10-25 22:27:07.589 28491-28491 LocationSensorManager   com.example.cplink                   I    ğŸ“¡ ç²¾åº¦: 40.0m
2025-10-25 22:27:07.589 28491-28491 LocationSensorManager   com.example.cplink                   I    ğŸ”§ æä¾›è€…: network
2025-10-25 22:27:07.589 28491-28491 LocationSensorManager   com.example.cplink                   I    â° æ—¶é—´: 1148mså‰
2025-10-25 22:27:07.589 28491-28491 LocationSensorManager   com.example.cplink                   I  âœ… GPSå­—æ®µæ›´æ–°å®Œæˆ (å®æ—¶æ€§ä¼˜åŒ–):
2025-10-25 22:27:07.589 28491-28491 LocationSensorManager   com.example.cplink                   D    ğŸ“ åæ ‡: lat=31.203632, lon=120.628026
2025-10-25 22:27:07.589 28491-28491 LocationSensorManager   com.example.cplink                   D    ğŸš€ é€Ÿåº¦: æ— é€Ÿåº¦æ•°æ®
2025-10-25 22:27:07.589 28491-28491 LocationSensorManager   com.example.cplink                   D    ğŸ§­ æ–¹å‘: æ— æ–¹å‘æ•°æ®
2025-10-25 22:27:07.589 28491-28491 LocationSensorManager   com.example.cplink                   D    ğŸ“¡ ç²¾åº¦: 40.0m
2025-10-25 22:27:07.589 28491-28491 LocationSensorManager   com.example.cplink                   D    ğŸ”§ æä¾›è€…: network
2025-10-25 22:27:07.589 28491-28491 LocationSensorManager   com.example.cplink                   D    â° æ•°æ®å¹´é¾„: 1147ms
2025-10-25 22:27:07.589 28491-28491 LocationSensorManager   com.example.cplink                   D    ğŸ¯ å®æ—¶æ€§: è‰¯å¥½
2025-10-25 22:27:07.589 28491-28491 PermissionManager       com.example.cplink                   I  ğŸ“¡ å¯åŠ¨GPSçŠ¶æ€ç›‘æ§...
2025-10-25 22:27:07.589 28491-28491 MainActivity            com.example.cplink                   I  â–¶ï¸ Activityæ¢å¤ï¼Œéšè—æ‚¬æµ®çª—
2025-10-25 22:27:07.589 28491-28491 NetworkManager          com.example.cplink                   D  ğŸ”„ ç½‘ç»œç®¡ç†å™¨åå°çŠ¶æ€æ›´æ–°: false
2025-10-25 22:27:07.589 28491-28491 MainActivity            com.example.cplink                   I  ğŸ”„ ç½‘ç»œç®¡ç†å™¨å·²åˆ‡æ¢åˆ°å‰å°æ¨¡å¼
2025-10-25 22:27:07.592 28491-28491 MainActivity            com.example.cplink                   D  ğŸ“ deviceManageræœªåˆå§‹åŒ–ï¼Œè·³è¿‡ä½¿ç”¨ç»Ÿè®¡æ›´æ–°
2025-10-25 22:27:07.595 28491-28491 ImeFocusController      com.example.cplink                   V  onWindowFocus: com.android.internal.policy.DecorView{90f9902 V.E...... R......D 0,0-1080,2400 aid=0}[MainActivity] softInputMode=STATE_UNSPECIFIED|ADJUST_PAN
2025-10-25 22:27:07.641 28491-28491 MainActivity            com.example.cplink                   I  ğŸ” è‡ªæ£€æŸ¥: ç½‘ç»œæœåŠ¡ - æ­£åœ¨å¯åŠ¨...
2025-10-25 22:27:07.642 28491-31925 MainActivity            com.example.cplink                   I  ğŸŒ å¯åŠ¨ç½‘ç»œæœåŠ¡...
2025-10-25 22:27:07.642 28491-31925 NetworkManager          com.example.cplink                   I  ğŸŒ åˆå§‹åŒ–CarrotManç½‘ç»œå®¢æˆ·ç«¯...
2025-10-25 22:27:07.645 28491-31925 TrafficStats            com.example.cplink                   D  tagSocket(132) with statsTag=0xffffffff, statsUid=-1
2025-10-25 22:27:07.648 28491-31925 TrafficStats            com.example.cplink                   D  tagSocket(142) with statsTag=0xffffffff, statsUid=-1
2025-10-25 22:27:07.656 28491-31925 NetworkManager          com.example.cplink                   I  ğŸ”„ ç½‘ç»œçŠ¶æ€å®šæœŸæ›´æ–°å·²å¯åŠ¨
2025-10-25 22:27:07.656 28491-31925 NetworkManager          com.example.cplink                   I  âœ… CarrotManç½‘ç»œå®¢æˆ·ç«¯åˆå§‹åŒ–æˆåŠŸ
2025-10-25 22:27:07.656 28491-31925 MainActivity            com.example.cplink                   I  âœ… ç½‘ç»œæœåŠ¡å¯åŠ¨æˆåŠŸ
2025-10-25 22:27:07.676 28491-28491 FloatingWindowService   com.example.cplink                   I  â¹ï¸ åœæ­¢é€Ÿåº¦æ•°æ®æ£€æŸ¥
2025-10-25 22:27:07.676 28491-28491 FloatingWindowService   com.example.cplink                   D  ğŸ” æ‚¬æµ®çª—æœªæ˜¾ç¤ºæˆ–å·²éšè—ï¼Œè·³è¿‡éšè—æ“ä½œ
2025-10-25 22:27:07.715 28491-28491 NetworkManager          com.example.cplink                   I  ğŸŒ ç½‘ç»œçŠ¶æ€å˜åŒ–: connected=false, device=
2025-10-25 22:27:07.715 28491-28491 MainActivity            com.example.cplink                   I  ğŸ” è‡ªæ£€æŸ¥: ç½‘ç»œæœåŠ¡ - å¯åŠ¨å®Œæˆ
2025-10-25 22:27:07.750 28491-28491 NetworkManager          com.example.cplink                   I  ğŸŒ ç½‘ç»œçŠ¶æ€å˜åŒ–: connected=false, device=
2025-10-25 22:27:07.750 28491-28491 NetworkManager          com.example.cplink                   I  ğŸ¯ å‘ç°Comma3è®¾å¤‡: 192.168.10.14:7706 (v1.0) [âœ“]
2025-10-25 22:27:07.751 28491-28491 NetworkManager          com.example.cplink                   I  ğŸŒ ç½‘ç»œçŠ¶æ€å˜åŒ–: connected=false, device=
2025-10-25 22:27:07.751 28491-28491 NetworkManager          com.example.cplink                   I  ğŸŒ ç½‘ç»œçŠ¶æ€å˜åŒ–: connected=true, device=192.168.10.14:7706 (v1.0) [âœ“]
2025-10-25 22:27:07.751 28491-28491 FloatingWindowService   com.example.cplink                   I  â¹ï¸ åœæ­¢é€Ÿåº¦æ•°æ®æ£€æŸ¥
2025-10-25 22:27:07.751 28491-28491 FloatingWindowService   com.example.cplink                   D  ğŸ” æ‚¬æµ®çª—æœªæ˜¾ç¤ºæˆ–å·²éšè—ï¼Œè·³è¿‡éšè—æ“ä½œ
2025-10-25 22:27:07.751 28491-28491 FloatingWindowService   com.example.cplink                   I  ğŸ”§ æ‚¬æµ®çª—æœåŠ¡é”€æ¯
2025-10-25 22:27:07.817 28491-28491 MainActivity            com.example.cplink                   I  ğŸ” è‡ªæ£€æŸ¥: ç³»ç»Ÿç®¡ç†å™¨ - æ­£åœ¨å¹¶è¡Œåˆå§‹åŒ–...
2025-10-25 22:27:07.818 28491-32162 MainActivity            com.example.cplink                   I  ğŸ—ºï¸ åˆå§‹åŒ–é«˜å¾·åœ°å›¾ç®¡ç†å™¨...
2025-10-25 22:27:07.819 28491-31929 MainActivity            com.example.cplink                   I  ğŸ“± åˆå§‹åŒ–è®¾å¤‡ç®¡ç†å™¨...
2025-10-25 22:27:07.822 28491-32162 MainActivity            com.example.cplink                   I  âœ… é«˜å¾·åœ°å›¾ç®¡ç†å™¨åˆå§‹åŒ–æˆåŠŸ
2025-10-25 22:27:07.825 28491-32161 MainActivity            com.example.cplink                   I  ğŸ“¡ åˆå§‹åŒ–å¹¿æ’­ç®¡ç†å™¨...
2025-10-25 22:27:07.833 28491-28491 NetworkManager          com.example.cplink                   I  ğŸ”„ çŠ¶æ€å˜åŒ–: è½¦é€Ÿ 0 -> 109, æ¿€æ´» false -> true
2025-10-25 22:27:07.833 28491-28491 NetworkManager          com.example.cplink                   I  ğŸš€ è§¦å‘è‡ªåŠ¨å‘é€æ¡ä»¶: CarrotRouteActive=false, active=true
2025-10-25 22:27:07.833 28491-28491 NetworkManager          com.example.cplink                   W  âš ï¸ æ— æœ‰æ•ˆåæ ‡ä¿¡æ¯ï¼Œè·³è¿‡è‡ªåŠ¨å‘é€: lat=0.0, lon=0.0
2025-10-25 22:27:07.834 28491-28491 NetworkManager          com.example.cplink                   I  ğŸ¯ å‘ç°Comma3è®¾å¤‡: 192.168.10.29:7706 (vopenpilot) [âœ“]
2025-10-25 22:27:07.835 28491-31929 DeviceManager           com.example.cplink                   I  ğŸ“± ä½¿ç”¨å·²å­˜åœ¨çš„è®¾å¤‡ID: FB0184A6B311
2025-10-25 22:27:07.838 28491-31929 DeviceManager           com.example.cplink                   I  ğŸ“Š è®°å½•åº”ç”¨å¯åŠ¨ï¼Œä½¿ç”¨æ¬¡æ•°: 15ï¼Œä¿å­˜æˆåŠŸ: true
2025-10-25 22:27:07.838 28491-31929 MainActivity            com.example.cplink                   I  âœ… è®¾å¤‡ç®¡ç†å™¨åˆå§‹åŒ–æˆåŠŸï¼Œè®¾å¤‡ID: FB0184A6B311
2025-10-25 22:27:07.849 28491-31929 AmapBroadcastManager    com.example.cplink                   I  ğŸš€ å¯åŠ¨å¹¿æ’­å¤„ç†åç¨‹
2025-10-25 22:27:07.849 28491-32161 AmapBroadcastManager    com.example.cplink                   I  âœ… å¢å¼ºç‰ˆå¹¿æ’­æ¥æ”¶å™¨æ³¨å†ŒæˆåŠŸ
2025-10-25 22:27:07.849 28491-32161 AmapBroadcastManager    com.example.cplink                   D  ğŸ“¡ æ³¨å†Œçš„å¹¿æ’­Actionåˆ—è¡¨:
2025-10-25 22:27:07.849 28491-32161 AmapBroadcastManager    com.example.cplink                   D    - AMAP_NAVI_ACTION_UPDATE
2025-10-25 22:27:07.849 28491-32161 AmapBroadcastManager    com.example.cplink                   D    - AMAP_NAVI_ACTION_TURN
2025-10-25 22:27:07.849 28491-32161 AmapBroadcastManager    com.example.cplink                   D    - com.autonavi.minimap.broadcast
2025-10-25 22:27:07.849 28491-32161 AmapBroadcastManager    com.example.cplink                   D    - AMAP_NAVI_ACTION_LOCATION
2025-10-25 22:27:07.850 28491-32161 AmapBroadcastManager    com.example.cplink                   D    - AUTONAVI_BROADCAST_SEND
2025-10-25 22:27:07.850 28491-32161 AmapBroadcastManager    com.example.cplink                   D    - AMAP_NAVI_ACTION_ROUTE
2025-10-25 22:27:07.850 28491-32161 AmapBroadcastManager    com.example.cplink                   D    - AMAP_BROADCAST_SEND
2025-10-25 22:27:07.850 28491-32161 AmapBroadcastManager    com.example.cplink                   D    - com.autonavi.minimap.navigation.broadcast
2025-10-25 22:27:07.850 28491-32161 AmapBroadcastManager    com.example.cplink                   D    - AUTONAVI_STANDARD_BROADCAST_RECV
2025-10-25 22:27:07.850 28491-32161 AmapBroadcastManager    com.example.cplink                   D    - AUTONAVI_STANDARD_BROADCAST_SEND
2025-10-25 22:27:07.850 28491-32161 MainActivity            com.example.cplink                   I  âœ… å¹¿æ’­ç®¡ç†å™¨åˆå§‹åŒ–æˆåŠŸ
2025-10-25 22:27:07.945 28491-28491 MainActivity            com.example.cplink                   I  ğŸ” è‡ªæ£€æŸ¥: ç³»ç»Ÿç®¡ç†å™¨ - å¹¶è¡Œåˆå§‹åŒ–å®Œæˆ
2025-10-25 22:27:08.055 28491-28491 MainActivity            com.example.cplink                   I  ğŸ” è‡ªæ£€æŸ¥: ç”¨æˆ·ç±»å‹ - æ­£åœ¨è·å–...
2025-10-25 22:27:08.057 28491-32158 MainActivity            com.example.cplink                   I  ğŸ‘¤ ç›´æ¥è·å–ç”¨æˆ·ç±»å‹: FB0184A6B311
2025-10-25 22:27:08.064 28491-32158 DpmTcmClient            com.example.cplink                   I  RegisterTcmMonitor from: $Proxy2
2025-10-25 22:27:08.097 28491-32158 TrafficStats            com.example.cplink                   D  tagSocket(168) with statsTag=0xffffffff, statsUid=-1
2025-10-25 22:27:08.098 28491-32158 Linux                   com.example.cplink                   D  [Posix_connect Debug]Process com.example.cplink :443 
2025-10-25 22:27:09.452 28491-32198 ProfileInstaller        com.example.cplink                   D  Installing profile for com.example.cplink
2025-10-25 22:27:09.659 28491-28491 NetworkManager          com.example.cplink                   I  ğŸŒ ç½‘ç»œçŠ¶æ€å˜åŒ–: connected=true, device=192.168.10.14:7706 (v1.0) [âœ“]
2025-10-25 22:27:11.500 28491-32162 AmapBroadcastManager    com.example.cplink                   V  ğŸ”„ åŒæ­¥ç¼“å†²åŒºåˆ°UI: 1 æ¡æ•°æ®
2025-10-25 22:27:11.501 28491-32162 AmapBroadcastManager    com.example.cplink                   D  ğŸ“¡ å¤„ç†é€šç”¨å¹¿æ’­: KEY_TYPE=13011
2025-10-25 22:27:11.503 28491-32162 CarrotManNetwork        com.example.cplink                   D  ğŸ“¤ CarrotManæ•°æ®å·²å‘é€: è½¬å¼¯ç±»å‹=-1, è·ç¦»=0m
2025-10-25 22:27:11.504 28491-32162 NetworkManager          com.example.cplink                   D  ğŸ“¤ CarrotManæ•°æ®å·²å‘é€: è½¬å¼¯ç±»å‹=-1, è·ç¦»=0m
2025-10-25 22:27:11.662 28491-28491 NetworkManager          com.example.cplink                   I  ğŸŒ ç½‘ç»œçŠ¶æ€å˜åŒ–: connected=true, device=192.168.10.14:7706 (v1.0) [âœ“]
2025-10-25 22:27:11.917 28491-32159 AmapBroadcastHandlers   com.example.cplink                   D  ğŸ§­ å¤„ç†å¼•å¯¼ä¿¡æ¯å¹¿æ’­ (KEY_TYPE: 10001)
2025-10-25 22:27:11.918 28491-32159 AmapBroadcastHandlers   com.example.cplink                   D  ğŸ“ GPSåæ ‡ä¸º0ï¼Œä½¿ç”¨æ‰‹æœºGPS: lat=31.203632, lon=120.628026
2025-10-25 22:27:11.918 28491-32159 AmapBroadcastHandlers   com.example.cplink                   D  ğŸ›£ï¸ é“è·¯ç±»å‹æ˜ å°„: ROAD_TYPE=0 (é«˜é€Ÿå…¬è·¯) -> roadcate=10 (å¾ˆå®½é“è·¯ï¼ˆå››è½¦é“åŠä»¥ä¸Šï¼‰)
2025-10-25 22:27:11.919 28491-32159 AmapBroadcastHandlers   com.example.cplink                   D  ğŸ”„ è½¬å¼¯æ˜ å°„: é«˜å¾·å›¾æ ‡=20 -> CarrotManç±»å‹=54
2025-10-25 22:27:11.919 28491-32159 AmapBroadcastHandlers   com.example.cplink                   D  ğŸ”„ ä¸‹ä¸€è½¬å¼¯æ˜ å°„: é«˜å¾·å›¾æ ‡=0 -> CarrotManç±»å‹=51
2025-10-25 22:27:11.919 28491-32159 AmapBroadcastHandlers   com.example.cplink                   I  ğŸ§­ å¼•å¯¼ä¿¡æ¯: é“è·¯=G2äº¬æ²ªé«˜é€Ÿ->æ³—æ‘åº—ç«‹äº¤, è½¬å¼¯ç±»å‹=54, è·ç¦»=44866m
2025-10-25 22:27:11.920 28491-32159 AmapBroadcastHandlers   com.example.cplink                   D  ğŸ“Š æ•°æ®æºå·²æ›´æ–°: amap_navi
2025-10-25 22:27:11.924 28491-32159 AmapBroadcastHandlers   com.example.cplink                   D  ğŸ“¤ å¼•å¯¼ä¿¡æ¯æ•°æ®å·²å‘é€åˆ°Comma3è®¾å¤‡
2025-10-25 22:27:11.925 28491-31929 CarrotManNetwork        com.example.cplink                   D  ğŸ“¤ CarrotManæ•°æ®å·²å‘é€: è½¬å¼¯ç±»å‹=54, è·ç¦»=44866m
2025-10-25 22:27:11.925 28491-31929 NetworkManager          com.example.cplink                   D  ğŸ“¤ CarrotManæ•°æ®å·²å‘é€: è½¬å¼¯ç±»å‹=54, è·ç¦»=44866m
2025-10-25 22:27:12.647 28491-28491 FinalizerDaemon         com.example.cplink                   W  type=1400 audit(0.0:4413809): avc:  denied  { getopt } for  path="/dev/socket/usap_pool_primary" scontext=u:r:untrusted_app:s0:c191,c257,c512,c768 tcontext=u:r:zygote:s0 tclass=unix_stream_socket permissive=0 app=com.example.cplink
2025-10-25 22:27:13.666 28491-32158 MainActivity            com.example.cplink                   I  âœ… ç”¨æˆ·ç±»å‹è·å–æˆåŠŸ: 4
2025-10-25 22:27:13.673 28491-28491 NetworkManager          com.example.cplink                   I  ğŸŒ ç½‘ç»œçŠ¶æ€å˜åŒ–: connected=true, device=192.168.10.14:7706 (v1.0) [âœ“]
2025-10-25 22:27:13.720 28491-28491 MainActivity            com.example.cplink                   I  ğŸ” è‡ªæ£€æŸ¥: ç”¨æˆ·ç±»å‹ - è·å–å®Œæˆ: é“ç²‰
2025-10-25 22:27:13.806 28491-28491 MainActivity            com.example.cplink                   I  ğŸ” è‡ªæ£€æŸ¥: ä½¿ç”¨ç»Ÿè®¡ - åå°æ›´æ–°ä¸­...
2025-10-25 22:27:13.807 28491-32158 DeviceManager           com.example.cplink                   D  ğŸ“Š è·å–ä½¿ç”¨ç»Ÿè®¡: æ¬¡æ•°=15, æ—¶é•¿=1åˆ†é’Ÿ, è·ç¦»=1039.7297km
2025-10-25 22:27:13.808 28491-28491 MainActivity            com.example.cplink                   I  ğŸ” è‡ªæ£€æŸ¥: ä½¿ç”¨ç»Ÿè®¡ - æ›´æ–°å®Œæˆ
2025-10-25 22:27:13.809 28491-32158 MainActivity            com.example.cplink                   I  ğŸ“Š è‡ªåŠ¨æ›´æ–°ä½¿ç”¨ç»Ÿè®¡æ•°æ®: æ¬¡æ•°=15, æ—¶é•¿=1åˆ†é’Ÿ, è·ç¦»=1039.7297km
2025-10-25 22:27:13.864 28491-28491 MainActivity            com.example.cplink                   I  ğŸ” è‡ªæ£€æŸ¥: ä½ç½®æ›´æ–° - æ­£åœ¨æ‰§è¡Œ...
2025-10-25 22:27:13.870 28491-28491 MainActivity            com.example.cplink                   I  ğŸš€ æ‰§è¡Œåˆå§‹ä½ç½®æ›´æ–°...
2025-10-25 22:27:13.893 28491-28491 MainActivity            com.example.cplink                   I  ğŸ“ æ›´æ–°ä½ç½®ç”¨äºè·ç¦»ç»Ÿè®¡: lat=31.203632, lon=120.628026
2025-10-25 22:27:13.893 28491-28491 DeviceManager           com.example.cplink                   I  â° å¯åŠ¨å€’è®¡æ—¶: 850ç§’
2025-10-25 22:27:13.893 28491-28491 DeviceManager           com.example.cplink                   I  â¹ï¸ åœæ­¢å€’è®¡æ—¶
2025-10-25 22:27:13.894 28491-28491 MainActivity            com.example.cplink                   I  ğŸ” è‡ªæ£€æŸ¥: ä½ç½®æ›´æ–° - æ‰§è¡Œå®Œæˆ
2025-10-25 22:27:13.996 28491-28491 MainActivity            com.example.cplink                   I  ğŸ” è‡ªæ£€æŸ¥: é™æ€æ¥æ”¶å™¨ - æ­£åœ¨å¤„ç†...
2025-10-25 22:27:13.999 28491-28491 MainActivity            com.example.cplink                   I  ğŸ” è‡ªæ£€æŸ¥: é™æ€æ¥æ”¶å™¨ - å¤„ç†å®Œæˆ
2025-10-25 22:27:14.056 28491-28491 MainActivity            com.example.cplink                   I  ğŸ” è‡ªæ£€æŸ¥: ç”¨æˆ·ç•Œé¢ - æ­£åœ¨è®¾ç½®...
2025-10-25 22:27:14.058 28491-28491 MainActivity            com.example.cplink                   I  ğŸ” è‡ªæ£€æŸ¥: ç”¨æˆ·ç•Œé¢ - è®¾ç½®å®Œæˆ
2025-10-25 22:27:14.119 28491-28491 MainActivity            com.example.cplink                   I  ğŸ” è‡ªæ£€æŸ¥: ç³»ç»Ÿæ£€æŸ¥ - æ‰€æœ‰æ£€æŸ¥å®Œæˆ
2025-10-25 22:27:14.121 28491-32161 MainActivity            com.example.cplink                   I  ğŸ¯ æ ¹æ®ç”¨æˆ·ç±»å‹æ‰§è¡Œæ“ä½œ: 4
2025-10-25 22:27:14.121 28491-32161 MainActivity            com.example.cplink                   I  ğŸ’ èµåŠ©è€…/é“ç²‰ï¼Œç›´æ¥æ‰“å¼€é«˜å¾·åœ°å›¾
2025-10-25 22:27:14.142 28491-32161 MainActivity            com.example.cplink                   I  å·²å¯åŠ¨é«˜å¾·åœ°å›¾è½¦æœºç‰ˆ
2025-10-25 22:27:14.142 28491-32161 MainActivity            com.example.cplink                   I  âœ… å¼‚æ­¥è‡ªæ£€æŸ¥æµç¨‹å®Œæˆ
2025-10-25 22:27:14.163 28491-28491 MainActivity            com.example.cplink                   I  â¸ï¸ Activityæš‚åœ
2025-10-25 22:27:14.163 28491-28491 DeviceManager           com.example.cplink                   W  âš ï¸ ä½¿ç”¨æ—¶é•¿å¤ªçŸ­ï¼Œæœªè®°å½•: 0åˆ†é’Ÿ
2025-10-25 22:27:14.163 28491-28491 NetworkManager          com.example.cplink                   D  ğŸ”„ ç½‘ç»œç®¡ç†å™¨åå°çŠ¶æ€æ›´æ–°: true
2025-10-25 22:27:14.163 28491-28491 MainActivity            com.example.cplink                   I  ğŸ”„ ç½‘ç»œç®¡ç†å™¨å·²åˆ‡æ¢åˆ°åå°æ¨¡å¼
2025-10-25 22:27:14.166 28491-28491 MainActivity            com.example.cplink                   I  ğŸŒ GPSä½ç½®æ›´æ–°åœ¨åå°ç»§ç»­è¿è¡Œ
2025-10-25 22:27:14.214 28491-28491 FloatingWindowService   com.example.cplink                   D  ğŸ‘¤ ç”¨æˆ·ç±»å‹æƒé™æ£€æŸ¥: userType=4, hasPermission=true
2025-10-25 22:27:14.214 28491-28491 FloatingWindowService   com.example.cplink                   I  ğŸ”„ ä½¿ç”¨å¹¿æ’­æ–¹å¼å‘é€æ§åˆ¶æŒ‡ä»¤ï¼Œé¿å…ç«¯å£å†²çª
2025-10-25 22:27:14.214 28491-28491 FloatingWindowService   com.example.cplink                   I  âœ… ç½‘ç»œç®¡ç†å™¨åˆå§‹åŒ–å®Œæˆï¼ˆå¹¿æ’­æ¨¡å¼ï¼‰
2025-10-25 22:27:14.227 28491-28491 CompatChangeReporter    com.example.cplink                   D  Compat change id reported: 63938206; UID 10447; state: ENABLED
2025-10-25 22:27:14.255 28491-28491 FloatingWindowService   com.example.cplink                   I  ğŸ”„ ç”¨æˆ·ç±»å‹æ–‡æœ¬å·²æ›´æ–°: é“ç²‰ ğŸ“‚
2025-10-25 22:27:14.255 28491-28491 FloatingWindowService   com.example.cplink                   I  âœ… æ‚¬æµ®çª—ç”¨æˆ·ç±»å‹æ˜¾ç¤ºæ›´æ–°å®Œæˆ
2025-10-25 22:27:14.256 28491-28491 FloatingWindowService   com.example.cplink                   I  âœ… æ™ºèƒ½æ§é€ŸæŒ‰é’®çŠ¶æ€åˆå§‹åŒ–: æ¨¡å¼=0
2025-10-25 22:27:14.259 28491-31766 .example.cplink         com.example.cplink                   I  Compiler allocated 4420KB to compile void android.widget.TextView.<init>(android.content.Context, android.util.AttributeSet, int, int)
2025-10-25 22:27:14.288 28491-28491 FloatingWindowService   com.example.cplink                   I  âœ… æ‚¬æµ®çª—æ˜¾ç¤ºæˆåŠŸ
2025-10-25 22:27:14.291 28491-28491 FloatingWindowService   com.example.cplink                   I  â¹ï¸ åœæ­¢é€Ÿåº¦æ•°æ®æ£€æŸ¥
2025-10-25 22:27:14.293 28491-28491 FloatingWindowService   com.example.cplink                   I  ğŸš— å¼€å§‹ä¼˜åŒ–é€Ÿåº¦æ•°æ®æ£€æŸ¥ï¼ˆé«˜é¢‘æ›´æ–°ï¼‰
2025-10-25 22:27:14.301 28491-31929 AmapBroadcastHandlers   com.example.cplink                   D  ğŸ“¤ åœ°å›¾çŠ¶æ€æ•°æ®å·²å‘é€åˆ°Comma3è®¾å¤‡
2025-10-25 22:27:14.302 28491-32162 CarrotManNetwork        com.example.cplink                   D  ğŸ“¤ CarrotManæ•°æ®å·²å‘é€: è½¬å¼¯ç±»å‹=54, è·ç¦»=44866m
2025-10-25 22:27:14.303 28491-32162 NetworkManager          com.example.cplink                   D  ğŸ“¤ CarrotManæ•°æ®å·²å‘é€: è½¬å¼¯ç±»å‹=54, è·ç¦»=44866m
2025-10-25 22:27:14.315 28491-28491 .example.cplink         com.example.cplink                   W  type=1400 audit(0.0:4413811): avc:  denied  { read } for  name="u:object_r:vendor_display_prop:s0" dev="tmpfs" ino=462 scontext=u:r:untrusted_app:s0:c191,c257,c512,c768 tcontext=u:object_r:vendor_display_prop:s0 tclass=file permissive=0 app=com.example.cplink
2025-10-25 22:27:14.318 28491-28491 ViewRootImpl            com.example.cplink                   D  AppSizeAfterRelayout, size: Point(674, 455), rotation: ROTATION_0
2025-10-25 22:27:14.319 28491-28491 libc                    com.example.cplink                   W  Access denied finding property "vendor.display.enable_optimal_refresh_rate"
2025-10-25 22:27:14.358 28491-28491 ViewRootImpl            com.example.cplink                   D  AppSizeAfterRelayout, size: Point(683, 455), rotation: ROTATION_0
2025-10-25 22:27:14.382 28491-31929 AmapBroadcastHandlers   com.example.cplink                   D  ğŸ“¤ åœ°å›¾çŠ¶æ€æ•°æ®å·²å‘é€åˆ°Comma3è®¾å¤‡
2025-10-25 22:27:14.390 28491-31929 CarrotManNetwork        com.example.cplink                   D  ğŸ“¤ CarrotManæ•°æ®å·²å‘é€: è½¬å¼¯ç±»å‹=54, è·ç¦»=44866m
2025-10-25 22:27:14.390 28491-31929 NetworkManager          com.example.cplink                   D  ğŸ“¤ CarrotManæ•°æ®å·²å‘é€: è½¬å¼¯ç±»å‹=54, è·ç¦»=44866m
2025-10-25 22:27:14.486 28491-32161 AmapBroadcastHandlers   com.example.cplink                   D  ğŸ“¤ åœ°å›¾çŠ¶æ€æ•°æ®å·²å‘é€åˆ°Comma3è®¾å¤‡
2025-10-25 22:27:14.492 28491-31925 CarrotManNetwork        com.example.cplink                   D  ğŸ“¤ CarrotManæ•°æ®å·²å‘é€: è½¬å¼¯ç±»å‹=54, è·ç¦»=44866m
2025-10-25 22:27:14.493 28491-31925 NetworkManager          com.example.cplink                   D  ğŸ“¤ CarrotManæ•°æ®å·²å‘é€: è½¬å¼¯ç±»å‹=54, è·ç¦»=44866m
2025-10-25 22:27:14.869 28491-32158 MainActivity            com.example.cplink                   D  ğŸ“‹ ç”¨æˆ·å½“å‰æ•°æ®: è½¦å‹=æ‰‹æœº15æµ‹è¯•, å¾®ä¿¡å=æµ‹è¯•, èµåŠ©é‡‘é¢=188.0, ç”¨æˆ·ç±»å‹=4
2025-10-25 22:27:14.870 28491-32158 MainActivity            com.example.cplink                   D  ğŸ“¤ å‘é€ä½¿ç”¨ç»Ÿè®¡æ›´æ–°è¯·æ±‚: {"device_id":"FB0184A6B311","car_model":"æ‰‹æœº15æµ‹è¯•","wechat_name":"æµ‹è¯•","sponsor_amount":188,"user_type":4,"usage_count":15,"usage_duration":0.016666666666666666,"total_distance":1039.7297}
2025-10-25 22:27:14.916 28491-28491 VRI[MainActivity]       com.example.cplink                   D  visibilityChanged oldVisibility=true newVisibility=false
2025-10-25 22:27:14.934 28491-28491 ViewRootImpl            com.example.cplink                   D  AppSizeAfterRelayout, size: Point(1080, 2400), rotation: ROTATION_0
2025-10-25 22:27:17.423 28491-32162 AmapBroadcastManager    com.example.cplink                   V  ğŸ”„ åŒæ­¥ç¼“å†²åŒºåˆ°UI: 6 æ¡æ•°æ®
2025-10-25 22:27:17.423 28491-32162 AmapBroadcastHandlers   com.example.cplink                   D  ğŸ§­ å¤„ç†å¼•å¯¼ä¿¡æ¯å¹¿æ’­ (KEY_TYPE: 10001)
2025-10-25 22:27:17.424 28491-32162 AmapBroadcastHandlers   com.example.cplink                   D  ğŸ“ GPSåæ ‡ä¸º0ï¼Œä½¿ç”¨æ‰‹æœºGPS: lat=31.203632, lon=120.628026
2025-10-25 22:27:17.424 28491-32162 AmapBroadcastHandlers   com.example.cplink                   D  ğŸ›£ï¸ é“è·¯ç±»å‹æ˜ å°„: ROAD_TYPE=0 (é«˜é€Ÿå…¬è·¯) -> roadcate=10 (å¾ˆå®½é“è·¯ï¼ˆå››è½¦é“åŠä»¥ä¸Šï¼‰)
2025-10-25 22:27:17.424 28491-32162 AmapBroadcastHandlers   com.example.cplink                   D  ğŸ”„ è½¬å¼¯æ˜ å°„: é«˜å¾·å›¾æ ‡=20 -> CarrotManç±»å‹=54
2025-10-25 22:27:17.424 28491-32162 AmapBroadcastHandlers   com.example.cplink                   D  ğŸ”„ ä¸‹ä¸€è½¬å¼¯æ˜ å°„: é«˜å¾·å›¾æ ‡=0 -> CarrotManç±»å‹=51
2025-10-25 22:27:17.424 28491-32162 AmapBroadcastHandlers   com.example.cplink                   I  ğŸ§­ å¼•å¯¼ä¿¡æ¯: é“è·¯=G2äº¬æ²ªé«˜é€Ÿ->æ³—æ‘åº—ç«‹äº¤, è½¬å¼¯ç±»å‹=54, è·ç¦»=44866m
2025-10-25 22:27:17.425 28491-32162 AmapBroadcastHandlers   com.example.cplink                   D  ğŸ“Š æ•°æ®æºå·²æ›´æ–°: amap_navi
2025-10-25 22:27:17.426 28491-32162 AmapBroadcastHandlers   com.example.cplink                   D  ğŸ“¤ å¼•å¯¼ä¿¡æ¯æ•°æ®å·²å‘é€åˆ°Comma3è®¾å¤‡
2025-10-25 22:27:17.431 28491-32162 CarrotManNetwork        com.example.cplink                   D  ğŸ“¤ CarrotManæ•°æ®å·²å‘é€: è½¬å¼¯ç±»å‹=54, è·ç¦»=44866m
2025-10-25 22:27:17.431 28491-32162 NetworkManager          com.example.cplink                   D  ğŸ“¤ CarrotManæ•°æ®å·²å‘é€: è½¬å¼¯ç±»å‹=54, è·ç¦»=44866m
2025-10-25 22:27:17.998 28491-32162 AmapBroadcastManager    com.example.cplink                   D  ğŸ“¡ å¤„ç†é€šç”¨å¹¿æ’­: KEY_TYPE=13011
2025-10-25 22:27:18.007 28491-32162 CarrotManNetwork        com.example.cplink                   D  ğŸ“¤ CarrotManæ•°æ®å·²å‘é€: è½¬å¼¯ç±»å‹=54, è·ç¦»=44866m
2025-10-25 22:27:18.007 28491-32162 NetworkManager          com.example.cplink                   D  ğŸ“¤ CarrotManæ•°æ®å·²å‘é€: è½¬å¼¯ç±»å‹=54, è·ç¦»=44866m
2025-10-25 22:27:19.338 28491-32158 MainActivity            com.example.cplink                   D  ğŸ“¥ ä½¿ç”¨ç»Ÿè®¡æ›´æ–°å“åº”ç : 200
2025-10-25 22:27:19.341 28491-32158 MainActivity            com.example.cplink                   D  ğŸ“¥ ä½¿ç”¨ç»Ÿè®¡æ›´æ–°å“åº”: {
                                                                                                      "data": {
                                                                                                        "car_model": "\u624b\u673a15\u6d4b\u8bd5",
                                                                                                        "device_id": "FB0184A6B311",
                                                                                                        "modify_time": "2025-10-25T14:27:14.434179",
                                                                                                        "sponsor_amount": 188.0,
                                                                                                        "total_distance": 1039.7297,
                                                                                                        "usage_count": 15,
                                                                                                        "usage_duration": 0.016666666666666666,
                                                                                                        "user_type": 4,
                                                                                                        "wechat_name": "\u6d4b\u8bd5"
                                                                                                      },
                                                                                                      "message": "\u7528\u6237\u6570\u636e\u66f4\u65b0\u6210\u529f",
                                                                                                      "success": true
                                                                                                    }
2025-10-25 22:27:19.343 28491-32158 MainActivity            com.example.cplink                   I  âœ… ä½¿ç”¨ç»Ÿè®¡æ•°æ®æ›´æ–°æˆåŠŸ: æ¬¡æ•°=15, æ—¶é•¿=0.016666666666666666å°æ—¶, è·ç¦»=1039.7297km
2025-10-25 22:27:22.425 28491-32161 AmapBroadcastManager    com.example.cplink                   V  ğŸ”„ åŒæ­¥ç¼“å†²åŒºåˆ°UI: 8 æ¡æ•°æ®
2025-10-25 22:27:22.425 28491-32161 AmapBroadcastHandlers   com.example.cplink                   D  ğŸ§­ å¤„ç†å¼•å¯¼ä¿¡æ¯å¹¿æ’­ (KEY_TYPE: 10001)
2025-10-25 22:27:22.425 28491-32161 AmapBroadcastHandlers   com.example.cplink                   D  ğŸ“ GPSåæ ‡ä¸º0ï¼Œä½¿ç”¨æ‰‹æœºGPS: lat=31.203632, lon=120.628026
2025-10-25 22:27:22.426 28491-32161 AmapBroadcastHandlers   com.example.cplink                   D  ğŸ›£ï¸ é“è·¯ç±»å‹æ˜ å°„: ROAD_TYPE=0 (é«˜é€Ÿå…¬è·¯) -> roadcate=10 (å¾ˆå®½é“è·¯ï¼ˆå››è½¦é“åŠä»¥ä¸Šï¼‰)
2025-10-25 22:27:22.426 28491-32161 AmapBroadcastHandlers   com.example.cplink                   D  ğŸ”„ è½¬å¼¯æ˜ å°„: é«˜å¾·å›¾æ ‡=20 -> CarrotManç±»å‹=54
2025-10-25 22:27:22.426 28491-32161 AmapBroadcastHandlers   com.example.cplink                   D  ğŸ”„ ä¸‹ä¸€è½¬å¼¯æ˜ å°„: é«˜å¾·å›¾æ ‡=0 -> CarrotManç±»å‹=51
2025-10-25 22:27:22.426 28491-32161 AmapBroadcastHandlers   com.example.cplink                   I  ğŸ§­ å¼•å¯¼ä¿¡æ¯: é“è·¯=G2äº¬æ²ªé«˜é€Ÿ->æ³—æ‘åº—ç«‹äº¤, è½¬å¼¯ç±»å‹=54, è·ç¦»=44866m
2025-10-25 22:27:22.427 28491-32161 AmapBroadcastHandlers   com.example.cplink                   D  ğŸ“Š æ•°æ®æºå·²æ›´æ–°: amap_navi
2025-10-25 22:27:22.428 28491-32161 AmapBroadcastHandlers   com.example.cplink                   D  ğŸ“¤ å¼•å¯¼ä¿¡æ¯æ•°æ®å·²å‘é€åˆ°Comma3è®¾å¤‡
