
2025-10-29 22:33:52.033 29521-29898 CarrotManNetwork        com.example.cplink                   V  ğŸ“ å‘é€GPSåæ ‡: lat=31.203626, lon=120.628028, vp_lat=31.203626, vp_lon=120.628028
2025-10-29 22:33:52.040 29521-31043 CarrotManNetwork        com.example.cplink                   I  ğŸ“¡ æ”¶åˆ°è®¾å¤‡å¹¿æ’­: [{"Carrot2": "0.9.9", "IsOnroad": false, "CarrotRouteActive": false, "ip": "192.168.10.40", "port": 7706, "log_carrot": "", "v_cruise_kph": 0, "carcruiseSpeed": 0, "v_ego_kph": 0, "tbt_dist": 14, "sdi_dist": 0, "active": false, "xState": 0, "trafficState": 0}] from 192.168.10.40
2025-10-29 22:33:52.040 29521-31043 CarrotManNetwork        com.example.cplink                   D  ğŸ“Š å½“å‰çŠ¶æ€: å·²å‘ç°è®¾å¤‡=1, å½“å‰è¿æ¥=192.168.10.40
2025-10-29 22:33:52.040 29521-31043 CarrotManNetwork        com.example.cplink                   D  ğŸ” æ£€æŸ¥OpenpPilotæ•°æ®: Carrot2=true, IsOnroad=true, v_ego_kph=true, active=true, xState=true -> true
2025-10-29 22:33:52.115 29521-29521 MainActivity            com.example.cplink                   I  â¸ï¸ Activityæš‚åœ
2025-10-29 22:33:52.116 29521-29849 .example.cplink         com.example.cplink                   I  CollectorTransition concurrent copying GC freed 2044KB AllocSpace bytes, 58(3016KB) LOS objects, 49% free, 5651KB(NonMov:80KB, MS:3531KB + LOS:2040KB)/11MB, paused 62us,212us total 104.501ms
2025-10-29 22:33:52.118 29521-29521 DeviceManager           com.example.cplink                   I  ğŸ“Š è®°å½•ä½¿ç”¨æ—¶é•¿: 14åˆ†é’Ÿï¼Œç´¯è®¡: 200åˆ†é’Ÿï¼Œä¿å­˜æˆåŠŸ: true
2025-10-29 22:33:52.118 29521-29521 MainActivity            com.example.cplink                   I  ğŸ”“ ç”¨æˆ·ç±»å‹4å¯ä»¥ä½¿ç”¨æ‚¬æµ®çª—åŠŸèƒ½
2025-10-29 22:33:52.118 29521-29521 NetworkManager          com.example.cplink                   D  ğŸ”„ ç½‘ç»œç®¡ç†å™¨åå°çŠ¶æ€æ›´æ–°: true
2025-10-29 22:33:52.118 29521-29521 MainActivity            com.example.cplink                   I  ğŸ”„ ç½‘ç»œç®¡ç†å™¨å·²åˆ‡æ¢åˆ°åå°æ¨¡å¼
2025-10-29 22:33:52.123 29521-29521 MainActivity            com.example.cplink                   I  ğŸŒ GPSä½ç½®æ›´æ–°åœ¨åå°ç»§ç»­è¿è¡Œ
2025-10-29 22:33:52.127 29521-29521 NetworkManager          com.example.cplink                   I  âœ… OpenpPilotçŠ¶æ€å·²æ›´æ–°: è½¦é€Ÿ=0km/h, æ¿€æ´»=false, åœ¨è·¯ä¸Š=false
2025-10-29 22:33:52.129 29521-29521 FloatingWindowService   com.example.cplink                   D  ğŸ‘¤ ç”¨æˆ·ç±»å‹æƒé™æ£€æŸ¥: userType=4, hasPermission=true (æ‰€æœ‰ç”¨æˆ·éƒ½å¯ä½¿ç”¨)
2025-10-29 22:33:52.129 29521-29521 FloatingWindowService   com.example.cplink                   I  ğŸ”„ ä½¿ç”¨å¹¿æ’­æ–¹å¼å‘é€æ§åˆ¶æŒ‡ä»¤ï¼Œé¿å…ç«¯å£å†²çª
2025-10-29 22:33:52.129 29521-29521 FloatingWindowService   com.example.cplink                   I  âœ… ç½‘ç»œç®¡ç†å™¨åˆå§‹åŒ–å®Œæˆï¼ˆå¹¿æ’­æ¨¡å¼ï¼‰
2025-10-29 22:33:52.139 29521-29521 FloatingWindowService   com.example.cplink                   I  ğŸ”„ ç”¨æˆ·ç±»å‹æ–‡æœ¬å·²æ›´æ–°: é“ç²‰ ğŸ“‚
2025-10-29 22:33:52.139 29521-29521 FloatingWindowService   com.example.cplink                   I  âœ… æ‚¬æµ®çª—ç”¨æˆ·ç±»å‹æ˜¾ç¤ºæ›´æ–°å®Œæˆ
2025-10-29 22:33:52.139 29521-29521 FloatingWindowService   com.example.cplink                   I  âœ… æ™ºèƒ½æ§é€ŸæŒ‰é’®çŠ¶æ€åˆå§‹åŒ–: æ¨¡å¼=0
2025-10-29 22:33:52.142 29521-29873 CarrotManNetwork        com.example.cplink                   I  ğŸ“¡ æ”¶åˆ°è®¾å¤‡å¹¿æ’­: [{"Carrot2": "0.9.9", "IsOnroad": false, "CarrotRouteActive": false, "ip": "192.168.10.40", "port": 7706, "log_carrot": "", "v_cruise_kph": 0, "carcruiseSpeed": 0, "v_ego_kph": 0, "tbt_dist": 14, "sdi_dist": 0, "active": false, "xState": 0, "trafficState": 0}] from 192.168.10.40
2025-10-29 22:33:52.142 29521-29873 CarrotManNetwork        com.example.cplink                   D  ğŸ“Š å½“å‰çŠ¶æ€: å·²å‘ç°è®¾å¤‡=1, å½“å‰è¿æ¥=192.168.10.40
2025-10-29 22:33:52.142 29521-29873 CarrotManNetwork        com.example.cplink                   D  ğŸ” æ£€æŸ¥OpenpPilotæ•°æ®: Carrot2=true, IsOnroad=true, v_ego_kph=true, active=true, xState=true -> true
2025-10-29 22:33:52.154 29521-29521 FloatingWindowService   com.example.cplink                   I  âœ… æ‚¬æµ®çª—æ˜¾ç¤ºæˆåŠŸ
2025-10-29 22:33:52.154 29521-29521 FloatingWindowService   com.example.cplink                   I  â¹ï¸ åœæ­¢é€Ÿåº¦æ•°æ®æ£€æŸ¥
2025-10-29 22:33:52.154 29521-29521 FloatingWindowService   com.example.cplink                   I  ğŸš— å¼€å§‹ä¼˜åŒ–é€Ÿåº¦æ•°æ®æ£€æŸ¥ï¼ˆé«˜é¢‘æ›´æ–°ï¼‰
2025-10-29 22:33:52.154 29521-29521 FloatingWindowService   com.example.cplink                   I  â¹ï¸ åœæ­¢åº”ç”¨å´©æºƒæ£€æµ‹
2025-10-29 22:33:52.154 29521-29521 FloatingWindowService   com.example.cplink                   I  ğŸ” åº”ç”¨å´©æºƒæ£€æµ‹å·²å¯åŠ¨
2025-10-29 22:33:52.187 29521-29521 ViewRootImpl            com.example.cplink                   D  AppSizeAfterRelayout, size: Point(674, 455), rotation: ROTATION_0
2025-10-29 22:33:52.188 29521-29521 libc                    com.example.cplink                   W  Access denied finding property "vendor.display.enable_optimal_refresh_rate"
2025-10-29 22:33:52.207 29521-29521 NetworkManager          com.example.cplink                   I  âœ… OpenpPilotçŠ¶æ€å·²æ›´æ–°: è½¦é€Ÿ=0km/h, æ¿€æ´»=false, åœ¨è·¯ä¸Š=false
2025-10-29 22:33:52.210 29521-29521 ViewRootImpl            com.example.cplink                   D  AppSizeAfterRelayout, size: Point(686, 455), rotation: ROTATION_0
2025-10-29 22:33:52.269 29521-29897 CarrotManNetwork        com.example.cplink                   I  ğŸ“¡ æ”¶åˆ°è®¾å¤‡å¹¿æ’­: [{"Carrot2": "0.9.9", "IsOnroad": false, "CarrotRouteActive": false, "ip": "192.168.10.40", "port": 7706, "log_carrot": "", "v_cruise_kph": 0, "carcruiseSpeed": 0, "v_ego_kph": 0, "tbt_dist": 14, "sdi_dist": 0, "active": false, "xState": 0, "trafficState": 0}] from 192.168.10.40
2025-10-29 22:33:52.269 29521-29897 CarrotManNetwork        com.example.cplink                   D  ğŸ“Š å½“å‰çŠ¶æ€: å·²å‘ç°è®¾å¤‡=1, å½“å‰è¿æ¥=192.168.10.40
2025-10-29 22:33:52.269 29521-29897 CarrotManNetwork        com.example.cplink                   D  ğŸ” æ£€æŸ¥OpenpPilotæ•°æ®: Carrot2=true, IsOnroad=true, v_ego_kph=true, active=true, xState=true -> true
2025-10-29 22:33:52.271 29521-29521 NetworkManager          com.example.cplink                   I  âœ… OpenpPilotçŠ¶æ€å·²æ›´æ–°: è½¦é€Ÿ=0km/h, æ¿€æ´»=false, åœ¨è·¯ä¸Š=false
2025-10-29 22:33:52.271 29521-29873 CarrotManNetwork        com.example.cplink                   V  ğŸ“ å‘é€GPSåæ ‡: lat=31.203626, lon=120.628028, vp_lat=31.203626, vp_lon=120.628028
2025-10-29 22:33:52.373 29521-29953 CarrotManNetwork        com.example.cplink                   I  ğŸ“¡ æ”¶åˆ°è®¾å¤‡å¹¿æ’­: [{"Carrot2": "0.9.9", "IsOnroad": false, "CarrotRouteActive": false, "ip": "192.168.10.40", "port": 7706, "log_carrot": "", "v_cruise_kph": 0, "carcruiseSpeed": 0, "v_ego_kph": 0, "tbt_dist": 14, "sdi_dist": 0, "active": false, "xState": 0, "trafficState": 0}] from 192.168.10.40
2025-10-29 22:33:52.373 29521-29953 CarrotManNetwork        com.example.cplink                   D  ğŸ“Š å½“å‰çŠ¶æ€: å·²å‘ç°è®¾å¤‡=1, å½“å‰è¿æ¥=192.168.10.40
2025-10-29 22:33:52.373 29521-29953 CarrotManNetwork        com.example.cplink                   D  ğŸ” æ£€æŸ¥OpenpPilotæ•°æ®: Carrot2=true, IsOnroad=true, v_ego_kph=true, active=true, xState=true -> true
2025-10-29 22:33:52.374 29521-29521 NetworkManager          com.example.cplink                   I  âœ… OpenpPilotçŠ¶æ€å·²æ›´æ–°: è½¦é€Ÿ=0km/h, æ¿€æ´»=false, åœ¨è·¯ä¸Š=false
2025-10-29 22:33:52.473 29521-29873 CarrotManNetwork        com.example.cplink                   V  ğŸ“ å‘é€GPSåæ ‡: lat=31.203626, lon=120.628028, vp_lat=31.203626, vp_lon=120.628028
2025-10-29 22:33:52.474 29521-31862 CarrotManNetwork        com.example.cplink                   I  ğŸ“¡ æ”¶åˆ°è®¾å¤‡å¹¿æ’­: [{"Carrot2": "0.9.9", "IsOnroad": false, "CarrotRouteActive": false, "ip": "192.168.10.40", "port": 7706, "log_carrot": "", "v_cruise_kph": 0, "carcruiseSpeed": 0, "v_ego_kph": 0, "tbt_dist": 14, "sdi_dist": 0, "active": false, "xState": 0, "trafficState": 0}] from 192.168.10.40
2025-10-29 22:33:52.474 29521-31862 CarrotManNetwork        com.example.cplink                   D  ğŸ“Š å½“å‰çŠ¶æ€: å·²å‘ç°è®¾å¤‡=1, å½“å‰è¿æ¥=192.168.10.40
2025-10-29 22:33:52.474 29521-31862 CarrotManNetwork        com.example.cplink                   D  ğŸ” æ£€æŸ¥OpenpPilotæ•°æ®: Carrot2=true, IsOnroad=true, v_ego_kph=true, active=true, xState=true -> true
2025-10-29 22:33:52.475 29521-29521 NetworkManager          com.example.cplink                   I  âœ… OpenpPilotçŠ¶æ€å·²æ›´æ–°: è½¦é€Ÿ=0km/h, æ¿€æ´»=false, åœ¨è·¯ä¸Š=false
2025-10-29 22:33:52.575 29521-31861 CarrotManNetwork        com.example.cplink                   I  ğŸ“¡ æ”¶åˆ°è®¾å¤‡å¹¿æ’­: [{"Carrot2": "0.9.9", "IsOnroad": false, "CarrotRouteActive": false, "ip": "192.168.10.40", "port": 7706, "log_carrot": "", "v_cruise_kph": 0, "carcruiseSpeed": 0, "v_ego_kph": 0, "tbt_dist": 14, "sdi_dist": 0, "active": false, "xState": 0, "trafficState": 0}] from 192.168.10.40
2025-10-29 22:33:52.575 29521-31861 CarrotManNetwork        com.example.cplink                   D  ğŸ“Š å½“å‰çŠ¶æ€: å·²å‘ç°è®¾å¤‡=1, å½“å‰è¿æ¥=192.168.10.40
2025-10-29 22:33:52.575 29521-31861 CarrotManNetwork        com.example.cplink                   D  ğŸ” æ£€æŸ¥OpenpPilotæ•°æ®: Carrot2=true, IsOnroad=true, v_ego_kph=true, active=true, xState=true -> true
2025-10-29 22:33:52.577 29521-29521 NetworkManager          com.example.cplink                   I  âœ… OpenpPilotçŠ¶æ€å·²æ›´æ–°: è½¦é€Ÿ=0km/h, æ¿€æ´»=false, åœ¨è·¯ä¸Š=false
2025-10-29 22:33:52.673 29521-29953 CarrotManNetwork        com.example.cplink                   V  ğŸ“ å‘é€GPSåæ ‡: lat=31.203626, lon=120.628028, vp_lat=31.203626, vp_lon=120.628028
2025-10-29 22:33:52.679 29521-29900 CarrotManNetwork        com.example.cplink                   I  ğŸ“¡ æ”¶åˆ°è®¾å¤‡å¹¿æ’­: [{"Carrot2": "0.9.9", "IsOnroad": false, "CarrotRouteActive": false, "ip": "192.168.10.40", "port": 7706, "log_carrot": "", "v_cruise_kph": 0, "carcruiseSpeed": 0, "v_ego_kph": 0, "tbt_dist": 14, "sdi_dist": 0, "active": false, "xState": 0, "trafficState": 0}] from 192.168.10.40
2025-10-29 22:33:52.679 29521-29900 CarrotManNetwork        com.example.cplink                   D  ğŸ“Š å½“å‰çŠ¶æ€: å·²å‘ç°è®¾å¤‡=1, å½“å‰è¿æ¥=192.168.10.40
2025-10-29 22:33:52.679 29521-29900 CarrotManNetwork        com.example.cplink                   D  ğŸ” æ£€æŸ¥OpenpPilotæ•°æ®: Carrot2=true, IsOnroad=true, v_ego_kph=true, active=true, xState=true -> true
2025-10-29 22:33:52.680 29521-29521 NetworkManager          com.example.cplink                   I  âœ… OpenpPilotçŠ¶æ€å·²æ›´æ–°: è½¦é€Ÿ=0km/h, æ¿€æ´»=false, åœ¨è·¯ä¸Š=false
2025-10-29 22:33:52.780 29521-29873 CarrotManNetwork        com.example.cplink                   I  ğŸ“¡ æ”¶åˆ°è®¾å¤‡å¹¿æ’­: [{"Carrot2": "0.9.9", "IsOnroad": false, "CarrotRouteActive": false, "ip": "192.168.10.40", "port": 7706, "log_carrot": "", "v_cruise_kph": 0, "carcruiseSpeed": 0, "v_ego_kph": 0, "tbt_dist": 14, "sdi_dist": 0, "active": false, "xState": 0, "trafficState": 0}] from 192.168.10.40
2025-10-29 22:33:52.780 29521-29873 CarrotManNetwork        com.example.cplink                   D  ğŸ“Š å½“å‰çŠ¶æ€: å·²å‘ç°è®¾å¤‡=1, å½“å‰è¿æ¥=192.168.10.40
2025-10-29 22:33:52.780 29521-29873 CarrotManNetwork        com.example.cplink                   D  ğŸ” æ£€æŸ¥OpenpPilotæ•°æ®: Carrot2=true, IsOnroad=true, v_ego_kph=true, active=true, xState=true -> true
2025-10-29 22:33:52.781 29521-29521 NetworkManager          com.example.cplink                   I  âœ… OpenpPilotçŠ¶æ€å·²æ›´æ–°: è½¦é€Ÿ=0km/h, æ¿€æ´»=false, åœ¨è·¯ä¸Š=false
2025-10-29 22:33:52.881 29521-31862 CarrotManNetwork        com.example.cplink                   I  ğŸ“¡ æ”¶åˆ°è®¾å¤‡å¹¿æ’­: [{"Carrot2": "0.9.9", "IsOnroad": false, "CarrotRouteActive": false, "ip": "192.168.10.40", "port": 7706, "log_carrot": "", "v_cruise_kph": 0, "carcruiseSpeed": 0, "v_ego_kph": 0, "tbt_dist": 14, "sdi_dist": 0, "active": false, "xState": 0, "trafficState": 0}] from 192.168.10.40
2025-10-29 22:33:52.881 29521-31862 CarrotManNetwork        com.example.cplink                   D  ğŸ“Š å½“å‰çŠ¶æ€: å·²å‘ç°è®¾å¤‡=1, å½“å‰è¿æ¥=192.168.10.40
2025-10-29 22:33:52.881 29521-31862 CarrotManNetwork        com.example.cplink                   D  ğŸ” æ£€æŸ¥OpenpPilotæ•°æ®: Carrot2=true, IsOnroad=true, v_ego_kph=true, active=true, xState=true -> true
2025-10-29 22:33:52.883 29521-29521 NetworkManager          com.example.cplink                   I  âœ… OpenpPilotçŠ¶æ€å·²æ›´æ–°: è½¦é€Ÿ=0km/h, æ¿€æ´»=false, åœ¨è·¯ä¸Š=false
2025-10-29 22:33:52.921 29521-29521 VRI[MainActivity]       com.example.cplink                   D  visibilityChanged oldVisibility=true newVisibility=false
2025-10-29 22:33:52.932 29521-29521 ViewRootImpl            com.example.cplink                   D  AppSizeAfterRelayout, size: Point(1080, 1191), rotation: ROTATION_0
2025-10-29 22:33:52.978 29521-29521 MainActivity            com.example.cplink                   I  ğŸ”§ MainActivityæ­£åœ¨é”€æ¯ï¼Œæ¸…ç†èµ„æº...
2025-10-29 22:33:52.979 29521-29521 MainActivity            com.example.cplink                   I  ğŸ›‘ å·²å‘é€åœæ­¢æ‚¬æµ®çª—æœåŠ¡æŒ‡ä»¤
2025-10-29 22:33:52.980 29521-29521 MainActivity            com.example.cplink                   I  ğŸ“Š å†…å­˜ç›‘æ§å·²åœæ­¢
2025-10-29 22:33:52.980 29521-29521 MainActivity            com.example.cplink                   I  ğŸ§¹ åç¨‹ä½œç”¨åŸŸå·²æ¸…ç†
2025-10-29 22:33:52.981 29521-29521 DeviceManager           com.example.cplink                   I  ğŸ“Š è®°å½•ä½¿ç”¨æ—¶é•¿: 14åˆ†é’Ÿï¼Œç´¯è®¡: 214åˆ†é’Ÿï¼Œä¿å­˜æˆåŠŸ: true
2025-10-29 22:33:52.981 29521-29521 MainActivity            com.example.cplink                   I  ğŸ›‘ åœæ­¢å‰å°æœåŠ¡...
2025-10-29 22:33:52.982 29521-29521 MainActivity            com.example.cplink                   I  âœ… å‰å°æœåŠ¡åœæ­¢æˆåŠŸ
2025-10-29 22:33:52.982 29521-29521 MainActivity            com.example.cplink                   I  âœ… æ§åˆ¶æŒ‡ä»¤å¹¿æ’­æ¥æ”¶å™¨å·²æ³¨é”€
2025-10-29 22:33:52.983 29521-31862 CarrotManNetwork        com.example.cplink                   I  ğŸ“¡ æ”¶åˆ°è®¾å¤‡å¹¿æ’­: [{"Carrot2": "0.9.9", "IsOnroad": false, "CarrotRouteActive": false, "ip": "192.168.10.40", "port": 7706, "log_carrot": "", "v_cruise_kph": 0, "carcruiseSpeed": 0, "v_ego_kph": 0, "tbt_dist": 14, "sdi_dist": 0, "active": false, "xState": 0, "trafficState": 0}] from 192.168.10.40
2025-10-29 22:33:52.983 29521-31862 CarrotManNetwork        com.example.cplink                   D  ğŸ“Š å½“å‰çŠ¶æ€: å·²å‘ç°è®¾å¤‡=1, å½“å‰è¿æ¥=192.168.10.40
2025-10-29 22:33:52.983 29521-31862 CarrotManNetwork        com.example.cplink                   D  ğŸ” æ£€æŸ¥OpenpPilotæ•°æ®: Carrot2=true, IsOnroad=true, v_ego_kph=true, active=true, xState=true -> true
2025-10-29 22:33:52.983 29521-29521 AmapBroadcastManager    com.example.cplink                   I  âœ… å¹¿æ’­æ¥æ”¶å™¨å·²æ³¨é”€
2025-10-29 22:33:53.040 29521-29521 LocationSensorManager   com.example.cplink                   I  âœ… ä½ç½®å’Œä¼ æ„Ÿå™¨æœåŠ¡å·²æ¸…ç†
2025-10-29 22:33:53.040 29521-29521 PermissionManager       com.example.cplink                   I  ğŸ§¹ æ¸…ç†æƒé™ç®¡ç†å™¨èµ„æº...
2025-10-29 22:33:53.040 29521-29521 NetworkManager          com.example.cplink                   I  â¹ï¸ ç½‘ç»œçŠ¶æ€å®šæœŸæ›´æ–°å·²åœæ­¢
2025-10-29 22:33:53.041 29521-29521 CarrotManNetwork        com.example.cplink                   I  å¼€å§‹æ¸…ç†CarrotManç½‘ç»œå®¢æˆ·ç«¯èµ„æº
2025-10-29 22:33:53.041 29521-29521 CarrotManNetwork        com.example.cplink                   I  åœæ­¢ CarrotMan ç½‘ç»œå®¢æˆ·ç«¯æœåŠ¡
2025-10-29 22:33:53.042 29521-29953 CarrotManNetwork        com.example.cplink                   E  âŒ è‡ªåŠ¨æ•°æ®å‘é€å¤±è´¥: StandaloneCoroutine was cancelled
                                                                                                    kotlinx.coroutines.JobCancellationException: StandaloneCoroutine was cancelled; job=StandaloneCoroutine{Cancelling}@a6d1edd
2025-10-29 22:33:53.042 29521-29953 CarrotManNetwork        com.example.cplink                   E  âŒ è®¾å¤‡å¥åº·æ£€æŸ¥å¤±è´¥: StandaloneCoroutine was cancelled
                                                                                                    kotlinx.coroutines.JobCancellationException: StandaloneCoroutine was cancelled; job=StandaloneCoroutine{Cancelling}@108b123
2025-10-29 22:33:53.043 29521-29521 CarrotManNetwork        com.example.cplink                   D  ç½‘ç»œçŠ¶æ€å·²ä¿å­˜: running=false, device=
2025-10-29 22:33:53.043 29521-29521 CarrotManNetwork        com.example.cplink                   I  CarrotMan ç½‘ç»œæœåŠ¡å·²å®Œå…¨åœæ­¢
2025-10-29 22:33:53.044 29521-29521 CarrotManNetwork        com.example.cplink                   I  CarrotManç½‘ç»œå®¢æˆ·ç«¯èµ„æºæ¸…ç†å®Œæˆ
2025-10-29 22:33:53.045 29521-29521 NetworkManager          com.example.cplink                   I  ğŸ§¹ ç½‘ç»œç®¡ç†å™¨èµ„æºå·²æ¸…ç†
2025-10-29 22:33:53.045 29521-29521 DeviceManager           com.example.cplink                   I  ğŸ§¹ æ¸…ç†è®¾å¤‡ç®¡ç†å™¨èµ„æº
2025-10-29 22:33:53.045 29521-29521 DeviceManager           com.example.cplink                   I  â¹ï¸ åœæ­¢å€’è®¡æ—¶
2025-10-29 22:33:53.045 29521-29521 MainActivity            com.example.cplink                   I  âœ… æ‰€æœ‰ç›‘å¬å™¨å·²æ³¨é”€å¹¶é‡Šæ”¾èµ„æº
2025-10-29 22:33:53.045 29521-29873 CarrotManNetwork        com.example.cplink                   E  âŒ å¿ƒè·³ä»»åŠ¡å¼‚å¸¸: Job was cancelled
                                                                                                    kotlinx.coroutines.JobCancellationException: Job was cancelled; job=SupervisorJobImpl{Cancelling}@921cbd9
2025-10-29 22:33:53.065 29521-29521 FloatingWindowService   com.example.cplink                   I  â¹ï¸ åœæ­¢é€Ÿåº¦æ•°æ®æ£€æŸ¥
2025-10-29 22:33:53.065 29521-29521 FloatingWindowService   com.example.cplink                   I  â¹ï¸ åœæ­¢åº”ç”¨å´©æºƒæ£€æµ‹
2025-10-29 22:33:53.066 29521-29521 FloatingWindowService   com.example.cplink                   I  âœ… æ‚¬æµ®çª—éšè—æˆåŠŸ
2025-10-29 22:33:53.073 29521-29952 NetworkManager          com.example.cplink                   E  âŒ å®šæœŸæ›´æ–°ç½‘ç»œçŠ¶æ€å¤±è´¥: StandaloneCoroutine was cancelled
                                                                                                    kotlinx.coroutines.JobCancellationException: StandaloneCoroutine was cancelled; job=StandaloneCoroutine{Cancelling}@691a44c
2025-10-29 22:33:53.073 29521-29521 NetworkManager          com.example.cplink                   I  âœ… OpenpPilotçŠ¶æ€å·²æ›´æ–°: è½¦é€Ÿ=0km/h, æ¿€æ´»=false, åœ¨è·¯ä¸Š=false
2025-10-29 22:33:53.074 29521-29521 NetworkManager          com.example.cplink                   I  ğŸŒ ç½‘ç»œçŠ¶æ€å˜åŒ–: connected=false, device=
2025-10-29 22:33:53.074 29521-29521 WindowOnBackDispatcher  com.example.cplink                   W  sendCancelIfRunning: isInProgress=false callback=android.view.ViewRootImpl$$ExternalSyntheticLambda11@fe696c1
2025-10-29 22:33:53.101 29521-29521 FloatingWindowService   com.example.cplink                   I  ğŸ”§ æ‚¬æµ®çª—æœåŠ¡æ­£åœ¨é”€æ¯ï¼Œæ¸…ç†æ‰€æœ‰èµ„æº...
2025-10-29 22:33:53.101 29521-29521 FloatingWindowService   com.example.cplink                   I  â¹ï¸ åœæ­¢é€Ÿåº¦æ•°æ®æ£€æŸ¥
2025-10-29 22:33:53.101 29521-29521 FloatingWindowService   com.example.cplink                   I  â¹ï¸ åœæ­¢åº”ç”¨å´©æºƒæ£€æµ‹
2025-10-29 22:33:53.101 29521-29521 FloatingWindowService   com.example.cplink                   D  ğŸ” æ‚¬æµ®çª—æœªæ˜¾ç¤ºæˆ–å·²éšè—ï¼Œè·³è¿‡éšè—æ“ä½œ
2025-10-29 22:33:53.101 29521-29521 FloatingWindowService   com.example.cplink                   I  âœ… æ‚¬æµ®çª—æœåŠ¡èµ„æºæ¸…ç†å®Œæˆ
2025-10-29 22:33:53.101 29521-29521 FloatingWindowService   com.example.cplink                   I  ğŸ”§ æ‚¬æµ®çª—æœåŠ¡é”€æ¯
2025-10-29 22:33:53.233 29521-29521 MainActivity            com.example.cplink                   D  ğŸŒ ç½‘ç»œçŠ¶æ€ç›‘æ§: âŒ , è®¾å¤‡: æ— è¿æ¥
2025-10-29 22:33:53.309 29521-29521 MainActivity            com.example.cplink                   D  ğŸŒ ç½‘ç»œçŠ¶æ€ç›‘æ§: âŒ , è®¾å¤‡: æ— è¿æ¥