2025-10-31 09:23:50.198 14348-14348 LocationSensorManager   com.example.cplink                   I    🚀 速度: 25.8 km/h
2025-10-31 09:23:50.198 14348-14348 LocationSensorManager   com.example.cplink                   I    🧭 方向: 307.9°
2025-10-31 09:23:50.198 14348-14348 LocationSensorManager   com.example.cplink                   I    📡 精度: 3.7913778m
2025-10-31 09:23:50.198 14348-14348 LocationSensorManager   com.example.cplink                   I    🔧 提供者: gps
2025-10-31 09:23:50.198 14348-14348 LocationSensorManager   com.example.cplink                   I    ⏰ 时间: -802ms前
2025-10-31 09:23:50.198 14348-14348 LocationSensorManager   com.example.cplink                   I  ✅ GPS字段更新完成 (实时性优化):
2025-10-31 09:23:50.198 14348-14348 LocationSensorManager   com.example.cplink                   D    📍 坐标: lat=31.199869, lon=120.626661
2025-10-31 09:23:50.199 14348-14348 LocationSensorManager   com.example.cplink                   D    🚀 速度: 25.8 km/h
2025-10-31 09:23:50.199 14348-14348 LocationSensorManager   com.example.cplink                   D    🧭 方向: 307.9°
2025-10-31 09:23:50.199 14348-14348 LocationSensorManager   com.example.cplink                   D    📡 精度: 3.8m
2025-10-31 09:23:50.199 14348-14348 LocationSensorManager   com.example.cplink                   D    🔧 提供者: gps
2025-10-31 09:23:50.199 14348-14348 LocationSensorManager   com.example.cplink                   D    ⏰ 数据年龄: -803ms
2025-10-31 09:23:50.199 14348-14348 LocationSensorManager   com.example.cplink                   D    🎯 实时性: 优秀
2025-10-31 09:23:50.199 14348-14348 LocationSensorManager   com.example.cplink                   V  🔍 验证GPS字段同步:
2025-10-31 09:23:50.199 14348-14348 LocationSensorManager   com.example.cplink                   V    vpPosPointLat: 31.1998689
2025-10-31 09:23:50.199 14348-14348 LocationSensorManager   com.example.cplink                   V    vpPosPointLon: 120.6266613
2025-10-31 09:23:50.199 14348-14348 LocationSensorManager   com.example.cplink                   V    latitude: 31.1998689
2025-10-31 09:23:50.199 14348-14348 LocationSensorManager   com.example.cplink                   V    longitude: 120.6266613
2025-10-31 09:23:50.213 14348-22253 AmapBroadcastHandlers   com.example.cplink                   D  🌍 地理位置: 行政区='', 城市='', 区县=''
2025-10-31 09:23:50.278 14348-14348 NetworkManager          com.example.cplink                   I  🔄 状态变化: 车速 23 -> 24, 激活 true -> true
2025-10-31 09:23:50.508 14348-14348 NetworkManager          com.example.cplink                   I  🔄 状态变化: 车速 24 -> 25, 激活 true -> true
2025-10-31 09:23:50.584 14348-22256 AmapBroadcastManager    com.example.cplink                   D  📡 处理通用广播: KEY_TYPE=13011
2025-10-31 09:23:50.618 14348-22256 AmapBroadcastHandlers   com.example.cplink                   D  🛣️ 道路类型映射: ROAD_TYPE=8 (次要道路) -> roadcate=6 (中等宽度（双车道）)
2025-10-31 09:23:50.618 14348-22256 AmapBroadcastHandlers   com.example.cplink                   I  🧭 引导信息: 道路=云湾路->荣区街, 转弯类型=13, 距离=508m
2025-10-31 09:23:50.619 14348-22256 AmapBroadcastHandlers   com.example.cplink                   V    使用effectiveLatitude策略: vpPosPointLat=31.1998689, vpPosPointLatNavi=31.1998689
2025-10-31 09:23:50.619 14348-22256 AmapBroadcastHandlers   com.example.cplink                   D  🛣️ 道路类型映射: ROAD_TYPE=8 (次要道路) -> roadcate=6 (中等宽度（双车道）)
2025-10-31 09:23:50.619 14348-22256 AmapBroadcastHandlers   com.example.cplink                   I  🧭 引导信息: 道路=云湾路->荣区街, 转弯类型=13, 距离=508m
2025-10-31 09:23:50.620 14348-22256 AmapBroadcastHandlers   com.example.cplink                   V    使用effectiveLatitude策略: vpPosPointLat=31.1998689, vpPosPointLatNavi=31.1998689
2025-10-31 09:23:50.621 14348-22256 AmapBroadcastHandlers   com.example.cplink                   D  🛣️ 道路类型映射: ROAD_TYPE=8 (次要道路) -> roadcate=6 (中等宽度（双车道）)
2025-10-31 09:23:50.621 14348-22256 AmapBroadcastHandlers   com.example.cplink                   I  🧭 引导信息: 道路=云湾路->荣区街, 转弯类型=13, 距离=508m
2025-10-31 09:23:50.622 14348-22256 AmapBroadcastHandlers   com.example.cplink                   V    使用effectiveLatitude策略: vpPosPointLat=31.1998689, vpPosPointLatNavi=31.1998689
2025-10-31 09:23:50.693 14348-14348 NetworkManager          com.example.cplink                   I  🔄 状态变化: 车速 25 -> 26, 激活 true -> true
2025-10-31 09:23:50.900 14348-14348 NetworkManager          com.example.cplink                   I  🔄 状态变化: 车速 26 -> 27, 激活 true -> true
2025-10-31 09:23:51.110 14348-14348 NetworkManager          com.example.cplink                   I  🔄 状态变化: 车速 27 -> 28, 激活 true -> true
2025-10-31 09:23:51.179 14348-14348 LocationSensorManager   com.example.cplink                   I  🌍 GPS位置更新接收:
2025-10-31 09:23:51.180 14348-14348 LocationSensorManager   com.example.cplink                   I    📍 坐标: lat=31.199914, lon=120.626599
2025-10-31 09:23:51.180 14348-14348 LocationSensorManager   com.example.cplink                   I    🚀 速度: 30.0 km/h
2025-10-31 09:23:51.180 14348-14348 LocationSensorManager   com.example.cplink                   I    🧭 方向: 309.4°
2025-10-31 09:23:51.180 14348-14348 LocationSensorManager   com.example.cplink                   I    📡 精度: 3.7929866m
2025-10-31 09:23:51.180 14348-14348 LocationSensorManager   com.example.cplink                   I    🔧 提供者: gps
2025-10-31 09:23:51.180 14348-14348 LocationSensorManager   com.example.cplink                   I    ⏰ 时间: -820ms前
2025-10-31 09:23:51.180 14348-14348 LocationSensorManager   com.example.cplink                   I  ✅ GPS字段更新完成 (实时性优化):
2025-10-31 09:23:51.180 14348-14348 LocationSensorManager   com.example.cplink                   D    📍 坐标: lat=31.199914, lon=120.626599
2025-10-31 09:23:51.180 14348-14348 LocationSensorManager   com.example.cplink                   D    🚀 速度: 30.0 km/h
2025-10-31 09:23:51.180 14348-14348 LocationSensorManager   com.example.cplink                   D    🧭 方向: 309.4°
2025-10-31 09:23:51.181 14348-14348 LocationSensorManager   com.example.cplink                   D    📡 精度: 3.8m
2025-10-31 09:23:51.181 14348-14348 LocationSensorManager   com.example.cplink                   D    🔧 提供者: gps
2025-10-31 09:23:51.181 14348-14348 LocationSensorManager   com.example.cplink                   D    ⏰ 数据年龄: -821ms
2025-10-31 09:23:51.181 14348-14348 LocationSensorManager   com.example.cplink                   D    🎯 实时性: 优秀
2025-10-31 09:23:51.181 14348-14348 LocationSensorManager   com.example.cplink                   V  🔍 验证GPS字段同步:
2025-10-31 09:23:51.181 14348-14348 LocationSensorManager   com.example.cplink                   V    vpPosPointLat: 31.19991388
2025-10-31 09:23:51.181 14348-14348 LocationSensorManager   com.example.cplink                   V    vpPosPointLon: 120.62659888
2025-10-31 09:23:51.181 14348-14348 LocationSensorManager   com.example.cplink                   V    latitude: 31.19991388
2025-10-31 09:23:51.181 14348-14348 LocationSensorManager   com.example.cplink                   V    longitude: 120.62659888
2025-10-31 09:23:51.210 14348-22130 AmapBroadcastHandlers   com.example.cplink                   D  🌍 地理位置: 行政区='', 城市='', 区县=''
2025-10-31 09:23:51.422 14348-14348 NetworkManager          com.example.cplink                   I  🔄 状态变化: 车速 28 -> 29, 激活 true -> true
2025-10-31 09:23:51.630 14348-14348 NetworkManager          com.example.cplink                   I  🔄 状态变化: 车速 29 -> 30, 激活 true -> true
2025-10-31 09:23:51.768 14348-22253 AmapBroadcastHandlers   com.example.cplink                   D  🛣️ 道路类型映射: ROAD_TYPE=8 (次要道路) -> roadcate=6 (中等宽度（双车道）)
2025-10-31 09:23:51.768 14348-22253 AmapBroadcastHandlers   com.example.cplink                   I  🧭 引导信息: 道路=云湾路->荣区街, 转弯类型=13, 距离=508m
2025-10-31 09:23:51.769 14348-22253 AmapBroadcastHandlers   com.example.cplink                   V    使用effectiveLatitude策略: vpPosPointLat=31.19991388, vpPosPointLatNavi=31.19991388
2025-10-31 09:23:51.795 14348-22253 AmapBroadcastManager    com.example.cplink                   D  📡 处理通用广播: KEY_TYPE=13011
2025-10-31 09:23:51.800 14348-22253 AmapBroadcastHandlers   com.example.cplink                   D  🛣️ 道路类型映射: ROAD_TYPE=8 (次要道路) -> roadcate=6 (中等宽度（双车道）)
2025-10-31 09:23:51.800 14348-22253 AmapBroadcastHandlers   com.example.cplink                   I  🧭 引导信息: 道路=云湾路->荣区街, 转弯类型=13, 距离=500m
2025-10-31 09:23:51.802 14348-22253 AmapBroadcastHandlers   com.example.cplink                   V    使用effectiveLatitude策略: vpPosPointLat=31.19991388, vpPosPointLatNavi=31.19991388
2025-10-31 09:23:51.820 14348-22253 AmapBroadcastHandlers   com.example.cplink                   D  🛣️ 道路类型映射: ROAD_TYPE=8 (次要道路) -> roadcate=6 (中等宽度（双车道）)
2025-10-31 09:23:51.820 14348-22253 AmapBroadcastHandlers   com.example.cplink                   I  🧭 引导信息: 道路=云湾路->荣区街, 转弯类型=13, 距离=500m
2025-10-31 09:23:51.821 14348-22253 AmapBroadcastHandlers   com.example.cplink                   V    使用effectiveLatitude策略: vpPosPointLat=31.19991388, vpPosPointLatNavi=31.19991388
2025-10-31 09:23:51.833 14348-14348 NetworkManager          com.example.cplink                   I  🔄 状态变化: 车速 30 -> 31, 激活 true -> true
2025-10-31 09:23:52.151 14348-14348 NetworkManager          com.example.cplink                   I  🔄 状态变化: 车速 31 -> 32, 激活 true -> true
2025-10-31 09:23:52.200 14348-14348 LocationSensorManager   com.example.cplink                   I  🌍 GPS位置更新接收:
2025-10-31 09:23:52.201 14348-14348 LocationSensorManager   com.example.cplink                   I    📍 坐标: lat=31.199967, lon=120.626525
2025-10-31 09:23:52.201 14348-14348 LocationSensorManager   com.example.cplink                   I    🚀 速度: 33.3 km/h
2025-10-31 09:23:52.201 14348-14348 LocationSensorManager   com.example.cplink                   I    🧭 方向: 311.2°
2025-10-31 09:23:52.202 14348-14348 LocationSensorManager   com.example.cplink                   I    📡 精度: 3.7952724m
2025-10-31 09:23:52.202 14348-14348 LocationSensorManager   com.example.cplink                   I    🔧 提供者: gps
2025-10-31 09:23:52.202 14348-14348 LocationSensorManager   com.example.cplink                   I    ⏰ 时间: -798ms前
2025-10-31 09:23:52.202 14348-14348 LocationSensorManager   com.example.cplink                   I  ✅ GPS字段更新完成 (实时性优化):
2025-10-31 09:23:52.203 14348-14348 LocationSensorManager   com.example.cplink                   D    📍 坐标: lat=31.199967, lon=120.626525
2025-10-31 09:23:52.203 14348-14348 LocationSensorManager   com.example.cplink                   D    🚀 速度: 33.3 km/h
2025-10-31 09:23:52.204 14348-14348 LocationSensorManager   com.example.cplink                   D    🧭 方向: 311.2°
2025-10-31 09:23:52.204 14348-14348 LocationSensorManager   com.example.cplink                   D    📡 精度: 3.8m
2025-10-31 09:23:52.204 14348-14348 LocationSensorManager   com.example.cplink                   D    🔧 提供者: gps
2025-10-31 09:23:52.204 14348-14348 LocationSensorManager   com.example.cplink                   D    ⏰ 数据年龄: -801ms
2025-10-31 09:23:52.204 14348-14348 LocationSensorManager   com.example.cplink                   D    🎯 实时性: 优秀
2025-10-31 09:23:52.204 14348-14348 LocationSensorManager   com.example.cplink                   V  🔍 验证GPS字段同步:
2025-10-31 09:23:52.204 14348-14348 LocationSensorManager   com.example.cplink                   V    vpPosPointLat: 31.19996722
2025-10-31 09:23:52.204 14348-14348 LocationSensorManager   com.example.cplink                   V    vpPosPointLon: 120.62652536
2025-10-31 09:23:52.205 14348-14348 LocationSensorManager   com.example.cplink                   V    latitude: 31.19996722
2025-10-31 09:23:52.205 14348-14348 LocationSensorManager   com.example.cplink                   V    longitude: 120.62652536
2025-10-31 09:23:52.224 14348-22251 AmapBroadcastHandlers   com.example.cplink                   D  🌍 地理位置: 行政区='', 城市='', 区县=''
2025-10-31 09:23:52.461 14348-14348 NetworkManager          com.example.cplink                   I  🔄 状态变化: 车速 32 -> 33, 激活 true -> true
2025-10-31 09:23:52.639 14348-22253 AmapBroadcastManager    com.example.cplink                   D  📡 处理通用广播: KEY_TYPE=13011
2025-10-31 09:23:52.641 14348-22253 AmapBroadcastHandlers   com.example.cplink                   D  🛣️ 道路类型映射: ROAD_TYPE=8 (次要道路) -> roadcate=6 (中等宽度（双车道）)
2025-10-31 09:23:52.641 14348-22253 AmapBroadcastHandlers   com.example.cplink                   I  🧭 引导信息: 道路=云湾路->荣区街, 转弯类型=13, 距离=490m
2025-10-31 09:23:52.642 14348-22253 AmapBroadcastHandlers   com.example.cplink                   V    使用effectiveLatitude策略: vpPosPointLat=31.19996722, vpPosPointLatNavi=31.19996722
2025-10-31 09:23:52.643 14348-22253 AmapBroadcastHandlers   com.example.cplink                   D  🛣️ 道路类型映射: ROAD_TYPE=8 (次要道路) -> roadcate=6 (中等宽度（双车道）)
2025-10-31 09:23:52.643 14348-22253 AmapBroadcastHandlers   com.example.cplink                   I  🧭 引导信息: 道路=云湾路->荣区街, 转弯类型=13, 距离=490m
2025-10-31 09:23:52.645 14348-22253 AmapBroadcastHandlers   com.example.cplink                   V    使用effectiveLatitude策略: vpPosPointLat=31.19996722, vpPosPointLatNavi=31.19996722
2025-10-31 09:23:52.646 14348-22253 AmapBroadcastHandlers   com.example.cplink                   D  🛣️ 道路类型映射: ROAD_TYPE=8 (次要道路) -> roadcate=6 (中等宽度（双车道）)
2025-10-31 09:23:52.646 14348-22253 AmapBroadcastHandlers   com.example.cplink                   I  🧭 引导信息: 道路=云湾路->荣区街, 转弯类型=13, 距离=490m
2025-10-31 09:23:52.648 14348-22253 AmapBroadcastHandlers   com.example.cplink                   V    使用effectiveLatitude策略: vpPosPointLat=31.19996722, vpPosPointLatNavi=31.19996722
2025-10-31 09:23:52.890 14348-14348 NetworkManager          com.example.cplink                   I  🔄 状态变化: 车速 33 -> 34, 激活 true -> true
2025-10-31 09:23:53.215 14348-14348 LocationSensorManager   com.example.cplink                   I  🌍 GPS位置更新接收:
2025-10-31 09:23:53.215 14348-14348 LocationSensorManager   com.example.cplink                   I    📍 坐标: lat=31.200027, lon=120.626447
2025-10-31 09:23:53.216 14348-14348 LocationSensorManager   com.example.cplink                   I    🚀 速度: 36.4 km/h
2025-10-31 09:23:53.216 14348-14348 LocationSensorManager   com.example.cplink                   I    🧭 方向: 312.6°
2025-10-31 09:23:53.216 14348-14348 LocationSensorManager   com.example.cplink                   I    📡 精度: 3.7948735m
2025-10-31 09:23:53.216 14348-14348 LocationSensorManager   com.example.cplink                   I    🔧 提供者: gps
2025-10-31 09:23:53.216 14348-14348 LocationSensorManager   com.example.cplink                   I    ⏰ 时间: -784ms前
2025-10-31 09:23:53.216 14348-14348 LocationSensorManager   com.example.cplink                   I  ✅ GPS字段更新完成 (实时性优化):
2025-10-31 09:23:53.216 14348-14348 LocationSensorManager   com.example.cplink                   D    📍 坐标: lat=31.200027, lon=120.626447
2025-10-31 09:23:53.216 14348-14348 LocationSensorManager   com.example.cplink                   D    🚀 速度: 36.4 km/h
2025-10-31 09:23:53.216 14348-14348 LocationSensorManager   com.example.cplink                   D    🧭 方向: 312.6°
2025-10-31 09:23:53.216 14348-14348 LocationSensorManager   com.example.cplink                   D    📡 精度: 3.8m
2025-10-31 09:23:53.216 14348-14348 LocationSensorManager   com.example.cplink                   D    🔧 提供者: gps
2025-10-31 09:23:53.216 14348-14348 LocationSensorManager   com.example.cplink                   D    ⏰ 数据年龄: -786ms
2025-10-31 09:23:53.217 14348-14348 LocationSensorManager   com.example.cplink                   D    🎯 实时性: 优秀
2025-10-31 09:23:53.217 14348-14348 LocationSensorManager   com.example.cplink                   V  🔍 验证GPS字段同步:
2025-10-31 09:23:53.217 14348-14348 LocationSensorManager   com.example.cplink                   V    vpPosPointLat: 31.20002687
2025-10-31 09:23:53.217 14348-14348 LocationSensorManager   com.example.cplink                   V    vpPosPointLon: 120.62644722
2025-10-31 09:23:53.217 14348-14348 LocationSensorManager   com.example.cplink                   V    latitude: 31.20002687
2025-10-31 09:23:53.217 14348-14348 LocationSensorManager   com.example.cplink                   V    longitude: 120.62644722
2025-10-31 09:23:53.218 14348-14348 NetworkManager          com.example.cplink                   I  🔄 状态变化: 车速 34 -> 35, 激活 true -> true
2025-10-31 09:23:53.219 14348-22130 AmapBroadcastHandlers   com.example.cplink                   D  🌍 地理位置: 行政区='', 城市='', 区县=''
2025-10-31 09:23:53.246 14348-22067 .example.cplink         com.example.cplink                   I  Compiler allocated 6556KB to compile void com.example.carrotamap.LocationSensorManager$locationListener$1.onLocationChanged(android.location.Location)
2025-10-31 09:23:53.533 14348-14348 NetworkManager          com.example.cplink                   I  🔄 状态变化: 车速 35 -> 36, 激活 true -> true
2025-10-31 09:23:53.665 14348-22253 AmapBroadcastManager    com.example.cplink                   D  📡 处理通用广播: KEY_TYPE=13011
2025-10-31 09:23:53.667 14348-22130 AmapBroadcastHandlers   com.example.cplink                   D  🛣️ 道路类型映射: ROAD_TYPE=8 (次要道路) -> roadcate=6 (中等宽度（双车道）)
2025-10-31 09:23:53.667 14348-22130 AmapBroadcastHandlers   com.example.cplink                   I  🧭 引导信息: 道路=云湾路->荣区街, 转弯类型=13, 距离=479m
2025-10-31 09:23:53.668 14348-22130 AmapBroadcastHandlers   com.example.cplink                   V    使用effectiveLatitude策略: vpPosPointLat=31.20002687, vpPosPointLatNavi=31.20002687
2025-10-31 09:23:53.668 14348-22130 AmapBroadcastHandlers   com.example.cplink                   D  🛣️ 道路类型映射: ROAD_TYPE=8 (次要道路) -> roadcate=6 (中等宽度（双车道）)
2025-10-31 09:23:53.668 14348-22130 AmapBroadcastHandlers   com.example.cplink                   I  🧭 引导信息: 道路=云湾路->荣区街, 转弯类型=13, 距离=479m
2025-10-31 09:23:53.669 14348-22130 AmapBroadcastHandlers   com.example.cplink                   V    使用effectiveLatitude策略: vpPosPointLat=31.20002687, vpPosPointLatNavi=31.20002687
2025-10-31 09:23:53.670 14348-22130 AmapBroadcastHandlers   com.example.cplink                   D  🛣️ 道路类型映射: ROAD_TYPE=8 (次要道路) -> roadcate=6 (中等宽度（双车道）)
2025-10-31 09:23:53.671 14348-22130 AmapBroadcastHandlers   com.example.cplink                   I  🧭 引导信息: 道路=云湾路->荣区街, 转弯类型=13, 距离=479m
2025-10-31 09:23:53.671 14348-22130 AmapBroadcastHandlers   com.example.cplink                   V    使用effectiveLatitude策略: vpPosPointLat=31.20002687, vpPosPointLatNavi=31.20002687
2025-10-31 09:23:53.954 14348-14348 NetworkManager          com.example.cplink                   I  🔄 状态变化: 车速 36 -> 37, 激活 true -> true
2025-10-31 09:23:54.202 14348-14348 LocationSensorManager   com.example.cplink                   I  🌍 GPS位置更新接收:
2025-10-31 09:23:54.202 14348-14348 LocationSensorManager   com.example.cplink                   I    📍 坐标: lat=31.200093, lon=120.626368
2025-10-31 09:23:54.202 14348-14348 LocationSensorManager   com.example.cplink                   I    🚀 速度: 38.8 km/h
2025-10-31 09:23:54.202 14348-14348 LocationSensorManager   com.example.cplink                   I    🧭 方向: 313.8°
2025-10-31 09:23:54.202 14348-14348 LocationSensorManager   com.example.cplink                   I    📡 精度: 3.793193m
2025-10-31 09:23:54.202 14348-14348 LocationSensorManager   com.example.cplink                   I    🔧 提供者: gps
2025-10-31 09:23:54.202 14348-14348 LocationSensorManager   com.example.cplink                   I    ⏰ 时间: -798ms前
2025-10-31 09:23:54.202 14348-14348 LocationSensorManager   com.example.cplink                   I  ✅ GPS字段更新完成 (实时性优化):
2025-10-31 09:23:54.202 14348-14348 LocationSensorManager   com.example.cplink                   D    📍 坐标: lat=31.200093, lon=120.626368
2025-10-31 09:23:54.202 14348-14348 LocationSensorManager   com.example.cplink                   D    🚀 速度: 38.8 km/h
2025-10-31 09:23:54.202 14348-14348 LocationSensorManager   com.example.cplink                   D    🧭 方向: 313.8°
2025-10-31 09:23:54.202 14348-14348 LocationSensorManager   com.example.cplink                   D    📡 精度: 3.8m
2025-10-31 09:23:54.203 14348-14348 LocationSensorManager   com.example.cplink                   D    🔧 提供者: gps
2025-10-31 09:23:54.203 14348-14348 LocationSensorManager   com.example.cplink                   D    ⏰ 数据年龄: -799ms
2025-10-31 09:23:54.203 14348-14348 LocationSensorManager   com.example.cplink                   D    🎯 实时性: 优秀
2025-10-31 09:23:54.203 14348-14348 LocationSensorManager   com.example.cplink                   V  🔍 验证GPS字段同步:
2025-10-31 09:23:54.203 14348-14348 LocationSensorManager   com.example.cplink                   V    vpPosPointLat: 31.20009254
2025-10-31 09:23:54.203 14348-14348 LocationSensorManager   com.example.cplink                   V    vpPosPointLon: 120.62636753
2025-10-31 09:23:54.203 14348-14348 LocationSensorManager   com.example.cplink                   V    latitude: 31.20009254
2025-10-31 09:23:54.203 14348-14348 LocationSensorManager   com.example.cplink                   V    longitude: 120.62636753
2025-10-31 09:23:54.218 14348-22256 AmapBroadcastHandlers   com.example.cplink                   D  🌍 地理位置: 行政区='', 城市='', 区县=''
2025-10-31 09:23:54.287 14348-14348 LocationSensorManager   com.example.cplink                   W  ⚠️ 位置精度过低: 123.9m
2025-10-31 09:23:54.287 14348-14348 LocationSensorManager   com.example.cplink                   W  ⚠️ 接收到无效GPS数据 (连续1次)
2025-10-31 09:23:54.379 14348-14348 NetworkManager          com.example.cplink                   I  🔄 状态变化: 车速 37 -> 38, 激活 true -> true
2025-10-31 09:23:54.678 14348-22132 AmapBroadcastManager    com.example.cplink                   D  📡 处理通用广播: KEY_TYPE=13011
2025-10-31 09:23:54.684 14348-22248 AmapBroadcastHandlers   com.example.cplink                   D  🛣️ 道路类型映射: ROAD_TYPE=8 (次要道路) -> roadcate=6 (中等宽度（双车道）)
2025-10-31 09:23:54.684 14348-22248 AmapBroadcastHandlers   com.example.cplink                   I  🧭 引导信息: 道路=云湾路->荣区街, 转弯类型=13, 距离=468m
2025-10-31 09:23:54.685 14348-22248 AmapBroadcastHandlers   com.example.cplink                   V    使用effectiveLatitude策略: vpPosPointLat=31.20009254, vpPosPointLatNavi=31.20009254
2025-10-31 09:23:54.686 14348-22248 AmapBroadcastHandlers   com.example.cplink                   D  🛣️ 道路类型映射: ROAD_TYPE=8 (次要道路) -> roadcate=6 (中等宽度（双车道）)
2025-10-31 09:23:54.686 14348-22248 AmapBroadcastHandlers   com.example.cplink                   I  🧭 引导信息: 道路=云湾路->荣区街, 转弯类型=13, 距离=468m
2025-10-31 09:23:54.687 14348-22248 AmapBroadcastHandlers   com.example.cplink                   V    使用effectiveLatitude策略: vpPosPointLat=31.20009254, vpPosPointLatNavi=31.20009254
2025-10-31 09:23:54.696 14348-22248 AmapBroadcastHandlers   com.example.cplink                   D  🛣️ 道路类型映射: ROAD_TYPE=8 (次要道路) -> roadcate=6 (中等宽度（双车道）)
2025-10-31 09:23:54.697 14348-22248 AmapBroadcastHandlers   com.example.cplink                   I  🧭 引导信息: 道路=云湾路->荣区街, 转弯类型=13, 距离=468m
2025-10-31 09:23:54.698 14348-22248 AmapBroadcastHandlers   com.example.cplink                   V    使用effectiveLatitude策略: vpPosPointLat=31.20009254, vpPosPointLatNavi=31.20009254
2025-10-31 09:23:54.891 14348-14348 NetworkManager          com.example.cplink                   I  🔄 状态变化: 车速 38 -> 39, 激活 true -> true
2025-10-31 09:23:55.183 14348-14348 LocationSensorManager   com.example.cplink                   I  🌍 GPS位置更新接收:
2025-10-31 09:23:55.183 14348-14348 LocationSensorManager   com.example.cplink                   I    📍 坐标: lat=31.200166, lon=120.626280
2025-10-31 09:23:55.183 14348-14348 LocationSensorManager   com.example.cplink                   I    🚀 速度: 40.8 km/h
2025-10-31 09:23:55.184 14348-14348 LocationSensorManager   com.example.cplink                   I    🧭 方向: 314.6°
2025-10-31 09:23:55.184 14348-14348 LocationSensorManager   com.example.cplink                   I    📡 精度: 3.795651m
2025-10-31 09:23:55.184 14348-14348 LocationSensorManager   com.example.cplink                   I    🔧 提供者: gps
2025-10-31 09:23:55.184 14348-14348 LocationSensorManager   com.example.cplink                   I    ⏰ 时间: -816ms前
2025-10-31 09:23:55.184 14348-14348 LocationSensorManager   com.example.cplink                   I  ✅ GPS字段更新完成 (实时性优化):
2025-10-31 09:23:55.184 14348-14348 LocationSensorManager   com.example.cplink                   D    📍 坐标: lat=31.200166, lon=120.626280
2025-10-31 09:23:55.185 14348-14348 LocationSensorManager   com.example.cplink                   D    🚀 速度: 40.8 km/h
2025-10-31 09:23:55.185 14348-14348 LocationSensorManager   com.example.cplink                   D    🧭 方向: 314.6°
2025-10-31 09:23:55.185 14348-14348 LocationSensorManager   com.example.cplink                   D    📡 精度: 3.8m
2025-10-31 09:23:55.185 14348-14348 LocationSensorManager   com.example.cplink                   D    🔧 提供者: gps
2025-10-31 09:23:55.186 14348-14348 LocationSensorManager   com.example.cplink                   D    ⏰ 数据年龄: -818ms
2025-10-31 09:23:55.186 14348-14348 LocationSensorManager   com.example.cplink                   D    🎯 实时性: 优秀
2025-10-31 09:23:55.186 14348-14348 LocationSensorManager   com.example.cplink                   V  🔍 验证GPS字段同步:
2025-10-31 09:23:55.186 14348-14348 LocationSensorManager   com.example.cplink                   V    vpPosPointLat: 31.20016596
2025-10-31 09:23:55.186 14348-14348 LocationSensorManager   com.example.cplink                   V    vpPosPointLon: 120.62628013
2025-10-31 09:23:55.186 14348-14348 LocationSensorManager   com.example.cplink                   V    latitude: 31.20016596
2025-10-31 09:23:55.186 14348-14348 LocationSensorManager   com.example.cplink                   V    longitude: 120.62628013
2025-10-31 09:23:55.194 14348-22132 AmapBroadcastHandlers   com.example.cplink                   D  🌍 地理位置: 行政区='', 城市='', 区县=''
2025-10-31 09:23:55.310 14348-14348 NetworkManager          com.example.cplink                   I  🔄 状态变化: 车速 39 -> 40, 激活 true -> true
2025-10-31 09:23:55.712 14348-22248 AmapBroadcastManager    com.example.cplink                   D  📡 处理通用广播: KEY_TYPE=13011
2025-10-31 09:23:55.717 14348-22248 AmapBroadcastHandlers   com.example.cplink                   D  🛣️ 道路类型映射: ROAD_TYPE=8 (次要道路) -> roadcate=6 (中等宽度（双车道）)
2025-10-31 09:23:55.717 14348-22248 AmapBroadcastHandlers   com.example.cplink                   I  🧭 引导信息: 道路=云湾路->荣区街, 转弯类型=13, 距离=456m
2025-10-31 09:23:55.718 14348-22248 AmapBroadcastHandlers   com.example.cplink                   V    使用effectiveLatitude策略: vpPosPointLat=31.20016596, vpPosPointLatNavi=31.20016596
2025-10-31 09:23:55.719 14348-22248 AmapBroadcastHandlers   com.example.cplink                   D  🛣️ 道路类型映射: ROAD_TYPE=8 (次要道路) -> roadcate=6 (中等宽度（双车道）)
2025-10-31 09:23:55.719 14348-22248 AmapBroadcastHandlers   com.example.cplink                   I  🧭 引导信息: 道路=云湾路->荣区街, 转弯类型=13, 距离=456m
2025-10-31 09:23:55.720 14348-22248 AmapBroadcastHandlers   com.example.cplink                   V    使用effectiveLatitude策略: vpPosPointLat=31.20016596, vpPosPointLatNavi=31.20016596
2025-10-31 09:23:55.722 14348-22248 AmapBroadcastHandlers   com.example.cplink                   D  🛣️ 道路类型映射: ROAD_TYPE=8 (次要道路) -> roadcate=6 (中等宽度（双车道）)
2025-10-31 09:23:55.723 14348-22248 AmapBroadcastHandlers   com.example.cplink                   I  🧭 引导信息: 道路=云湾路->荣区街, 转弯类型=13, 距离=456m
2025-10-31 09:23:55.724 14348-22248 AmapBroadcastHandlers   com.example.cplink                   V    使用effectiveLatitude策略: vpPosPointLat=31.20016596, vpPosPointLatNavi=31.20016596
2025-10-31 09:23:55.967 14348-14348 NetworkManager          com.example.cplink                   I  🔄 状态变化: 车速 40 -> 41, 激活 true -> true
2025-10-31 09:23:56.197 14348-14348 LocationSensorManager   com.example.cplink                   I  🌍 GPS位置更新接收:
2025-10-31 09:23:56.198 14348-14348 LocationSensorManager   com.example.cplink                   I    📍 坐标: lat=31.200241, lon=120.626194
2025-10-31 09:23:56.198 14348-14348 LocationSensorManager   com.example.cplink                   I    🚀 速度: 42.3 km/h
2025-10-31 09:23:56.198 14348-14348 LocationSensorManager   com.example.cplink                   I    🧭 方向: 315.5°
2025-10-31 09:23:56.198 14348-14348 LocationSensorManager   com.example.cplink                   I    📡 精度: 3.7951784m
2025-10-31 09:23:56.198 14348-14348 LocationSensorManager   com.example.cplink                   I    🔧 提供者: gps
2025-10-31 09:23:56.198 14348-14348 LocationSensorManager   com.example.cplink                   I    ⏰ 时间: -802ms前
2025-10-31 09:23:56.198 14348-14348 LocationSensorManager   com.example.cplink                   I  ✅ GPS字段更新完成 (实时性优化):
2025-10-31 09:23:56.199 14348-14348 LocationSensorManager   com.example.cplink                   D    📍 坐标: lat=31.200241, lon=120.626194
2025-10-31 09:23:56.199 14348-14348 LocationSensorManager   com.example.cplink                   D    🚀 速度: 42.3 km/h
2025-10-31 09:23:56.199 14348-14348 LocationSensorManager   com.example.cplink                   D    🧭 方向: 315.5°
2025-10-31 09:23:56.199 14348-14348 LocationSensorManager   com.example.cplink                   D    📡 精度: 3.8m
2025-10-31 09:23:56.200 14348-14348 LocationSensorManager   com.example.cplink                   D    🔧 提供者: gps
2025-10-31 09:23:56.200 14348-14348 LocationSensorManager   com.example.cplink                   D    ⏰ 数据年龄: -804ms
2025-10-31 09:23:56.200 14348-14348 LocationSensorManager   com.example.cplink                   D    🎯 实时性: 优秀
2025-10-31 09:23:56.200 14348-14348 LocationSensorManager   com.example.cplink                   V  🔍 验证GPS字段同步:
2025-10-31 09:23:56.200 14348-14348 LocationSensorManager   com.example.cplink                   V    vpPosPointLat: 31.20024106
2025-10-31 09:23:56.200 14348-14348 LocationSensorManager   com.example.cplink                   V    vpPosPointLon: 120.62619394
2025-10-31 09:23:56.200 14348-14348 LocationSensorManager   com.example.cplink                   V    latitude: 31.20024106
2025-10-31 09:23:56.200 14348-14348 LocationSensorManager   com.example.cplink                   V    longitude: 120.62619394
2025-10-31 09:23:56.218 14348-22253 AmapBroadcastHandlers   com.example.cplink                   D  🌍 地理位置: 行政区='', 城市='', 区县=''
2025-10-31 09:23:56.472 14348-14348 NetworkManager          com.example.cplink                   I  🔄 状态变化: 车速 41 -> 42, 激活 true -> true
2025-10-31 09:23:56.741 14348-22253 AmapBroadcastManager    com.example.cplink                   D  📡 处理通用广播: KEY_TYPE=13011
2025-10-31 09:23:56.744 14348-22253 AmapBroadcastHandlers   com.example.cplink                   D  🛣️ 道路类型映射: ROAD_TYPE=8 (次要道路) -> roadcate=6 (中等宽度（双车道）)
2025-10-31 09:23:56.745 14348-22253 AmapBroadcastHandlers   com.example.cplink                   I  🧭 引导信息: 道路=云湾路->荣区街, 转弯类型=13, 距离=443m
2025-10-31 09:23:56.746 14348-22253 AmapBroadcastHandlers   com.example.cplink                   V    使用effectiveLatitude策略: vpPosPointLat=31.20024106, vpPosPointLatNavi=31.20024106
2025-10-31 09:23:56.747 14348-22253 AmapBroadcastHandlers   com.example.cplink                   D  🛣️ 道路类型映射: ROAD_TYPE=8 (次要道路) -> roadcate=6 (中等宽度（双车道）)
2025-10-31 09:23:56.747 14348-22253 AmapBroadcastHandlers   com.example.cplink                   I  🧭 引导信息: 道路=云湾路->荣区街, 转弯类型=13, 距离=443m
2025-10-31 09:23:56.748 14348-22253 AmapBroadcastHandlers   com.example.cplink                   V    使用effectiveLatitude策略: vpPosPointLat=31.20024106, vpPosPointLatNavi=31.20024106
2025-10-31 09:23:56.749 14348-22253 AmapBroadcastHandlers   com.example.cplink                   D  🛣️ 道路类型映射: ROAD_TYPE=8 (次要道路) -> roadcate=6 (中等宽度（双车道）)
2025-10-31 09:23:56.749 14348-22253 AmapBroadcastHandlers   com.example.cplink                   I  🧭 引导信息: 道路=云湾路->荣区街, 转弯类型=13, 距离=443m
2025-10-31 09:23:56.750 14348-22253 AmapBroadcastHandlers   com.example.cplink                   V    使用effectiveLatitude策略: vpPosPointLat=31.20024106, vpPosPointLatNavi=31.20024106
2025-10-31 09:23:57.169 14348-14348 LocationSensorManager   com.example.cplink                   I  🌍 GPS位置更新接收:
2025-10-31 09:23:57.170 14348-14348 LocationSensorManager   com.example.cplink                   I    📍 坐标: lat=31.200319, lon=120.626107
2025-10-31 09:23:57.170 14348-14348 LocationSensorManager   com.example.cplink                   I    🚀 速度: 43.1 km/h
2025-10-31 09:23:57.171 14348-14348 LocationSensorManager   com.example.cplink                   I    🧭 方向: 316.3°
2025-10-31 09:23:57.171 14348-14348 LocationSensorManager   com.example.cplink                   I    📡 精度: 3.795181m
2025-10-31 09:23:57.171 14348-14348 LocationSensorManager   com.example.cplink                   I    🔧 提供者: gps
2025-10-31 09:23:57.171 14348-14348 LocationSensorManager   com.example.cplink                   I    ⏰ 时间: -829ms前
2025-10-31 09:23:57.171 14348-14348 LocationSensorManager   com.example.cplink                   I  ✅ GPS字段更新完成 (实时性优化):
2025-10-31 09:23:57.171 14348-14348 LocationSensorManager   com.example.cplink                   D    📍 坐标: lat=31.200319, lon=120.626107
2025-10-31 09:23:57.172 14348-14348 LocationSensorManager   com.example.cplink                   D    🚀 速度: 43.1 km/h
2025-10-31 09:23:57.172 14348-14348 LocationSensorManager   com.example.cplink                   D    🧭 方向: 316.3°
2025-10-31 09:23:57.172 14348-14348 LocationSensorManager   com.example.cplink                   D    📡 精度: 3.8m
2025-10-31 09:23:57.172 14348-14348 LocationSensorManager   com.example.cplink                   D    🔧 提供者: gps
2025-10-31 09:23:57.172 14348-14348 LocationSensorManager   com.example.cplink                   D    ⏰ 数据年龄: -831ms
2025-10-31 09:23:57.172 14348-14348 LocationSensorManager   com.example.cplink                   D    🎯 实时性: 优秀
2025-10-31 09:23:57.172 14348-14348 LocationSensorManager   com.example.cplink                   V  🔍 验证GPS字段同步:
2025-10-31 09:23:57.172 14348-14348 LocationSensorManager   com.example.cplink                   V    vpPosPointLat: 31.2003187
2025-10-31 09:23:57.173 14348-14348 LocationSensorManager   com.example.cplink                   V    vpPosPointLon: 120.62610666
2025-10-31 09:23:57.173 14348-14348 LocationSensorManager   com.example.cplink                   V    latitude: 31.2003187
2025-10-31 09:23:57.173 14348-14348 LocationSensorManager   com.example.cplink                   V    longitude: 120.62610666
2025-10-31 09:23:57.179 14348-22132 AmapBroadcastHandlers   com.example.cplink                   D  🌍 地理位置: 行政区='', 城市='', 区县=''
2025-10-31 09:23:57.422 14348-14348 NetworkManager          com.example.cplink                   I  🔄 状态变化: 车速 42 -> 43, 激活 true -> true
2025-10-31 09:23:57.762 14348-22253 AmapBroadcastManager    com.example.cplink                   D  📡 处理通用广播: KEY_TYPE=13011
2025-10-31 09:23:57.768 14348-22253 AmapBroadcastHandlers   com.example.cplink                   D  🛣️ 道路类型映射: ROAD_TYPE=8 (次要道路) -> roadcate=6 (中等宽度（双车道）)
2025-10-31 09:23:57.768 14348-22253 AmapBroadcastHandlers   com.example.cplink                   I  🧭 引导信息: 道路=云湾路->荣区街, 转弯类型=13, 距离=429m
2025-10-31 09:23:57.770 14348-22253 AmapBroadcastHandlers   com.example.cplink                   V    使用effectiveLatitude策略: vpPosPointLat=31.2003187, vpPosPointLatNavi=31.2003187
2025-10-31 09:23:57.782 14348-22253 AmapBroadcastHandlers   com.example.cplink                   D  🛣️ 道路类型映射: ROAD_TYPE=8 (次要道路) -> roadcate=6 (中等宽度（双车道）)
2025-10-31 09:23:57.782 14348-22253 AmapBroadcastHandlers   com.example.cplink                   I  🧭 引导信息: 道路=云湾路->荣区街, 转弯类型=13, 距离=429m
2025-10-31 09:23:57.782 14348-22253 AmapBroadcastHandlers   com.example.cplink                   V    使用effectiveLatitude策略: vpPosPointLat=31.2003187, vpPosPointLatNavi=31.2003187
2025-10-31 09:23:57.783 14348-22253 AmapBroadcastHandlers   com.example.cplink                   D  🛣️ 道路类型映射: ROAD_TYPE=8 (次要道路) -> roadcate=6 (中等宽度（双车道）)
2025-10-31 09:23:57.783 14348-22253 AmapBroadcastHandlers   com.example.cplink                   I  🧭 引导信息: 道路=云湾路->荣区街, 转弯类型=13, 距离=429m
2025-10-31 09:23:57.783 14348-22253 AmapBroadcastHandlers   com.example.cplink                   V    使用effectiveLatitude策略: vpPosPointLat=31.2003187, vpPosPointLatNavi=31.2003187
2025-10-31 09:23:58.195 14348-14348 LocationSensorManager   com.example.cplink                   I  🌍 GPS位置更新接收:
2025-10-31 09:23:58.196 14348-14348 LocationSensorManager   com.example.cplink                   I    📍 坐标: lat=31.200398, lon=120.626019
2025-10-31 09:23:58.196 14348-14348 LocationSensorManager   com.example.cplink                   I    🚀 速度: 43.3 km/h
2025-10-31 09:23:58.197 14348-14348 LocationSensorManager   com.example.cplink                   I    🧭 方向: 317.4°
2025-10-31 09:23:58.197 14348-14348 LocationSensorManager   com.example.cplink                   I    📡 精度: 3.7952895m
2025-10-31 09:23:58.197 14348-14348 LocationSensorManager   com.example.cplink                   I    🔧 提供者: gps
2025-10-31 09:23:58.197 14348-14348 LocationSensorManager   com.example.cplink                   I    ⏰ 时间: -803ms前
2025-10-31 09:23:58.197 14348-14348 LocationSensorManager   com.example.cplink                   I  ✅ GPS字段更新完成 (实时性优化):
2025-10-31 09:23:58.197 14348-14348 LocationSensorManager   com.example.cplink                   D    📍 坐标: lat=31.200398, lon=120.626019
2025-10-31 09:23:58.198 14348-14348 LocationSensorManager   com.example.cplink                   D    🚀 速度: 43.3 km/h
2025-10-31 09:23:58.198 14348-14348 LocationSensorManager   com.example.cplink                   D    🧭 方向: 317.4°
2025-10-31 09:23:58.198 14348-14348 LocationSensorManager   com.example.cplink                   D    📡 精度: 3.8m
2025-10-31 09:23:58.198 14348-14348 LocationSensorManager   com.example.cplink                   D    🔧 提供者: gps
2025-10-31 09:23:58.198 14348-14348 LocationSensorManager   com.example.cplink                   D    ⏰ 数据年龄: -805ms
2025-10-31 09:23:58.198 14348-14348 LocationSensorManager   com.example.cplink                   D    🎯 实时性: 优秀
2025-10-31 09:23:58.198 14348-14348 LocationSensorManager   com.example.cplink                   V  🔍 验证GPS字段同步:
2025-10-31 09:23:58.198 14348-14348 LocationSensorManager   com.example.cplink                   V    vpPosPointLat: 31.2003979
2025-10-31 09:23:58.198 14348-14348 LocationSensorManager   com.example.cplink                   V    vpPosPointLon: 120.62601949
2025-10-31 09:23:58.199 14348-14348 LocationSensorManager   com.example.cplink                   V    latitude: 31.2003979
2025-10-31 09:23:58.199 14348-14348 LocationSensorManager   com.example.cplink                   V    longitude: 120.62601949
2025-10-31 09:23:58.204 14348-22251 AmapBroadcastHandlers   com.example.cplink                   D  🌍 地理位置: 行政区='', 城市='', 区县=''
2025-10-31 09:23:58.853 14348-22253 AmapBroadcastHandlers   com.example.cplink                   D  🛣️ 道路类型映射: ROAD_TYPE=8 (次要道路) -> roadcate=6 (中等宽度（双车道）)
2025-10-31 09:23:58.853 14348-22253 AmapBroadcastHandlers   com.example.cplink                   I  🧭 引导信息: 道路=云湾路->荣区街, 转弯类型=13, 距离=429m
2025-10-31 09:23:58.856 14348-22253 AmapBroadcastHandlers   com.example.cplink                   V    使用effectiveLatitude策略: vpPosPointLat=31.2003979, vpPosPointLatNavi=31.2003979
2025-10-31 09:23:58.872 14348-22253 AmapBroadcastManager    com.example.cplink                   D  📡 处理通用广播: KEY_TYPE=13011
2025-10-31 09:23:58.874 14348-22253 AmapBroadcastHandlers   com.example.cplink                   D  🛣️ 道路类型映射: ROAD_TYPE=8 (次要道路) -> roadcate=6 (中等宽度（双车道）)
2025-10-31 09:23:58.874 14348-22253 AmapBroadcastHandlers   com.example.cplink                   I  🧭 引导信息: 道路=云湾路->荣区街, 转弯类型=13, 距离=417m
2025-10-31 09:23:58.876 14348-22253 AmapBroadcastHandlers   com.example.cplink                   V    使用effectiveLatitude策略: vpPosPointLat=31.2003979, vpPosPointLatNavi=31.2003979
2025-10-31 09:23:58.877 14348-22253 AmapBroadcastHandlers   com.example.cplink                   D  🛣️ 道路类型映射: ROAD_TYPE=8 (次要道路) -> roadcate=6 (中等宽度（双车道）)
2025-10-31 09:23:58.877 14348-22253 AmapBroadcastHandlers   com.example.cplink                   I  🧭 引导信息: 道路=云湾路->荣区街, 转弯类型=13, 距离=417m
2025-10-31 09:23:58.878 14348-22253 AmapBroadcastHandlers   com.example.cplink                   V    使用effectiveLatitude策略: vpPosPointLat=31.2003979, vpPosPointLatNavi=31.2003979
2025-10-31 09:23:59.202 14348-14348 LocationSensorManager   com.example.cplink                   I  🌍 GPS位置更新接收:
2025-10-31 09:23:59.202 14348-14348 LocationSensorManager   com.example.cplink                   I    📍 坐标: lat=31.200478, lon=120.625937
2025-10-31 09:23:59.202 14348-14348 LocationSensorManager   com.example.cplink                   I    🚀 速度: 43.2 km/h
2025-10-31 09:23:59.202 14348-14348 LocationSensorManager   com.example.cplink                   I    🧭 方向: 318.4°
2025-10-31 09:23:59.202 14348-14348 LocationSensorManager   com.example.cplink                   I    📡 精度: 3.792969m
2025-10-31 09:23:59.202 14348-14348 LocationSensorManager   com.example.cplink                   I    🔧 提供者: gps
2025-10-31 09:23:59.203 14348-14348 LocationSensorManager   com.example.cplink                   I    ⏰ 时间: -797ms前
2025-10-31 09:23:59.203 14348-14348 LocationSensorManager   com.example.cplink                   I  ✅ GPS字段更新完成 (实时性优化):
2025-10-31 09:23:59.203 14348-14348 LocationSensorManager   com.example.cplink                   D    📍 坐标: lat=31.200478, lon=120.625937
2025-10-31 09:23:59.203 14348-14348 LocationSensorManager   com.example.cplink                   D    🚀 速度: 43.2 km/h
2025-10-31 09:23:59.203 14348-14348 LocationSensorManager   com.example.cplink                   D    🧭 方向: 318.4°
2025-10-31 09:23:59.203 14348-14348 LocationSensorManager   com.example.cplink                   D    📡 精度: 3.8m
2025-10-31 09:23:59.203 14348-14348 LocationSensorManager   com.example.cplink                   D    🔧 提供者: gps
2025-10-31 09:23:59.203 14348-14348 LocationSensorManager   com.example.cplink                   D    ⏰ 数据年龄: -799ms
2025-10-31 09:23:59.203 14348-14348 LocationSensorManager   com.example.cplink                   D    🎯 实时性: 优秀
2025-10-31 09:23:59.203 14348-14348 LocationSensorManager   com.example.cplink                   V  🔍 验证GPS字段同步:
2025-10-31 09:23:59.203 14348-14348 LocationSensorManager   com.example.cplink                   V    vpPosPointLat: 31.20047754
2025-10-31 09:23:59.203 14348-14348 LocationSensorManager   com.example.cplink                   V    vpPosPointLon: 120.62593732
2025-10-31 09:23:59.203 14348-14348 LocationSensorManager   com.example.cplink                   V    latitude: 31.20047754
2025-10-31 09:23:59.203 14348-14348 LocationSensorManager   com.example.cplink                   V    longitude: 120.62593732
2025-10-31 09:23:59.220 14348-22248 AmapBroadcastHandlers   com.example.cplink                   D  🌍 地理位置: 行政区='', 城市='', 区县=''
2025-10-31 09:23:59.850 14348-22251 AmapBroadcastManager    com.example.cplink                   D  📡 处理通用广播: KEY_TYPE=13011
2025-10-31 09:23:59.851 14348-22251 AmapBroadcastHandlers   com.example.cplink                   D  🛣️ 道路类型映射: ROAD_TYPE=8 (次要道路) -> roadcate=6 (中等宽度（双车道）)
2025-10-31 09:23:59.851 14348-22251 AmapBroadcastHandlers   com.example.cplink                   I  🧭 引导信息: 道路=云湾路->荣区街, 转弯类型=13, 距离=405m
2025-10-31 09:23:59.853 14348-22251 AmapBroadcastHandlers   com.example.cplink                   V    使用effectiveLatitude策略: vpPosPointLat=31.20047754, vpPosPointLatNavi=31.20047754
2025-10-31 09:23:59.856 14348-22251 AmapBroadcastHandlers   com.example.cplink                   D  🛣️ 道路类型映射: ROAD_TYPE=8 (次要道路) -> roadcate=6 (中等宽度（双车道）)
2025-10-31 09:23:59.856 14348-22251 AmapBroadcastHandlers   com.example.cplink                   I  🧭 引导信息: 道路=云湾路->荣区街, 转弯类型=13, 距离=405m
2025-10-31 09:23:59.857 14348-22251 AmapBroadcastHandlers   com.example.cplink                   V    使用effectiveLatitude策略: vpPosPointLat=31.20047754, vpPosPointLatNavi=31.20047754
2025-10-31 09:23:59.858 14348-22251 AmapBroadcastHandlers   com.example.cplink                   D  🛣️ 道路类型映射: ROAD_TYPE=8 (次要道路) -> roadcate=6 (中等宽度（双车道）)
2025-10-31 09:23:59.858 14348-22251 AmapBroadcastHandlers   com.example.cplink                   I  🧭 引导信息: 道路=云湾路->荣区街, 转弯类型=13, 距离=405m
2025-10-31 09:23:59.860 14348-22251 AmapBroadcastHandlers   com.example.cplink                   V    使用effectiveLatitude策略: vpPosPointLat=31.20047754, vpPosPointLatNavi=31.20047754
2025-10-31 09:24:00.208 14348-14348 LocationSensorManager   com.example.cplink                   I  🌍 GPS位置更新接收:
2025-10-31 09:24:00.208 14348-14348 LocationSensorManager   com.example.cplink                   I    📍 坐标: lat=31.200563, lon=120.625854
2025-10-31 09:24:00.209 14348-14348 LocationSensorManager   com.example.cplink                   I    🚀 速度: 43.2 km/h
2025-10-31 09:24:00.209 14348-14348 LocationSensorManager   com.example.cplink                   I    🧭 方向: 319.6°
2025-10-31 09:24:00.209 14348-14348 LocationSensorManager   com.example.cplink                   I    📡 精度: 3.796035m
2025-10-31 09:24:00.209 14348-14348 LocationSensorManager   com.example.cplink                   I    🔧 提供者: gps
2025-10-31 09:24:00.209 14348-14348 LocationSensorManager   com.example.cplink                   I    ⏰ 时间: -791ms前
2025-10-31 09:24:00.209 14348-14348 LocationSensorManager   com.example.cplink                   I  ✅ GPS字段更新完成 (实时性优化):
2025-10-31 09:24:00.209 14348-14348 LocationSensorManager   com.example.cplink                   D    📍 坐标: lat=31.200563, lon=120.625854
2025-10-31 09:24:00.209 14348-14348 LocationSensorManager   com.example.cplink                   D    🚀 速度: 43.2 km/h
2025-10-31 09:24:00.209 14348-14348 LocationSensorManager   com.example.cplink                   D    🧭 方向: 319.6°
2025-10-31 09:24:00.209 14348-14348 LocationSensorManager   com.example.cplink                   D    📡 精度: 3.8m
2025-10-31 09:24:00.209 14348-14348 LocationSensorManager   com.example.cplink                   D    🔧 提供者: gps
2025-10-31 09:24:00.209 14348-14348 LocationSensorManager   com.example.cplink                   D    ⏰ 数据年龄: -792ms
2025-10-31 09:24:00.209 14348-14348 LocationSensorManager   com.example.cplink                   D    🎯 实时性: 优秀
2025-10-31 09:24:00.209 14348-14348 LocationSensorManager   com.example.cplink                   V  🔍 验证GPS字段同步:
2025-10-31 09:24:00.209 14348-14348 LocationSensorManager   com.example.cplink                   V    vpPosPointLat: 31.20056347
2025-10-31 09:24:00.209 14348-14348 LocationSensorManager   com.example.cplink                   V    vpPosPointLon: 120.6258544
2025-10-31 09:24:00.209 14348-14348 LocationSensorManager   com.example.cplink                   V    latitude: 31.20056347
2025-10-31 09:24:00.209 14348-14348 LocationSensorManager   com.example.cplink                   V    longitude: 120.6258544
2025-10-31 09:24:00.214 14348-22253 AmapBroadcastHandlers   com.example.cplink                   D  🌍 地理位置: 行政区='', 城市='', 区县=''
2025-10-31 09:24:00.876 14348-22253 AmapBroadcastManager    com.example.cplink                   D  📡 处理通用广播: KEY_TYPE=13011
2025-10-31 09:24:00.877 14348-22253 AmapBroadcastHandlers   com.example.cplink                   D  🛣️ 道路类型映射: ROAD_TYPE=8 (次要道路) -> roadcate=6 (中等宽度（双车道）)
2025-10-31 09:24:00.877 14348-22253 AmapBroadcastHandlers   com.example.cplink                   I  🧭 引导信息: 道路=云湾路->荣区街, 转弯类型=13, 距离=405m
2025-10-31 09:24:00.879 14348-22253 AmapBroadcastHandlers   com.example.cplink                   V    使用effectiveLatitude策略: vpPosPointLat=31.20056347, vpPosPointLatNavi=31.20056347
2025-10-31 09:24:00.881 14348-22253 AmapBroadcastHandlers   com.example.cplink                   D  🛣️ 道路类型映射: ROAD_TYPE=8 (次要道路) -> roadcate=6 (中等宽度（双车道）)
2025-10-31 09:24:00.881 14348-22253 AmapBroadcastHandlers   com.example.cplink                   I  🧭 引导信息: 道路=云湾路->荣区街, 转弯类型=13, 距离=392m
2025-10-31 09:24:00.882 14348-22253 AmapBroadcastHandlers   com.example.cplink                   V    使用effectiveLatitude策略: vpPosPointLat=31.20056347, vpPosPointLatNavi=31.20056347
2025-10-31 09:24:00.884 14348-22253 AmapBroadcastHandlers   com.example.cplink                   D  🛣️ 道路类型映射: ROAD_TYPE=8 (次要道路) -> roadcate=6 (中等宽度（双车道）)
2025-10-31 09:24:00.884 14348-22253 AmapBroadcastHandlers   com.example.cplink                   I  🧭 引导信息: 道路=云湾路->荣区街, 转弯类型=13, 距离=392m
2025-10-31 09:24:00.885 14348-22253 AmapBroadcastHandlers   com.example.cplink                   V    使用effectiveLatitude策略: vpPosPointLat=31.20056347, vpPosPointLatNavi=31.20056347
2025-10-31 09:24:00.925 14348-14348 MainActivity            com.example.cplink                   I  🎮 高阶弹窗：用户点击加速按钮
2025-10-31 09:24:00.925 14348-14348 MainActivity            com.example.cplink                   I  🎮 主页发送Carrot命令: SPEED UP
2025-10-31 09:24:00.925 14348-14348 MainActivity            com.example.cplink                   D  ✅ NetworkManager已初始化，准备发送控制指令
2025-10-31 09:24:00.925 14348-14348 NetworkManager          com.example.cplink                   D  🎮 NetworkManager.sendControlCommand: SPEED UP
2025-10-31 09:24:00.926 14348-14348 MainActivity            com.example.cplink                   I  ✅ 指令已发送: SPEED UP
2025-10-31 09:24:00.927 14348-22253 NetworkManager          com.example.cplink                   D  📡 准备发送控制指令到设备（重复发送模式）
2025-10-31 09:24:00.927 14348-22253 NetworkManager          com.example.cplink                   D  🔄 已更新CarrotManFields: carrotCmd=SPEED, carrotArg=UP, carrotCmdIndex=1
2025-10-31 09:24:00.927 14348-22253 NetworkManager          com.example.cplink                   V  📤 控制指令发送 #1/6
2025-10-31 09:24:00.938 14348-14348 WindowOnBackDispatcher  com.example.cplink                   W  sendCancelIfRunning: isInProgress=false callback=android.view.ViewRootImpl$$ExternalSyntheticLambda11@6fe61e5
2025-10-31 09:24:00.941 14348-22248 CarrotManNetwork        com.example.cplink                   I  ✅ 命令数据包立即发送成功: carrotCmd=SPEED, carrotArg=UP
2025-10-31 09:24:00.965 14348-22122 HWUI                    com.example.cplink                   D  endAllActiveAnimators on 0xb400007940070c90 (UnprojectedRipple) with handle 0xb4000079c0091a40
2025-10-31 09:24:01.003 14348-14348 ImeFocusController      com.example.cplink                   V  onWindowFocus: com.android.internal.policy.DecorView{1321e25 V.E...... R....... 0,0-1080,2400 aid=0}[MainActivity] softInputMode=STATE_UNSPECIFIED|ADJUST_PAN
2025-10-31 09:24:01.030 14348-22132 NetworkManager          com.example.cplink                   V  📤 控制指令发送 #2/6
2025-10-31 09:24:01.034 14348-22248 CarrotManNetwork        com.example.cplink                   I  ✅ 命令数据包立即发送成功: carrotCmd=SPEED, carrotArg=UP
