2025-10-15 10:21:21.620 29176-32580 AmapBroadcastHandlers   com.example.cplink                   I  ğŸ”„ ä¸‹ä¸€è½¬å¼¯æ˜ å°„: é«˜å¾·å›¾æ ‡=0 -> CarrotManç±»å‹=51, è·ç¦»=0m
2025-10-15 10:21:21.621 29176-32580 AmapBroadcastHandlers   com.example.cplink                   D  ğŸ“Š æ•°æ®æºå·²æ›´æ–°: amap_navi
2025-10-15 10:21:25.496 29176-29176 support-thread          com.example.cplink                   W  type=1400 audit(0.0:517871): avc:  denied  { read } for  name="u:object_r:vendor_feature_prop:s0" dev="tmpfs" ino=503 scontext=u:r:untrusted_app:s0:c181,c257,c512,c768 tcontext=u:object_r:vendor_feature_prop:s0 tclass=file permissive=0 app=com.example.cplink
2025-10-15 10:21:25.500 29176-388   libc                    com.example.cplink                   W  Access denied finding property "ro.vendor.vivo.software.ai.llm.disable"
2025-10-15 10:21:25.534 29176-32430 ActivityThread          com.example.cplink                   V  updateVmProcessStateForGc sceneId =2 state=197376
2025-10-15 10:21:25.534 29176-32430 .example.cplink         com.example.cplink                   I  Open vivo delay for GC JIT .
2025-10-15 10:21:25.635 29176-32422 .example.cplink         com.example.cplink                   I  Skip GC, current heap: 12MB(0B), current native: 20MB(0B)
2025-10-15 10:21:25.635 29176-32422 .example.cplink         com.example.cplink                   I  Skip GC: continue, nalloc=80KB, ncap=57MB
2025-10-15 10:21:25.734 29176-32579 AmapBroadcastManager    com.example.cplink                   V  ğŸ”„ åŒæ­¥ç¼“å†²åŒºåˆ°UI: 20 æ¡æ•°æ®
2025-10-15 10:21:26.029 29176-32422 .example.cplink         com.example.cplink                   I  Skip GC, current heap: 24MB(0B), current native: 20MB(0B)
2025-10-15 10:21:26.029 29176-32422 .example.cplink         com.example.cplink                   I  Skip GC: continue, nalloc=80KB, ncap=57MB
2025-10-15 10:21:26.637 29176-32577 AmapBroadcastHandlers   com.example.cplink                   D  ğŸ§­ å¤„ç†å¼•å¯¼ä¿¡æ¯å¹¿æ’­ (KEY_TYPE: 10001)
2025-10-15 10:21:26.637 29176-32577 AmapBroadcastHandlers   com.example.cplink                   D  ğŸ“ GPSåæ ‡ä¸º0ï¼Œä½¿ç”¨æ‰‹æœºGPS: lat=31.203626, lon=120.628022
2025-10-15 10:21:26.637 29176-32577 AmapBroadcastHandlers   com.example.cplink                   I  ğŸ”„ è½¬å¼¯æ˜ å°„: é«˜å¾·å›¾æ ‡=55 -> CarrotManç±»å‹=55, è·ç¦»=5m
2025-10-15 10:21:26.637 29176-32577 AmapBroadcastHandlers   com.example.cplink                   I  ğŸ”„ ä¸‹ä¸€è½¬å¼¯æ˜ å°„: é«˜å¾·å›¾æ ‡=0 -> CarrotManç±»å‹=51, è·ç¦»=0m
2025-10-15 10:21:26.638 29176-32577 AmapBroadcastHandlers   com.example.cplink                   D  ğŸ“Š æ•°æ®æºå·²æ›´æ–°: amap_navi
2025-10-15 10:21:28.086 29176-32422 .example.cplink         com.example.cplink                   I  Skip GC, current heap: 48MB(0B), current native: 21MB(0B)
2025-10-15 10:21:28.086 29176-32422 .example.cplink         com.example.cplink                   I  Skip GC: continue, nalloc=80KB, ncap=57MB
2025-10-15 10:21:30.059 29176-32422 .example.cplink         com.example.cplink                   I  Skip GC, current heap: 71MB(0B), current native: 21MB(0B)
2025-10-15 10:21:30.059 29176-32422 .example.cplink         com.example.cplink                   I  Skip GC: continue, nalloc=80KB, ncap=57MB
2025-10-15 10:21:31.632 29176-32581 AmapBroadcastManager    com.example.cplink                   V  ğŸ”„ åŒæ­¥ç¼“å†²åŒºåˆ°UI: 20 æ¡æ•°æ®
2025-10-15 10:21:31.632 29176-32581 AmapBroadcastHandlers   com.example.cplink                   D  ğŸ§­ å¤„ç†å¼•å¯¼ä¿¡æ¯å¹¿æ’­ (KEY_TYPE: 10001)
2025-10-15 10:21:31.633 29176-32581 AmapBroadcastHandlers   com.example.cplink                   D  ğŸ“ GPSåæ ‡ä¸º0ï¼Œä½¿ç”¨æ‰‹æœºGPS: lat=31.203626, lon=120.628022
2025-10-15 10:21:31.633 29176-32581 AmapBroadcastHandlers   com.example.cplink                   I  ğŸ”„ è½¬å¼¯æ˜ å°„: é«˜å¾·å›¾æ ‡=55 -> CarrotManç±»å‹=55, è·ç¦»=5m
2025-10-15 10:21:31.633 29176-32581 AmapBroadcastHandlers   com.example.cplink                   I  ğŸ”„ ä¸‹ä¸€è½¬å¼¯æ˜ å°„: é«˜å¾·å›¾æ ‡=0 -> CarrotManç±»å‹=51, è·ç¦»=0m
2025-10-15 10:21:31.633 29176-32581 AmapBroadcastHandlers   com.example.cplink                   D  ğŸ“Š æ•°æ®æºå·²æ›´æ–°: amap_navi
2025-10-15 10:21:32.163 29176-32422 .example.cplink         com.example.cplink                   I  Skip GC, current heap: 95MB(0B), current native: 22MB(0B)
2025-10-15 10:21:32.163 29176-32422 .example.cplink         com.example.cplink                   I  Skip GC: continue, nalloc=104KB, ncap=57MB
2025-10-15 10:21:34.422 29176-32422 .example.cplink         com.example.cplink                   I  Skip GC, current heap: 118MB(0B), current native: 22MB(0B)
2025-10-15 10:21:34.422 29176-32422 .example.cplink         com.example.cplink                   I  Skip GC: continue, nalloc=128KB, ncap=57MB
2025-10-15 10:21:34.951 29176-32491 ActivityThread          com.example.cplink                   V  updateVmProcessStateForGc sceneId =2 state=196608
2025-10-15 10:21:34.951 29176-32491 .example.cplink         com.example.cplink                   I  GC delay 6th
2025-10-15 10:21:34.951 29176-32491 .example.cplink         com.example.cplink                   I  Delay GC closed, start once background GC to reduce memory consumption
2025-10-15 10:21:34.951 29176-32491 .example.cplink         com.example.cplink                   I  Close vivo delay for GC JIT .
2025-10-15 10:21:36.624 29176-32580 AmapBroadcastHandlers   com.example.cplink                   D  ğŸ§­ å¤„ç†å¼•å¯¼ä¿¡æ¯å¹¿æ’­ (KEY_TYPE: 10001)
2025-10-15 10:21:36.624 29176-32580 AmapBroadcastHandlers   com.example.cplink                   D  ğŸ“ GPSåæ ‡ä¸º0ï¼Œä½¿ç”¨æ‰‹æœºGPS: lat=31.203626, lon=120.628022
2025-10-15 10:21:36.624 29176-32580 AmapBroadcastHandlers   com.example.cplink                   I  ğŸ”„ è½¬å¼¯æ˜ å°„: é«˜å¾·å›¾æ ‡=55 -> CarrotManç±»å‹=55, è·ç¦»=5m
2025-10-15 10:21:36.625 29176-32580 AmapBroadcastHandlers   com.example.cplink                   I  ğŸ”„ ä¸‹ä¸€è½¬å¼¯æ˜ å°„: é«˜å¾·å›¾æ ‡=0 -> CarrotManç±»å‹=51, è·ç¦»=0m
2025-10-15 10:21:36.626 29176-32580 AmapBroadcastHandlers   com.example.cplink                   D  ğŸ“Š æ•°æ®æºå·²æ›´æ–°: amap_navi
2025-10-15 10:21:36.799 29176-32575 AmapBroadcastManager    com.example.cplink                   V  ğŸ”„ åŒæ­¥ç¼“å†²åŒºåˆ°UI: 20 æ¡æ•°æ®
2025-10-15 10:21:41.670 29176-32577 AmapBroadcastHandlers   com.example.cplink                   D  ğŸ§­ å¤„ç†å¼•å¯¼ä¿¡æ¯å¹¿æ’­ (KEY_TYPE: 10001)
2025-10-15 10:21:41.670 29176-32577 AmapBroadcastHandlers   com.example.cplink                   D  ğŸ“ GPSåæ ‡ä¸º0ï¼Œä½¿ç”¨æ‰‹æœºGPS: lat=31.203626, lon=120.628022
2025-10-15 10:21:41.671 29176-32577 AmapBroadcastHandlers   com.example.cplink                   I  ğŸ”„ è½¬å¼¯æ˜ å°„: é«˜å¾·å›¾æ ‡=55 -> CarrotManç±»å‹=55, è·ç¦»=5m
2025-10-15 10:21:41.671 29176-32577 AmapBroadcastHandlers   com.example.cplink                   I  ğŸ”„ ä¸‹ä¸€è½¬å¼¯æ˜ å°„: é«˜å¾·å›¾æ ‡=0 -> CarrotManç±»å‹=51, è·ç¦»=0m
2025-10-15 10:21:41.673 29176-32577 AmapBroadcastHandlers   com.example.cplink                   D  ğŸ“Š æ•°æ®æºå·²æ›´æ–°: amap_navi
2025-10-15 10:21:42.794 29176-32577 AmapBroadcastManager    com.example.cplink                   V  ğŸ”„ åŒæ­¥ç¼“å†²åŒºåˆ°UI: 20 æ¡æ•°æ®
2025-10-15 10:21:47.815 29176-32579 AmapBroadcastManager    com.example.cplink                   V  ğŸ”„ åŒæ­¥ç¼“å†²åŒºåˆ°UI: 20 æ¡æ•°æ®
2025-10-15 10:21:51.613 29176-32581 AmapBroadcastHandlers   com.example.cplink                   D  ğŸ§­ å¤„ç†å¼•å¯¼ä¿¡æ¯å¹¿æ’­ (KEY_TYPE: 10001)
2025-10-15 10:21:51.613 29176-32581 AmapBroadcastHandlers   com.example.cplink                   D  ğŸ“ GPSåæ ‡ä¸º0ï¼Œä½¿ç”¨æ‰‹æœºGPS: lat=31.203626, lon=120.628022
2025-10-15 10:21:51.613 29176-32581 AmapBroadcastHandlers   com.example.cplink                   I  ğŸ”„ è½¬å¼¯æ˜ å°„: é«˜å¾·å›¾æ ‡=55 -> CarrotManç±»å‹=55, è·ç¦»=5m
2025-10-15 10:21:51.613 29176-32581 AmapBroadcastHandlers   com.example.cplink                   I  ğŸ”„ ä¸‹ä¸€è½¬å¼¯æ˜ å°„: é«˜å¾·å›¾æ ‡=0 -> CarrotManç±»å‹=51, è·ç¦»=0m
2025-10-15 10:21:51.614 29176-32581 AmapBroadcastHandlers   com.example.cplink                   D  ğŸ“Š æ•°æ®æºå·²æ›´æ–°: amap_navi
2025-10-15 10:21:52.849 29176-32576 AmapBroadcastManager    com.example.cplink                   V  ğŸ”„ åŒæ­¥ç¼“å†²åŒºåˆ°UI: 20 æ¡æ•°æ®
2025-10-15 10:21:56.615 29176-32581 AmapBroadcastHandlers   com.example.cplink                   D  ğŸ§­ å¤„ç†å¼•å¯¼ä¿¡æ¯å¹¿æ’­ (KEY_TYPE: 10001)
2025-10-15 10:21:56.615 29176-32581 AmapBroadcastHandlers   com.example.cplink                   D  ğŸ“ GPSåæ ‡ä¸º0ï¼Œä½¿ç”¨æ‰‹æœºGPS: lat=31.203626, lon=120.628022
2025-10-15 10:21:56.615 29176-32581 AmapBroadcastHandlers   com.example.cplink                   I  ğŸ”„ è½¬å¼¯æ˜ å°„: é«˜å¾·å›¾æ ‡=55 -> CarrotManç±»å‹=55, è·ç¦»=5m
2025-10-15 10:21:56.615 29176-32581 AmapBroadcastHandlers   com.example.cplink                   I  ğŸ”„ ä¸‹ä¸€è½¬å¼¯æ˜ å°„: é«˜å¾·å›¾æ ‡=0 -> CarrotManç±»å‹=51, è·ç¦»=0m
2025-10-15 10:21:56.616 29176-32581 AmapBroadcastHandlers   com.example.cplink                   D  ğŸ“Š æ•°æ®æºå·²æ›´æ–°: amap_navi
2025-10-15 10:21:57.532 29176-29176 AmapBroadcastManager    com.example.cplink                   D  ğŸ“¦ å¹¿æ’­è¯¦æƒ…: action=AUTONAVI_STANDARD_BROADCAST_SEND, KEY_TYPE=13022, EXTRA_STATE=-1
2025-10-15 10:21:57.532 29176-29176 AmapBroadcastManager    com.example.cplink                   D  ğŸ” å¼€å§‹å¤„ç†é«˜å¾·åœ°å›¾å¹¿æ’­æ•°æ® (KEY_TYPE: 13022):
2025-10-15 10:21:57.532 29176-29176 AmapBroadcastManager    com.example.cplink                   D  ğŸ“‹ IntentåŒ…å«çš„æ‰€æœ‰æ•°æ®:
2025-10-15 10:21:57.533 29176-29176 AmapBroadcastManager    com.example.cplink                   D     ğŸ“Œ KEY_TYPE = 13022
2025-10-15 10:21:58.603 29176-32575 AmapBroadcastManager    com.example.cplink                   V  ğŸ”„ åŒæ­¥ç¼“å†²åŒºåˆ°UI: 20 æ¡æ•°æ®
2025-10-15 10:22:01.615 29176-32579 AmapBroadcastHandlers   com.example.cplink                   D  ğŸ§­ å¤„ç†å¼•å¯¼ä¿¡æ¯å¹¿æ’­ (KEY_TYPE: 10001)
2025-10-15 10:22:01.615 29176-32579 AmapBroadcastHandlers   com.example.cplink                   D  ğŸ“ GPSåæ ‡ä¸º0ï¼Œä½¿ç”¨æ‰‹æœºGPS: lat=31.203626, lon=120.628022
2025-10-15 10:22:01.616 29176-32579 AmapBroadcastHandlers   com.example.cplink                   I  ğŸ”„ è½¬å¼¯æ˜ å°„: é«˜å¾·å›¾æ ‡=55 -> CarrotManç±»å‹=55, è·ç¦»=5m
2025-10-15 10:22:01.616 29176-32579 AmapBroadcastHandlers   com.example.cplink                   I  ğŸ”„ ä¸‹ä¸€è½¬å¼¯æ˜ å°„: é«˜å¾·å›¾æ ‡=0 -> CarrotManç±»å‹=51, è·ç¦»=0m
2025-10-15 10:22:01.617 29176-32579 AmapBroadcastHandlers   com.example.cplink                   D  ğŸ“Š æ•°æ®æºå·²æ›´æ–°: amap_navi
2025-10-15 10:22:03.873 29176-32576 AmapBroadcastManager    com.example.cplink                   V  ğŸ”„ åŒæ­¥ç¼“å†²åŒºåˆ°UI: 20 æ¡æ•°æ®
2025-10-15 10:22:06.644 29176-32581 AmapBroadcastHandlers   com.example.cplink                   D  ğŸ§­ å¤„ç†å¼•å¯¼ä¿¡æ¯å¹¿æ’­ (KEY_TYPE: 10001)
2025-10-15 10:22:06.645 29176-32581 AmapBroadcastHandlers   com.example.cplink                   D  ğŸ“ GPSåæ ‡ä¸º0ï¼Œä½¿ç”¨æ‰‹æœºGPS: lat=31.203626, lon=120.628022
2025-10-15 10:22:06.645 29176-32581 AmapBroadcastHandlers   com.example.cplink                   I  ğŸ”„ è½¬å¼¯æ˜ å°„: é«˜å¾·å›¾æ ‡=55 -> CarrotManç±»å‹=55, è·ç¦»=5m
2025-10-15 10:22:06.645 29176-32581 AmapBroadcastHandlers   com.example.cplink                   I  ğŸ”„ ä¸‹ä¸€è½¬å¼¯æ˜ å°„: é«˜å¾·å›¾æ ‡=0 -> CarrotManç±»å‹=51, è·ç¦»=0m
2025-10-15 10:22:06.645 29176-32581 AmapBroadcastHandlers   com.example.cplink                   D  ğŸ“Š æ•°æ®æºå·²æ›´æ–°: amap_navi
2025-10-15 10:22:08.888 29176-32577 AmapBroadcastManager    com.example.cplink                   V  ğŸ”„ åŒæ­¥ç¼“å†²åŒºåˆ°UI: 20 æ¡æ•°æ®
2025-10-15 10:22:11.435 29176-32577 CarrotManNetwork        com.example.cplink                   W  âš ï¸ ç½‘ç»œé”™è¯¯ [æ•°æ®åŒ…å‘é€]: sendto failed: ENETUNREACH (Network is unreachable)
2025-10-15 10:22:11.436 29176-32577 CarrotManNetwork        com.example.cplink                   W  ğŸ”„ è¿ç»­é”™è¯¯è®¡æ•°: 1/3
2025-10-15 10:22:11.438 29176-32577 CarrotManNetwork        com.example.cplink                   W  ğŸ”„ è¿ç»­é”™è¯¯è®¡æ•°: 2/3
2025-10-15 10:22:11.622 29176-32576 AmapBroadcastHandlers   com.example.cplink                   D  ğŸ§­ å¤„ç†å¼•å¯¼ä¿¡æ¯å¹¿æ’­ (KEY_TYPE: 10001)
2025-10-15 10:22:11.622 29176-32576 AmapBroadcastHandlers   com.example.cplink                   D  ğŸ“ GPSåæ ‡ä¸º0ï¼Œä½¿ç”¨æ‰‹æœºGPS: lat=31.203626, lon=120.628022
2025-10-15 10:22:11.622 29176-32576 AmapBroadcastHandlers   com.example.cplink                   I  ğŸ”„ è½¬å¼¯æ˜ å°„: é«˜å¾·å›¾æ ‡=55 -> CarrotManç±»å‹=55, è·ç¦»=5m
2025-10-15 10:22:11.622 29176-32576 AmapBroadcastHandlers   com.example.cplink                   I  ğŸ”„ ä¸‹ä¸€è½¬å¼¯æ˜ å°„: é«˜å¾·å›¾æ ‡=0 -> CarrotManç±»å‹=51, è·ç¦»=0m
2025-10-15 10:22:11.623 29176-32576 AmapBroadcastHandlers   com.example.cplink                   D  ğŸ“Š æ•°æ®æºå·²æ›´æ–°: amap_navi
2025-10-15 10:22:11.629 29176-32577 CarrotManNetwork        com.example.cplink                   W  ğŸ”„ è¿ç»­é”™è¯¯è®¡æ•°: 3/3
2025-10-15 10:22:11.629 29176-32577 CarrotManNetwork        com.example.cplink                   W  ğŸš¨ è¾¾åˆ°è¿ç»­é”™è¯¯é˜ˆå€¼ï¼Œå¯åŠ¨æ™ºèƒ½ç½‘ç»œæ¢å¤
2025-10-15 10:22:11.630 29176-32581 CarrotManNetwork        com.example.cplink                   I  ğŸ”„ å¼€å§‹æ™ºèƒ½ç½‘ç»œæ¢å¤æµç¨‹...
2025-10-15 10:22:11.631 29176-32581 TrafficStats            com.example.cplink                   D  tagSocket(5) with statsTag=0xffffffff, statsUid=-1
2025-10-15 10:22:11.631 29176-32581 CarrotManNetwork        com.example.cplink                   I  âœ… Socketé‡æ–°åˆå§‹åŒ–æˆåŠŸ
2025-10-15 10:22:11.631 29176-32581 CarrotManNetwork        com.example.cplink                   I  ğŸ” é‡æ–°æ‰«æå¯ç”¨è®¾å¤‡... (å°è¯• 1/3)
2025-10-15 10:22:11.631 29176-32581 CarrotManNetwork        com.example.cplink                   I  ğŸ¯ å‘ç°å¯ç”¨è®¾å¤‡ï¼Œå°è¯•é‡è¿: 192.168.10.40:7706 (vopenpilot)
2025-10-15 10:22:11.633 29176-32577 CarrotManNetwork        com.example.cplink                   I  âœ… å¯åŠ¨æ•°æ®ä¼ è¾“ä»»åŠ¡ - è®¾å¤‡: 192.168.10.40
2025-10-15 10:22:11.633 29176-32581 CarrotManNetwork        com.example.cplink                   D  ç½‘ç»œçŠ¶æ€å·²ä¿å­˜: running=true, device=192.168.10.40:7706 (vopenpilot)
2025-10-15 10:22:11.633 29176-32581 CarrotManNetwork        com.example.cplink                   I  ğŸ‰ è®¾å¤‡è¿æ¥å»ºç«‹æˆåŠŸ: 192.168.10.40
2025-10-15 10:22:11.655 29176-29176 NetworkManager          com.example.cplink                   I  ğŸŒ ç½‘ç»œçŠ¶æ€å˜åŒ–: connected=false, device=
2025-10-15 10:22:11.655 29176-29176 NetworkManager          com.example.cplink                   I  ğŸŒ ç½‘ç»œçŠ¶æ€å˜åŒ–: connected=true, device=192.168.10.40:7706 (vopenpilot)
2025-10-15 10:22:11.717 29176-32581 CarrotManNetwork        com.example.cplink                   D  â¸ï¸ ç½‘ç»œæ¢å¤ä¸­ï¼Œè·³è¿‡æ•°æ®å‘é€
2025-10-15 10:22:11.826 29176-32577 CarrotManNetwork        com.example.cplink                   D  â¸ï¸ ç½‘ç»œæ¢å¤ä¸­ï¼Œè·³è¿‡CarrotManæ•°æ®å‘é€
2025-10-15 10:22:11.894 29176-29176 DataThrottler           com.example.cplink                   D  ğŸ“Š é™æµç»Ÿè®¡: å·²å¤„ç†=100, å·²ä¸¢å¼ƒ=27
2025-10-15 10:22:12.028 29176-32577 CarrotManNetwork        com.example.cplink                   D  â¸ï¸ ç½‘ç»œæ¢å¤ä¸­ï¼Œè·³è¿‡CarrotManæ•°æ®å‘é€
2025-10-15 10:22:12.429 29176-32576 CarrotManNetwork        com.example.cplink                   D  â¸ï¸ ç½‘ç»œæ¢å¤ä¸­ï¼Œè·³è¿‡CarrotManæ•°æ®å‘é€
2025-10-15 10:22:12.631 29176-32581 CarrotManNetwork        com.example.cplink                   D  â¸ï¸ ç½‘ç»œæ¢å¤ä¸­ï¼Œè·³è¿‡CarrotManæ•°æ®å‘é€
2025-10-15 10:22:12.635 29176-32576 CarrotManNetwork        com.example.cplink                   I  âœ… æ™ºèƒ½ç½‘ç»œæ¢å¤æˆåŠŸ
2025-10-15 10:22:12.663 29176-29176 NetworkManager          com.example.cplink                   I  ğŸŒ ç½‘ç»œçŠ¶æ€å˜åŒ–: connected=true, device=192.168.10.40:7706 (vopenpilot)
2025-10-15 10:22:13.903 29176-32577 AmapBroadcastManager    com.example.cplink                   V  ğŸ”„ åŒæ­¥ç¼“å†²åŒºåˆ°UI: 20 æ¡æ•°æ®
2025-10-15 10:22:18.930 29176-32576 AmapBroadcastManager    com.example.cplink                   V  ğŸ”„ åŒæ­¥ç¼“å†²åŒºåˆ°UI: 20 æ¡æ•°æ®
2025-10-15 10:22:21.630 29176-32577 AmapBroadcastHandlers   com.example.cplink                   D  ğŸ§­ å¤„ç†å¼•å¯¼ä¿¡æ¯å¹¿æ’­ (KEY_TYPE: 10001)
2025-10-15 10:22:21.630 29176-32577 AmapBroadcastHandlers   com.example.cplink                   D  ğŸ“ GPSåæ ‡ä¸º0ï¼Œä½¿ç”¨æ‰‹æœºGPS: lat=31.203626, lon=120.628022
2025-10-15 10:22:21.630 29176-32577 AmapBroadcastHandlers   com.example.cplink                   I  ğŸ”„ è½¬å¼¯æ˜ å°„: é«˜å¾·å›¾æ ‡=55 -> CarrotManç±»å‹=55, è·ç¦»=5m
2025-10-15 10:22:21.630 29176-32577 AmapBroadcastHandlers   com.example.cplink                   I  ğŸ”„ ä¸‹ä¸€è½¬å¼¯æ˜ å°„: é«˜å¾·å›¾æ ‡=0 -> CarrotManç±»å‹=51, è·ç¦»=0m
2025-10-15 10:22:21.631 29176-32577 AmapBroadcastHandlers   com.example.cplink                   D  ğŸ“Š æ•°æ®æºå·²æ›´æ–°: amap_navi
2025-10-15 10:22:23.960 29176-32581 AmapBroadcastManager    com.example.cplink                   V  ğŸ”„ åŒæ­¥ç¼“å†²åŒºåˆ°UI: 20 æ¡æ•°æ®
2025-10-15 10:22:26.635 29176-32580 AmapBroadcastHandlers   com.example.cplink                   D  ğŸ§­ å¤„ç†å¼•å¯¼ä¿¡æ¯å¹¿æ’­ (KEY_TYPE: 10001)
2025-10-15 10:22:26.636 29176-32580 AmapBroadcastHandlers   com.example.cplink                   D  ğŸ“ GPSåæ ‡ä¸º0ï¼Œä½¿ç”¨æ‰‹æœºGPS: lat=31.203626, lon=120.628022
2025-10-15 10:22:26.636 29176-32580 AmapBroadcastHandlers   com.example.cplink                   I  ğŸ”„ è½¬å¼¯æ˜ å°„: é«˜å¾·å›¾æ ‡=55 -> CarrotManç±»å‹=55, è·ç¦»=5m
2025-10-15 10:22:26.636 29176-32580 AmapBroadcastHandlers   com.example.cplink                   I  ğŸ”„ ä¸‹ä¸€è½¬å¼¯æ˜ å°„: é«˜å¾·å›¾æ ‡=0 -> CarrotManç±»å‹=51, è·ç¦»=0m
2025-10-15 10:22:26.637 29176-32580 AmapBroadcastHandlers   com.example.cplink                   D  ğŸ“Š æ•°æ®æºå·²æ›´æ–°: amap_navi
2025-10-15 10:22:28.967 29176-32575 AmapBroadcastManager    com.example.cplink                   V  ğŸ”„ åŒæ­¥ç¼“å†²åŒºåˆ°UI: 20 æ¡æ•°æ®
2025-10-15 10:22:31.640 29176-32575 AmapBroadcastHandlers   com.example.cplink                   D  ğŸ§­ å¤„ç†å¼•å¯¼ä¿¡æ¯å¹¿æ’­ (KEY_TYPE: 10001)
2025-10-15 10:22:31.640 29176-32575 AmapBroadcastHandlers   com.example.cplink                   D  ğŸ“ GPSåæ ‡ä¸º0ï¼Œä½¿ç”¨æ‰‹æœºGPS: lat=31.203626, lon=120.628022
2025-10-15 10:22:31.640 29176-32575 AmapBroadcastHandlers   com.example.cplink                   I  ğŸ”„ è½¬å¼¯æ˜ å°„: é«˜å¾·å›¾æ ‡=55 -> CarrotManç±»å‹=55, è·ç¦»=5m
2025-10-15 10:22:31.640 29176-32575 AmapBroadcastHandlers   com.example.cplink                   I  ğŸ”„ ä¸‹ä¸€è½¬å¼¯æ˜ å°„: é«˜å¾·å›¾æ ‡=0 -> CarrotManç±»å‹=51, è·ç¦»=0m
2025-10-15 10:22:31.640 29176-32575 AmapBroadcastHandlers   com.example.cplink                   D  ğŸ“Š æ•°æ®æºå·²æ›´æ–°: amap_navi
